#0 building with "desktop-linux" instance using docker driver

#1 [internal] load build definition from Dockerfile
#1 transferring dockerfile: 2.19kB done
#1 DONE 0.0s

#2 [internal] load metadata for docker.io/library/rust:1.88
#2 ...

#3 [auth] library/debian:pull token for registry-1.docker.io
#3 DONE 0.0s

#4 [auth] library/rust:pull token for registry-1.docker.io
#4 DONE 0.0s

#5 [internal] load metadata for docker.io/library/debian:bookworm-slim
#5 ...

#2 [internal] load metadata for docker.io/library/rust:1.88
#2 DONE 0.9s

#5 [internal] load metadata for docker.io/library/debian:bookworm-slim
#5 DONE 0.9s

#6 [internal] load .dockerignore
#6 transferring context: 2B done
#6 DONE 0.0s

#7 [internal] load build context
#7 transferring context: 16.30kB done
#7 DONE 0.0s

#8 [stage-1 1/5] FROM docker.io/library/debian:bookworm-slim@sha256:d5d3f9c23164ea16f31852f95bd5959aad1c5e854332fe00f7b3a20fcc9f635c
#8 resolve docker.io/library/debian:bookworm-slim@sha256:d5d3f9c23164ea16f31852f95bd5959aad1c5e854332fe00f7b3a20fcc9f635c done
#8 DONE 0.0s

#9 [builder  1/19] FROM docker.io/library/rust:1.88@sha256:af306cfa71d987911a781c37b59d7d67d934f49684058f96cf72079c3626bfe0
#9 resolve docker.io/library/rust:1.88@sha256:af306cfa71d987911a781c37b59d7d67d934f49684058f96cf72079c3626bfe0 done
#9 DONE 0.0s

#10 [builder 12/19] COPY ev-batch-elf ./
#10 CACHED

#11 [builder  3/19] RUN curl -fsSL https://go.dev/dl/go1.22.5.linux-amd64.tar.gz | tar -C /usr/local -xzf -
#11 CACHED

#12 [builder  9/19] COPY light-client/Cargo.toml ./light-client/
#12 CACHED

#13 [builder 10/19] COPY types/Cargo.toml ./types/
#13 CACHED

#14 [builder  7/19] COPY app/Cargo.toml ./app/
#14 CACHED

#15 [builder  8/19] COPY circuit/Cargo.toml ./circuit/
#15 CACHED

#16 [builder  5/19] WORKDIR /build
#16 CACHED

#17 [builder 14/19] COPY types/src ./types/src
#17 CACHED

#18 [builder  2/19] RUN apt-get update && apt-get install -y     clang     libclang-dev     && rm -rf /var/lib/apt/lists/*
#18 CACHED

#19 [builder 13/19] COPY circuit/src ./circuit/src
#19 CACHED

#20 [builder 11/19] COPY light-client/build.rs ./light-client/
#20 CACHED

#21 [builder  4/19] RUN curl -L https://sp1up.succinct.xyz | bash &&     ~/.sp1/bin/sp1up --version 5.2.2
#21 CACHED

#22 [builder  6/19] COPY Cargo.toml Cargo.lock ./
#22 CACHED

#23 [builder 15/19] RUN mkdir -p app/src && echo "fn main() {}" > app/src/main.rs &&     mkdir -p light-client/src && echo "" > light-client/src/lib.rs
#23 CACHED

#24 [builder 16/19] RUN cargo build --release -p evolve-tee && rm -rf app/src light-client/src
#24 0.578     Updating git repository `https://github.com/sp1-patches/bn`
#24 1.756     Updating git repository `https://github.com/sp1-patches/curve25519-dalek`
#24 2.666     Updating git repository `https://github.com/sp1-patches/elliptic-curves`
#24 3.419     Updating git repository `https://github.com/sp1-patches/elliptic-curves`
#24 3.895     Updating git repository `https://github.com/sp1-patches/RustCrypto-hashes`
#24 4.539     Updating git repository `https://github.com/sp1-patches/RustCrypto-hashes`
#24 5.066     Updating crates.io index
#24 5.145     Updating git repository `https://github.com/celestiaorg/celestia-zkevm/`
#24 14.40     Updating git repository `https://github.com/jonas089/dstack`
#24 357.7     Updating git repository `https://github.com/celestiaorg/celestia-zkevm/`
#24 360.2     Updating git repository `https://github.com/jonas089/dcap-qvl`
#24 361.2     Updating git repository `https://github.com/paradigmxyz/reth`
#24 372.0     Updating git repository `https://github.com/succinctlabs/rsp.git`
#24 373.2     Updating git repository `https://github.com/rwf2/Rocket`
#24 375.6     Updating git repository `https://github.com/sp1-patches/signatures.git`
#24 376.8     Updating git repository `https://github.com/SergioBenitez/s2n-quic-h3.git`
#24 382.1  Downloading crates ...
#24 382.2   Downloaded adler2 v2.0.1
#24 382.2   Downloaded alloy-hardforks v0.2.13
#24 382.2   Downloaded alloy-eip2930 v0.2.1
#24 382.2   Downloaded addchain v0.2.0
#24 382.3   Downloaded ctrlc v3.5.1
#24 382.3   Downloaded alloy-rlp-derive v0.3.12
#24 382.3   Downloaded darling_macro v0.21.3
#24 382.3   Downloaded ark-ff-asm v0.3.0
#24 382.3   Downloaded alloy-tx-macros v1.2.1
#24 382.4   Downloaded data-encoding-macro-internal v0.1.16
#24 382.4   Downloaded crunchy v0.2.4
#24 382.4   Downloaded alloy-rlp v0.3.12
#24 382.4   Downloaded alloy-eip7702 v0.6.1
#24 382.4   Downloaded alloy-rpc-types-any v1.0.41
#24 382.4   Downloaded cuckoofilter v0.5.0
#24 382.4   Downloaded alloy v1.0.32
#24 382.4   Downloaded anstyle-query v1.1.5
#24 382.4   Downloaded enum-as-inner v0.6.1
#24 382.4   Downloaded dirs-sys v0.4.1
#24 382.4   Downloaded futures-sink v0.3.31
#24 382.4   Downloaded form_urlencoded v1.2.2
#24 382.4   Downloaded crypto-common v0.1.6
#24 382.4   Downloaded async-stream v0.3.6
#24 382.4   Downloaded fixedbitset v0.4.2
#24 382.4   Downloaded logos-derive v0.14.4
#24 382.4   Downloaded futures-io v0.3.31
#24 382.4   Downloaded autocfg v1.5.0
#24 382.4   Downloaded futures-utils-wasm v0.1.0
#24 382.4   Downloaded fixed-hash v0.8.0
#24 382.4   Downloaded matchers v0.2.0
#24 382.4   Downloaded alloy-transport v1.0.41
#24 382.4   Downloaded alloy-chains v0.2.23
#24 382.4   Downloaded flagset v0.4.7
#24 382.4   Downloaded enum-ordinalize-derive v4.3.2
#24 382.4   Downloaded dirs v5.0.1
#24 382.4   Downloaded dashu-macros v0.4.1
#24 382.4   Downloaded funty v2.0.0
#24 382.4   Downloaded downcast-rs v1.2.1
#24 382.4   Downloaded option-ext v0.2.0
#24 382.4   Downloaded p3-dft v0.2.3-succinct
#24 382.5   Downloaded proc-macro-crate v1.3.1
#24 382.5   Downloaded derive_more v1.0.0
#24 382.5   Downloaded primitive-types v0.12.2
#24 382.5   Downloaded miniz_oxide v0.8.9
#24 382.5   Downloaded s2n-quic-crypto v0.71.0
#24 382.5   Downloaded num-traits v0.2.19
#24 382.5   Downloaded sync_wrapper v1.0.2
#24 382.5   Downloaded parking_lot_core v0.9.12
#24 382.5   Downloaded strum_macros v0.26.4
#24 382.5   Downloaded rlp v0.5.2
#24 382.5   Downloaded rand_chacha v0.2.2
#24 382.5   Downloaded aws-sigv4 v1.3.7
#24 382.5   Downloaded tokio-rustls v0.26.4
#24 382.5   Downloaded aws-smithy-query v0.60.9
#24 382.5   Downloaded convert_case v0.7.1
#24 382.5   Downloaded aws-types v1.3.11
#24 382.5   Downloaded constant_time_eq v0.3.1
#24 382.6   Downloaded logos-derive v0.15.1
#24 382.6   Downloaded convert_case v0.10.0
#24 382.6   Downloaded percent-encoding v2.3.2
#24 382.6   Downloaded p3-mds v0.2.3-succinct
#24 382.6   Downloaded yoke v0.8.1
#24 382.6   Downloaded p3-interpolation v0.2.3-succinct
#24 382.6   Downloaded num-rational v0.4.2
#24 382.6   Downloaded jsonrpsee-http-client v0.25.1
#24 382.6   Downloaded p3-keccak-air v0.2.3-succinct
#24 382.6   Downloaded modular-bitfield v0.11.2
#24 382.6   Downloaded peg-runtime v0.8.5
#24 382.6   Downloaded serde_spanned v0.6.9
#24 382.6   Downloaded same-file v1.0.6
#24 382.6   Downloaded toml_datetime v0.7.5+spec-1.1.0
#24 382.6   Downloaded serde_repr v0.1.20
#24 382.6   Downloaded wyz v0.5.1
#24 382.6   Downloaded serde_path_to_error v0.1.20
#24 382.6   Downloaded toml_datetime v0.6.11
#24 382.6   Downloaded base64-simd v0.8.0
#24 382.6   Downloaded borsh-derive v1.6.0
#24 382.6   Downloaded syn v1.0.109
#24 382.7   Downloaded hyper-timeout v0.4.1
#24 382.7   Downloaded toml v0.8.23
#24 382.7   Downloaded rustls-pemfile v2.2.0
#24 382.7   Downloaded icu_normalizer v2.1.1
#24 382.7   Downloaded number_prefix v0.4.0
#24 382.7   Downloaded pin-utils v0.1.0
#24 382.7   Downloaded num v0.4.3
#24 382.7   Downloaded nohash-hasher v0.2.0
#24 382.7   Downloaded critical-section v1.2.0
#24 382.7   Downloaded secp256k1 v0.30.0
#24 382.7   Downloaded rustc_version v0.4.1
#24 382.7   Downloaded strum v0.27.2
#24 382.7   Downloaded rustc_version v0.3.3
#24 382.7   Downloaded rustc-hex v2.1.0
#24 382.7   Downloaded jubjub v0.9.0
#24 382.7   Downloaded signature v2.2.0
#24 382.7   Downloaded pin-project-internal v1.1.10
#24 382.7   Downloaded strum v0.26.3
#24 382.7   Downloaded want v0.3.1
#24 382.7   Downloaded twirp-rs v0.13.0-succinct
#24 382.7   Downloaded static_assertions v1.1.0
#24 382.7   Downloaded sp1-primitives v5.2.4
#24 382.7   Downloaded sp1-curves v5.2.4
#24 382.7   Downloaded tonic v0.13.1
#24 382.7   Downloaded thiserror-impl v2.0.17
#24 382.7   Downloaded pin-project v1.1.10
#24 382.8   Downloaded impl-codec v0.6.0
#24 382.8   Downloaded block-buffer v0.10.4
#24 382.8   Downloaded vsimd v0.8.0
#24 382.8   Downloaded ident_case v1.0.1
#24 382.8   Downloaded byteorder v1.5.0
#24 382.8   Downloaded ref-cast-impl v1.0.25
#24 382.8   Downloaded chrono v0.4.42
#24 382.8   Downloaded multiaddr v0.18.2
#24 382.8   Downloaded cargo_metadata v0.18.1
#24 382.8   Downloaded tokio-util v0.7.17
#24 382.8   Downloaded rustls-webpki v0.103.8
#24 382.8   Downloaded rocksdb v0.24.0
#24 382.8   Downloaded thiserror-impl v1.0.69
#24 382.8   Downloaded thiserror v2.0.17
#24 382.8   Downloaded thiserror v1.0.69
#24 382.8   Downloaded bitcoin-io v0.1.4
#24 382.8   Downloaded web-time v1.1.0
#24 382.8   Downloaded walkdir v2.5.0
#24 382.8   Downloaded uint v0.9.5
#24 382.8   Downloaded ucd-trie v0.1.7
#24 382.8   Downloaded twox-hash v1.6.3
#24 382.8   Downloaded thread_local v1.1.9
#24 382.8   Downloaded strum_macros v0.27.2
#24 382.8   Downloaded simd-adler32 v0.3.8
#24 382.8   Downloaded peg v0.8.5
#24 382.8   Downloaded pear v0.2.9
#24 382.8   Downloaded ipnet v2.11.0
#24 382.8   Downloaded hyper-rustls v0.27.7
#24 382.8   Downloaded base64 v0.22.1
#24 382.8   Downloaded url v2.5.7
#24 382.8   Downloaded unsafe-libyaml v0.2.11
#24 382.8   Downloaded protox v0.8.0
#24 382.8   Downloaded tower v0.4.13
#24 382.9   Downloaded curve25519-dalek-ng v4.1.1
#24 382.9   Downloaded tap v1.0.1
#24 382.9   Downloaded ref-cast v1.0.25
#24 382.9   Downloaded memuse v0.2.2
#24 382.9   Downloaded idna_adapter v1.2.1
#24 382.9   Downloaded cargo-platform v0.1.9
#24 382.9   Downloaded time v0.3.44
#24 382.9   Downloaded synstructure v0.13.2
#24 382.9   Downloaded macro-string v0.1.4
#24 382.9   Downloaded version_check v0.9.5
#24 382.9   Downloaded scc v2.4.0
#24 382.9   Downloaded crc v3.4.0
#24 382.9   Downloaded tagptr v0.2.0
#24 382.9   Downloaded crc-catalog v2.4.0
#24 382.9   Downloaded vec_map v0.8.2
#24 382.9   Downloaded serde_with_macros v3.16.1
#24 382.9   Downloaded indenter v0.3.4
#24 382.9   Downloaded http-body v0.4.6
#24 382.9   Downloaded sp1-recursion-derive v5.2.4
#24 382.9   Downloaded binascii v0.1.4
#24 382.9   Downloaded native-tls v0.2.14
#24 382.9   Downloaded nmt-rs v0.2.5
#24 382.9   Downloaded heck v0.5.0
#24 382.9   Downloaded alloy-eips v1.0.41
#24 383.0   Downloaded serial_test_derive v3.2.0
#24 383.0   Downloaded radium v0.7.0
#24 383.0   Downloaded multihash v0.19.3
#24 383.0   Downloaded utf8_iter v1.0.4
#24 383.0   Downloaded unarray v0.1.4
#24 383.0   Downloaded utf-8 v0.7.6
#24 383.0   Downloaded revm-bytecode v5.0.0
#24 383.0   Downloaded pairing v0.22.0
#24 383.0   Downloaded outref v0.5.2
#24 383.0   Downloaded p3-air v0.2.3-succinct
#24 383.0   Downloaded signal-hook-registry v1.4.7
#24 383.0   Downloaded op-alloy-consensus v0.18.14
#24 383.0   Downloaded base256emoji v1.0.2
#24 383.0   Downloaded try-lock v0.2.5
#24 383.0   Downloaded revm v26.0.1
#24 383.0   Downloaded sp1-recursion-circuit v5.2.4
#24 383.0   Downloaded bytes v1.11.0
#24 383.0   Downloaded base16ct v0.2.0
#24 383.0   Downloaded p3-symmetric v0.2.3-succinct
#24 383.0   Downloaded time-core v0.1.6
#24 383.0   Downloaded p3-merkle-tree v0.2.3-succinct
#24 383.0   Downloaded p3-baby-bear v0.2.3-succinct
#24 383.0   Downloaded p3-util v0.2.3-succinct
#24 383.0   Downloaded rand v0.8.5
#24 383.0   Downloaded sha1 v0.10.6
#24 383.0   Downloaded tiny-keccak v2.0.2
#24 383.0   Downloaded tinyvec_macros v0.1.1
#24 383.0   Downloaded time-macros v0.2.24
#24 383.0   Downloaded tinyvec v1.10.0
#24 383.0   Downloaded quinn-udp v0.5.14
#24 383.0   Downloaded hex-conservative v0.2.2
#24 383.0   Downloaded revm-context v7.0.1
#24 383.0   Downloaded tempfile v3.24.0
#24 383.0   Downloaded base64 v0.13.1
#24 383.0   Downloaded unicode-ident v1.0.22
#24 383.0   Downloaded op-alloy-rpc-types v0.18.14
#24 383.0   Downloaded op-alloy-network v0.18.14
#24 383.1   Downloaded iana-time-zone v0.1.64
#24 383.1   Downloaded celestia-grpc v0.8.0
#24 383.1   Downloaded tokio-io-timeout v1.2.1
#24 383.1   Downloaded http v0.2.12
#24 383.1   Downloaded indexmap v1.9.3
#24 383.1   Downloaded hyper-timeout v0.5.2
#24 383.1   Downloaded tracing v0.1.44
#24 383.1   Downloaded tracing-log v0.2.0
#24 383.1   Downloaded hyper-util v0.1.19
#24 383.1   Downloaded revm-handler v7.0.1
#24 383.1   Downloaded reqwest v0.11.27
#24 383.1   Downloaded hkdf v0.12.4
#24 383.1   Downloaded intrusive-collections v0.9.7
#24 383.1   Downloaded object v0.36.7
#24 383.1   Downloaded proptest v1.9.0
#24 383.1   Downloaded tendermint-proto v0.40.4
#24 383.1   Downloaded bindgen v0.72.1
#24 383.1   Downloaded tendermint v0.40.4
#24 383.2   Downloaded blst v0.3.16
#24 383.2   Downloaded indexmap v2.12.1
#24 383.2   Downloaded http v1.4.0
#24 383.2   Downloaded leopard-codec v0.2.0
#24 383.2   Downloaded tendermint-rpc v0.40.4
#24 383.2   Downloaded bitvec v1.0.1
#24 383.2   Downloaded zstd-sys v2.0.16+zstd.1.5.7
#24 383.2   Downloaded vcpkg v0.2.15
#24 383.3   Downloaded tracing-subscriber v0.3.22
#24 383.3   Downloaded openssl v0.10.75
#24 383.3   Downloaded rustls v0.23.35
#24 383.3   Downloaded unicode-width v0.2.2
#24 383.3   Downloaded bzip2-sys v0.1.13+1.0.8
#24 383.3   Downloaded petgraph v0.6.5
#24 383.3   Downloaded rustix v1.1.3
#24 383.4   Downloaded unicode-width v0.1.14
#24 383.4   Downloaded cbindgen v0.27.0
#24 383.4   Downloaded ark-bls12-381 v0.5.0
#24 383.4   Downloaded regex-automata v0.4.13
#24 383.4   Downloaded sha3-asm v0.1.4
#24 383.4   Downloaded lz4-sys v1.11.1+lz4-1.10.0
#24 383.5   Downloaded gimli v0.32.3
#24 383.5   Downloaded hickory-proto v0.25.2
#24 383.5   Downloaded aws-sdk-kms v1.97.0
#24 383.5   Downloaded s2n-quic-core v0.71.0
#24 383.5   Downloaded sp1-prover v5.2.2
#24 383.5   Downloaded encoding_rs v0.8.35
#24 383.6   Downloaded leopard-codec v0.1.0
#24 383.6   Downloaded bls12_381 v0.7.1
#24 383.6   Downloaded petgraph v0.7.1
#24 383.6   Downloaded sp1_bls12_381 v0.8.0-sp1-5.0.0
#24 383.6   Downloaded tokio v1.48.0
#24 383.6   Downloaded regex-syntax v0.8.8
#24 383.6   Downloaded libm v0.2.15
#24 383.6   Downloaded rustls v0.21.12
#24 383.7   Downloaded reqwest v0.12.28
#24 383.7   Downloaded serde_with v3.16.1
#24 383.7   Downloaded object v0.37.3
#24 383.7   Downloaded bindgen v0.70.1
#24 383.7   Downloaded unicode-segmentation v1.12.0
#24 383.7   Downloaded nix v0.30.1
#24 383.7   Downloaded icu_collections v2.1.1
#24 383.7   Downloaded moka v0.12.12
#24 383.7   Downloaded libz-sys v1.1.23
#24 383.7   Downloaded hickory-resolver v0.25.2
#24 383.7   Downloaded logos v0.14.4
#24 383.7   Downloaded libc v0.2.178
#24 383.8   Downloaded zerocopy v0.8.31
#24 383.8   Downloaded revm-database v6.0.0
#24 383.8   Downloaded portable-atomic v1.12.0
#24 383.8   Downloaded hashbrown v0.15.5
#24 383.8   Downloaded axum v0.7.9
#24 383.8   Downloaded logos v0.15.1
#24 383.8   Downloaded hashbrown v0.16.1
#24 383.8   Downloaded hashbrown v0.14.5
#24 383.8   Downloaded sp1-sdk v5.2.2
#24 383.8   Downloaded sysinfo v0.30.13
#24 383.8   Downloaded bindgen v0.71.1
#24 383.8   Downloaded s2n-quic-transport v0.71.0
#24 383.9   Downloaded op-revm v7.0.1
#24 383.9   Downloaded halo2_proofs v0.1.0
#24 383.9   Downloaded cc v1.2.50
#24 383.9   Downloaded axum v0.8.8
#24 383.9   Downloaded regex v1.12.2
#24 383.9   Downloaded backtrace v0.3.76
#24 383.9   Downloaded rand v0.7.3
#24 383.9   Downloaded celestia-types v0.16.0
#24 383.9   Downloaded celestia-types v0.15.0
#24 383.9   Downloaded revm-interpreter v22.0.1
#24 383.9   Downloaded ring v0.17.14
#24 384.0   Downloaded rustls-webpki v0.101.7
#24 384.0   Downloaded semver-parser v0.10.3
#24 384.0   Downloaded p3-poseidon2 v0.2.3-succinct
#24 384.0   Downloaded icu_locale_core v2.1.1
#24 384.0   Downloaded hashbrown v0.12.3
#24 384.0   Downloaded memchr v2.7.6
#24 384.0   Downloaded idna v1.1.0
#24 384.0   Downloaded revm-precompile v23.0.0
#24 384.0   Downloaded litemap v0.8.1
#24 384.0   Downloaded tendermint-light-client-verifier v0.40.4
#24 384.0   Downloaded regex-lite v0.1.8
#24 384.0   Downloaded c-kzg v2.1.5
#24 384.0   Downloaded webpki-roots v1.0.4
#24 384.0   Downloaded revm-database-interface v6.0.0
#24 384.0   Downloaded ics23 v0.12.0
#24 384.0   Downloaded hyper-tls v0.6.0
#24 384.0   Downloaded bincode v1.3.3
#24 384.0   Downloaded uncased v0.9.10
#24 384.0   Downloaded p3-uni-stark v0.2.3-succinct
#24 384.0   Downloaded backoff v0.4.0
#24 384.0   Downloaded axum-core v0.5.5
#24 384.0   Downloaded tinystr v0.8.2
#24 384.0   Downloaded tendermint-config v0.40.4
#24 384.0   Downloaded sp1-recursion-core v5.2.4
#24 384.0   Downloaded miette v7.6.0
#24 384.1   Downloaded revm-inspector v7.0.1
#24 384.1   Downloaded iri-string v0.7.9
#24 384.1   Downloaded sp1-recursion-gnark-ffi v5.2.4
#24 384.1   Downloaded sp1-recursion-compiler v5.2.4
#24 384.1   Downloaded sharded-slab v0.1.7
#24 384.1   Downloaded nom v7.1.3
#24 384.1   Downloaded utf8parse v0.2.2
#24 384.1   Downloaded unicode-xid v0.2.6
#24 384.1   Downloaded quote v1.0.42
#24 384.1   Downloaded hmac v0.12.1
#24 384.1   Downloaded bit-vec v0.8.0
#24 384.1   Downloaded pasta_curves v0.5.1
#24 384.1   Downloaded core2 v0.4.0
#24 384.1   Downloaded sp1-stark v5.2.4
#24 384.1   Downloaded blake3 v1.8.2
#24 384.1   Downloaded quinn-proto v0.11.13
#24 384.1   Downloaded crc32fast v1.5.0
#24 384.1   Downloaded uuid v1.19.0
#24 384.1   Downloaded rcgen v0.13.2
#24 384.1   Downloaded powerfmt v0.2.0
#24 384.1   Downloaded potential_utf v0.1.4
#24 384.1   Downloaded hex v0.4.3
#24 384.1   Downloaded bit-set v0.8.0
#24 384.1   Downloaded revm-context-interface v7.0.1
#24 384.1   Downloaded libp2p-identity v0.2.13
#24 384.1   Downloaded hyper v0.14.32
#24 384.1   Downloaded hex-literal v1.1.0
#24 384.1   Downloaded hex-literal v0.4.1
#24 384.1   Downloaded axum v0.6.20
#24 384.1   Downloaded h2 v0.4.12
#24 384.1   Downloaded getrandom v0.3.4
#24 384.1   Downloaded once_cell v1.21.3
#24 384.1   Downloaded generic-array v1.1.0
#24 384.1   Downloaded spin v0.9.8
#24 384.2   Downloaded itertools v0.14.0
#24 384.2   Downloaded itertools v0.13.0
#24 384.2   Downloaded h2 v0.3.27
#24 384.2   Downloaded winnow v0.7.14
#24 384.2   Downloaded secp256k1-sys v0.10.1
#24 384.2   Downloaded serial_test v3.2.0
#24 384.2   Downloaded or-panic v1.0.2
#24 384.2   Downloaded openssl-probe v0.1.6
#24 384.2   Downloaded openssl-macros v0.1.1
#24 384.2   Downloaded cpufeatures v0.2.17
#24 384.2   Downloaded bimap v0.6.3
#24 384.2   Downloaded shlex v1.3.0
#24 384.2   Downloaded linux-raw-sys v0.11.0
#24 384.3   Downloaded sha2 v0.9.9
#24 384.3   Downloaded resolv-conf v0.7.6
#24 384.3   Downloaded lock_api v0.4.14
#24 384.3   Downloaded libloading v0.8.9
#24 384.3   Downloaded impl-trait-for-tuples v0.2.3
#24 384.3   Downloaded http-body-util v0.1.3
#24 384.3   Downloaded camino v1.2.2
#24 384.3   Downloaded heck v0.4.1
#24 384.3   Downloaded hash_hasher v2.0.4
#24 384.3   Downloaded base-x v0.2.11
#24 384.3   Downloaded multimap v0.10.1
#24 384.3   Downloaded hyper v1.8.1
#24 384.3   Downloaded generic-array v0.14.9
#24 384.3   Downloaded valuable v0.1.1
#24 384.3   Downloaded icu_provider v2.1.1
#24 384.3   Downloaded winnow v0.5.40
#24 384.3   Downloaded spki v0.7.3
#24 384.3   Downloaded multer v3.1.0
#24 384.3   Downloaded getrandom v0.1.16
#24 384.3   Downloaded bitcoin_hashes v0.14.1
#24 384.3   Downloaded reqwest-middleware v0.3.3
#24 384.3   Downloaded getrandom v0.2.16
#24 384.3   Downloaded axum-core v0.4.5
#24 384.3   Downloaded axum-core v0.3.4
#24 384.3   Downloaded subenum v1.1.3
#24 384.3   Downloaded state v0.6.0
#24 384.3   Downloaded serde_yaml v0.9.34+deprecated
#24 384.3   Downloaded stable-pattern v0.1.0
#24 384.3   Downloaded sp1-zkvm v5.2.2
#24 384.3   Downloaded serde_urlencoded v0.7.1
#24 384.3   Downloaded pest v2.8.4
#24 384.3   Downloaded num-bigint v0.3.3
#24 384.3   Downloaded itertools v0.12.1
#24 384.3   Downloaded http-body v1.0.1
#24 384.3   Downloaded subtle v2.6.1
#24 384.4   Downloaded serdect v0.2.0
#24 384.4   Downloaded rustc-demangle v0.1.26
#24 384.4   Downloaded ref-swap v0.1.2
#24 384.4   Downloaded alloy-genesis v1.0.41
#24 384.4   Downloaded bitflags v2.10.0
#24 384.4   Downloaded x509-cert v0.2.5
#24 384.4   Downloaded tungstenite v0.26.2
#24 384.4   Downloaded bytes-utils v0.1.4
#24 384.4   Downloaded bon v3.8.1
#24 384.4   Downloaded stable_deref_trait v1.2.1
#24 384.4   Downloaded rayon-scan v0.1.1
#24 384.4   Downloaded itertools v0.10.5
#24 384.4   Downloaded blockstore v0.8.0
#24 384.4   Downloaded blockstore v0.7.1
#24 384.4   Downloaded borsh v1.6.0
#24 384.4   Downloaded bon-macros v3.8.1
#24 384.4   Downloaded base64 v0.21.7
#24 384.4   Downloaded serde_json v1.0.147
#24 384.4   Downloaded memoffset v0.9.1
#24 384.4   Downloaded match-lookup v0.1.1
#24 384.4   Downloaded lumina-utils v0.4.0
#24 384.4   Downloaded lru-slab v0.1.2
#24 384.4   Downloaded lru v0.13.0
#24 384.4   Downloaded lru v0.12.5
#24 384.4   Downloaded block-buffer v0.9.0
#24 384.4   Downloaded bitflags v1.3.2
#24 384.4   Downloaded typenum v1.19.0
#24 384.4   Downloaded h3 v0.0.6
#24 384.4   Downloaded num-bigint v0.4.6
#24 384.4   Downloaded wait-timeout v0.2.1
#24 384.4   Downloaded ubyte v0.10.4
#24 384.4   Downloaded clap_builder v4.5.53
#24 384.4   Downloaded zkhash v0.2.0
#24 384.5   Downloaded sp1-lib v5.2.4
#24 384.5   Downloaded rusticata-macros v4.1.0
#24 384.5   Downloaded pin-project-lite v0.2.16
#24 384.5   Downloaded paste v1.0.15
#24 384.5   Downloaded nybbles v0.4.6
#24 384.5   Downloaded group v0.12.1
#24 384.5   Downloaded bech32 v0.11.1
#24 384.5   Downloaded rustls-platform-verifier v0.5.3
#24 384.5   Downloaded rustls-pki-types v1.13.2
#24 384.5   Downloaded protox v0.7.2
#24 384.5   Downloaded proc-macro2 v1.0.103
#24 384.5   Downloaded minimal-lexical v0.2.1
#24 384.5   Downloaded blake2 v0.10.6
#24 384.5   Downloaded tokio-stream v0.1.17
#24 384.5   Downloaded rustc-hash v2.1.1
#24 384.5   Downloaded rustc-hash v1.1.0
#24 384.5   Downloaded pkg-config v0.3.32
#24 384.5   Downloaded pkcs8 v0.10.2
#24 384.5   Downloaded peg-macros v0.8.5
#24 384.5   Downloaded pathdiff v0.2.3
#24 384.5   Downloaded strsim v0.11.1
#24 384.5   Downloaded sp1-derive v5.2.4
#24 384.5   Downloaded siphasher v1.0.1
#24 384.5   Downloaded httparse v1.10.1
#24 384.5   Downloaded glob v0.3.3
#24 384.5   Downloaded celestia-proto v0.9.1
#24 384.5   Downloaded tonic v0.12.3
#24 384.5   Downloaded syn v2.0.111
#24 384.5   Downloaded pear_codegen v0.2.9
#24 384.5   Downloaded num_enum_derive v0.7.5
#24 384.5   Downloaded num_enum_derive v0.5.11
#24 384.5   Downloaded http-client-unix-domain-socket v0.1.2
#24 384.5   Downloaded half v1.8.3
#24 384.5   Downloaded group v0.13.0
#24 384.5   Downloaded bytemuck v1.24.0
#24 384.5   Downloaded blake2b_simd v1.0.3
#24 384.5   Downloaded rustls-pemfile v1.0.4
#24 384.5   Downloaded prost-types v0.13.5
#24 384.5   Downloaded prost-build v0.12.6
#24 384.5   Downloaded celestia-proto v0.10.0
#24 384.6   Downloaded schemars v1.1.0
#24 384.6   Downloaded quinn v0.11.9
#24 384.6   Downloaded phf_shared v0.11.3
#24 384.6   Downloaded jsonrpsee-ws-client v0.25.1
#24 384.6   Downloaded hyper-rustls v0.24.2
#24 384.6   Downloaded ruzstd v0.7.3
#24 384.6   Downloaded zerocopy-derive v0.8.31
#24 384.6   Downloaded serde v1.0.228
#24 384.6   Downloaded aws-lc-rs v1.15.2
#24 384.6   Downloaded lazy_static v1.5.0
#24 384.6   Downloaded keccak-asm v0.1.4
#24 384.6   Downloaded keccak v0.1.5
#24 384.6   Downloaded is_terminal_polyfill v1.70.2
#24 384.6   Downloaded is-terminal v0.4.17
#24 384.6   Downloaded tokio-native-tls v0.3.1
#24 384.6   Downloaded tokio-macros v2.6.0
#24 384.6   Downloaded schemars v0.9.0
#24 384.6   Downloaded indicatif v0.17.11
#24 384.6   Downloaded x509-parser v0.16.0
#24 384.6   Downloaded tonic v0.10.2
#24 384.6   Downloaded toml_edit v0.19.15
#24 384.6   Downloaded aws-sdk-sts v1.95.0
#24 384.6   Downloaded icu_properties_data v2.1.2
#24 384.6   Downloaded toml_edit v0.22.27
#24 384.7   Downloaded sp1-core-machine v5.2.4
#24 384.7   Downloaded httpdate v1.0.3
#24 384.7   Downloaded halo2 v0.1.0-beta.2
#24 384.7   Downloaded gen_ops v0.4.0
#24 384.7   Downloaded bytemuck_derive v1.10.2
#24 384.7   Downloaded byte-slice-cast v1.2.3
#24 384.7   Downloaded bs58 v0.5.1
#24 384.7   Downloaded base64ct v1.8.1
#24 384.7   Downloaded writeable v0.6.2
#24 384.7   Downloaded webpki-roots v0.26.11
#24 384.7   Downloaded tokio-tungstenite v0.26.2
#24 384.7   Downloaded serde_derive v1.0.228
#24 384.7   Downloaded rustversion v1.0.22
#24 384.7   Downloaded rustls-native-certs v0.8.2
#24 384.7   Downloaded rustls-native-certs v0.6.3
#24 384.7   Downloaded prost v0.13.5
#24 384.7   Downloaded prost v0.12.6
#24 384.7   Downloaded proc-macro-error2 v2.0.1
#24 384.7   Downloaded proc-macro-crate v3.4.0
#24 384.7   Downloaded prost-reflect v0.15.3
#24 384.7   Downloaded beef v0.5.2
#24 384.7   Downloaded unsigned-varint v0.8.0
#24 384.7   Downloaded scale-info v2.11.6
#24 384.7   Downloaded s2n-quic-rustls v0.71.0
#24 384.7   Downloaded yansi v1.0.1
#24 384.7   Downloaded toml_edit v0.23.10+spec-1.0.0
#24 384.7   Downloaded urlencoding v2.1.3
#24 384.7   Downloaded untrusted v0.9.0
#24 384.7   Downloaded untrusted v0.7.1
#24 384.7   Downloaded sct v0.7.1
#24 384.7   Downloaded log v0.4.29
#24 384.7   Downloaded celestia-rpc v0.13.0
#24 384.7   Downloaded rusty-fork v0.3.1
#24 384.7   Downloaded num-complex v0.4.6
#24 384.7   Downloaded s2n-quic v1.71.0
#24 384.7   Downloaded rand v0.9.2
#24 384.7   Downloaded sec1 v0.7.3
#24 384.7   Downloaded sdd v3.0.10
#24 384.7   Downloaded tower-http v0.6.8
#24 384.7   Downloaded scopeguard v1.2.0
#24 384.7   Downloaded scale-info-derive v2.11.6
#24 384.8   Downloaded protox-parse v0.8.0
#24 384.8   Downloaded proc-macro2-diagnostics v0.10.1
#24 384.8   Downloaded proc-macro-error-attr2 v2.0.0
#24 384.8   Downloaded zerovec v0.11.5
#24 384.8   Downloaded pem-rfc7468 v0.7.0
#24 384.8   Downloaded pem v3.0.6
#24 384.8   Downloaded num-modular v0.6.1
#24 384.8   Downloaded num-integer v0.1.46
#24 384.8   Downloaded aws-smithy-runtime v1.9.5
#24 384.8   Downloaded quick-error v1.2.3
#24 384.8   Downloaded protox-parse v0.7.0
#24 384.8   Downloaded miette-derive v7.6.0
#24 384.8   Downloaded icu_normalizer_data v2.1.1
#24 384.8   Downloaded const_format v0.2.35
#24 384.8   Downloaded aws-smithy-types v1.3.5
#24 384.8   Downloaded aws-smithy-http-client v1.1.5
#24 384.8   Downloaded tower v0.5.2
#24 384.8   Downloaded snowbridge-amcl v1.0.2
#24 384.8   Downloaded serde_core v1.0.228
#24 384.8   Downloaded aws-config v1.8.12
#24 384.8   Downloaded alloy-provider v1.0.32
#24 384.8   Downloaded aho-corasick v1.1.4
#24 384.8   Downloaded p3-bn254-fr v0.2.3-succinct
#24 384.8   Downloaded num-iter v0.1.45
#24 384.8   Downloaded jsonrpsee-core v0.25.1
#24 384.8   Downloaded clap v4.5.53
#24 384.8   Downloaded aws-smithy-runtime-api v1.9.3
#24 384.8   Downloaded zerotrie v0.2.3
#24 384.8   Downloaded size v0.4.1
#24 384.8   Downloaded ryu v1.0.21
#24 384.8   Downloaded logos-codegen v0.14.4
#24 384.8   Downloaded jsonrpsee-proc-macros v0.25.1
#24 384.8   Downloaded jsonrpsee-client-transport v0.25.1
#24 384.9   Downloaded inlinable_string v0.1.15
#24 384.9   Downloaded icu_properties v2.1.2
#24 384.9   Downloaded const_format_proc_macros v0.2.34
#24 384.9   Downloaded const-str v0.4.3
#24 384.9   Downloaded clap_derive v4.5.49
#24 384.9   Downloaded clang-sys v1.8.1
#24 384.9   Downloaded cexpr v0.6.0
#24 384.9   Downloaded yasna v0.5.2
#24 384.9   Downloaded xmlparser v0.13.6
#24 384.9   Downloaded toml_parser v1.0.6+spec-1.1.0
#24 384.9   Downloaded num_enum v0.7.5
#24 384.9   Downloaded num-order v1.2.0
#24 384.9   Downloaded modular-bitfield-impl v0.11.2
#24 384.9   Downloaded mime v0.3.17
#24 384.9   Downloaded cookie v0.18.1
#24 384.9   Downloaded const-oid v0.9.6
#24 384.9   Downloaded console v0.15.11
#24 384.9   Downloaded jsonrpsee v0.25.1
#24 384.9   Downloaded jobserver v0.1.34
#24 384.9   Downloaded cmake v0.1.57
#24 384.9   Downloaded subtle-encoding v0.5.1
#24 384.9   Downloaded smallvec v1.15.1
#24 384.9   Downloaded prost-reflect v0.14.7
#24 384.9   Downloaded tonic-build v0.10.2
#24 384.9   Downloaded p3-maybe-rayon v0.2.3-succinct
#24 384.9   Downloaded p3-matrix v0.2.3-succinct
#24 384.9   Downloaded informalsystems-pbjson v0.7.0
#24 384.9   Downloaded serde_cbor v0.11.2
#24 384.9   Downloaded prettyplease v0.2.37
#24 384.9   Downloaded const-hex v1.17.0
#24 384.9   Downloaded zeroize v1.8.2
#24 384.9   Downloaded librocksdb-sys v0.17.3+10.4.2
#24 385.1   Downloaded jsonrpsee-types v0.25.1
#24 385.1   Downloaded itoa v1.0.16
#24 385.1   Downloaded instant v0.1.13
#24 385.1   Downloaded clap_lex v0.7.6
#24 385.1   Downloaded tonic-build v0.13.1
#24 385.1   Downloaded colorchoice v1.0.4
#24 385.1   Downloaded cid v0.11.1
#24 385.1   Downloaded cfg_aliases v0.2.1
#24 385.1   Downloaded cfg-if v1.0.4
#24 385.1   Downloaded celestia-grpc-macros v0.4.0
#24 385.1   Downloaded zmij v0.1.7
#24 385.1   Downloaded tracing-core v0.1.36
#24 385.1   Downloaded sp1-core-executor v5.2.4
#24 385.1   Downloaded semver v1.0.27
#24 385.1   Downloaded rust_decimal v1.39.0
#24 385.1   Downloaded aws-smithy-xml v0.60.13
#24 385.1   Downloaded aws-smithy-json v0.61.9
#24 385.1   Downloaded slab v0.4.11
#24 385.1   Downloaded semver v0.11.0
#24 385.1   Downloaded s2n-quic-platform v0.71.0
#24 385.1   Downloaded rayon v1.11.0
#24 385.1   Downloaded openssl-sys v0.9.111
#24 385.1   Downloaded aws-smithy-observability v0.1.5
#24 385.1   Downloaded zstd-safe v7.2.4
#24 385.1   Downloaded zstd v0.13.3
#24 385.1   Downloaded zerovec-derive v0.11.2
#24 385.1   Downloaded zeroize_derive v1.4.2
#24 385.1   Downloaded zerofrom-derive v0.1.6
#24 385.1   Downloaded zerofrom v0.1.6
#24 385.1   Downloaded yoke-derive v0.8.1
#24 385.1   Downloaded tracing-forest v0.1.6
#24 385.1   Downloaded tracing-attributes v0.1.31
#24 385.1   Downloaded tracing-appender v0.2.4
#24 385.1   Downloaded tower-service v0.3.3
#24 385.1   Downloaded tower-layer v0.3.3
#24 385.1   Downloaded tonic-reflection v0.10.2
#24 385.1   Downloaded toml_write v0.1.2
#24 385.1   Downloaded threadpool v1.8.1
#24 385.1   Downloaded syn-solidity v1.5.2
#24 385.1   Downloaded soketto v0.8.1
#24 385.1   Downloaded socket2 v0.6.1
#24 385.1   Downloaded socket2 v0.5.10
#24 385.1   Downloaded serde_bytes v0.11.19
#24 385.1   Downloaded serde_arrays v0.2.0
#24 385.2   Downloaded s2n-codec v0.71.0
#24 385.2   Downloaded ruint v1.17.0
#24 385.2   Downloaded rayon-core v1.13.0
#24 385.2   Downloaded range-set-blaze v0.1.16
#24 385.2   Downloaded rand_core v0.9.3
#24 385.2   Downloaded futures-util v0.3.31
#24 385.2   Downloaded dashu-int v0.4.1
#24 385.2   Downloaded asn1-rs v0.6.2
#24 385.2   Downloaded alloy-primitives v1.3.0
#24 385.2   Downloaded tokio-rustls v0.24.1
#24 385.2   Downloaded sp1-cuda v5.2.2
#24 385.2   Downloaded sp1-build v5.2.2
#24 385.2   Downloaded serde-human-bytes v0.1.2
#24 385.2   Downloaded ripemd v0.1.3
#24 385.2   Downloaded revm-state v6.0.0
#24 385.2   Downloaded revm-primitives v20.2.1
#24 385.2   Downloaded rand_xorshift v0.4.0
#24 385.2   Downloaded rand_core v0.6.4
#24 385.2   Downloaded rand_core v0.5.1
#24 385.2   Downloaded rand_chacha v0.9.0
#24 385.2   Downloaded prost-types v0.12.6
#24 385.2   Downloaded prost-build v0.13.5
#24 385.2   Downloaded parity-scale-codec v3.7.5
#24 385.2   Downloaded mio v1.1.1
#24 385.2   Downloaded aws-sdk-ssooidc v1.93.0
#24 385.2   Downloaded ed25519-dalek v2.2.0
#24 385.2   Downloaded derive_more-impl v2.1.1
#24 385.2   Downloaded derive_more v2.1.1
#24 385.2   Downloaded crypto-bigint v0.5.5
#24 385.2   Downloaded alloy-rpc-types-eth v1.0.41
#24 385.3   Downloaded sync_wrapper v0.1.2
#24 385.3   Downloaded subtle-ng v2.5.0
#24 385.3   Downloaded rand_chacha v0.3.1
#24 385.3   Downloaded prost-derive v0.13.5
#24 385.3   Downloaded prost-derive v0.12.6
#24 385.3   Downloaded ppv-lite86 v0.2.21
#24 385.3   Downloaded parking_lot v0.12.5
#24 385.3   Downloaded elf v0.7.4
#24 385.3   Downloaded der v0.7.10
#24 385.3   Downloaded crossbeam-channel v0.5.15
#24 385.3   Downloaded alloy-sol-types v1.3.0
#24 385.3   Downloaded ruint-macro v1.2.1
#24 385.3   Downloaded rrs-succinct v0.1.0
#24 385.3   Downloaded elliptic-curve v0.13.8
#24 385.3   Downloaded aws-sdk-sso v1.91.0
#24 385.3   Downloaded flate2 v1.1.5
#24 385.3   Downloaded figment v0.10.19
#24 385.3   Downloaded derive_more-impl v1.0.0
#24 385.3   Downloaded derive_more v0.99.20
#24 385.3   Downloaded der-parser v9.0.0
#24 385.3   Downloaded dashu-float v0.4.3
#24 385.3   Downloaded darling_core v0.21.3
#24 385.3   Downloaded pasta_curves v0.4.1
#24 385.3   Downloaded futures v0.3.31
#24 385.3   Downloaded fs_extra v1.3.0
#24 385.3   Downloaded derive-where v1.6.0
#24 385.3   Downloaded crossbeam-utils v0.8.21
#24 385.3   Downloaded ark-ff v0.4.2
#24 385.3   Downloaded phf_macros v0.11.3
#24 385.3   Downloaded phf_generator v0.11.3
#24 385.3   Downloaded phf v0.11.3
#24 385.3   Downloaded parity-scale-codec-derive v3.7.5
#24 385.3   Downloaded pairing v0.23.0
#24 385.3   Downloaded p3-fri v0.2.3-succinct
#24 385.3   Downloaded p3-field v0.2.3-succinct
#24 385.3   Downloaded matchit v0.8.4
#24 385.3   Downloaded logos-codegen v0.15.1
#24 385.3   Downloaded futures-executor v0.3.31
#24 385.3   Downloaded eyre v0.6.12
#24 385.3   Downloaded ev-types v0.0.1
#24 385.3   Downloaded educe v0.6.0
#24 385.3   Downloaded ed25519 v2.2.3
#24 385.3   Downloaded dotenvy v0.15.7
#24 385.4   Downloaded displaydoc v0.2.5
#24 385.4   Downloaded derivative v2.2.0
#24 385.4   Downloaded deranged v0.5.5
#24 385.4   Downloaded der_derive v0.7.3
#24 385.4   Downloaded dashu-ratio v0.4.1
#24 385.4   Downloaded dashmap v6.1.0
#24 385.4   Downloaded darling v0.21.3
#24 385.4   Downloaded crossbeam-epoch v0.9.18
#24 385.4   Downloaded aws-lc-sys v0.35.0
#24 385.6   Downloaded aws-runtime v1.5.17
#24 385.6   Downloaded ark-ff v0.5.0
#24 385.6   Downloaded ark-ec v0.5.0
#24 385.6   Downloaded alloy-consensus v1.0.41
#24 385.6   Downloaded p3-commit v0.2.3-succinct
#24 385.6   Downloaded p3-challenger v0.2.3-succinct
#24 385.6   Downloaded oid-registry v0.7.1
#24 385.6   Downloaded num_enum v0.5.11
#24 385.6   Downloaded nu-ansi-term v0.50.3
#24 385.6   Downloaded futures-timer v3.0.3
#24 385.6   Downloaded futures-channel v0.3.31
#24 385.6   Downloaded fs-err v3.2.1
#24 385.6   Downloaded foldhash v0.2.0
#24 385.6   Downloaded foldhash v0.1.5
#24 385.6   Downloaded fixedbitset v0.5.7
#24 385.6   Downloaded find-msvc-tools v0.1.5
#24 385.6   Downloaded ff v0.13.1
#24 385.6   Downloaded enum_dispatch v0.3.13
#24 385.6   Downloaded enum-map v2.7.3
#24 385.6   Downloaded either v1.15.0
#24 385.6   Downloaded kzg-rs v0.2.7
#24 385.8   Downloaded downloader v0.2.8
#24 385.8   Downloaded digest v0.10.7
#24 385.8   Downloaded devise_core v0.4.2
#24 385.8   Downloaded data-encoding v2.9.0
#24 385.8   Downloaded aws-smithy-http v0.62.6
#24 385.8   Downloaded ark-poly v0.5.0
#24 385.8   Downloaded anyhow v1.0.100
#24 385.8   Downloaded alloy-trie v0.9.1
#24 385.8   Downloaded alloy-rpc-types-engine v1.0.41
#24 385.8   Downloaded alloy-rpc-client v1.0.41
#24 385.8   Downloaded alloy-dyn-abi v1.3.0
#24 385.8   Downloaded allocator-api2 v0.2.21
#24 385.8   Downloaded opaque-debug v0.3.1
#24 385.8   Downloaded num_cpus v1.17.0
#24 385.8   Downloaded num-conv v0.1.0
#24 385.8   Downloaded multibase v0.9.2
#24 385.8   Downloaded matchit v0.7.3
#24 385.8   Downloaded gcd v2.3.0
#24 385.8   Downloaded futures-macro v0.3.31
#24 385.8   Downloaded futures-core v0.3.31
#24 385.8   Downloaded foreign-types-shared v0.1.1
#24 385.8   Downloaded flex-error v0.4.4
#24 385.8   Downloaded ff_derive v0.13.1
#24 385.8   Downloaded ff v0.12.1
#24 385.8   Downloaded fastrlp v0.4.0
#24 385.8   Downloaded fastrlp v0.3.1
#24 385.8   Downloaded crossbeam-deque v0.8.6
#24 385.8   Downloaded async-trait v0.1.89
#24 385.8   Downloaded ark-ff v0.3.0
#24 385.8   Downloaded alloy-transport-http v1.0.41
#24 385.8   Downloaded alloy-sol-macro-expander v1.3.0
#24 385.8   Downloaded alloy-signer-local v1.0.41
#24 385.8   Downloaded dashu-base v0.4.1
#24 385.8   Downloaded dashu v0.4.2
#24 385.8   Downloaded futures-task v0.3.31
#24 385.8   Downloaded foreign-types v0.3.2
#24 385.8   Downloaded fnv v1.0.7
#24 385.8   Downloaded fastrand v2.3.0
#24 385.8   Downloaded errno v0.3.14
#24 385.8   Downloaded equivalent v1.0.2
#24 385.8   Downloaded dunce v1.0.5
#24 385.8   Downloaded arrayvec v0.7.6
#24 385.8   Downloaded ark-std v0.3.0
#24 385.8   Downloaded alloy-serde v1.0.41
#24 385.8   Downloaded aurora-engine-modexp v1.2.0
#24 385.9   Downloaded asn1_der v0.7.6
#24 385.9   Downloaded ark-std v0.4.0
#24 385.9   Downloaded ark-serialize v0.4.2
#24 385.9   Downloaded anstyle v1.0.13
#24 385.9   Downloaded anstream v0.6.21
#24 385.9   Downloaded alloy-transport-ws v1.0.41
#24 385.9   Downloaded alloy-sol-macro v1.3.0
#24 385.9   Downloaded alloy-signer-aws v1.0.41
#24 385.9   Downloaded eventsource-stream v0.2.3
#24 385.9   Downloaded ark-ff-asm v0.4.2
#24 385.9   Downloaded alloy-network v1.0.41
#24 385.9   Downloaded alloy-evm v0.12.3
#24 385.9   Downloaded alloy-contract v1.0.32
#24 385.9   Downloaded enum-ordinalize v4.3.2
#24 385.9   Downloaded ed25519-consensus v2.1.0
#24 385.9   Downloaded dyn-clone v1.0.20
#24 385.9   Downloaded devise v0.4.2
#24 385.9   Downloaded auto_impl v1.3.0
#24 385.9   Downloaded ark-std v0.5.0
#24 385.9   Downloaded alloy-pubsub v1.0.41
#24 385.9   Downloaded alloy-network-primitives v1.0.41
#24 385.9   Downloaded alloy-json-rpc v1.0.41
#24 385.9   Downloaded enum-map-derive v0.17.0
#24 385.9   Downloaded digest v0.9.0
#24 385.9   Downloaded aws-smithy-async v1.2.7
#24 385.9   Downloaded aws-credential-types v1.2.11
#24 385.9   Downloaded ark-ff-macros v0.3.0
#24 385.9   Downloaded anstyle-parse v0.2.7
#24 385.9   Downloaded ansi_term v0.12.1
#24 385.9   Downloaded alloy-rpc-types v1.0.32
#24 385.9   Downloaded alloy-op-hardforks v0.2.13
#24 385.9   Downloaded alloy-json-abi v1.3.0
#24 385.9   Downloaded asn1-rs-derive v0.5.1
#24 385.9   Downloaded ark-serialize-derive v0.5.0
#24 385.9   Downloaded ark-ff-macros v0.4.2
#24 385.9   Downloaded alloy-sol-type-parser v1.5.2
#24 385.9   Downloaded alloy-op-evm v0.12.3
#24 385.9   Downloaded ark-serialize v0.5.0
#24 385.9   Downloaded ark-bn254 v0.5.0
#24 385.9   Downloaded alloy-sol-macro-input v1.3.0
#24 385.9   Downloaded data-encoding-macro v0.1.18
#24 385.9   Downloaded ahash v0.8.12
#24 385.9   Downloaded atomic-waker v1.1.2
#24 385.9   Downloaded arrayref v0.3.9
#24 385.9   Downloaded ark-ff-macros v0.5.0
#24 385.9   Downloaded ark-ff-asm v0.5.0
#24 385.9   Downloaded alloy-consensus-any v1.0.41
#24 385.9   Downloaded devise_codegen v0.4.2
#24 385.9   Downloaded async-stream-impl v0.3.6
#24 385.9   Downloaded asn1-rs-impl v0.2.0
#24 385.9   Downloaded ark-serialize v0.3.0
#24 385.9   Downloaded addr2line v0.25.1
#24 385.9   Downloaded alloy-signer v1.0.41
#24 385.9   Downloaded alloy-eip2124 v0.2.0
#24 385.9   Downloaded alloy-core v1.3.0
#24 386.4    Compiling proc-macro2 v1.0.103
#24 386.4    Compiling unicode-ident v1.0.22
#24 386.4    Compiling quote v1.0.42
#24 386.4    Compiling serde_core v1.0.228
#24 386.4    Compiling serde v1.0.228
#24 386.4    Compiling cfg-if v1.0.4
#24 386.4    Compiling libc v0.2.178
#24 386.4    Compiling autocfg v1.5.0
#24 386.4    Compiling version_check v0.9.5
#24 386.4    Compiling typenum v1.19.0
#24 386.8    Compiling portable-atomic v1.12.0
#24 386.8    Compiling critical-section v1.2.0
#24 387.2    Compiling shlex v1.3.0
#24 387.6    Compiling find-msvc-tools v0.1.5
#24 387.8    Compiling subtle v2.6.1
#24 387.8    Compiling itoa v1.0.16
#24 387.9    Compiling generic-array v0.14.9
#24 388.1    Compiling num-traits v0.2.19
#24 388.5    Compiling syn v1.0.109
#24 388.8    Compiling zerocopy v0.8.31
#24 388.9    Compiling pin-project-lite v0.2.16
#24 389.5    Compiling equivalent v1.0.2
#24 389.7    Compiling jobserver v0.1.34
#24 389.8    Compiling radium v0.7.0
#24 390.2    Compiling once_cell v1.21.3
#24 390.2    Compiling const-oid v0.9.6
#24 390.3    Compiling getrandom v0.2.16
#24 390.9    Compiling cc v1.2.50
#24 391.0    Compiling log v0.4.29
#24 391.1    Compiling memchr v2.7.6
#24 391.2    Compiling hashbrown v0.16.1
#24 391.2    Compiling num-bigint v0.3.3
#24 391.4    Compiling num-integer v0.1.46
#24 391.5    Compiling rand_core v0.6.4
#24 391.8    Compiling syn v2.0.111
#24 391.9    Compiling tracing-core v0.1.36
#24 392.2    Compiling paste v1.0.15
#24 392.6    Compiling cpufeatures v0.2.17
#24 392.8    Compiling indexmap v2.12.1
#24 392.9    Compiling unicode-xid v0.2.6
#24 392.9    Compiling rustversion v1.0.22
#24 393.0    Compiling heck v0.5.0
#24 393.2    Compiling crossbeam-utils v0.8.21
#24 393.6    Compiling winnow v0.7.14
#24 393.9    Compiling tap v1.0.1
#24 394.3    Compiling funty v2.0.0
#24 394.6    Compiling wyz v0.5.1
#24 394.6    Compiling either v1.15.0
#24 395.1    Compiling byteorder v1.5.0
#24 395.4    Compiling base64ct v1.8.1
#24 395.7    Compiling addchain v0.2.0
#24 395.8    Compiling thiserror v2.0.17
#24 396.0    Compiling flagset v0.4.7
#24 396.5    Compiling crunchy v0.2.4
#24 396.7    Compiling pem-rfc7468 v0.7.0
#24 397.0    Compiling parking_lot_core v0.9.12
#24 397.0    Compiling base16ct v0.2.0
#24 397.1    Compiling tiny-keccak v2.0.2
#24 397.3    Compiling ff_derive v0.13.1
#24 397.5    Compiling allocator-api2 v0.2.21
#24 397.7    Compiling serde_derive v1.0.228
#24 397.8    Compiling zeroize_derive v1.4.2
#24 398.0    Compiling tracing-attributes v0.1.31
#24 398.1    Compiling der_derive v0.7.3
#24 398.5    Compiling thiserror-impl v2.0.17
#24 398.8    Compiling futures-macro v0.3.31
#24 399.7    Compiling ppv-lite86 v0.2.21
#24 399.8    Compiling scopeguard v1.2.0
#24 399.8    Compiling zeroize v1.8.2
#24 400.0    Compiling futures-core v0.3.31
#24 400.1    Compiling strsim v0.11.1
#24 400.3    Compiling rayon-core v1.13.0
#24 400.6    Compiling lock_api v0.4.14
#24 401.0    Compiling tracing v0.1.44
#24 401.1    Compiling der v0.7.10
#24 401.4    Compiling keccak v0.1.5
#24 401.5    Compiling serde_json v1.0.147
#24 401.6    Compiling futures-sink v0.3.31
#24 401.7    Compiling toml_parser v1.0.6+spec-1.1.0
#24 401.9    Compiling futures-io v0.3.31
#24 402.0    Compiling zmij v0.1.7
#24 402.1    Compiling toml_datetime v0.7.5+spec-1.1.0
#24 402.3    Compiling block-buffer v0.10.4
#24 402.3    Compiling crypto-common v0.1.6
#24 402.6    Compiling crypto-bigint v0.5.5
#24 403.2    Compiling digest v0.10.7
#24 403.3    Compiling spki v0.7.3
#24 403.3    Compiling toml_edit v0.23.10+spec-1.0.0
#24 403.4    Compiling synstructure v0.13.2
#24 403.4    Compiling foldhash v0.1.5
#24 403.5    Compiling dunce v1.0.5
#24 404.0    Compiling bytes v1.11.0
#24 404.1    Compiling smallvec v1.15.1
#24 404.5    Compiling sha2 v0.10.9 (https://github.com/sp1-patches/RustCrypto-hashes?tag=patch-sha2-0.10.9-sp1-4.0.0#0b1945ee)
#24 404.7    Compiling arrayvec v0.7.6
#24 405.1    Compiling bitvec v1.0.1
#24 405.3    Compiling hmac v0.12.1
#24 405.4    Compiling pkcs8 v0.10.2
#24 405.7    Compiling serdect v0.2.0
#24 405.7    Compiling signature v2.2.0
#24 406.1    Compiling rfc6979 v0.4.0 (https://github.com/sp1-patches/signatures.git?tag=patch-16.9-sp1-4.1.0#1880299a)
#24 406.6    Compiling http v1.4.0
#24 406.9    Compiling sec1 v0.7.3
#24 407.0    Compiling sha3 v0.10.8 (https://github.com/sp1-patches/RustCrypto-hashes?tag=patch-sha3-0.10.8-sp1-4.0.0#8f6d303c)
#24 407.0    Compiling proc-macro-crate v3.4.0
#24 407.1    Compiling hashbrown v0.15.5
#24 407.1    Compiling unicode-segmentation v1.12.0
#24 408.0    Compiling parking_lot v0.12.5
#24 408.0    Compiling ruint-macro v1.2.1
#24 408.5    Compiling convert_case v0.10.0
#24 408.6    Compiling pin-utils v0.1.0
#24 408.7    Compiling fnv v1.0.7
#24 409.0    Compiling slab v0.4.11
#24 409.0    Compiling futures-channel v0.3.31
#24 409.4    Compiling ff v0.13.1
#24 409.5    Compiling num-bigint v0.4.6
#24 409.6    Compiling futures-task v0.3.31
#24 409.7    Compiling alloy-rlp-derive v0.3.12
#24 409.8    Compiling zerofrom-derive v0.1.6
#24 409.9    Compiling derive_more-impl v2.1.1
#24 410.2    Compiling rand_chacha v0.3.1
#24 410.3    Compiling group v0.13.0
#24 410.4    Compiling tokio-macros v2.6.0
#24 410.6    Compiling futures-util v0.3.31
#24 411.0    Compiling socket2 v0.6.1
#24 411.1    Compiling mio v1.1.1
#24 411.1    Compiling signal-hook-registry v1.4.7
#24 411.4    Compiling elliptic-curve v0.13.8
#24 412.0    Compiling alloy-rlp v0.3.12
#24 412.2    Compiling rand v0.8.5
#24 412.2    Compiling const-hex v1.17.0
#24 412.4    Compiling ahash v0.8.12
#24 412.8    Compiling tokio v1.48.0
#24 413.2    Compiling ecdsa v0.16.9 (https://github.com/sp1-patches/signatures.git?tag=patch-16.9-sp1-4.1.0#1880299a)
#24 413.2    Compiling yoke-derive v0.8.1
#24 413.4    Compiling ruint v1.17.0
#24 413.9    Compiling displaydoc v0.2.5
#24 413.9    Compiling httparse v1.10.1
#24 414.1    Compiling zerovec-derive v0.11.2
#24 414.6    Compiling ring v0.17.14
#24 415.0    Compiling k256 v0.13.4 (https://github.com/sp1-patches/elliptic-curves?tag=patch-k256-13.4-sp1-5.0.0#f7d8998e)
#24 415.3    Compiling percent-encoding v2.3.2
#24 415.5    Compiling bitflags v2.10.0
#24 415.7    Compiling anyhow v1.0.100
#24 415.7    Compiling async-trait v0.1.89
#24 416.2    Compiling icu_normalizer_data v2.1.1
#24 416.3    Compiling derive_more v2.1.1
#24 416.4    Compiling icu_properties_data v2.1.2
#24 416.9    Compiling hex v0.4.3
#24 417.0    Compiling crossbeam-epoch v0.9.18
#24 417.3    Compiling ident_case v1.0.1
#24 417.3    Compiling regex-syntax v0.8.8
#24 417.4    Compiling alloy-primitives v1.3.0
#24 418.1    Compiling darling_core v0.21.3
#24 418.2    Compiling spin v0.9.8
#24 418.7    Compiling auto_impl v1.3.0
#24 419.5    Compiling lazy_static v1.5.0
#24 419.6    Compiling tokio-util v0.7.17
#24 420.1    Compiling tower-service v0.3.3
#24 420.5    Compiling itertools v0.12.1
#24 421.7    Compiling http-body v1.0.1
#24 422.7    Compiling darling_macro v0.21.3
#24 423.5    Compiling num-conv v0.1.0
#24 423.5    Compiling time-core v0.1.6
#24 423.9    Compiling thiserror v1.0.69
#24 424.0    Compiling form_urlencoded v1.2.2
#24 424.2    Compiling zerofrom v0.1.6
#24 424.2    Compiling darling v0.21.3
#24 424.4    Compiling time-macros v0.2.24
#24 424.6    Compiling serde_with_macros v3.16.1
#24 425.1    Compiling rustix v1.1.3
#24 425.2    Compiling stable_deref_trait v1.2.1
#24 425.9    Compiling yoke v0.8.1
#24 426.4    Compiling thiserror-impl v1.0.69
#24 426.5    Compiling untrusted v0.9.0
#24 427.0    Compiling regex-automata v0.4.13
#24 427.2    Compiling serde_with v3.16.1
#24 428.2    Compiling zerovec v0.11.5
#24 428.7    Compiling crossbeam-deque v0.8.6
#24 429.3    Compiling alloy-eip2930 v0.2.1
#24 429.4    Compiling num_enum_derive v0.7.5
#24 429.7    Compiling alloy-sol-type-parser v1.5.2
#24 429.8    Compiling tower-layer v0.3.3
#24 429.9    Compiling try-lock v0.2.5
#24 430.7    Compiling want v0.3.1
#24 430.9    Compiling alloy-eip7702 v0.6.1
#24 431.1    Compiling http-body-util v0.1.3
#24 431.8    Compiling syn-solidity v1.5.2
#24 431.9    Compiling macro-string v0.1.4
#24 431.9    Compiling proc-macro-error-attr2 v2.0.0
#24 431.9    Compiling httpdate v1.0.3
#24 432.1    Compiling num_enum v0.7.5
#24 432.4    Compiling alloy-json-abi v1.3.0
#24 432.5    Compiling crc-catalog v2.4.0
#24 432.8    Compiling cmake v0.1.57
#24 432.8    Compiling getrandom v0.3.4
#24 433.1    Compiling crc v3.4.0
#24 433.2    Compiling rayon v1.11.0
#24 433.4    Compiling fs_extra v1.3.0
#24 433.6    Compiling base64 v0.22.1
#24 433.8    Compiling proc-macro-error2 v2.0.1
#24 434.4    Compiling alloy-eip2124 v0.2.0
#24 434.8    Compiling tinystr v0.8.2
#24 434.9    Compiling rustls-pki-types v1.13.2
#24 435.2    Compiling aws-lc-sys v0.35.0
#24 435.8    Compiling linux-raw-sys v0.11.0
#24 436.1    Compiling writeable v0.6.2
#24 436.3    Compiling alloy-sol-macro-input v1.3.0
#24 436.6    Compiling glob v0.3.3
#24 437.3    Compiling prettyplease v0.2.37
#24 437.7    Compiling litemap v0.8.1
#24 437.9    Compiling alloy-sol-macro-expander v1.3.0
#24 438.3    Compiling potential_utf v0.1.4
#24 439.0    Compiling zerotrie v0.2.3
#24 439.0    Compiling icu_locale_core v2.1.1
#24 439.6    Compiling fastrand v2.3.0
#24 439.8    Compiling icu_collections v2.1.1
#24 440.2    Compiling aws-lc-rs v1.15.2
#24 440.7    Compiling tempfile v3.24.0
#24 441.4    Compiling icu_provider v2.1.1
#24 441.5    Compiling p3-util v0.2.3-succinct
#24 441.6    Compiling sync_wrapper v1.0.2
#24 442.3    Compiling alloy-sol-macro v1.3.0
#24 442.3    Compiling secp256k1-sys v0.10.1
#24 442.6    Compiling p3-field v0.2.3-succinct
#24 442.6    Compiling regex v1.12.2
#24 443.9    Compiling icu_normalizer v2.1.1
#24 444.1    Compiling icu_properties v2.1.2
#24 444.2    Compiling alloy-sol-types v1.3.0
#24 444.3    Compiling alloy-serde v1.0.41
#24 444.7    Compiling nybbles v0.4.6
#24 444.8    Compiling powerfmt v0.2.0
#24 445.5    Compiling ipnet v2.11.0
#24 446.4    Compiling idna_adapter v1.2.1
#24 446.7    Compiling alloy-trie v0.9.1
#24 447.0    Compiling deranged v0.5.5
#24 447.2    Compiling alloy-eips v1.0.41
#24 447.8    Compiling p3-maybe-rayon v0.2.3-succinct
#24 447.8    Compiling itertools v0.13.0
#24 448.4    Compiling openssl-probe v0.1.6
#24 448.9    Compiling rustls v0.23.35
#24 449.3    Compiling utf8_iter v1.0.4
#24 449.4    Compiling time v0.3.44
#24 449.4    Compiling tower v0.5.2
#24 449.6    Compiling alloy-tx-macros v1.2.1
#24 450.5    Compiling idna v1.1.0
#24 450.7    Compiling atomic-waker v1.1.2
#24 452.1    Compiling url v2.5.7
#24 452.2    Compiling h2 v0.4.12
#24 452.4    Compiling p3-matrix v0.2.3-succinct
#24 453.2    Compiling futures-utils-wasm v0.1.0
#24 453.6    Compiling secp256k1 v0.30.0
#24 454.0    Compiling alloy-json-rpc v1.0.41
#24 454.1    Compiling ryu v1.0.21
#24 454.3    Compiling const_format_proc_macros v0.2.34
#24 455.4    Compiling alloy-consensus v1.0.41
#24 455.7    Compiling p3-symmetric v0.2.3-succinct
#24 455.8    Compiling itertools v0.14.0
#24 456.2    Compiling toml_datetime v0.6.11
#24 456.2    Compiling blake3 v1.8.2
#24 456.5    Compiling rustls-native-certs v0.8.2
#24 456.5    Compiling revm-primitives v20.2.1
#24 456.9    Compiling primeorder v0.13.1 (https://github.com/sp1-patches/elliptic-curves?tag=patch-p256-13.2-sp1-5.0.0#10cca2ef)
#24 457.5    Compiling hyper v1.8.1
#24 457.6    Compiling arrayref v0.3.9
#24 457.7    Compiling constant_time_eq v0.3.1
#24 457.9    Compiling p3-dft v0.2.3-succinct
#24 458.1    Compiling p256 v0.13.2 (https://github.com/sp1-patches/elliptic-curves?tag=patch-p256-13.2-sp1-5.0.0#10cca2ef)
#24 458.3    Compiling alloy-signer v1.0.41
#24 458.3    Compiling revm-bytecode v5.0.0
#24 459.1    Compiling eyre v0.6.12
#24 459.5    Compiling alloy-consensus-any v1.0.41
#24 459.5    Compiling alloy-network-primitives v1.0.41
#24 459.8    Compiling pkg-config v0.3.32
#24 459.9    Compiling num-rational v0.4.2
#24 460.2    Compiling revm-state v6.0.0
#24 460.4    Compiling num-iter v0.1.45
#24 461.0    Compiling hyper-util v0.1.19
#24 461.2    Compiling alloy-rpc-types-eth v1.0.41
#24 461.3    Compiling num-complex v0.4.6
#24 461.4    Compiling strum_macros v0.26.4
#24 461.6    Compiling p3-mds v0.2.3-succinct
#24 462.0    Compiling p3-challenger v0.2.3-succinct
#24 462.6    Compiling futures-executor v0.3.31
#24 462.8    Compiling bytemuck_derive v1.10.2
#24 463.5    Compiling num v0.4.3
#24 463.5    Compiling clap_derive v4.5.49
#24 463.8    Compiling data-encoding v2.9.0
#24 463.9    Compiling gcd v2.3.0
#24 464.4    Compiling futures v0.3.31
#24 464.5    Compiling p3-commit v0.2.3-succinct
#24 464.6    Compiling p3-poseidon2 v0.2.3-succinct
#24 464.8    Compiling strum_macros v0.27.2
#24 464.8    Compiling sp1-derive v5.2.4
#24 465.3    Compiling alloy-rpc-types-any v1.0.41
#24 465.5    Compiling bytemuck v1.24.0
#24 465.7    Compiling alloy-network v1.0.41
#24 465.8    Compiling semver v1.0.27
#24 466.2    Compiling utf8parse v0.2.2
#24 467.1    Compiling anstyle-parse v0.2.7
#24 467.2    Compiling p3-air v0.2.3-succinct
#24 467.6    Compiling parity-scale-codec-derive v3.7.5
#24 467.9    Compiling impl-trait-for-tuples v0.2.3
#24 468.2    Compiling anstyle-query v1.1.5
#24 468.3    Compiling is_terminal_polyfill v1.70.2
#24 468.3    Compiling strum v0.27.2
#24 468.4    Compiling colorchoice v1.0.4
#24 468.9    Compiling prost-derive v0.13.5
#24 468.9    Compiling anstyle v1.0.13
#24 469.0    Compiling p3-baby-bear v0.2.3-succinct
#24 469.2    Compiling p3-interpolation v0.2.3-succinct
#24 469.4    Compiling clang-sys v1.8.1
#24 469.6    Compiling webpki-roots v1.0.4
#24 470.0    Compiling ripemd v0.1.3
#24 470.3    Compiling anstream v0.6.21
#24 470.3    Compiling bincode v1.3.3
#24 470.3    Compiling mime v0.3.17
#24 470.7    Compiling clap_lex v0.7.6
#24 471.0    Compiling hashbrown v0.14.5
#24 471.1    Compiling p3-fri v0.2.3-succinct
#24 471.1    Compiling p3-uni-stark v0.2.3-succinct
#24 471.7    Compiling p3-merkle-tree v0.2.3-succinct
#24 472.0    Compiling sp1-primitives v5.2.4
#24 472.1    Compiling clap_builder v4.5.53
#24 472.2    Compiling strum v0.26.3
#24 472.3    Compiling sysinfo v0.30.13
#24 472.8    Compiling rayon-scan v0.1.1
#24 472.9    Compiling serde_spanned v0.6.9
#24 473.0    Compiling vcpkg v0.2.15
#24 473.1    Compiling static_assertions v1.1.0
#24 473.1    Compiling toml_write v0.1.2
#24 473.3    Compiling revm-database-interface v6.0.0
#24 473.4    Compiling derive_more-impl v1.0.0
#24 473.8    Compiling enum-ordinalize-derive v4.3.2
#24 474.0    Compiling cbindgen v0.27.0
#24 474.2    Compiling alloy-chains v0.2.23
#24 474.3    Compiling toml_edit v0.22.27
#24 474.5    Compiling sp1-stark v5.2.4
#24 475.0    Compiling op-alloy-consensus v0.18.14
#24 475.3    Compiling http v0.2.12
#24 475.5    Compiling ark-std v0.5.0
#24 475.6    Compiling ark-serialize-derive v0.5.0
#24 475.8    Compiling clap v4.5.53
#24 476.0    Compiling enum-ordinalize v4.3.2
#24 476.2    Compiling minimal-lexical v0.2.1
#24 476.3    Compiling heck v0.4.1
#24 476.3    Compiling educe v0.6.0
#24 477.3    Compiling ark-serialize v0.5.0
#24 477.5    Compiling nom v7.1.3
#24 477.5    Compiling toml v0.8.23
#24 477.6    Compiling ark-ff-macros v0.5.0
#24 477.7    Compiling scale-info-derive v2.11.6
#24 478.5    Compiling ark-ff-asm v0.5.0
#24 478.8    Compiling libloading v0.8.9
#24 479.0    Compiling pathdiff v0.2.3
#24 479.3    Compiling http-body v0.4.6
#24 479.6    Compiling rustc_version v0.4.1
#24 479.7    Compiling pairing v0.23.0
#24 480.0    Compiling cexpr v0.6.0
#24 480.0    Compiling tokio-stream v0.1.17
#24 480.1    Compiling pin-project-internal v1.1.10
#24 480.1    Compiling num-modular v0.6.1
#24 480.1    Compiling sp1_bls12_381 v0.8.0-sp1-5.0.0
#24 480.3    Compiling ark-ff v0.5.0
#24 480.8    Compiling uuid v1.19.0
#24 481.7    Compiling num-order v1.2.0
#24 482.2    Compiling dashu-base v0.4.1
#24 482.2    Compiling kzg-rs v0.2.7
#24 482.3    Compiling alloy-genesis v1.0.41
#24 482.5    Compiling pin-project v1.1.10
#24 483.4    Compiling dashu-int v0.4.1
#24 483.6    Compiling rustc-hex v2.1.0
#24 483.8    Compiling dyn-clone v1.0.20
#24 484.1    Compiling winnow v0.5.40
#24 484.2    Compiling sp1-core-machine v5.2.4
#24 484.9    Compiling reth-primitives-traits v1.5.0 (https://github.com/paradigmxyz/reth?tag=v1.5.0#61e38f9a)
#24 485.2    Compiling openssl-sys v0.9.111
#24 485.3    Compiling revm-context-interface v7.0.1
#24 485.5    Compiling ark-poly v0.5.0
#24 486.3    Compiling dashu-float v0.4.3
#24 486.5    Compiling const_format v0.2.35
#24 486.5    Compiling rand_core v0.9.3
#24 486.7    Compiling toml_edit v0.19.15
#24 486.8    Compiling serde_arrays v0.2.0
#24 486.9    Compiling socket2 v0.5.10
#24 487.7    Compiling ark-ec v0.5.0
#24 488.2    Compiling dashu-ratio v0.4.1
#24 488.3    Compiling rand_chacha v0.9.0
#24 488.8    Compiling substrate-bn v0.6.0 (https://github.com/sp1-patches/bn?tag=patch-0.6.0-sp1-5.0.0#e0d67f21)
#24 488.8    Compiling aurora-engine-modexp v1.2.0
#24 489.1    Compiling serde_urlencoded v0.7.1
#24 489.7    Compiling proc-macro-crate v1.3.1
#24 489.7    Compiling derive-where v1.6.0
#24 490.1    Compiling dashu-macros v0.4.1
#24 490.5    Compiling rand v0.9.2
#24 490.7    Compiling revm-interpreter v22.0.1
#24 490.9    Compiling ark-bn254 v0.5.0
#24 491.3    Compiling ark-bls12-381 v0.5.0
#24 491.4    Compiling num_enum_derive v0.5.11
#24 491.7    Compiling alloy-hardforks v0.2.13
#24 492.1    Compiling revm-database v6.0.0
#24 492.4    Compiling revm-context v7.0.1
#24 493.1    Compiling revm-precompile v23.0.0
#24 493.1    Compiling range-set-blaze v0.1.16
#24 493.2    Compiling indenter v0.3.4
#24 494.4    Compiling crossbeam-channel v0.5.15
#24 494.6    Compiling foreign-types-shared v0.1.1
#24 494.9    Compiling tinyvec_macros v0.1.1
#24 494.9    Compiling openssl v0.10.75
#24 495.2    Compiling revm-handler v7.0.1
#24 495.2    Compiling tinyvec v1.10.0
#24 495.4    Compiling foreign-types v0.3.2
#24 495.7    Compiling openssl-macros v0.1.1
#24 496.0    Compiling enum-map-derive v0.17.0
#24 496.0    Compiling encoding_rs v0.8.35
#24 496.6    Compiling object v0.37.3
#24 496.9    Compiling beef v0.5.2
#24 497.1    Compiling revm-inspector v7.0.1
#24 497.2    Compiling native-tls v0.2.14
#24 498.5    Compiling revm v26.0.1
#24 499.1    Compiling op-revm v7.0.1
#24 500.9    Compiling sp1-recursion-core v5.2.4
#24 501.2    Compiling prost v0.13.5
#24 502.4    Compiling ark-ff-macros v0.4.2
#24 502.8    Compiling enum-as-inner v0.6.1
#24 503.2    Compiling subenum v1.1.3
#24 503.7    Compiling ark-ff-asm v0.4.2
#24 503.9    Compiling derivative v2.2.0
#24 504.3    Compiling parity-scale-codec v3.7.5
#24 504.5    Compiling tagptr v0.2.0
#24 504.9    Compiling hickory-proto v0.25.2
#24 505.0    Compiling tokio-native-tls v0.3.1
#24 505.4    Compiling alloy-evm v0.12.3
#24 505.5    Compiling moka v0.12.12
#24 505.7    Compiling h2 v0.3.27
#24 506.5    Compiling resolv-conf v0.7.6
#24 506.6    Compiling iri-string v0.7.9
#24 506.7    Compiling byte-slice-cast v1.2.3
#24 507.4    Compiling prost-types v0.13.5
#24 508.4    Compiling hyper-tls v0.6.0
#24 508.6    Compiling vsimd v0.8.0
#24 509.3    Compiling hickory-resolver v0.25.2
#24 509.3    Compiling bindgen v0.70.1
#24 509.8    Compiling tower-http v0.6.8
#24 511.1    Compiling hyper v0.14.32
#24 511.2    Compiling outref v0.5.2
#24 511.9    Compiling base64-simd v0.8.0
#24 513.1    Compiling bytes-utils v0.1.4
#24 513.3    Compiling miette-derive v7.6.0
#24 514.1    Compiling rustc-hash v1.1.0
#24 514.2    Compiling multimap v0.10.1
#24 514.4    Compiling unicode-width v0.1.14
#24 515.0    Compiling aws-smithy-types v1.3.5
#24 515.7    Compiling miette v7.6.0
#24 516.6    Compiling reth-trie-common v1.5.0 (https://github.com/paradigmxyz/reth?tag=v1.5.0#61e38f9a)
#24 517.6    Compiling sha1 v0.10.6
#24 517.8    Compiling async-stream-impl v0.3.6
#24 518.3    Compiling rustls-webpki v0.103.8
#24 519.4    Compiling async-stream v0.3.6
#24 520.9    Compiling derive_more v1.0.0
#24 521.0    Compiling reth-static-file-types v1.5.0 (https://github.com/paradigmxyz/reth?tag=v1.5.0#61e38f9a)
#24 521.3    Compiling scale-info v2.11.6
#24 523.3    Compiling dashmap v6.1.0
#24 523.5    Compiling reth-prune-types v1.5.0 (https://github.com/paradigmxyz/reth?tag=v1.5.0#61e38f9a)
#24 523.9    Compiling aws-smithy-async v1.2.7
#24 524.5    Compiling ff v0.12.1
#24 524.9    Compiling tokio-rustls v0.26.4
#24 525.1    Compiling sp1-recursion-derive v5.2.4
#24 526.1    Compiling hyper-rustls v0.27.7
#24 526.2    Compiling memuse v0.2.2
#24 526.3    Compiling rustls v0.21.12
#24 527.1    Compiling group v0.12.1
#24 527.5    Compiling reqwest v0.12.28
#24 527.6    Compiling matchers v0.2.0
#24 528.0    Compiling aws-smithy-runtime-api v1.9.3
#24 528.6    Compiling reth-storage-errors v1.5.0 (https://github.com/paradigmxyz/reth?tag=v1.5.0#61e38f9a)
#24 528.6    Compiling reth-ethereum-forks v1.5.0 (https://github.com/paradigmxyz/reth?tag=v1.5.0#61e38f9a)
#24 528.8    Compiling sct v0.7.1
#24 528.8    Compiling rustls-webpki v0.101.7
#24 528.9    Compiling sharded-slab v0.1.7
#24 530.6    Compiling tracing-log v0.2.0
#24 530.9    Compiling thread_local v1.1.9
#24 531.4    Compiling nu-ansi-term v0.50.3
#24 532.1    Compiling fixedbitset v0.5.7
#24 532.6    Compiling tracing-subscriber v0.3.22
#24 533.2    Compiling petgraph v0.7.1
#24 533.9    Compiling downloader v0.2.8
#24 534.3    Compiling reth-ethereum-primitives v1.5.0 (https://github.com/paradigmxyz/reth?tag=v1.5.0#61e38f9a)
#24 535.9    Compiling serde_bytes v0.11.19
#24 536.2    Compiling adler2 v2.0.1
#24 536.6    Compiling simd-adler32 v0.3.8
#24 537.6    Compiling miniz_oxide v0.8.9
#24 537.6    Compiling tokio-rustls v0.24.1
#24 539.1    Compiling prost-build v0.13.5
#24 539.7    Compiling blake2b_simd v1.0.3
#24 540.8    Compiling flex-error v0.4.4
#24 541.6    Compiling alloy-transport v1.0.41
#24 542.0    Compiling reth-network-peers v1.5.0 (https://github.com/paradigmxyz/reth?tag=v1.5.0#61e38f9a)
#24 542.3    Compiling digest v0.9.0
#24 542.3    Compiling subtle-encoding v0.5.1
#24 543.6    Compiling camino v1.2.2
#24 543.9    Compiling utf-8 v0.7.6
#24 544.7    Compiling data-encoding-macro-internal v0.1.16
#24 545.0    Compiling tendermint-proto v0.40.4
#24 545.4    Compiling reth-chainspec v1.5.0 (https://github.com/paradigmxyz/reth?tag=v1.5.0#61e38f9a)
#24 547.0    Compiling hyper-rustls v0.24.2
#24 547.0    Compiling reth-execution-types v1.5.0 (https://github.com/paradigmxyz/reth?tag=v1.5.0#61e38f9a)
#24 549.0    Compiling webpki-roots v0.26.11
#24 549.9    Compiling prost-derive v0.12.6
#24 550.0    Compiling block-buffer v0.9.0
#24 550.2    Compiling serial_test_derive v3.2.0
#24 550.4    Compiling match-lookup v0.1.1
#24 550.8    Compiling core2 v0.4.0
#24 550.9    Compiling indexmap v1.9.3
#24 551.1    Compiling opaque-debug v0.3.1
#24 551.5    Compiling base64 v0.21.7
#24 551.8    Compiling bimap v0.6.3
#24 551.9    Compiling matchit v0.7.3
#24 552.0    Compiling subtle-ng v2.5.0
#24 552.3    Compiling const-str v0.4.3
#24 552.5    Compiling unsigned-varint v0.8.0
#24 553.0    Compiling curve25519-dalek-ng v4.1.1
#24 553.1    Compiling alloy-pubsub v1.0.41
#24 554.0    Compiling multihash v0.19.3
#24 554.1    Compiling base256emoji v1.0.2
#24 554.5    Compiling sha2 v0.9.9
#24 555.0    Compiling dashu v0.4.2
#24 555.4    Compiling data-encoding-macro v0.1.18
#24 555.6    Compiling pasta_curves v0.4.1
#24 557.0    Compiling reth-execution-errors v1.5.0 (https://github.com/paradigmxyz/reth?tag=v1.5.0#61e38f9a)
#24 557.2    Compiling pairing v0.22.0
#24 557.6    Compiling snowbridge-amcl v1.0.2
#24 557.7    Compiling reth-stages-types v1.5.0 (https://github.com/paradigmxyz/reth?tag=v1.5.0#61e38f9a)
#24 558.1    Compiling logos-codegen v0.14.4
#24 558.2    Compiling num_enum v0.5.11
#24 559.6    Compiling ark-std v0.4.0
#24 560.7    Compiling ed25519 v2.2.3
#24 561.0    Compiling generic-array v1.1.0
#24 561.5    Compiling num_cpus v1.17.0
#24 561.7    Compiling downcast-rs v1.2.1
#24 561.8    Compiling base-x v0.2.11
#24 562.3    Compiling gen_ops v0.4.0
#24 562.7    Compiling rustc-hash v2.1.1
#24 562.7    Compiling hashbrown v0.12.3
#24 563.0    Compiling multibase v0.9.2
#24 563.5    Compiling sp1-curves v5.2.4
#24 563.6    Compiling rrs-succinct v0.1.0
#24 563.9    Compiling logos-derive v0.14.4
#24 564.5    Compiling ark-serialize v0.4.2
#24 564.9    Compiling bls12_381 v0.7.1
#24 564.9    Compiling halo2_proofs v0.1.0
#24 565.8    Compiling ed25519-consensus v2.1.0
#24 566.8    Compiling aws-smithy-http v0.62.6
#24 566.9    Compiling aws-credential-types v1.2.11
#24 567.1    Compiling enum-map v2.7.3
#24 567.9    Compiling logos-codegen v0.15.1
#24 568.1    Compiling aws-types v1.3.11
#24 568.9    Compiling itertools v0.10.5
#24 568.9    Compiling vec_map v0.8.2
#24 569.2    Compiling serde_repr v0.1.20
#24 569.3    Compiling proc-macro2-diagnostics v0.10.1
#24 569.9    Compiling gimli v0.32.3
#24 570.4    Compiling nohash-hasher v0.2.0
#24 570.4    Compiling ansi_term v0.12.1
#24 570.5    Compiling elf v0.7.4
#24 570.9    Compiling tendermint v0.40.4
#24 571.1    Compiling ark-ff v0.4.2
#24 572.0    Compiling tracing-forest v0.1.6
#24 572.4    Compiling halo2 v0.1.0-beta.2
#24 572.7    Compiling sp1-core-executor v5.2.4
#24 574.3    Compiling addr2line v0.25.1
#24 575.0    Compiling jubjub v0.9.0
#24 576.2    Compiling tower v0.4.13
#24 577.2    Compiling logos v0.14.4
#24 578.4    Compiling pasta_curves v0.5.1
#24 578.8    Compiling p3-keccak-air v0.2.3-succinct
#24 579.2    Compiling aws-smithy-observability v0.1.5
#24 580.4    Compiling alloy-op-hardforks v0.2.13
#24 580.8    Compiling lru v0.13.0
#24 581.1    Compiling blake2 v0.10.6
#24 582.3    Compiling serde_path_to_error v0.1.20
#24 583.6    Compiling yansi v1.0.1
#24 583.8    Compiling size v0.4.1
#24 584.3    Compiling web-time v1.1.0
#24 584.6    Compiling rustc-demangle v0.1.26
#24 584.7    Compiling urlencoding v2.1.3
#24 586.6    Compiling backtrace v0.3.76
#24 588.3    Compiling zkhash v0.2.0
#24 590.4    Compiling aws-sigv4 v1.3.7
#24 591.3    Compiling cid v0.11.1
#24 593.3    Compiling reth-consensus v1.5.0 (https://github.com/paradigmxyz/reth?tag=v1.5.0#61e38f9a)
#24 593.9    Compiling p3-bn254-fr v0.2.3-succinct
#24 595.7    Compiling reth-db-models v1.5.0 (https://github.com/paradigmxyz/reth?tag=v1.5.0#61e38f9a)
#24 595.7    Compiling alloy-rpc-types-engine v1.0.41
#24 596.8    Compiling hyper-timeout v0.5.2
#24 598.0    Compiling rust_decimal v1.39.0
#24 599.3    Compiling reth-storage-api v1.5.0 (https://github.com/paradigmxyz/reth?tag=v1.5.0#61e38f9a)
#24 599.6    Compiling logos-derive v0.15.1
#24 599.8    Compiling reth-optimism-forks v1.5.0 (https://github.com/paradigmxyz/reth?tag=v1.5.0#61e38f9a)
#24 600.1    Compiling protox-parse v0.7.0
#24 600.7    Compiling prost-reflect v0.14.7
#24 601.1    Compiling prost v0.12.6
#24 601.1    Compiling sp1-recursion-gnark-ffi v5.2.4
#24 601.5    Compiling aws-smithy-json v0.61.9
#24 601.6    Compiling reth-optimism-primitives v1.5.0 (https://github.com/paradigmxyz/reth?tag=v1.5.0#61e38f9a)
#24 602.5    Compiling op-alloy-rpc-types v0.18.14
#24 603.3    Compiling hkdf v0.12.4
#24 603.4    Compiling axum-core v0.3.4
#24 604.2    Compiling iana-time-zone v0.1.64
#24 604.2    Compiling regex-lite v0.1.8
#24 604.5    Compiling fixedbitset v0.4.2
#24 604.8    Compiling sync_wrapper v0.1.2
#24 605.0    Compiling protox v0.7.2
#24 605.3    Compiling chrono v0.4.42
#24 605.6    Compiling sp1-recursion-compiler v5.2.4
#24 605.9    Compiling petgraph v0.6.5
#24 606.6    Compiling prost-types v0.12.6
#24 606.9    Compiling logos v0.15.1
#24 608.1    Compiling reth-consensus-common v1.5.0 (https://github.com/paradigmxyz/reth?tag=v1.5.0#61e38f9a)
#24 608.1    Compiling reth-trie-sparse v1.5.0 (https://github.com/paradigmxyz/reth?tag=v1.5.0#61e38f9a)
#24 609.1    Compiling axum-core v0.4.5
#24 609.1    Compiling alloy-rpc-types v1.0.32
#24 609.4    Compiling nmt-rs v0.2.5
#24 609.5    Compiling enum_dispatch v0.3.13
#24 609.9    Compiling axum v0.6.20
#24 610.4    Compiling sdd v3.0.10
#24 612.6    Compiling cfg_aliases v0.2.1
#24 612.7    Compiling option-ext v0.2.0
#24 612.7    Compiling bech32 v0.11.1
#24 612.9    Compiling nix v0.30.1
#24 613.2    Compiling scc v2.4.0
#24 613.3    Compiling dirs-sys v0.4.1
#24 613.6    Compiling axum v0.7.9
#24 614.4    Compiling reth-trie v1.5.0 (https://github.com/paradigmxyz/reth?tag=v1.5.0#61e38f9a)
#24 614.8    Compiling prost-build v0.12.6
#24 615.2    Compiling celestia-proto v0.9.1
#24 616.5    Compiling reth-optimism-chainspec v1.5.0 (https://github.com/paradigmxyz/reth?tag=v1.5.0#61e38f9a)
#24 616.6    Compiling reth-evm v1.5.0 (https://github.com/paradigmxyz/reth?tag=v1.5.0#61e38f9a)
#24 617.4    Compiling rusticata-macros v4.1.0
#24 617.5    Compiling sp1-prover v5.2.2
#24 618.4    Compiling rustls-pemfile v2.2.0
#24 618.6    Compiling tokio-io-timeout v1.2.1
#24 619.5    Compiling asn1-rs-derive v0.5.1
#24 619.8    Compiling asn1-rs-impl v0.2.0
#24 620.2    Compiling cookie v0.18.1
#24 620.4    Compiling bitflags v1.3.2
#24 620.7    Compiling ref-cast v1.0.25
#24 621.2    Compiling leopard-codec v0.1.0
#24 621.5    Compiling bs58 v0.5.1
#24 622.2    Compiling same-file v1.0.6
#24 622.4    Compiling bindgen v0.72.1
#24 622.7    Compiling xmlparser v0.13.6
#24 622.7    Compiling base64 v0.13.1
#24 624.1    Compiling walkdir v2.5.0
#24 624.7    Compiling serde-human-bytes v0.1.2
#24 624.8    Compiling libp2p-identity v0.2.13
#24 625.1    Compiling asn1-rs v0.6.2
#24 626.3    Compiling aws-smithy-xml v0.60.13
#24 628.4    Compiling hyper-timeout v0.4.1
#24 630.2    Compiling tonic-build v0.10.2
#24 630.5    Compiling serial_test v3.2.0
#24 631.4    Compiling dirs v5.0.1
#24 632.2    Compiling reth-optimism-consensus v1.5.0 (https://github.com/paradigmxyz/reth?tag=v1.5.0#61e38f9a)
#24 633.3    Compiling protox-parse v0.8.0
#24 633.4    Compiling prost-reflect v0.15.3
#24 633.5    Compiling pear_codegen v0.2.9
#24 633.6    Compiling aws-smithy-query v0.60.9
#24 634.3    Compiling alloy-op-evm v0.12.3
#24 636.3    Compiling tracing-appender v0.2.4
#24 636.5    Compiling rlp v0.5.2
#24 636.7    Compiling curve25519-dalek v4.1.3 (https://github.com/sp1-patches/curve25519-dalek?tag=patch-4.1.3-sp1-5.0.0#be8c2201)
#24 636.8    Compiling libz-sys v1.1.23
#24 637.1    Compiling zstd-sys v2.0.16+zstd.1.5.7
#24 637.4    Compiling bzip2-sys v0.1.13+1.0.8
#24 639.3    Compiling lru v0.12.5
#24 639.4    Compiling lz4-sys v1.11.1+lz4-1.10.0
#24 640.2    Compiling oid-registry v0.7.1
#24 640.5    Compiling bindgen v0.71.1
#24 642.8    Compiling protox v0.8.0
#24 643.5    Compiling rsp-mpt v0.1.0 (https://github.com/succinctlabs/rsp.git?tag=reth-1.5.0#09bbb8f8)
#24 643.9    Compiling reth-optimism-evm v1.5.0 (https://github.com/paradigmxyz/reth?tag=v1.5.0#61e38f9a)
#24 645.1    Compiling tonic v0.10.2
#24 645.6    Compiling ev-types v0.0.1
#24 646.2    Compiling sp1-recursion-circuit v5.2.4
#24 650.2    Compiling multiaddr v0.18.2
#24 653.9    Compiling rsp-primitives v0.1.0 (https://github.com/succinctlabs/rsp.git?tag=reth-1.5.0#09bbb8f8)
#24 654.0    Compiling reth-evm-ethereum v1.5.0 (https://github.com/paradigmxyz/reth?tag=v1.5.0#61e38f9a)
#24 655.9    Compiling reth-ethereum-consensus v1.5.0 (https://github.com/paradigmxyz/reth?tag=v1.5.0#61e38f9a)
#24 656.9    Compiling reth-errors v1.5.0 (https://github.com/paradigmxyz/reth?tag=v1.5.0#61e38f9a)
#24 657.2    Compiling blockstore v0.7.1
#24 657.6    Compiling tonic-build v0.13.1
#24 657.6    Compiling alloy-signer-local v1.0.41
#24 658.7    Compiling