The push refers to repository [docker.io/jonas089/evolve-tee]
3307008df1cb: Waiting
dda6229427b5: Waiting
1e83ef9043f7: Waiting
3b83943664fa: Waiting
0347dcb76707: Waiting
1e83ef9043f7: Waiting
3b83943664fa: Waiting
0347dcb76707: Waiting
3307008df1cb: Waiting
dda6229427b5: Waiting
1e83ef9043f7: Waiting
3b83943664fa: Waiting
0347dcb76707: Waiting
3307008df1cb: Waiting
dda6229427b5: Waiting
0347dcb76707: Waiting
3307008df1cb: Waiting
dda6229427b5: Waiting
1e83ef9043f7: Waiting
3b83943664fa: Waiting
1e83ef9043f7: Waiting
3b83943664fa: Waiting
0347dcb76707: Waiting
3307008df1cb: Waiting
dda6229427b5: Waiting
3b83943664fa: Waiting
0347dcb76707: Waiting
3307008df1cb: Waiting
dda6229427b5: Waiting
1e83ef9043f7: Waiting
1e83ef9043f7: Waiting
3b83943664fa: Waiting
0347dcb76707: Waiting
3307008df1cb: Waiting
dda6229427b5: Waiting
1e83ef9043f7: Waiting
3b83943664fa: Waiting
0347dcb76707: Waiting
3307008df1cb: Waiting
dda6229427b5: Waiting
3307008df1cb: Layer already exists
dda6229427b5: Waiting
1e83ef9043f7: Waiting
3b83943664fa: Waiting
0347dcb76707: Waiting
dda6229427b5: Waiting
1e83ef9043f7: Waiting
3b83943664fa: Waiting
0347dcb76707: Waiting
3b83943664fa: Waiting
0347dcb76707: Layer already exists
dda6229427b5: Layer already exists
1e83ef9043f7: Waiting
3b83943664fa: Waiting
1e83ef9043f7: Pushed
3b83943664fa: Pushed
latest: digest: sha256:314554ad951179b554b19aa1eb427ed4c55e8b71ec422b5e369a659067d78726 size: 856
