#0 building with "desktop-linux" instance using docker driver

#1 [internal] load build definition from Dockerfile
#1 transferring dockerfile: 2.12kB done
#1 DONE 0.0s

#2 [internal] load metadata for docker.io/library/rust:1.88
#2 ...

#3 [auth] library/rust:pull token for registry-1.docker.io
#3 DONE 0.0s

#4 [auth] library/debian:pull token for registry-1.docker.io
#4 DONE 0.0s

#5 [internal] load metadata for docker.io/library/debian:bookworm-slim
#5 DONE 1.1s

#2 [internal] load metadata for docker.io/library/rust:1.88
#2 DONE 1.4s

#6 [internal] load .dockerignore
#6 transferring context: 2B done
#6 DONE 0.0s

#7 [stage-1 1/4] FROM docker.io/library/debian:bookworm-slim@sha256:d5d3f9c23164ea16f31852f95bd5959aad1c5e854332fe00f7b3a20fcc9f635c
#7 resolve docker.io/library/debian:bookworm-slim@sha256:d5d3f9c23164ea16f31852f95bd5959aad1c5e854332fe00f7b3a20fcc9f635c done
#7 DONE 0.0s

#8 [stage-1 2/4] RUN apt-get update && apt-get install -y     ca-certificates     && rm -rf /var/lib/apt/lists/*
#8 CACHED

#9 [stage-1 3/4] WORKDIR /app
#9 CACHED

#10 [builder  1/19] FROM docker.io/library/rust:1.88@sha256:af306cfa71d987911a781c37b59d7d67d934f49684058f96cf72079c3626bfe0
#10 resolve docker.io/library/rust:1.88@sha256:af306cfa71d987911a781c37b59d7d67d934f49684058f96cf72079c3626bfe0 done
#10 DONE 0.0s

#11 [internal] load build context
#11 transferring context: 672B done
#11 DONE 0.0s

#12 [builder 10/19] COPY types/Cargo.toml ./types/
#12 CACHED

#13 [builder  7/19] COPY app/Cargo.toml ./app/
#13 CACHED

#14 [builder  4/19] RUN curl -L https://sp1up.succinct.xyz | bash &&     ~/.sp1/bin/sp1up --version 5.2.2
#14 CACHED

#15 [builder 13/19] COPY circuit/src ./circuit/src
#15 CACHED

#16 [builder  5/19] WORKDIR /build
#16 CACHED

#17 [builder  2/19] RUN apt-get update && apt-get install -y     clang     libclang-dev     && rm -rf /var/lib/apt/lists/*
#17 CACHED

#18 [builder  3/19] RUN curl -fsSL https://go.dev/dl/go1.22.5.linux-amd64.tar.gz | tar -C /usr/local -xzf -
#18 CACHED

#19 [builder  9/19] COPY light-client/Cargo.toml ./light-client/
#19 CACHED

#20 [builder  6/19] COPY Cargo.toml Cargo.lock ./
#20 CACHED

#21 [builder 11/19] COPY light-client/build.rs ./light-client/
#21 CACHED

#22 [builder  8/19] COPY circuit/Cargo.toml ./circuit/
#22 CACHED

#23 [builder 14/19] COPY types/src ./types/src
#23 CACHED

#24 [builder 12/19] COPY ev-batch-elf ./
#24 CACHED

#25 [builder 15/19] RUN mkdir -p app/src && echo "fn main() {}" > app/src/main.rs &&     mkdir -p light-client/src && echo "" > light-client/src/lib.rs
#25 CACHED

#26 [builder 16/19] RUN cargo build --release -p evolve-tee && rm -rf app/src light-client/src
#26 0.480     Updating git repository `https://github.com/sp1-patches/bn`
#26 1.350     Updating git repository `https://github.com/sp1-patches/curve25519-dalek`
#26 2.235     Updating git repository `https://github.com/sp1-patches/elliptic-curves`
#26 2.918     Updating git repository `https://github.com/sp1-patches/elliptic-curves`
#26 3.398     Updating git repository `https://github.com/sp1-patches/RustCrypto-hashes`
#26 4.008     Updating git repository `https://github.com/sp1-patches/RustCrypto-hashes`
#26 4.581     Updating crates.io index
#26 4.665     Updating git repository `https://github.com/celestiaorg/celestia-zkevm/`
#26 13.22     Updating git repository `https://github.com/jonas089/dstack`
#26 361.1     Updating git repository `https://github.com/celestiaorg/celestia-zkevm/`
#26 363.8     Updating git repository `https://github.com/jonas089/dcap-qvl`
#26 364.2     Updating git repository `https://github.com/paradigmxyz/reth`
#26 375.8     Updating git repository `https://github.com/succinctlabs/rsp.git`
#26 376.4     Updating git repository `https://github.com/rwf2/Rocket`
#26 379.4     Updating git repository `https://github.com/sp1-patches/signatures.git`
#26 380.0     Updating git repository `https://github.com/SergioBenitez/s2n-quic-h3.git`
#26 385.6  Downloading crates ...
#26 385.7   Downloaded alloy-rpc-types-engine v1.0.41
#26 385.8   Downloaded asn1-rs-derive v0.5.1
#26 385.8   Downloaded ark-ff-asm v0.5.0
#26 385.8   Downloaded ark-ff v0.3.0
#26 385.8   Downloaded alloy-tx-macros v1.2.1
#26 385.8   Downloaded alloy-signer-local v1.0.41
#26 385.8   Downloaded adler2 v2.0.1
#26 385.8   Downloaded addchain v0.2.0
#26 385.8   Downloaded addr2line v0.25.1
#26 385.8   Downloaded devise v0.4.2
#26 385.8   Downloaded derive_more v0.99.20
#26 385.8   Downloaded alloy-hardforks v0.2.13
#26 385.8   Downloaded ff v0.12.1
#26 385.8   Downloaded alloy-contract v1.0.32
#26 385.8   Downloaded alloy-chains v0.2.23
#26 385.8   Downloaded alloy-eip2930 v0.2.1
#26 385.8   Downloaded flex-error v0.4.4
#26 385.8   Downloaded futures v0.3.31
#26 385.8   Downloaded allocator-api2 v0.2.21
#26 385.8   Downloaded derivative v2.2.0
#26 385.8   Downloaded alloy-eip7702 v0.6.1
#26 385.8   Downloaded ctrlc v3.5.1
#26 385.8   Downloaded ansi_term v0.12.1
#26 385.8   Downloaded alloy-sol-macro v1.3.0
#26 385.8   Downloaded alloy-network-primitives v1.0.41
#26 385.8   Downloaded dashu-base v0.4.1
#26 385.8   Downloaded aws-smithy-http v0.62.6
#26 385.8   Downloaded crypto-common v0.1.6
#26 385.8   Downloaded alloy-rlp-derive v0.3.12
#26 385.8   Downloaded alloy-consensus-any v1.0.41
#26 385.8   Downloaded crossbeam-deque v0.8.6
#26 385.8   Downloaded ark-ff-asm v0.4.2
#26 385.8   Downloaded anstyle v1.0.13
#26 385.8   Downloaded alloy-transport-http v1.0.41
#26 385.8   Downloaded alloy-sol-type-parser v1.5.2
#26 385.8   Downloaded alloy-pubsub v1.0.41
#26 385.8   Downloaded alloy-json-abi v1.3.0
#26 385.8   Downloaded crossbeam-utils v0.8.21
#26 385.8   Downloaded alloy-core v1.3.0
#26 385.8   Downloaded alloy-op-evm v0.12.3
#26 385.8   Downloaded alloy-eip2124 v0.2.0
#26 385.8   Downloaded alloy v1.0.32
#26 385.8   Downloaded crunchy v0.2.4
#26 385.8   Downloaded alloy-sol-macro-input v1.3.0
#26 385.8   Downloaded alloy-rlp v0.3.12
#26 385.9   Downloaded mime v0.3.17
#26 385.9   Downloaded dotenvy v0.15.7
#26 385.9   Downloaded futures-io v0.3.31
#26 385.9   Downloaded autocfg v1.5.0
#26 385.9   Downloaded futures-sink v0.3.31
#26 385.9   Downloaded futures-utils-wasm v0.1.0
#26 385.9   Downloaded num v0.4.3
#26 385.9   Downloaded num_enum_derive v0.5.11
#26 385.9   Downloaded futures-task v0.3.31
#26 385.9   Downloaded multimap v0.10.1
#26 385.9   Downloaded fastrand v2.3.0
#26 385.9   Downloaded alloy-json-rpc v1.0.41
#26 385.9   Downloaded foreign-types-shared v0.1.1
#26 385.9   Downloaded ark-ec v0.5.0
#26 385.9   Downloaded p3-symmetric v0.2.3-succinct
#26 385.9   Downloaded logos-codegen v0.14.4
#26 385.9   Downloaded percent-encoding v2.3.2
#26 385.9   Downloaded crossbeam-epoch v0.9.18
#26 385.9   Downloaded der-parser v9.0.0
#26 385.9   Downloaded proc-macro2-diagnostics v0.10.1
#26 385.9   Downloaded openssl-macros v0.1.1
#26 385.9   Downloaded form_urlencoded v1.2.2
#26 385.9   Downloaded aho-corasick v1.1.4
#26 385.9   Downloaded pem-rfc7468 v0.7.0
#26 385.9   Downloaded openssl-probe v0.1.6
#26 385.9   Downloaded fastrlp v0.4.0
#26 385.9   Downloaded protox-parse v0.7.0
#26 385.9   Downloaded parking_lot_core v0.9.12
#26 385.9   Downloaded prost-types v0.12.6
#26 385.9   Downloaded prost-types v0.13.5
#26 385.9   Downloaded parity-scale-codec v3.7.5
#26 385.9   Downloaded protox v0.8.0
#26 385.9   Downloaded futures-timer v3.0.3
#26 385.9   Downloaded alloy-rpc-types-eth v1.0.41
#26 385.9   Downloaded revm-inspector v7.0.1
#26 385.9   Downloaded ev-types v0.0.1
#26 385.9   Downloaded num-order v1.2.0
#26 385.9   Downloaded ruint-macro v1.2.1
#26 385.9   Downloaded rlp v0.5.2
#26 385.9   Downloaded reqwest-middleware v0.3.3
#26 385.9   Downloaded ppv-lite86 v0.2.21
#26 385.9   Downloaded enum-as-inner v0.6.1
#26 385.9   Downloaded derive-where v1.6.0
#26 386.0   Downloaded revm-primitives v20.2.1
#26 386.0   Downloaded revm-database-interface v6.0.0
#26 386.0   Downloaded ripemd v0.1.3
#26 386.0   Downloaded revm-state v6.0.0
#26 386.0   Downloaded time-core v0.1.6
#26 386.0   Downloaded darling_core v0.21.3
#26 386.0   Downloaded sha1 v0.10.6
#26 386.0   Downloaded uncased v0.9.10
#26 386.0   Downloaded serde_repr v0.1.20
#26 386.0   Downloaded rustc-demangle v0.1.26
#26 386.0   Downloaded protox-parse v0.8.0
#26 386.0   Downloaded block-buffer v0.10.4
#26 386.0   Downloaded siphasher v1.0.1
#26 386.0   Downloaded constant_time_eq v0.3.1
#26 386.0   Downloaded shlex v1.3.0
#26 386.0   Downloaded derive_more v2.1.1
#26 386.0   Downloaded writeable v0.6.2
#26 386.0   Downloaded beef v0.5.2
#26 386.0   Downloaded zeroize_derive v1.4.2
#26 386.0   Downloaded zeroize v1.8.2
#26 386.0   Downloaded vec_map v0.8.2
#26 386.0   Downloaded serde_with_macros v3.16.1
#26 386.0   Downloaded clap_derive v4.5.49
#26 386.0   Downloaded clap_lex v0.7.6
#26 386.0   Downloaded base64-simd v0.8.0
#26 386.0   Downloaded convert_case v0.7.1
#26 386.0   Downloaded instant v0.1.13
#26 386.0   Downloaded group v0.12.1
#26 386.0   Downloaded elliptic-curve v0.13.8
#26 386.0   Downloaded logos-derive v0.15.1
#26 386.0   Downloaded lazy_static v1.5.0
#26 386.0   Downloaded p3-poseidon2 v0.2.3-succinct
#26 386.0   Downloaded nohash-hasher v0.2.0
#26 386.0   Downloaded tinystr v0.8.2
#26 386.0   Downloaded slab v0.4.11
#26 386.0   Downloaded figment v0.10.19
#26 386.0   Downloaded derive_more v1.0.0
#26 386.0   Downloaded modular-bitfield-impl v0.11.2
#26 386.0   Downloaded phf_shared v0.11.3
#26 386.0   Downloaded uuid v1.19.0
#26 386.0   Downloaded tonic-build v0.10.2
#26 386.0   Downloaded rayon-scan v0.1.1
#26 386.0   Downloaded rand_xorshift v0.4.0
#26 386.0   Downloaded litemap v0.8.1
#26 386.1   Downloaded getrandom v0.3.4
#26 386.1   Downloaded prost v0.13.5
#26 386.1   Downloaded ref-cast v1.0.25
#26 386.1   Downloaded prost v0.12.6
#26 386.1   Downloaded same-file v1.0.6
#26 386.1   Downloaded ref-cast-impl v1.0.25
#26 386.1   Downloaded p3-dft v0.2.3-succinct
#26 386.1   Downloaded oid-registry v0.7.1
#26 386.1   Downloaded nybbles v0.4.6
#26 386.1   Downloaded log v0.4.29
#26 386.1   Downloaded pin-utils v0.1.0
#26 386.1   Downloaded pathdiff v0.2.3
#26 386.1   Downloaded intrusive-collections v0.9.7
#26 386.1   Downloaded sp1-derive v5.2.4
#26 386.1   Downloaded sp1-lib v5.2.4
#26 386.1   Downloaded pin-project v1.1.10
#26 386.1   Downloaded want v0.3.1
#26 386.1   Downloaded ubyte v0.10.4
#26 386.1   Downloaded sp1-recursion-derive v5.2.4
#26 386.1   Downloaded reqwest v0.12.28
#26 386.1   Downloaded sync_wrapper v1.0.2
#26 386.1   Downloaded sync_wrapper v0.1.2
#26 386.1   Downloaded subtle v2.6.1
#26 386.1   Downloaded serde-human-bytes v0.1.2
#26 386.1   Downloaded s2n-quic-crypto v0.71.0
#26 386.1   Downloaded sp1-primitives v5.2.4
#26 386.1   Downloaded serde_arrays v0.2.0
#26 386.1   Downloaded ref-swap v0.1.2
#26 386.1   Downloaded axum-core v0.3.4
#26 386.1   Downloaded icu_normalizer_data v2.1.1
#26 386.1   Downloaded icu_normalizer v2.1.1
#26 386.1   Downloaded soketto v0.8.1
#26 386.1   Downloaded quinn-udp v0.5.14
#26 386.1   Downloaded jobserver v0.1.34
#26 386.1   Downloaded simd-adler32 v0.3.8
#26 386.1   Downloaded s2n-quic-rustls v0.71.0
#26 386.1   Downloaded base64 v0.22.1
#26 386.1   Downloaded tokio-util v0.7.17
#26 386.1   Downloaded smallvec v1.15.1
#26 386.1   Downloaded prettyplease v0.2.37
#26 386.1   Downloaded flate2 v1.1.5
#26 386.1   Downloaded icu_properties v2.1.2
#26 386.1   Downloaded num-modular v0.6.1
#26 386.1   Downloaded convert_case v0.10.0
#26 386.2   Downloaded cmake v0.1.57
#26 386.2   Downloaded base64ct v1.8.1
#26 386.2   Downloaded cexpr v0.6.0
#26 386.2   Downloaded wyz v0.5.1
#26 386.2   Downloaded derive_more-impl v1.0.0
#26 386.2   Downloaded pin-project-lite v0.2.16
#26 386.2   Downloaded zstd-safe v7.2.4
#26 386.2   Downloaded aws-smithy-runtime-api v1.9.3
#26 386.2   Downloaded size v0.4.1
#26 386.2   Downloaded toml_edit v0.23.10+spec-1.0.0
#26 386.2   Downloaded signal-hook-registry v1.4.7
#26 386.2   Downloaded der v0.7.10
#26 386.2   Downloaded lru v0.13.0
#26 386.2   Downloaded lru v0.12.5
#26 386.2   Downloaded lock_api v0.4.14
#26 386.2   Downloaded lru-slab v0.1.2
#26 386.2   Downloaded thiserror v2.0.17
#26 386.2   Downloaded base256emoji v1.0.2
#26 386.2   Downloaded walkdir v2.5.0
#26 386.2   Downloaded base-x v0.2.11
#26 386.2   Downloaded base16ct v0.2.0
#26 386.2   Downloaded zerofrom-derive v0.1.6
#26 386.2   Downloaded zerofrom v0.1.6
#26 386.2   Downloaded cookie v0.18.1
#26 386.2   Downloaded pin-project-internal v1.1.10
#26 386.2   Downloaded byte-slice-cast v1.2.3
#26 386.2   Downloaded tokio-io-timeout v1.2.1
#26 386.2   Downloaded tinyvec_macros v0.1.1
#26 386.2   Downloaded pear_codegen v0.2.9
#26 386.2   Downloaded pear v0.2.9
#26 386.2   Downloaded p3-uni-stark v0.2.3-succinct
#26 386.2   Downloaded utf8parse v0.2.2
#26 386.2   Downloaded syn-solidity v1.5.2
#26 386.2   Downloaded socket2 v0.6.1
#26 386.2   Downloaded ucd-trie v0.1.7
#26 386.2   Downloaded rand_chacha v0.9.0
#26 386.2   Downloaded derive_more-impl v2.1.1
#26 386.2   Downloaded xmlparser v0.13.6
#26 386.2   Downloaded rcgen v0.13.2
#26 386.2   Downloaded is-terminal v0.4.17
#26 386.2   Downloaded hex-literal v0.4.1
#26 386.2   Downloaded axum-core v0.5.5
#26 386.2   Downloaded bs58 v0.5.1
#26 386.2   Downloaded p3-bn254-fr v0.2.3-succinct
#26 386.2   Downloaded serde_json v1.0.147
#26 386.3   Downloaded p3-air v0.2.3-succinct
#26 386.3   Downloaded outref v0.5.2
#26 386.3   Downloaded hyper-rustls v0.24.2
#26 386.3   Downloaded hex-conservative v0.2.2
#26 386.3   Downloaded hyper-timeout v0.4.1
#26 386.3   Downloaded jsonrpsee-ws-client v0.25.1
#26 386.3   Downloaded hex-literal v1.1.0
#26 386.3   Downloaded typenum v1.19.0
#26 386.3   Downloaded toml_edit v0.22.27
#26 386.3   Downloaded nmt-rs v0.2.5
#26 386.3   Downloaded quick-error v1.2.3
#26 386.3   Downloaded num-conv v0.1.0
#26 386.3   Downloaded memoffset v0.9.1
#26 386.3   Downloaded strsim v0.11.1
#26 386.3   Downloaded byteorder v1.5.0
#26 386.3   Downloaded p3-commit v0.2.3-succinct
#26 386.3   Downloaded axum v0.6.20
#26 386.3   Downloaded s2n-codec v0.71.0
#26 386.3   Downloaded bytemuck_derive v1.10.2
#26 386.3   Downloaded axum v0.8.8
#26 386.3   Downloaded celestia-grpc-macros v0.4.0
#26 386.3   Downloaded tungstenite v0.26.2
#26 386.3   Downloaded idna_adapter v1.2.1
#26 386.3   Downloaded const-str v0.4.3
#26 386.3   Downloaded yansi v1.0.1
#26 386.3   Downloaded zerovec-derive v0.11.2
#26 386.3   Downloaded const_format_proc_macros v0.2.34
#26 386.3   Downloaded critical-section v1.2.0
#26 386.3   Downloaded subtle-encoding v0.5.1
#26 386.3   Downloaded p3-merkle-tree v0.2.3-succinct
#26 386.3   Downloaded multibase v0.9.2
#26 386.3   Downloaded p3-mds v0.2.3-succinct
#26 386.3   Downloaded jsonrpsee v0.25.1
#26 386.3   Downloaded jsonrpsee-client-transport v0.25.1
#26 386.3   Downloaded num-complex v0.4.6
#26 386.3   Downloaded camino v1.2.2
#26 386.3   Downloaded paste v1.0.15
#26 386.3   Downloaded rusticata-macros v4.1.0
#26 386.3   Downloaded rand_chacha v0.2.2
#26 386.3   Downloaded rayon v1.11.0
#26 386.4   Downloaded semver v1.0.27
#26 386.4   Downloaded rustls-pemfile v2.2.0
#26 386.4   Downloaded tap v1.0.1
#26 386.4   Downloaded tonic v0.13.1
#26 386.4   Downloaded subenum v1.1.3
#26 386.4   Downloaded rustls-pemfile v1.0.4
#26 386.4   Downloaded synstructure v0.13.2
#26 386.4   Downloaded tracing-forest v0.1.6
#26 386.4   Downloaded crc v3.4.0
#26 386.4   Downloaded rustls-pki-types v1.13.2
#26 386.4   Downloaded crc-catalog v2.4.0
#26 386.4   Downloaded cpufeatures v0.2.17
#26 386.4   Downloaded group v0.13.0
#26 386.4   Downloaded cid v0.11.1
#26 386.4   Downloaded try-lock v0.2.5
#26 386.4   Downloaded tokio-stream v0.1.17
#26 386.4   Downloaded proc-macro-crate v1.3.1
#26 386.4   Downloaded num-iter v0.1.45
#26 386.4   Downloaded potential_utf v0.1.4
#26 386.4   Downloaded prost-reflect v0.15.3
#26 386.4   Downloaded scale-info-derive v2.11.6
#26 386.4   Downloaded num-integer v0.1.46
#26 386.4   Downloaded crc32fast v1.5.0
#26 386.4   Downloaded tracing-core v0.1.36
#26 386.4   Downloaded num-bigint v0.3.3
#26 386.4   Downloaded unicode-segmentation v1.12.0
#26 386.4   Downloaded tower-layer v0.3.3
#26 386.4   Downloaded clap_builder v4.5.53
#26 386.4   Downloaded tower-service v0.3.3
#26 386.4   Downloaded p3-matrix v0.2.3-succinct
#26 386.4   Downloaded p3-interpolation v0.2.3-succinct
#26 386.4   Downloaded proc-macro-error-attr2 v2.0.0
#26 386.4   Downloaded ident_case v1.0.1
#26 386.4   Downloaded bytemuck v1.24.0
#26 386.4   Downloaded celestia-grpc v0.8.0
#26 386.4   Downloaded uint v0.9.5
#26 386.4   Downloaded number_prefix v0.4.0
#26 386.4   Downloaded axum-core v0.4.5
#26 386.5   Downloaded rand v0.9.2
#26 386.5   Downloaded generic-array v1.1.0
#26 386.5   Downloaded miniz_oxide v0.8.9
#26 386.5   Downloaded aws-types v1.3.11
#26 386.5   Downloaded ruint v1.17.0
#26 386.5   Downloaded sp1-recursion-gnark-ffi v5.2.4
#26 386.5   Downloaded bytes v1.11.0
#26 386.5   Downloaded version_check v0.9.5
#26 386.5   Downloaded celestia-proto v0.10.0
#26 386.5   Downloaded hyper-tls v0.6.0
#26 386.5   Downloaded wait-timeout v0.2.1
#26 386.5   Downloaded celestia-proto v0.9.1
#26 386.5   Downloaded cargo-platform v0.1.9
#26 386.5   Downloaded getrandom v0.1.16
#26 386.5   Downloaded peg-runtime v0.8.5
#26 386.5   Downloaded tendermint-config v0.40.4
#26 386.5   Downloaded urlencoding v2.1.3
#26 386.5   Downloaded is_terminal_polyfill v1.70.2
#26 386.5   Downloaded http-body v1.0.1
#26 386.5   Downloaded base64 v0.21.7
#26 386.5   Downloaded halo2 v0.1.0-beta.2
#26 386.5   Downloaded stable_deref_trait v1.2.1
#26 386.5   Downloaded rustc-hash v1.1.0
#26 386.5   Downloaded lumina-utils v0.4.0
#26 386.5   Downloaded hash_hasher v2.0.4
#26 386.5   Downloaded rustc_version v0.3.3
#26 386.5   Downloaded indexmap v1.9.3
#26 386.5   Downloaded binascii v0.1.4
#26 386.5   Downloaded pasta_curves v0.5.1
#26 386.5   Downloaded tinyvec v1.10.0
#26 386.5   Downloaded utf-8 v0.7.6
#26 386.5   Downloaded hickory-resolver v0.25.2
#26 386.5   Downloaded strum v0.26.3
#26 386.5   Downloaded peg-macros v0.8.5
#26 386.5   Downloaded modular-bitfield v0.11.2
#26 386.6   Downloaded bit-set v0.8.0
#26 386.6   Downloaded jsonrpsee-core v0.25.1
#26 386.6   Downloaded num_cpus v1.17.0
#26 386.6   Downloaded aws-smithy-xml v0.60.13
#26 386.6   Downloaded toml_datetime v0.7.5+spec-1.1.0
#26 386.6   Downloaded sdd v3.0.10
#26 386.6   Downloaded tonic-reflection v0.10.2
#26 386.6   Downloaded sysinfo v0.30.13
#26 386.6   Downloaded threadpool v1.8.1
#26 386.6   Downloaded unsigned-varint v0.8.0
#26 386.6   Downloaded yasna v0.5.2
#26 386.6   Downloaded sec1 v0.7.3
#26 386.6   Downloaded serde_bytes v0.11.19
#26 386.6   Downloaded cargo_metadata v0.18.1
#26 386.6   Downloaded semver-parser v0.10.3
#26 386.6   Downloaded s2n-quic-transport v0.71.0
#26 386.6   Downloaded unicode-xid v0.2.6
#26 386.6   Downloaded schemars v0.9.0
#26 386.6   Downloaded idna v1.1.0
#26 386.6   Downloaded unsafe-libyaml v0.2.11
#26 386.6   Downloaded bitflags v1.3.2
#26 386.6   Downloaded hyper v1.8.1
#26 386.6   Downloaded jsonrpsee-proc-macros v0.25.1
#26 386.6   Downloaded aws-sdk-kms v1.97.0
#26 386.7   Downloaded time v0.3.44
#26 386.7   Downloaded winnow v0.5.40
#26 386.7   Downloaded http v0.2.12
#26 386.7   Downloaded mio v1.1.1
#26 386.7   Downloaded serde_core v1.0.228
#26 386.7   Downloaded tokio-rustls v0.26.4
#26 386.7   Downloaded webpki-roots v1.0.4
#26 386.7   Downloaded half v1.8.3
#26 386.7   Downloaded zerocopy v0.8.31
#26 386.7   Downloaded pairing v0.23.0
#26 386.7   Downloaded borsh-derive v1.6.0
#26 386.7   Downloaded state v0.6.0
#26 386.7   Downloaded h3 v0.0.6
#26 386.7   Downloaded leopard-codec v0.1.0
#26 386.7   Downloaded itertools v0.13.0
#26 386.7   Downloaded sct v0.7.1
#26 386.7   Downloaded num_enum v0.5.11
#26 386.7   Downloaded rustc_version v0.4.1
#26 386.7   Downloaded itertools v0.14.0
#26 386.7   Downloaded num_enum v0.7.5
#26 386.7   Downloaded libm v0.2.15
#26 386.7   Downloaded nix v0.30.1
#26 386.7   Downloaded portable-atomic v1.12.0
#26 386.7   Downloaded proptest v1.9.0
#26 386.8   Downloaded snowbridge-amcl v1.0.2
#26 386.8   Downloaded bon v3.8.1
#26 386.8   Downloaded indicatif v0.17.11
#26 386.8   Downloaded cbindgen v0.27.0
#26 386.8   Downloaded pasta_curves v0.4.1
#26 386.8   Downloaded winnow v0.7.14
#26 386.8   Downloaded secp256k1 v0.30.0
#26 386.8   Downloaded lz4-sys v1.11.1+lz4-1.10.0
#26 386.8   Downloaded aws-smithy-runtime v1.9.5
#26 386.8   Downloaded bindgen v0.72.1
#26 386.8   Downloaded tower-http v0.6.8
#26 386.9   Downloaded schemars v1.1.0
#26 386.9   Downloaded scc v2.4.0
#26 386.9   Downloaded h2 v0.3.27
#26 386.9   Downloaded hashbrown v0.12.3
#26 386.9   Downloaded tracing v0.1.44
#26 386.9   Downloaded itertools v0.10.5
#26 386.9   Downloaded rustls-webpki v0.101.7
#26 386.9   Downloaded moka v0.12.12
#26 386.9   Downloaded halo2_proofs v0.1.0
#26 386.9   Downloaded h2 v0.4.12
#26 386.9   Downloaded petgraph v0.6.5
#26 387.0   Downloaded syn v1.0.109
#26 387.0   Downloaded tracing-subscriber v0.3.22
#26 387.0   Downloaded bzip2-sys v0.1.13+1.0.8
#26 387.0   Downloaded curve25519-dalek-ng v4.1.1
#26 387.0   Downloaded petgraph v0.7.1
#26 387.0   Downloaded bindgen v0.70.1
#26 387.0   Downloaded bindgen v0.71.1
#26 387.0   Downloaded sp1-core-machine v5.2.4
#26 387.0   Downloaded unicode-width v0.2.2
#26 387.0   Downloaded object v0.37.3
#26 387.0   Downloaded object v0.36.7
#26 387.0   Downloaded jsonrpsee-types v0.25.1
#26 387.0   Downloaded hickory-proto v0.25.2
#26 387.1   Downloaded regex-syntax v0.8.8
#26 387.1   Downloaded blst v0.3.16
#26 387.1   Downloaded chrono v0.4.42
#26 387.1   Downloaded unicode-width v0.1.14
#26 387.1   Downloaded bls12_381 v0.7.1
#26 387.1   Downloaded rocksdb v0.24.0
#26 387.1   Downloaded openssl v0.10.75
#26 387.1   Downloaded logos v0.14.4
#26 387.1   Downloaded sp1_bls12_381 v0.8.0-sp1-5.0.0
#26 387.1   Downloaded regex-automata v0.4.13
#26 387.1   Downloaded s2n-quic-core v0.71.0
#26 387.2   Downloaded sp1-core-executor v5.2.4
#26 387.2   Downloaded icu_properties_data v2.1.2
#26 387.2   Downloaded miette v7.6.0
#26 387.2   Downloaded http v1.4.0
#26 387.2   Downloaded tendermint-rpc v0.40.4
#26 387.2   Downloaded logos v0.15.1
#26 387.2   Downloaded ring v0.17.14
#26 387.2   Downloaded tendermint v0.40.4
#26 387.2   Downloaded rustix v1.1.3
#26 387.3   Downloaded zstd-sys v2.0.16+zstd.1.5.7
#26 387.3   Downloaded sp1-sdk v5.2.2
#26 387.3   Downloaded tokio v1.48.0
#26 387.3   Downloaded hyper v0.14.32
#26 387.3   Downloaded libc v0.2.178
#26 387.3   Downloaded libz-sys v1.1.23
#26 387.3   Downloaded rand v0.7.3
#26 387.3   Downloaded rustls v0.23.35
#26 387.4   Downloaded sp1-prover v5.2.2
#26 387.4   Downloaded regex v1.12.2
#26 387.4   Downloaded borsh v1.6.0
#26 387.4   Downloaded keccak-asm v0.1.4
#26 387.4   Downloaded hashbrown v0.16.1
#26 387.4   Downloaded serde_derive v1.0.228
#26 387.4   Downloaded num-traits v0.2.19
#26 387.4   Downloaded tokio-macros v2.6.0
#26 387.4   Downloaded phf_macros v0.11.3
#26 387.4   Downloaded indexmap v2.12.1
#26 387.4   Downloaded rustls v0.21.12
#26 387.4   Downloaded num-bigint v0.4.6
#26 387.4   Downloaded memchr v2.7.6
#26 387.4   Downloaded hashbrown v0.15.5
#26 387.4   Downloaded scopeguard v1.2.0
#26 387.4   Downloaded tokio-native-tls v0.3.1
#26 387.4   Downloaded hex v0.4.3
#26 387.4   Downloaded c-kzg v2.1.5
#26 387.4   Downloaded sp1-build v5.2.2
#26 387.4   Downloaded hyper-util v0.1.19
#26 387.4   Downloaded bimap v0.6.3
#26 387.4   Downloaded tokio-rustls v0.24.1
#26 387.4   Downloaded encoding_rs v0.8.35
#26 387.5   Downloaded rust_decimal v1.39.0
#26 387.5   Downloaded syn v2.0.111
#26 387.5   Downloaded utf8_iter v1.0.4
#26 387.5   Downloaded untrusted v0.7.1
#26 387.5   Downloaded inlinable_string v0.1.15
#26 387.5   Downloaded thread_local v1.1.9
#26 387.5   Downloaded thiserror-impl v2.0.17
#26 387.5   Downloaded rand_core v0.6.4
#26 387.5   Downloaded zkhash v0.2.0
#26 387.5   Downloaded tower v0.5.2
#26 387.5   Downloaded tower v0.4.13
#26 387.5   Downloaded rand_core v0.9.3
#26 387.5   Downloaded sha3-asm v0.1.4
#26 387.5   Downloaded informalsystems-pbjson v0.7.0
#26 387.5   Downloaded bytes-utils v0.1.4
#26 387.5   Downloaded rustls-platform-verifier v0.5.3
#26 387.5   Downloaded tendermint-proto v0.40.4
#26 387.5   Downloaded http-body v0.4.6
#26 387.5   Downloaded bincode v1.3.3
#26 387.5   Downloaded toml_datetime v0.6.11
#26 387.5   Downloaded rustc-hex v2.1.0
#26 387.5   Downloaded peg v0.8.5
#26 387.5   Downloaded multiaddr v0.18.2
#26 387.5   Downloaded miette-derive v7.6.0
#26 387.5   Downloaded matchit v0.7.3
#26 387.5   Downloaded url v2.5.7
#26 387.5   Downloaded rand_core v0.5.1
#26 387.5   Downloaded hkdf v0.12.4
#26 387.5   Downloaded strum_macros v0.26.4
#26 387.5   Downloaded prost-build v0.12.6
#26 387.5   Downloaded icu_provider v2.1.1
#26 387.5   Downloaded rustls-webpki v0.103.8
#26 387.5   Downloaded cc v1.2.50
#26 387.5   Downloaded toml v0.8.23
#26 387.5   Downloaded tempfile v3.24.0
#26 387.5   Downloaded aws-smithy-types v1.3.5
#26 387.6   Downloaded regex-lite v0.1.8
#26 387.6   Downloaded secp256k1-sys v0.10.1
#26 387.6   Downloaded leopard-codec v0.2.0
#26 387.6   Downloaded vsimd v0.8.0
#26 387.6   Downloaded tendermint-light-client-verifier v0.40.4
#26 387.6   Downloaded stable-pattern v0.1.0
#26 387.6   Downloaded proc-macro-error2 v2.0.1
#26 387.6   Downloaded pkcs8 v0.10.2
#26 387.6   Downloaded hmac v0.12.1
#26 387.6   Downloaded untrusted v0.9.0
#26 387.6   Downloaded linux-raw-sys v0.11.0
#26 387.6   Downloaded pairing v0.22.0
#26 387.6   Downloaded p3-util v0.2.3-succinct
#26 387.6   Downloaded iana-time-zone v0.1.64
#26 387.6   Downloaded sp1-stark v5.2.4
#26 387.7   Downloaded ruzstd v0.7.3
#26 387.7   Downloaded option-ext v0.2.0
#26 387.7   Downloaded generic-array v0.14.9
#26 387.7   Downloaded pest v2.8.4
#26 387.7   Downloaded bitcoin_hashes v0.14.1
#26 387.7   Downloaded strum v0.27.2
#26 387.7   Downloaded rand_chacha v0.3.1
#26 387.7   Downloaded openssl-sys v0.9.111
#26 387.7   Downloaded bon-macros v3.8.1
#26 387.7   Downloaded aws-smithy-http-client v1.1.5
#26 387.7   Downloaded const_format v0.2.35
#26 387.7   Downloaded gimli v0.32.3
#26 387.7   Downloaded rustc-hash v2.1.1
#26 387.7   Downloaded proc-macro-crate v3.4.0
#26 387.7   Downloaded thiserror v1.0.69
#26 387.7   Downloaded spin v0.9.8
#26 387.7   Downloaded celestia-rpc v0.13.0
#26 387.7   Downloaded twox-hash v1.6.3
#26 387.7   Downloaded ark-bls12-381 v0.5.0
#26 387.7   Downloaded getrandom v0.2.16
#26 387.7   Downloaded futures-util v0.3.31
#26 387.7   Downloaded zmij v0.1.7
#26 387.7   Downloaded p3-keccak-air v0.2.3-succinct
#26 387.7   Downloaded quinn-proto v0.11.13
#26 387.7   Downloaded spki v0.7.3
#26 387.7   Downloaded rusty-fork v0.3.1
#26 387.7   Downloaded rustversion v1.0.22
#26 387.7   Downloaded matchers v0.2.0
#26 387.7   Downloaded gen_ops v0.4.0
#26 387.7   Downloaded clang-sys v1.8.1
#26 387.7   Downloaded rand v0.8.5
#26 387.7   Downloaded phf_generator v0.11.3
#26 387.7   Downloaded tonic v0.12.3
#26 387.7   Downloaded tonic v0.10.2
#26 387.7   Downloaded libloading v0.8.9
#26 387.7   Downloaded keccak v0.1.5
#26 387.7   Downloaded gcd v2.3.0
#26 387.7   Downloaded aws-smithy-query v0.60.9
#26 387.7   Downloaded jsonrpsee-http-client v0.25.1
#26 387.7   Downloaded sp1-curves v5.2.4
#26 387.7   Downloaded quote v1.0.42
#26 387.7   Downloaded iri-string v0.7.9
#26 387.7   Downloaded aws-smithy-json v0.61.9
#26 387.7   Downloaded yoke v0.8.1
#26 387.8   Downloaded x509-cert v0.2.5
#26 387.8   Downloaded sp1-zkvm v5.2.2
#26 387.8   Downloaded cfg-if v1.0.4
#26 387.8   Downloaded aws-smithy-observability v0.1.5
#26 387.8   Downloaded tracing-log v0.2.0
#26 387.8   Downloaded serde_cbor v0.11.2
#26 387.8   Downloaded cfg_aliases v0.2.1
#26 387.8   Downloaded zstd v0.13.3
#26 387.8   Downloaded static_assertions v1.1.0
#26 387.8   Downloaded prost-build v0.13.5
#26 387.8   Downloaded phf v0.11.3
#26 387.8   Downloaded zerocopy-derive v0.8.31
#26 387.8   Downloaded subtle-ng v2.5.0
#26 387.8   Downloaded op-alloy-consensus v0.18.14
#26 387.8   Downloaded bitvec v1.0.1
#26 387.8   Downloaded vcpkg v0.2.15
#26 387.8   Downloaded const-oid v0.9.6
#26 387.8   Downloaded bech32 v0.11.1
#26 387.8   Downloaded core2 v0.4.0
#26 387.8   Downloaded x509-parser v0.16.0
#26 387.8   Downloaded tagptr v0.2.0
#26 387.8   Downloaded zerovec v0.11.5
#26 387.8   Downloaded celestia-types v0.16.0
#26 387.8   Downloaded celestia-types v0.15.0
#26 387.8   Downloaded rustls-native-certs v0.8.2
#26 387.8   Downloaded rustls-native-certs v0.6.3
#26 387.8   Downloaded prost-reflect v0.14.7
#26 387.8   Downloaded impl-codec v0.6.0
#26 387.8   Downloaded blake3 v1.8.2
#26 387.9   Downloaded op-alloy-rpc-types v0.18.14
#26 387.9   Downloaded op-alloy-network v0.18.14
#26 387.9   Downloaded native-tls v0.2.14
#26 387.9   Downloaded multihash v0.19.3
#26 387.9   Downloaded bitcoin-io v0.1.4
#26 387.9   Downloaded s2n-quic v1.71.0
#26 387.9   Downloaded bit-vec v0.8.0
#26 387.9   Downloaded sp1-cuda v5.2.2
#26 387.9   Downloaded match-lookup v0.1.1
#26 387.9   Downloaded macro-string v0.1.4
#26 387.9   Downloaded ryu v1.0.21
#26 387.9   Downloaded nom v7.1.3
#26 387.9   Downloaded impl-trait-for-tuples v0.2.3
#26 387.9   Downloaded hyper-timeout v0.5.2
#26 387.9   Downloaded serde_with v3.16.1
#26 387.9   Downloaded tracing-attributes v0.1.31
#26 387.9   Downloaded thiserror-impl v1.0.69
#26 387.9   Downloaded range-set-blaze v0.1.16
#26 387.9   Downloaded p3-field v0.2.3-succinct
#26 387.9   Downloaded backtrace v0.3.76
#26 387.9   Downloaded yoke-derive v0.8.1
#26 387.9   Downloaded webpki-roots v0.26.11
#26 387.9   Downloaded web-time v1.1.0
#26 387.9   Downloaded strum_macros v0.27.2
#26 387.9   Downloaded semver v0.11.0
#26 387.9   Downloaded radium v0.7.0
#26 387.9   Downloaded primitive-types v0.12.2
#26 387.9   Downloaded powerfmt v0.2.0
#26 387.9   Downloaded libp2p-identity v0.2.13
#26 387.9   Downloaded jubjub v0.9.0
#26 387.9   Downloaded ipnet v2.11.0
#26 387.9   Downloaded clap v4.5.53
#26 387.9   Downloaded toml_edit v0.19.15
#26 387.9   Downloaded itertools v0.12.1
#26 387.9   Downloaded prost-derive v0.13.5
#26 387.9   Downloaded p3-baby-bear v0.2.3-succinct
#26 387.9   Downloaded matchit v0.8.4
#26 387.9   Downloaded scale-info v2.11.6
#26 387.9   Downloaded dashu-int v0.4.1
#26 387.9   Downloaded p3-challenger v0.2.3-succinct
#26 387.9   Downloaded memuse v0.2.2
#26 387.9   Downloaded zerotrie v0.2.3
#26 387.9   Downloaded sp1-recursion-circuit v5.2.4
#26 387.9   Downloaded hashbrown v0.14.5
#26 388.0   Downloaded socket2 v0.5.10
#26 388.0   Downloaded hyper-rustls v0.27.7
#26 388.0   Downloaded console v0.15.11
#26 388.0   Downloaded base64 v0.13.1
#26 388.0   Downloaded axum v0.7.9
#26 388.0   Downloaded elf v0.7.4
#26 388.0   Downloaded sp1-recursion-core v5.2.4
#26 388.0   Downloaded serde v1.0.228
#26 388.0   Downloaded s2n-quic-platform v0.71.0
#26 388.0   Downloaded const-hex v1.17.0
#26 388.0   Downloaded backoff v0.4.0
#26 388.0   Downloaded or-panic v1.0.2
#26 388.0   Downloaded indenter v0.3.4
#26 388.0   Downloaded sp1-recursion-compiler v5.2.4
#26 388.0   Downloaded reqwest v0.11.27
#26 388.0   Downloaded rayon-core v1.13.0
#26 388.0   Downloaded quinn v0.11.9
#26 388.0   Downloaded colorchoice v1.0.4
#26 388.0   Downloaded unicode-ident v1.0.22
#26 388.0   Downloaded ed25519-dalek v2.2.0
#26 388.0   Downloaded tracing-appender v0.2.4
#26 388.0   Downloaded tonic-build v0.13.1
#26 388.0   Downloaded num-rational v0.4.2
#26 388.0   Downloaded icu_locale_core v2.1.1
#26 388.0   Downloaded toml_parser v1.0.6+spec-1.1.0
#26 388.0   Downloaded icu_collections v2.1.1
#26 388.0   Downloaded itoa v1.0.16
#26 388.0   Downloaded ics23 v0.12.0
#26 388.0   Downloaded httpdate v1.0.3
#26 388.0   Downloaded httparse v1.10.1
#26 388.0   Downloaded heck v0.5.0
#26 388.0   Downloaded heck v0.4.1
#26 388.0   Downloaded bitflags v2.10.0
#26 388.0   Downloaded revm-precompile v23.0.0
#26 388.0   Downloaded http-client-unix-domain-socket v0.1.2
#26 388.0   Downloaded http-body-util v0.1.3
#26 388.0   Downloaded blockstore v0.8.0
#26 388.0   Downloaded blake2b_simd v1.0.3
#26 388.0   Downloaded serde_yaml v0.9.34+deprecated
#26 388.0   Downloaded glob v0.3.3
#26 388.0   Downloaded blake2 v0.10.6
#26 388.0   Downloaded revm-interpreter v22.0.1
#26 388.0   Downloaded alloy-eips v1.0.41
#26 388.0   Downloaded sharded-slab v0.1.7
#26 388.0   Downloaded blockstore v0.7.1
#26 388.0   Downloaded valuable v0.1.1
#26 388.0   Downloaded tiny-keccak v2.0.2
#26 388.0   Downloaded alloy-genesis v1.0.41
#26 388.1   Downloaded twirp-rs v0.13.0-succinct
#26 388.1   Downloaded toml_write v0.1.2
#26 388.1   Downloaded crypto-bigint v0.5.5
#26 388.1   Downloaded block-buffer v0.9.0
#26 388.1   Downloaded unarray v0.1.4
#26 388.1   Downloaded tokio-tungstenite v0.26.2
#26 388.1   Downloaded time-macros v0.2.24
#26 388.1   Downloaded signature v2.2.0
#26 388.1   Downloaded sha2 v0.9.9
#26 388.1   Downloaded serde_path_to_error v0.1.20
#26 388.1   Downloaded serial_test v3.2.0
#26 388.1   Downloaded serde_spanned v0.6.9
#26 388.1   Downloaded rrs-succinct v0.1.0
#26 388.1   Downloaded revm-handler v7.0.1
#26 388.1   Downloaded revm-context v7.0.1
#26 388.1   Downloaded serial_test_derive v3.2.0
#26 388.1   Downloaded serdect v0.2.0
#26 388.1   Downloaded serde_urlencoded v0.7.1
#26 388.1   Downloaded revm-database v6.0.0
#26 388.1   Downloaded revm-bytecode v5.0.0
#26 388.1   Downloaded revm v26.0.1
#26 388.1   Downloaded once_cell v1.21.3
#26 388.1   Downloaded futures-executor v0.3.31
#26 388.1   Downloaded eyre v0.6.12
#26 388.1   Downloaded educe v0.6.0
#26 388.1   Downloaded aws-lc-rs v1.15.2
#26 388.1   Downloaded revm-context-interface v7.0.1
#26 388.1   Downloaded aws-sdk-sts v1.95.0
#26 388.1   Downloaded resolv-conf v0.7.6
#26 388.1   Downloaded find-msvc-tools v0.1.5
#26 388.1   Downloaded pkg-config v0.3.32
#26 388.1   Downloaded ff v0.13.1
#26 388.1   Downloaded enum_dispatch v0.3.13
#26 388.1   Downloaded ed25519 v2.2.3
#26 388.1   Downloaded aws-config v1.8.12
#26 388.1   Downloaded alloy-provider v1.0.32
#26 388.1   Downloaded fixedbitset v0.5.7
#26 388.1   Downloaded protox v0.7.2
#26 388.1   Downloaded proc-macro2 v1.0.103
#26 388.1   Downloaded minimal-lexical v0.2.1
#26 388.1   Downloaded futures-channel v0.3.31
#26 388.1   Downloaded fs-err v3.2.1
#26 388.1   Downloaded either v1.15.0
#26 388.1   Downloaded foldhash v0.2.0
#26 388.1   Downloaded fixed-hash v0.8.0
#26 388.1   Downloaded fs_extra v1.3.0
#26 388.1   Downloaded foldhash v0.1.5
#26 388.1   Downloaded enum-map v2.7.3
#26 388.1   Downloaded downloader v0.2.8
#26 388.1   Downloaded librocksdb-sys v0.17.3+10.4.2
#26 388.3   Downloaded crossbeam-channel v0.5.15
#26 388.3   Downloaded parking_lot v0.12.5
#26 388.3   Downloaded op-revm v7.0.1
#26 388.3   Downloaded aws-sdk-ssooidc v1.93.0
#26 388.3   Downloaded asn1-rs v0.6.2
#26 388.3   Downloaded alloy-primitives v1.3.0
#26 388.3   Downloaded prost-derive v0.12.6
#26 388.3   Downloaded p3-maybe-rayon v0.2.3-succinct
#26 388.3   Downloaded aws-sigv4 v1.3.7
#26 388.3   Downloaded fastrlp v0.3.1
#26 388.3   Downloaded enum-map-derive v0.17.0
#26 388.3   Downloaded aws-sdk-sso v1.91.0
#26 388.3   Downloaded pem v3.0.6
#26 388.3   Downloaded parity-scale-codec-derive v3.7.5
#26 388.3   Downloaded aws-runtime v1.5.17
#26 388.3   Downloaded data-encoding-macro-internal v0.1.16
#26 388.3   Downloaded ark-ff v0.5.0
#26 388.3   Downloaded alloy-sol-types v1.3.0
#26 388.3   Downloaded alloy-consensus v1.0.41
#26 388.3   Downloaded p3-fri v0.2.3-succinct
#26 388.3   Downloaded opaque-debug v0.3.1
#26 388.4   Downloaded num_enum_derive v0.7.5
#26 388.4   Downloaded multer v3.1.0
#26 388.4   Downloaded logos-codegen v0.15.1
#26 388.4   Downloaded dashu-ratio v0.4.1
#26 388.4   Downloaded dashu-float v0.4.3
#26 388.4   Downloaded ark-ff v0.4.2
#26 388.4   Downloaded alloy-transport v1.0.41
#26 388.4   Downloaded alloy-rpc-client v1.0.41
#26 388.4   Downloaded futures-core v0.3.31
#26 388.4   Downloaded errno v0.3.14
#26 388.4   Downloaded equivalent v1.0.2
#26 388.4   Downloaded ed25519-consensus v2.1.0
#26 388.4   Downloaded nu-ansi-term v0.50.3
#26 388.4   Downloaded ff_derive v0.13.1
#26 388.4   Downloaded ark-poly v0.5.0
#26 388.4   Downloaded fixedbitset v0.4.2
#26 388.4   Downloaded logos-derive v0.14.4
#26 388.4   Downloaded fnv v1.0.7
#26 388.4   Downloaded eventsource-stream v0.2.3
#26 388.4   Downloaded arrayvec v0.7.6
#26 388.4   Downloaded anyhow v1.0.100
#26 388.4   Downloaded foreign-types v0.3.2
#26 388.4   Downloaded enum-ordinalize v4.3.2
#26 388.4   Downloaded dyn-clone v1.0.20
#26 388.4   Downloaded ark-std v0.5.0
#26 388.4   Downloaded enum-ordinalize-derive v4.3.2
#26 388.4   Downloaded futures-macro v0.3.31
#26 388.4   Downloaded funty v2.0.0
#26 388.4   Downloaded flagset v0.4.7
#26 388.4   Downloaded downcast-rs v1.2.1
#26 388.4   Downloaded dirs-sys v0.4.1
#26 388.4   Downloaded alloy-rpc-types v1.0.32
#26 388.4   Downloaded anstream v0.6.21
#26 388.4   Downloaded aws-credential-types v1.2.11
#26 388.4   Downloaded aurora-engine-modexp v1.2.0
#26 388.4   Downloaded alloy-serde v1.0.41
#26 388.4   Downloaded devise_codegen v0.4.2
#26 388.4   Downloaded deranged v0.5.5
#26 388.4   Downloaded der_derive v0.7.3
#26 388.4   Downloaded data-encoding-macro v0.1.18
#26 388.4   Downloaded data-encoding v2.9.0
#26 388.4   Downloaded dashu v0.4.2
#26 388.4   Downloaded dashmap v6.1.0
#26 388.4   Downloaded darling_macro v0.21.3
#26 388.4   Downloaded darling v0.21.3
#26 388.4   Downloaded cuckoofilter v0.5.0
#26 388.4   Downloaded aws-smithy-async v1.2.7
#26 388.4   Downloaded auto_impl v1.3.0
#26 388.4   Downloaded async-trait v0.1.89
#26 388.4   Downloaded asn1-rs-impl v0.2.0
#26 388.4   Downloaded ark-std v0.4.0
#26 388.4   Downloaded ark-std v0.3.0
#26 388.4   Downloaded ark-bn254 v0.5.0
#26 388.4   Downloaded anstyle-query v1.1.5
#26 388.4   Downloaded alloy-sol-macro-expander v1.3.0
#26 388.4   Downloaded alloy-signer-aws v1.0.41
#26 388.4   Downloaded alloy-signer v1.0.41
#26 388.4   Downloaded alloy-rpc-types-any v1.0.41
#26 388.4   Downloaded alloy-network v1.0.41
#26 388.4   Downloaded alloy-evm v0.12.3
#26 388.4   Downloaded alloy-dyn-abi v1.3.0
#26 388.4   Downloaded ahash v0.8.12
#26 388.4   Downloaded dunce v1.0.5
#26 388.4   Downloaded displaydoc v0.2.5
#26 388.4   Downloaded dirs v5.0.1
#26 388.4   Downloaded digest v0.10.7
#26 388.4   Downloaded digest v0.9.0
#26 388.4   Downloaded devise_core v0.4.2
#26 388.4   Downloaded dashu-macros v0.4.1
#26 388.4   Downloaded atomic-waker v1.1.2
#26 388.4   Downloaded async-stream-impl v0.3.6
#26 388.4   Downloaded async-stream v0.3.6
#26 388.5   Downloaded asn1_der v0.7.6
#26 388.5   Downloaded arrayref v0.3.9
#26 388.5   Downloaded ark-serialize-derive v0.5.0
#26 388.5   Downloaded ark-serialize v0.5.0
#26 388.5   Downloaded ark-serialize v0.4.2
#26 388.5   Downloaded ark-serialize v0.3.0
#26 388.5   Downloaded ark-ff-macros v0.5.0
#26 388.5   Downloaded ark-ff-macros v0.4.2
#26 388.5   Downloaded ark-ff-macros v0.3.0
#26 388.5   Downloaded ark-ff-asm v0.3.0
#26 388.5   Downloaded anstyle-parse v0.2.7
#26 388.5   Downloaded alloy-trie v0.9.1
#26 388.5   Downloaded alloy-transport-ws v1.0.41
#26 388.5   Downloaded alloy-op-hardforks v0.2.13
#26 388.5   Downloaded aws-lc-sys v0.35.0
#26 388.7   Downloaded kzg-rs v0.2.7
#26 389.1    Compiling proc-macro2 v1.0.103
#26 389.1    Compiling quote v1.0.42
#26 389.1    Compiling unicode-ident v1.0.22
#26 389.1    Compiling serde_core v1.0.228
#26 389.1    Compiling serde v1.0.228
#26 389.1    Compiling cfg-if v1.0.4
#26 389.1    Compiling libc v0.2.178
#26 389.1    Compiling autocfg v1.5.0
#26 389.1    Compiling version_check v0.9.5
#26 389.1    Compiling typenum v1.19.0
#26 389.5    Compiling portable-atomic v1.12.0
#26 389.5    Compiling critical-section v1.2.0
#26 389.9    Compiling shlex v1.3.0
#26 390.2    Compiling find-msvc-tools v0.1.5
#26 390.3    Compiling subtle v2.6.1
#26 390.4    Compiling itoa v1.0.16
#26 390.4    Compiling generic-array v0.14.9
#26 390.5    Compiling num-traits v0.2.19
#26 390.9    Compiling syn v1.0.109
#26 391.1    Compiling zerocopy v0.8.31
#26 391.2    Compiling pin-project-lite v0.2.16
#26 391.7    Compiling radium v0.7.0
#26 391.8    Compiling jobserver v0.1.34
#26 391.8    Compiling equivalent v1.0.2
#26 392.2    Compiling once_cell v1.21.3
#26 392.3    Compiling getrandom v0.2.16
#26 392.4    Compiling const-oid v0.9.6
#26 392.8    Compiling cc v1.2.50
#26 392.8    Compiling memchr v2.7.6
#26 392.9    Compiling log v0.4.29
#26 392.9    Compiling hashbrown v0.16.1
#26 393.1    Compiling num-integer v0.1.46
#26 393.1    Compiling num-bigint v0.3.3
#26 393.2    Compiling rand_core v0.6.4
#26 393.5    Compiling syn v2.0.111
#26 393.6    Compiling tracing-core v0.1.36
#26 393.8    Compiling paste v1.0.15
#26 394.2    Compiling cpufeatures v0.2.17
#26 394.3    Compiling indexmap v2.12.1
#26 394.4    Compiling unicode-xid v0.2.6
#26 394.4    Compiling rustversion v1.0.22
#26 394.6    Compiling heck v0.5.0
#26 394.6    Compiling crossbeam-utils v0.8.21
#26 395.0    Compiling winnow v0.7.14
#26 395.1    Compiling tap v1.0.1
#26 395.6    Compiling funty v2.0.0
#26 395.7    Compiling wyz v0.5.1
#26 395.7    Compiling either v1.15.0
#26 396.2    Compiling byteorder v1.5.0
#26 396.5    Compiling base64ct v1.8.1
#26 396.6    Compiling addchain v0.2.0
#26 396.6    Compiling thiserror v2.0.17
#26 396.9    Compiling flagset v0.4.7
#26 397.3    Compiling crunchy v0.2.4
#26 397.5    Compiling tiny-keccak v2.0.2
#26 397.6    Compiling ff_derive v0.13.1
#26 397.6    Compiling pem-rfc7468 v0.7.0
#26 397.7    Compiling base16ct v0.2.0
#26 397.7    Compiling parking_lot_core v0.9.12
#26 397.9    Compiling serde_derive v1.0.228
#26 398.1    Compiling zeroize_derive v1.4.2
#26 398.1    Compiling tracing-attributes v0.1.31
#26 398.3    Compiling der_derive v0.7.3
#26 398.5    Compiling thiserror-impl v2.0.17
#26 398.8    Compiling allocator-api2 v0.2.21
#26 399.0    Compiling futures-macro v0.3.31
#26 399.6    Compiling zeroize v1.8.2
#26 399.8    Compiling ppv-lite86 v0.2.21
#26 400.1    Compiling scopeguard v1.2.0
#26 400.1    Compiling futures-core v0.3.31
#26 400.2    Compiling tracing v0.1.44
#26 400.3    Compiling strsim v0.11.1
#26 400.4    Compiling der v0.7.10
#26 400.6    Compiling rayon-core v1.13.0
#26 400.7    Compiling lock_api v0.4.14
#26 401.0    Compiling serde_json v1.0.147
#26 401.3    Compiling futures-sink v0.3.31
#26 401.5    Compiling keccak v0.1.5
#26 401.6    Compiling crypto-common v0.1.6
#26 401.8    Compiling block-buffer v0.10.4
#26 401.8    Compiling crypto-bigint v0.5.5
#26 401.8    Compiling toml_parser v1.0.6+spec-1.1.0
#26 401.8    Compiling zmij v0.1.7
#26 401.8    Compiling toml_datetime v0.7.5+spec-1.1.0
#26 401.9    Compiling futures-io v0.3.31
#26 402.2    Compiling synstructure v0.13.2
#26 402.5    Compiling bytes v1.11.0
#26 402.6    Compiling digest v0.10.7
#26 402.7    Compiling smallvec v1.15.1
#26 402.9    Compiling bitvec v1.0.1
#26 403.0    Compiling arrayvec v0.7.6
#26 403.2    Compiling spki v0.7.3
#26 403.2    Compiling serdect v0.2.0
#26 403.6    Compiling sha2 v0.10.9 (https://github.com/sp1-patches/RustCrypto-hashes?tag=patch-sha2-0.10.9-sp1-4.0.0#0b1945ee)
#26 403.7    Compiling hmac v0.12.1
#26 404.1    Compiling pkcs8 v0.10.2
#26 404.2    Compiling signature v2.2.0
#26 404.4    Compiling http v1.4.0
#26 404.5    Compiling rfc6979 v0.4.0 (https://github.com/sp1-patches/signatures.git?tag=patch-16.9-sp1-4.1.0#1880299a)
#26 404.7    Compiling sha3 v0.10.8 (https://github.com/sp1-patches/RustCrypto-hashes?tag=patch-sha3-0.10.8-sp1-4.0.0#8f6d303c)
#26 404.8    Compiling toml_edit v0.23.10+spec-1.0.0
#26 404.9    Compiling dunce v1.0.5
#26 405.1    Compiling sec1 v0.7.3
#26 405.2    Compiling foldhash v0.1.5
#26 405.4    Compiling parking_lot v0.12.5
#26 406.2    Compiling ff v0.13.1
#26 406.2    Compiling proc-macro-crate v3.4.0
#26 406.2    Compiling hashbrown v0.15.5
#26 406.3    Compiling unicode-segmentation v1.12.0
#26 406.7    Compiling pin-utils v0.1.0
#26 406.7    Compiling ruint-macro v1.2.1
#26 407.0    Compiling group v0.13.0
#26 407.0    Compiling slab v0.4.11
#26 407.0    Compiling fnv v1.0.7
#26 407.4    Compiling convert_case v0.10.0
#26 407.4    Compiling futures-channel v0.3.31
#26 407.5    Compiling num-bigint v0.4.6
#26 407.8    Compiling elliptic-curve v0.13.8
#26 408.0    Compiling futures-task v0.3.31
#26 408.0    Compiling alloy-rlp-derive v0.3.12
#26 408.1    Compiling zerofrom-derive v0.1.6
#26 408.2    Compiling rand_chacha v0.3.1
#26 408.3    Compiling tokio-macros v2.6.0
#26 408.3    Compiling signal-hook-registry v1.4.7
#26 408.5    Compiling derive_more-impl v2.1.1
#26 408.7    Compiling mio v1.1.1
#26 408.9    Compiling futures-util v0.3.31
#26 409.1    Compiling ecdsa v0.16.9 (https://github.com/sp1-patches/signatures.git?tag=patch-16.9-sp1-4.1.0#1880299a)
#26 409.5    Compiling alloy-rlp v0.3.12
#26 409.6    Compiling socket2 v0.6.1
#26 409.8    Compiling rand v0.8.5
#26 409.9    Compiling const-hex v1.17.0
#26 410.0    Compiling ahash v0.8.12
#26 410.3    Compiling yoke-derive v0.8.1
#26 410.8    Compiling k256 v0.13.4 (https://github.com/sp1-patches/elliptic-curves?tag=patch-k256-13.4-sp1-5.0.0#f7d8998e)
#26 410.9    Compiling ruint v1.17.0
#26 410.9    Compiling tokio v1.48.0
#26 411.0    Compiling displaydoc v0.2.5
#26 411.1    Compiling httparse v1.10.1
#26 411.1    Compiling zerovec-derive v0.11.2
#26 411.8    Compiling ring v0.17.14
#26 412.1    Compiling percent-encoding v2.3.2
#26 412.2    Compiling bitflags v2.10.0
#26 412.2    Compiling anyhow v1.0.100
#26 412.7    Compiling async-trait v0.1.89
#26 413.1    Compiling icu_properties_data v2.1.2
#26 413.2    Compiling icu_normalizer_data v2.1.1
#26 413.2    Compiling hex v0.4.3
#26 413.4    Compiling derive_more v2.1.1
#26 413.5    Compiling crossbeam-epoch v0.9.18
#26 413.7    Compiling ident_case v1.0.1
#26 413.8    Compiling regex-syntax v0.8.8
#26 414.4    Compiling alloy-primitives v1.3.0
#26 414.5    Compiling darling_core v0.21.3
#26 414.6    Compiling spin v0.9.8
#26 414.9    Compiling auto_impl v1.3.0
#26 415.5    Compiling lazy_static v1.5.0
#26 415.6    Compiling tokio-util v0.7.17
#26 415.7    Compiling tower-service v0.3.3
#26 416.0    Compiling itertools v0.12.1
#26 416.7    Compiling http-body v1.0.1
#26 417.5    Compiling darling_macro v0.21.3
#26 418.1    Compiling thiserror v1.0.69
#26 418.3    Compiling time-core v0.1.6
#26 418.4    Compiling num-conv v0.1.0
#26 418.7    Compiling darling v0.21.3
#26 418.7    Compiling form_urlencoded v1.2.2
#26 419.0    Compiling serde_with_macros v3.16.1
#26 419.0    Compiling zerofrom v0.1.6
#26 419.0    Compiling time-macros v0.2.24
#26 419.2    Compiling stable_deref_trait v1.2.1
#26 419.4    Compiling rustix v1.1.3
#26 419.9    Compiling yoke v0.8.1
#26 420.4    Compiling thiserror-impl v1.0.69
#26 420.5    Compiling untrusted v0.9.0
#26 420.8    Compiling regex-automata v0.4.13
#26 421.1    Compiling serde_with v3.16.1
#26 421.7    Compiling zerovec v0.11.5
#26 422.0    Compiling crossbeam-deque v0.8.6
#26 422.5    Compiling alloy-eip2930 v0.2.1
#26 422.8    Compiling num_enum_derive v0.7.5
#26 422.9    Compiling alloy-sol-type-parser v1.5.2
#26 422.9    Compiling try-lock v0.2.5
#26 422.9    Compiling tower-layer v0.3.3
#26 423.5    Compiling alloy-eip7702 v0.6.1
#26 423.7    Compiling want v0.3.1
#26 423.9    Compiling http-body-util v0.1.3
#26 424.0    Compiling syn-solidity v1.5.2
#26 424.2    Compiling macro-string v0.1.4
#26 424.3    Compiling proc-macro-error-attr2 v2.0.0
#26 424.5    Compiling crc-catalog v2.4.0
#26 424.5    Compiling alloy-json-abi v1.3.0
#26 424.6    Compiling num_enum v0.7.5
#26 424.9    Compiling httpdate v1.0.3
#26 424.9    Compiling crc v3.4.0
#26 425.0    Compiling rayon v1.11.0
#26 425.2    Compiling cmake v0.1.57
#26 425.3    Compiling getrandom v0.3.4
#26 425.3    Compiling base64 v0.22.1
#26 425.4    Compiling fs_extra v1.3.0
#26 425.5    Compiling proc-macro-error2 v2.0.1
#26 426.0    Compiling alloy-eip2124 v0.2.0
#26 426.0    Compiling tinystr v0.8.2
#26 426.4    Compiling alloy-sol-macro-input v1.3.0
#26 426.5    Compiling aws-lc-sys v0.35.0
#26 426.7    Compiling rustls-pki-types v1.13.2
#26 426.7    Compiling linux-raw-sys v0.11.0
#26 427.3    Compiling prettyplease v0.2.37
#26 427.4    Compiling litemap v0.8.1
#26 427.4    Compiling glob v0.3.3
#26 427.4    Compiling alloy-sol-macro-expander v1.3.0
#26 427.6    Compiling writeable v0.6.2
#26 428.6    Compiling icu_locale_core v2.1.1
#26 428.6    Compiling potential_utf v0.1.4
#26 429.3    Compiling zerotrie v0.2.3
#26 429.5    Compiling fastrand v2.3.0
#26 429.7    Compiling icu_collections v2.1.1
#26 430.1    Compiling aws-lc-rs v1.15.2
#26 430.4    Compiling alloy-sol-macro v1.3.0
#26 430.4    Compiling icu_provider v2.1.1
#26 430.5    Compiling tempfile v3.24.0
#26 431.3    Compiling p3-util v0.2.3-succinct
#26 431.3    Compiling sync_wrapper v1.0.2
#26 432.0    Compiling alloy-sol-types v1.3.0
#26 432.0    Compiling secp256k1-sys v0.10.1
#26 432.2    Compiling p3-field v0.2.3-succinct
#26 432.2    Compiling icu_properties v2.1.2
#26 432.2    Compiling icu_normalizer v2.1.1
#26 432.8    Compiling regex v1.12.2
#26 433.4    Compiling alloy-serde v1.0.41
#26 433.6    Compiling nybbles v0.4.6
#26 434.0    Compiling powerfmt v0.2.0
#26 434.1    Compiling ipnet v2.11.0
#26 434.4    Compiling idna_adapter v1.2.1
#26 435.1    Compiling deranged v0.5.5
#26 435.2    Compiling alloy-trie v0.9.1
#26 435.2    Compiling alloy-eips v1.0.41
#26 435.5    Compiling p3-maybe-rayon v0.2.3-succinct
#26 435.5    Compiling itertools v0.13.0
#26 435.5    Compiling openssl-probe v0.1.6
#26 435.9    Compiling utf8_iter v1.0.4
#26 437.0    Compiling rustls v0.23.35
#26 437.1    Compiling idna v1.1.0
#26 437.1    Compiling tower v0.5.2
#26 437.1    Compiling alloy-tx-macros v1.2.1
#26 437.3    Compiling time v0.3.44
#26 437.5    Compiling atomic-waker v1.1.2
#26 438.6    Compiling url v2.5.7
#26 438.7    Compiling h2 v0.4.12
#26 439.2    Compiling p3-matrix v0.2.3-succinct
#26 439.9    Compiling alloy-json-rpc v1.0.41
#26 440.1    Compiling secp256k1 v0.30.0
#26 440.2    Compiling ryu v1.0.21
#26 440.5    Compiling futures-utils-wasm v0.1.0
#26 440.6    Compiling const_format_proc_macros v0.2.34
#26 441.0    Compiling p3-symmetric v0.2.3-succinct
#26 441.0    Compiling itertools v0.14.0
#26 441.7    Compiling alloy-consensus v1.0.41
#26 442.0    Compiling toml_datetime v0.6.11
#26 442.2    Compiling blake3 v1.8.2
#26 442.3    Compiling rustls-native-certs v0.8.2
#26 442.4    Compiling revm-primitives v20.2.1
#26 443.0    Compiling hyper v1.8.1
#26 443.1    Compiling primeorder v0.13.1 (https://github.com/sp1-patches/elliptic-curves?tag=patch-p256-13.2-sp1-5.0.0#10cca2ef)
#26 443.2    Compiling arrayref v0.3.9
#26 443.3    Compiling constant_time_eq v0.3.1
#26 443.5    Compiling p3-dft v0.2.3-succinct
#26 443.9    Compiling alloy-signer v1.0.41
#26 444.0    Compiling revm-bytecode v5.0.0
#26 444.1    Compiling p256 v0.13.2 (https://github.com/sp1-patches/elliptic-curves?tag=patch-p256-13.2-sp1-5.0.0#10cca2ef)
#26 444.5    Compiling eyre v0.6.12
#26 444.5    Compiling pkg-config v0.3.32
#26 444.8    Compiling num-rational v0.4.2
#26 444.8    Compiling num-iter v0.1.45
#26 445.2    Compiling alloy-consensus-any v1.0.41
#26 445.4    Compiling hyper-util v0.1.19
#26 445.4    Compiling alloy-network-primitives v1.0.41
#26 445.5    Compiling revm-state v6.0.0
#26 445.9    Compiling num-complex v0.4.6
#26 446.2    Compiling strum_macros v0.26.4
#26 446.6    Compiling alloy-rpc-types-eth v1.0.41
#26 446.7    Compiling p3-mds v0.2.3-succinct
#26 447.1    Compiling num v0.4.3
#26 447.4    Compiling p3-challenger v0.2.3-succinct
#26 447.6    Compiling futures-executor v0.3.31
#26 447.6    Compiling bytemuck_derive v1.10.2
#26 447.7    Compiling clap_derive v4.5.49
#26 447.7    Compiling gcd v2.3.0
#26 447.8    Compiling data-encoding v2.9.0
#26 448.4    Compiling p3-poseidon2 v0.2.3-succinct
#26 448.7    Compiling p3-commit v0.2.3-succinct
#26 448.8    Compiling futures v0.3.31
#26 448.8    Compiling strum_macros v0.27.2
#26 449.1    Compiling sp1-derive v5.2.4
#26 449.5    Compiling semver v1.0.27
#26 449.6    Compiling alloy-rpc-types-any v1.0.41
#26 449.7    Compiling utf8parse v0.2.2
#26 449.7    Compiling bytemuck v1.24.0
#26 450.0    Compiling alloy-network v1.0.41
#26 450.4    Compiling anstyle-parse v0.2.7
#26 450.5    Compiling p3-air v0.2.3-succinct
#26 450.8    Compiling parity-scale-codec-derive v3.7.5
#26 451.0    Compiling impl-trait-for-tuples v0.2.3
#26 451.3    Compiling colorchoice v1.0.4
#26 451.4    Compiling is_terminal_polyfill v1.70.2
#26 451.4    Compiling anstyle-query v1.1.5
#26 451.5    Compiling strum v0.27.2
#26 451.6    Compiling prost-derive v0.13.5
#26 451.8    Compiling anstyle v1.0.13
#26 452.0    Compiling p3-baby-bear v0.2.3-succinct
#26 452.0    Compiling p3-interpolation v0.2.3-succinct
#26 452.0    Compiling clang-sys v1.8.1
#26 452.4    Compiling webpki-roots v1.0.4
#26 452.6    Compiling ripemd v0.1.3
#26 452.8    Compiling anstream v0.6.21
#26 452.9    Compiling bincode v1.3.3
#26 453.0    Compiling mime v0.3.17
#26 453.1    Compiling clap_lex v0.7.6
#26 453.2    Compiling hashbrown v0.14.5
#26 453.2    Compiling p3-fri v0.2.3-succinct
#26 453.3    Compiling p3-uni-stark v0.2.3-succinct
#26 453.9    Compiling p3-merkle-tree v0.2.3-succinct
#26 454.1    Compiling sp1-primitives v5.2.4
#26 454.2    Compiling clap_builder v4.5.53
#26 454.2    Compiling strum v0.26.3
#26 454.2    Compiling sysinfo v0.30.13
#26 454.6    Compiling rayon-scan v0.1.1
#26 454.7    Compiling serde_spanned v0.6.9
#26 454.7    Compiling toml_write v0.1.2
#26 454.9    Compiling vcpkg v0.2.15
#26 455.1    Compiling static_assertions v1.1.0
#26 455.1    Compiling revm-database-interface v6.0.0
#26 455.3    Compiling enum-ordinalize-derive v4.3.2
#26 455.4    Compiling derive_more-impl v1.0.0
#26 455.5    Compiling cbindgen v0.27.0
#26 455.6    Compiling toml_edit v0.22.27
#26 455.7    Compiling alloy-chains v0.2.23
#26 455.7    Compiling op-alloy-consensus v0.18.14
#26 456.4    Compiling sp1-stark v5.2.4
#26 456.5    Compiling http v0.2.12
#26 456.5    Compiling ark-std v0.5.0
#26 456.5    Compiling clap v4.5.53
#26 456.8    Compiling ark-serialize-derive v0.5.0
#26 456.9    Compiling minimal-lexical v0.2.1
#26 456.9    Compiling enum-ordinalize v4.3.2
#26 457.2    Compiling heck v0.4.1
#26 457.4    Compiling educe v0.6.0
#26 458.0    Compiling toml v0.8.23
#26 458.1    Compiling nom v7.1.3
#26 458.2    Compiling ark-ff-macros v0.5.0
#26 458.2    Compiling ark-serialize v0.5.0
#26 458.2    Compiling scale-info-derive v2.11.6
#26 458.9    Compiling ark-ff-asm v0.5.0
#26 459.1    Compiling libloading v0.8.9
#26 459.6    Compiling pathdiff v0.2.3
#26 459.7    Compiling http-body v0.4.6
#26 459.9    Compiling rustc_version v0.4.1
#26 460.2    Compiling cexpr v0.6.0
#26 460.2    Compiling pairing v0.23.0
#26 460.3    Compiling tokio-stream v0.1.17
#26 460.3    Compiling pin-project-internal v1.1.10
#26 460.5    Compiling num-modular v0.6.1
#26 460.5    Compiling ark-ff v0.5.0
#26 460.6    Compiling sp1_bls12_381 v0.8.0-sp1-5.0.0
#26 461.0    Compiling uuid v1.19.0
#26 461.8    Compiling num-order v1.2.0
#26 461.8    Compiling dashu-base v0.4.1
#26 462.1    Compiling alloy-genesis v1.0.41
#26 462.3    Compiling kzg-rs v0.2.7
#26 462.3    Compiling pin-project v1.1.10
#26 463.0    Compiling dashu-int v0.4.1
#26 463.3    Compiling rustc-hex v2.1.0
#26 463.5    Compiling winnow v0.5.40
#26 463.7    Compiling dyn-clone v1.0.20
#26 464.0    Compiling sp1-core-machine v5.2.4
#26 464.5    Compiling reth-primitives-traits v1.5.0 (https://github.com/paradigmxyz/reth?tag=v1.5.0#61e38f9a)
#26 464.8    Compiling ark-poly v0.5.0
#26 464.9    Compiling openssl-sys v0.9.111
#26 464.9    Compiling revm-context-interface v7.0.1
#26 465.6    Compiling dashu-float v0.4.3
#26 465.7    Compiling toml_edit v0.19.15
#26 465.8    Compiling const_format v0.2.35
#26 465.9    Compiling rand_core v0.9.3
#26 465.9    Compiling serde_arrays v0.2.0
#26 466.3    Compiling socket2 v0.5.10
#26 466.8    Compiling ark-ec v0.5.0
#26 467.3    Compiling dashu-ratio v0.4.1
#26 467.4    Compiling rand_chacha v0.9.0
#26 467.8    Compiling proc-macro-crate v1.3.1
#26 467.9    Compiling substrate-bn v0.6.0 (https://github.com/sp1-patches/bn?tag=patch-0.6.0-sp1-5.0.0#e0d67f21)
#26 467.9    Compiling aurora-engine-modexp v1.2.0
#26 468.0    Compiling serde_urlencoded v0.7.1
#26 468.8    Compiling derive-where v1.6.0
#26 468.9    Compiling dashu-macros v0.4.1
#26 469.1    Compiling num_enum_derive v0.5.11
#26 469.2    Compiling ark-bn254 v0.5.0
#26 469.4    Compiling ark-bls12-381 v0.5.0
#26 469.4    Compiling rand v0.9.2
#26 469.6    Compiling revm-interpreter v22.0.1
#26 470.3    Compiling alloy-hardforks v0.2.13
#26 470.4    Compiling revm-database v6.0.0
#26 471.0    Compiling revm-precompile v23.0.0
#26 471.1    Compiling revm-context v7.0.1
#26 471.4    Compiling range-set-blaze v0.1.16
#26 471.8    Compiling indenter v0.3.4
#26 472.3    Compiling crossbeam-channel v0.5.15
#26 472.6    Compiling openssl v0.10.75
#26 472.7    Compiling tinyvec_macros v0.1.1
#26 472.7    Compiling revm-handler v7.0.1
#26 473.0    Compiling foreign-types-shared v0.1.1
#26 473.1    Compiling tinyvec v1.10.0
#26 473.5    Compiling foreign-types v0.3.2
#26 473.6    Compiling enum-map-derive v0.17.0
#26 473.8    Compiling openssl-macros v0.1.1
#26 473.9    Compiling encoding_rs v0.8.35
#26 474.1    Compiling beef v0.5.2
#26 474.4    Compiling revm-inspector v7.0.1
#26 474.6    Compiling object v0.37.3
#26 474.6    Compiling native-tls v0.2.14
#26 475.4    Compiling revm v26.0.1
#26 476.5    Compiling op-revm v7.0.1
#26 477.6    Compiling sp1-recursion-core v5.2.4
#26 477.8    Compiling prost v0.13.5
#26 478.6    Compiling ark-ff-macros v0.4.2
#26 479.4    Compiling subenum v1.1.3
#26 479.5    Compiling enum-as-inner v0.6.1
#26 479.8    Compiling ark-ff-asm v0.4.2
#26 480.0    Compiling derivative v2.2.0
#26 480.3    Compiling parity-scale-codec v3.7.5
#26 480.3    Compiling tagptr v0.2.0
#26 480.7    Compiling tokio-native-tls v0.3.1
#26 480.8    Compiling hickory-proto v0.25.2
#26 481.2    Compiling moka v0.12.12
#26 481.3    Compiling alloy-evm v0.12.3
#26 481.4    Compiling h2 v0.3.27
#26 482.3    Compiling byte-slice-cast v1.2.3
#26 482.4    Compiling resolv-conf v0.7.6
#26 482.5    Compiling iri-string v0.7.9
#26 482.7    Compiling prost-types v0.13.5
#26 483.4    Compiling hyper-tls v0.6.0
#26 483.6    Compiling bindgen v0.70.1
#26 484.3    Compiling hickory-resolver v0.25.2
#26 484.9    Compiling tower-http v0.6.8
#26 485.3    Compiling hyper v0.14.32
#26 485.5    Compiling vsimd v0.8.0
#26 485.8    Compiling outref v0.5.2
#26 486.7    Compiling base64-simd v0.8.0
#26 487.7    Compiling bytes-utils v0.1.4
#26 488.1    Compiling miette-derive v7.6.0
#26 488.6    Compiling unicode-width v0.1.14
#26 488.7    Compiling multimap v0.10.1
#26 489.2    Compiling rustc-hash v1.1.0
#26 489.5    Compiling aws-smithy-types v1.3.5
#26 490.2    Compiling miette v7.6.0
#26 490.2    Compiling reth-trie-common v1.5.0 (https://github.com/paradigmxyz/reth?tag=v1.5.0#61e38f9a)
#26 491.4    Compiling sha1 v0.10.6
#26 491.7    Compiling async-stream-impl v0.3.6
#26 493.0    Compiling rustls-webpki v0.103.8
#26 493.1    Compiling async-stream v0.3.6
#26 494.1    Compiling derive_more v1.0.0
#26 494.4    Compiling reth-static-file-types v1.5.0 (https://github.com/paradigmxyz/reth?tag=v1.5.0#61e38f9a)
#26 494.7    Compiling scale-info v2.11.6
#26 496.2    Compiling dashmap v6.1.0
#26 496.4    Compiling reth-prune-types v1.5.0 (https://github.com/paradigmxyz/reth?tag=v1.5.0#61e38f9a)
#26 496.9    Compiling aws-smithy-async v1.2.7
#26 497.0    Compiling ff v0.12.1
#26 497.6    Compiling sp1-recursion-derive v5.2.4
#26 498.1    Compiling tokio-rustls v0.26.4
#26 498.5    Compiling rustls v0.21.12
#26 498.8    Compiling memuse v0.2.2
#26 499.1    Compiling hyper-rustls v0.27.7
#26 499.3    Compiling aws-smithy-runtime-api v1.9.3
#26 499.7    Compiling group v0.12.1
#26 499.7    Compiling matchers v0.2.0
#26 500.3    Compiling reqwest v0.12.28
#26 500.3    Compiling reth-storage-errors v1.5.0 (https://github.com/paradigmxyz/reth?tag=v1.5.0#61e38f9a)
#26 500.8    Compiling reth-ethereum-forks v1.5.0 (https://github.com/paradigmxyz/reth?tag=v1.5.0#61e38f9a)
#26 501.0    Compiling sct v0.7.1
#26 501.1    Compiling rustls-webpki v0.101.7
#26 501.1    Compiling sharded-slab v0.1.7
#26 502.3    Compiling tracing-log v0.2.0
#26 502.5    Compiling thread_local v1.1.9
#26 503.3    Compiling nu-ansi-term v0.50.3
#26 503.3    Compiling fixedbitset v0.5.7
#26 504.3    Compiling petgraph v0.7.1
#26 504.4    Compiling tracing-subscriber v0.3.22
#26 504.9    Compiling downloader v0.2.8
#26 505.5    Compiling reth-ethereum-primitives v1.5.0 (https://github.com/paradigmxyz/reth?tag=v1.5.0#61e38f9a)
#26 506.6    Compiling serde_bytes v0.11.19
#26 506.8    Compiling simd-adler32 v0.3.8
#26 507.2    Compiling adler2 v2.0.1
#26 508.0    Compiling miniz_oxide v0.8.9
#26 508.6    Compiling tokio-rustls v0.24.1
#26 509.4    Compiling prost-build v0.13.5
#26 509.7    Compiling blake2b_simd v1.0.3
#26 510.6    Compiling flex-error v0.4.4
#26 511.5    Compiling alloy-transport v1.0.41
#26 511.7    Compiling reth-network-peers v1.5.0 (https://github.com/paradigmxyz/reth?tag=v1.5.0#61e38f9a)
#26 512.2    Compiling digest v0.9.0
#26 512.4    Compiling subtle-encoding v0.5.1
#26 512.8    Compiling utf-8 v0.7.6
#26 513.1    Compiling camino v1.2.2
#26 514.2    Compiling data-encoding-macro-internal v0.1.16
#26 514.3    Compiling tendermint-proto v0.40.4
#26 514.4    Compiling reth-chainspec v1.5.0 (https://github.com/paradigmxyz/reth?tag=v1.5.0#61e38f9a)
#26 515.7    Compiling hyper-rustls v0.24.2
#26 516.1    Compiling reth-execution-types v1.5.0 (https://github.com/paradigmxyz/reth?tag=v1.5.0#61e38f9a)
#26 517.5    Compiling webpki-roots v0.26.11
#26 518.3    Compiling prost-derive v0.12.6
#26 518.4    Compiling block-buffer v0.9.0
#26 518.4    Compiling serial_test_derive v3.2.0
#26 518.5    Compiling match-lookup v0.1.1
#26 519.1    Compiling core2 v0.4.0
#26 519.1    Compiling indexmap v1.9.3
#26 519.2    Compiling opaque-debug v0.3.1
#26 519.5    Compiling bimap v0.6.3
#26 519.7    Compiling unsigned-varint v0.8.0
#26 519.8    Compiling subtle-ng v2.5.0
#26 520.0    Compiling const-str v0.4.3
#26 520.3    Compiling matchit v0.7.3
#26 520.5    Compiling base64 v0.21.7
#26 520.6    Compiling curve25519-dalek-ng v4.1.1
#26 520.7    Compiling multihash v0.19.3
#26 520.8    Compiling alloy-pubsub v1.0.41
#26 521.0    Compiling base256emoji v1.0.2
#26 521.8    Compiling sha2 v0.9.9
#26 522.2    Compiling dashu v0.4.2
#26 522.6    Compiling data-encoding-macro v0.1.18
#26 522.6    Compiling pasta_curves v0.4.1
#26 523.6    Compiling reth-execution-errors v1.5.0 (https://github.com/paradigmxyz/reth?tag=v1.5.0#61e38f9a)
#26 524.0    Compiling pairing v0.22.0
#26 524.0    Compiling snowbridge-amcl v1.0.2
#26 524.4    Compiling reth-stages-types v1.5.0 (https://github.com/paradigmxyz/reth?tag=v1.5.0#61e38f9a)
#26 524.8    Compiling logos-codegen v0.14.4
#26 525.0    Compiling num_enum v0.5.11
#26 526.1    Compiling ark-std v0.4.0
#26 526.9    Compiling ed25519 v2.2.3
#26 527.3    Compiling generic-array v1.1.0
#26 527.9    Compiling num_cpus v1.17.0
#26 528.1    Compiling base-x v0.2.11
#26 528.5    Compiling downcast-rs v1.2.1
#26 528.8    Compiling hashbrown v0.12.3
#26 528.8    Compiling gen_ops v0.4.0
#26 529.1    Compiling rustc-hash v2.1.1
#26 529.2    Compiling multibase v0.9.2
#26 529.4    Compiling rrs-succinct v0.1.0
#26 529.4    Compiling sp1-curves v5.2.4
#26 529.7    Compiling logos-derive v0.14.4
#26 529.8    Compiling ark-serialize v0.4.2
#26 530.5    Compiling bls12_381 v0.7.1
#26 530.5    Compiling halo2_proofs v0.1.0
#26 531.2    Compiling ed25519-consensus v2.1.0
#26 532.0    Compiling aws-credential-types v1.2.11
#26 532.3    Compiling aws-smithy-http v0.62.6
#26 532.4    Compiling enum-map v2.7.3
#26 533.1    Compiling aws-types v1.3.11
#26 533.3    Compiling logos-codegen v0.15.1
#26 534.0    Compiling itertools v0.10.5
#26 534.0    Compiling vec_map v0.8.2
#26 534.1    Compiling serde_repr v0.1.20
#26 534.1    Compiling proc-macro2-diagnostics v0.10.1
#26 534.5    Compiling gimli v0.32.3
#26 534.8    Compiling elf v0.7.4
#26 535.0    Compiling ansi_term v0.12.1
#26 535.3    Compiling nohash-hasher v0.2.0
#26 535.8    Compiling ark-ff v0.4.2
#26 536.0    Compiling tendermint v0.40.4
#26 536.7    Compiling sp1-core-executor v5.2.4
#26 537.0    Compiling tracing-forest v0.1.6
#26 537.2    Compiling halo2 v0.1.0-beta.2
#26 537.4    Compiling addr2line v0.25.1
#26 538.9    Compiling jubjub v0.9.0
#26 539.2    Compiling tower v0.4.13
#26 540.1    Compiling logos v0.14.4
#26 541.4    Compiling pasta_curves v0.5.1
#26 541.5    Compiling p3-keccak-air v0.2.3-succinct
#26 541.6    Compiling aws-smithy-observability v0.1.5
#26 542.3    Compiling alloy-op-hardforks v0.2.13
#26 542.4    Compiling lru v0.13.0
#26 542.7    Compiling blake2 v0.10.6
#26 543.3    Compiling serde_path_to_error v0.1.20
#26 544.3    Compiling web-time v1.1.0
#26 544.5    Compiling rustc-demangle v0.1.26
#26 544.6    Compiling urlencoding v2.1.3
#26 544.8    Compiling yansi v1.0.1
#26 545.2    Compiling size v0.4.1
#26 545.7    Compiling backtrace v0.3.76
#26 547.3    Compiling zkhash v0.2.0
#26 549.6    Compiling aws-sigv4 v1.3.7
#26 550.9    Compiling cid v0.11.1
#26 551.6    Compiling reth-consensus v1.5.0 (https://github.com/paradigmxyz/reth?tag=v1.5.0#61e38f9a)
#26 551.9    Compiling p3-bn254-fr v0.2.3-succinct
#26 553.1    Compiling reth-db-models v1.5.0 (https://github.com/paradigmxyz/reth?tag=v1.5.0#61e38f9a)
#26 553.2    Compiling alloy-rpc-types-engine v1.0.41
#26 553.6    Compiling hyper-timeout v0.5.2
#26 554.3    Compiling rust_decimal v1.39.0
#26 554.7    Compiling reth-storage-api v1.5.0 (https://github.com/paradigmxyz/reth?tag=v1.5.0#61e38f9a)
#26 555.4    Compiling logos-derive v0.15.1
#26 556.3    Compiling reth-optimism-forks v1.5.0 (https://github.com/paradigmxyz/reth?tag=v1.5.0#61e38f9a)
#26 556.3    Compiling prost-reflect v0.14.7
#26 556.4    Compiling protox-parse v0.7.0
#26 556.5    Compiling prost v0.12.6
#26 556.8    Compiling sp1-recursion-gnark-ffi v5.2.4
#26 557.7    Compiling aws-smithy-json v0.61.9
#26 557.8    Compiling reth-optimism-primitives v1.5.0 (https://github.com/paradigmxyz/reth?tag=v1.5.0#61e38f9a)
#26 557.9    Compiling op-alloy-rpc-types v0.18.14
#26 558.5    Compiling hkdf v0.12.4
#26 558.8    Compiling axum-core v0.3.4
#26 559.3    Compiling sync_wrapper v0.1.2
#26 559.4    Compiling fixedbitset v0.4.2
#26 559.5    Compiling regex-lite v0.1.8
#26 559.8    Compiling iana-time-zone v0.1.64
#26 560.0    Compiling protox v0.7.2
#26 560.2    Compiling sp1-recursion-compiler v5.2.4
#26 560.5    Compiling petgraph v0.6.5
#26 560.6    Compiling prost-types v0.12.6
#26 560.8    Compiling chrono v0.4.42
#26 561.6    Compiling logos v0.15.1
#26 561.9    Compiling reth-consensus-common v1.5.0 (https://github.com/paradigmxyz/reth?tag=v1.5.0#61e38f9a)
#26 562.4    Compiling reth-trie-sparse v1.5.0 (https://github.com/paradigmxyz/reth?tag=v1.5.0#61e38f9a)
#26 562.5    Compiling axum-core v0.4.5
#26 562.5    Compiling alloy-rpc-types v1.0.32
#26 562.7    Compiling nmt-rs v0.2.5
#26 562.7    Compiling enum_dispatch v0.3.13
#26 563.1    Compiling axum v0.6.20
#26 563.4    Compiling option-ext v0.2.0
#26 564.3    Compiling bech32 v0.11.1
#26 565.0    Compiling cfg_aliases v0.2.1
#26 565.2    Compiling sdd v3.0.10
#26 565.3    Compiling nix v0.30.1
#26 565.6    Compiling axum v0.7.9
#26 566.5    Compiling scc v2.4.0
#26 566.5    Compiling reth-trie v1.5.0 (https://github.com/paradigmxyz/reth?tag=v1.5.0#61e38f9a)
#26 566.8    Compiling dirs-sys v0.4.1
#26 567.1    Compiling prost-build v0.12.6
#26 567.4    Compiling celestia-proto v0.9.1
#26 567.8    Compiling reth-optimism-chainspec v1.5.0 (https://github.com/paradigmxyz/reth?tag=v1.5.0#61e38f9a)
#26 567.9    Compiling reth-evm v1.5.0 (https://github.com/paradigmxyz/reth?tag=v1.5.0#61e38f9a)
#26 569.4    Compiling rusticata-macros v4.1.0
#26 569.7    Compiling sp1-prover v5.2.2
#26 569.7    Compiling rustls-pemfile v2.2.0
#26 569.8    Compiling tokio-io-timeout v1.2.1
#26 570.0    Compiling asn1-rs-derive v0.5.1
#26 570.5    Compiling asn1-rs-impl v0.2.0
#26 571.2    Compiling cookie v0.18.1
#26 571.9    Compiling bitflags v1.3.2
#26 572.2    Compiling bindgen v0.72.1
#26 572.5    Compiling bs58 v0.5.1
#26 572.6    Compiling leopard-codec v0.1.0
#26 572.7    Compiling xmlparser v0.13.6
#26 572.7    Compiling ref-cast v1.0.25
#26 572.7    Compiling base64 v0.13.1
#26 573.6    Compiling same-file v1.0.6
#26 573.6    Compiling libp2p-identity v0.2.13
#26 574.9    Compiling serde-human-bytes v0.1.2
#26 574.9    Compiling aws-smithy-xml v0.60.13
#26 575.1    Compiling walkdir v2.5.0
#26 575.9    Compiling asn1-rs v0.6.2
#26 577.8    Compiling hyper-timeout v0.4.1
#26 578.2    Compiling serial_test v3.2.0
#26 578.2    Compiling tonic-build v0.10.2
#26 578.4    Compiling dirs v5.0.1
#26 579.3    Compiling reth-optimism-consensus v1.5.0 (https://github.com/paradigmxyz/reth?tag=v1.5.0#61e38f9a)
#26 580.2    Compiling prost-reflect v0.15.3
#26 580.2    Compiling protox-parse v0.8.0
#26 581.2    Compiling pear_codegen v0.2.9
#26 581.2    Compiling aws-smithy-query v0.60.9
#26 581.4    Compiling alloy-op-evm v0.12.3
#26 583.1    Compiling tracing-appender v0.2.4
#26 583.4    Compiling rlp v0.5.2
#26 583.8    Compiling curve25519-dalek v4.1.3 (https://github.com/sp1-patches/curve25519-dalek?tag=patch-4.1.3-sp1-5.0.0#be8c2201)
#26 583.8    Compiling libz-sys v1.1.23
#26 584.0    Compiling zstd-sys v2.0.16+zstd.1.5.7
#26 584.1    Compiling bzip2-sys v0.1.13+1.0.8
#26 585.5    Compiling lru v0.12.5
#26 585.9    Compiling lz4-sys v1.11.1+lz4-1.10.0
#26 586.1    Compiling oid-registry v0.7.1
#26 586.8    Compiling bindgen v0.71.1
#26 588.5    Compiling rsp-mpt v0.1.0 (https://github.com/succinctlabs/rsp.git?tag=reth-1.5.0#09bbb8f8)
#26 589.2    Compiling tonic v0.10.2
#26 589.9    Compiling protox v0.8.0
#26 591.4    Compiling reth-optimism-evm v1.5.0 (https://github.com/paradigmxyz/reth?tag=v1.5.0#61e38f9a)
#26 591.5    Compiling ev-types v0.0.1
#26 592.4    Compiling sp1-recursion-circuit v5.2.4
#26 594.4    Compiling multiaddr v0.18.2
#26 598.0    Compiling rsp-primitives v0.1.0 (https://github.com/succinctlabs/rsp.git?tag=reth-1.5.0#09bbb8f8)
#26 599.0    Compiling reth-evm-ethereum v1.5.0 (https://github.com/paradigmxyz/reth?tag=v1.5.0#61e38f9a)
#26 600.1    Compiling reth-ethereum-consensus v1.5.0 (https://github.com/paradigmxyz/reth?tag=v1.5.0#61e38f9a)
#26 600.4    Compiling reth-errors v1.5.0 (https://github.com/paradigmxyz/reth?tag=v1.5.0#61e38f9a)
#26 600.6    Compiling blockstore v0.7.1
#26 600.9    Compiling tonic-build v0.13.1
#26 601.5    Compiling alloy-signer-local v1.0.41
#26 601.6    Compiling jsonrpsee-types v0.25.1
#26 601.9    Compiling cargo-platform v0.1.9
#26 602.7    Compiling ref-cast-impl v1.0.25
#26 603.0    Compiling curve25519-dalek-derive v0.1.1 (https://github.com/sp1-patches/curve25519-dalek?tag=patch-4.1.3-sp1-5.0.0#be8c2201)
#26 603.2    Compiling fs-err v3.2.1
#26 603.9    Compiling sp1-cuda v5.2.2
#26 603.9    Compiling futures-timer v3.0.3
#26 604.0    Compiling unicode-width v0.2.2
#26 604.4    Compiling cargo_metadata v0.18.1
#26 605.0    Compiling jsonrpsee-core v0.25.1
#26 605.0    Compiling console v0.15.11
#26 606.2    Compiling celestia-proto v0.10.0
#26 606.5    Compiling librocksdb-sys v0.17.3+10.4.2
#26 607.5    Compiling celestia-types v0.15.0
#26 608.0    Compiling ctrlc v3.5.1
#26 609.1    Compiling der-parser v9.0.0
#26 609.2    Compiling bon-macros v3.8.1
#26 610.8    Compiling is-terminal v0.4.17
#26 611.3    Compiling uncased v0.9.10
#26 612.1    Compiling instant v0.1.13
#26 612.3    Compiling sp1-sdk v5.2.2
#26 612.4    Compiling number_prefix v0.4.0
#26 612.8    Compiling crc32fast v1.5.0
#26 612.9    Compiling leopard-codec v0.2.0
#26 613.1    Compiling half v1.8.3
#26 613.6    Compiling bon v3.8.1
#26 613.6    Compiling tdx-attest-sys v0.5.5 (https://github.com/jonas089/dstack#359cbf8e)
#26 613.9    Compiling indicatif v0.17.11
#26 614.0    Compiling serde_cbor v0.11.2
#26 614.2    Compiling sp1-build v5.2.2
#26 614.9    Compiling backoff v0.4.0
#26 616.0    Compiling x509-parser v0.16.0
#26 617.4    Compiling ed25519-dalek v2.2.0
#26 619.1    Compiling devise_core v0.4.2
#26 619.1    Compiling eventsource-stream v0.2.3
#26 619.2    Compiling reth-primitives v1.5.0 (https://github.com/paradigmxyz/reth?tag=v1.5.0#61e38f9a)
#26 619.4    Compiling soketto v0.8.1
#26 619.5    Compiling alloy-dyn-abi v1.3.0
#26 619.5    Compiling pem v3.0.6
#26 619.9    Compiling inlinable_string v0.1.15
#26 621.0    Compiling devise_codegen v0.4.2
#26 621.3    Compiling pear v0.2.9
#26 624.4    Compiling blockstore v0.8.0
#26 624.5    Compiling informalsystems-pbjson v0.7.0
#26 625.0    Compiling twox-hash v1.6.3
#26 625.1    Compiling x509-cert v0.2.5
#26 625.5    Compiling stable-pattern v0.1.0
#26 625.6    Compiling figment v0.10.19
#26 625.6    Compiling multer v3.1.0
#26 625.9    Compiling state v0.6.0
#26 626.3    Compiling asn1_der v0.7.6
#26 626.3    Compiling object v0.36.7
#26 626.6    Compiling ruzstd v0.7.3
#26 626.7    Compiling ics23 v0.12.0
#26 626.9    Compiling rocket_http v0.6.0-dev (https://github.com/rwf2/Rocket?branch=master#3a54d079)
#26 626.9    Compiling flate2 v1.1.5
#26 629.0    Compiling devise v0.4.2
#26 629.1    Compiling alloy-core v1.3.0
#26 629.2    Compiling cc-eventlog v0.5.5 (https://github.com/jonas089/dstack#359cbf8e)
#26 629.4    Compiling rustls-pemfile v1.0.4
#26 629.7    Compiling yasna v0.5.2
#26 629.8    Compiling jsonrpsee-proc-macros v0.25.1
#26 630.4    Compiling celestia-grpc-macros v0.4.0
#26 630.6    Compiling rocket v0.6.0-dev (https://github.com/rwf2/Rocket?branch=master#3a54d079)
#26 631.3    Compiling peg-runtime v0.8.5
#26 631.5    Compiling rcgen v0.13.2
#26 631.7    Compiling tdx-attest v0.5.5 (https://github.com/jonas089/dstack#359cbf8e)
#26 632.0    Compiling rustls-native-certs v0.6.3
#26 632.1    Compiling rocket_codegen v0.6.0-dev (https://github.com/rwf2/Rocket?branch=master#3a54d079)
#26 632.5    Compiling peg-macros v0.8.5
#26 634.1    Compiling ev-prover v0.2.0 (https://github.com/celestiaorg/celestia-zkevm/#ef1ca4a0)
#26 634.7    Compiling size-parser v0.5.5 (https://github.com/jonas089/dstack#359cbf8e)
#26 636.1    Compiling axum-core v0.5.5
#26 636.2    Compiling ubyte v0.10.4
#26 636.5    Compiling derive_more v0.99.20
#26 637.2    Compiling matchit v0.8.4
#26 638.7    Compiling hex-literal v1.1.0
#26 639.2    Compiling or-panic v1.0.2
#26 639.4    Compiling dotenvy v0.15.7
#26 639.8    Compiling binascii v0.1.4
#26 639.8    Compiling ref-swap v0.1.2
#26 639.9    Compiling unsafe-libyaml v0.2.11
#26 640.0    Compiling dstack-mr v0.5.5 (https://github.com/jonas089/dstack#359cbf8e)
#26 640.8    Compiling peg v0.8.5
#26 641.1    Compiling tendermint-light-client-verifier v0.40.4
#26 641.2    Compiling serde_yaml v0.9.34+deprecated
#26 641.2    Compiling axum v0.8.8
#26 642.1    Compiling dstack-types v0.5.5 (https://github.com/jonas089/dstack#359cbf8e)
#26 642.8    Compiling reqwest v0.11.27
#26 643.8    Compiling light-client v0.1.0 (/build/light-client)
#26 644.2    Compiling tendermint-config v0.40.4
#26 644.4    Compiling tonic-reflection v0.10.2
#26 644.8    Compiling dstack-sdk-types v0.1.2 (https://github.com/jonas089/dstack#359cbf8e)
#26 647.5    Compiling tendermint-rpc v0.40.4
#26 647.8    Compiling http-client-unix-domain-socket v0.1.2
#26 734.8    Compiling tungstenite v0.26.2
#26 738.7    Compiling tokio-tungstenite v0.26.2
#26 740.1    Compiling alloy-transport-ws v1.0.41
#26 740.6    Compiling alloy-transport-http v1.0.41
#26 742.2    Compiling alloy-rpc-client v1.0.41
#26 743.0    Compiling aws-smithy-http-client v1.1.5
#26 743.9    Compiling alloy-provider v1.0.32
#26 747.0    Compiling aws-smithy-runtime v1.9.5
#26 747.6    Compiling twirp-rs v0.13.0-succinct
#26 749.9 warning: light-client@0.1.0: rustc +succinct --version: "rustc 1.88.0-dev\n"
#26 749.9 warning: light-client@0.1.0: circuit built at 2026-01-05 15:44:32
#26 749.9    Compiling op-alloy-network v0.18.14
#26 751.1    Compiling aws-runtime v1.5.17
#26 752.3    Compiling rsp-client-executor v0.1.0 (https://github.com/succinctlabs/rsp.git?tag=reth-1.5.0#09bbb8f8)
#26 752.8    Compiling tonic v0.13.1
#26 756.4    Compiling aws-sdk-ssooidc v1.93.0
#26 757.3    Compiling aws-sdk-sts v1.95.0
#26 758.2    Compiling aws-sdk-sso v1.91.0
#26 766.9    Compiling aws-config v1.8.12
#26 772.5    Compiling aws-sdk-kms v1.97.0
#26 772.8    Compiling tonic v0.12.3
#26 773.6    Compiling rustls-platform-verifier v0.5.3
#26 777.3    Compiling reqwest-middleware v0.3.3
#26 780.0    Compiling jsonrpsee-client-transport v0.25.1
#26 784.1    Compiling alloy-signer-aws v1.0.41
#26 791.0    Compiling jsonrpsee-ws-client v0.25.1
#26 792.4    Compiling jsonrpsee-http-client v0.25.1
#26 793.5    Compiling lumina-utils v0.4.0
#26 794.2    Compiling ev-zkevm-types v0.2.0 (https://github.com/celestiaorg/celestia-zkevm/#ef1ca4a0)
#26 794.3    Compiling alloy-contract v1.0.32
#26 798.5    Compiling celestia-types v0.16.0
#26 798.8    Compiling dcap-qvl v0.3.4 (https://github.com/jonas089/dcap-qvl?branch=v0.3.4-zk#039ff387)
#26 807.8    Compiling alloy v1.0.32
#26 808.1    Compiling jsonrpsee v0.25.1
#26 808.4    Compiling rsp-rpc-db v0.1.0 (https://github.com/succinctlabs/rsp.git?tag=reth-1.5.0#09bbb8f8)
#26 809.9    Compiling celestia-grpc v0.8.0
#26 810.4    Compiling celestia-rpc v0.13.0
#26 813.1    Compiling rsp-host-executor v0.1.0 (https://github.com/succinctlabs/rsp.git?tag=reth-1.5.0#09bbb8f8)
#26 813.4    Compiling ra-tls v0.5.5 (https://github.com/jonas089/dstack#359cbf8e)
#26 821.2    Compiling types v0.1.0 (/build/types)
#26 821.5 warning: unexpected `cfg` condition value: `borsh`
#26 821.5    --> types/src/lib.rs:176:12
#26 821.5     |
#26 821.5 176 | #[cfg_attr(feature = "borsh", derive(BorshSerialize, BorshDeserialize))]
#26 821.5     |            ^^^^^^^^^^^^^^^^^ help: remove the condition
#26 821.5     |
#26 821.5     = note: no expected values for `feature`
#26 821.5     = help: consider adding `borsh` as a feature in `Cargo.toml`
#26 821.5     = note: see <https://doc.rust-lang.org/nightly/rustc/check-cfg/cargo-specifics.html> for more information about checking conditional configuration
#26 821.5     = note: `#[warn(unexpected_cfgs)]` on by default
#26 821.5 
#26 821.5 warning: unexpected `cfg` condition value: `borsh_schema`
#26 821.5    --> types/src/lib.rs:177:12
#26 821.5     |
#26 821.6 177 | #[cfg_attr(feature = "borsh_schema", derive(BorshSchema))]
#26 821.6     |            ^^^^^^^^^^^^^^^^^^^^^^^^ help: remove the condition
#26 821.6     |
#26 821.6     = note: no expected values for `feature`
#26 821.6     = help: consider adding `borsh_schema` as a feature in `Cargo.toml`
#26 821.6     = note: see <https://doc.rust-lang.org/nightly/rustc/check-cfg/cargo-specifics.html> for more information about checking conditional configuration
#26 821.6 
#26 821.6 warning: unexpected `cfg` condition value: `borsh`
#26 821.6    --> types/src/lib.rs:185:12
#26 821.6     |
#26 821.6 185 | #[cfg_attr(feature = "borsh", derive(BorshSerialize, BorshDeserialize))]
#26 821.6     |            ^^^^^^^^^^^^^^^^^ help: remove the condition
#26 821.6     |
#26 821.6     = note: no expected values for `feature`
#26 821.6     = help: consider adding `borsh` as a feature in `Cargo.toml`
#26 821.6     = note: see <https://doc.rust-lang.org/nightly/rustc/check-cfg/cargo-specifics.html> for more information about checking conditional configuration
#26 821.6 
#26 821.6 warning: unexpected `cfg` condition value: `borsh_schema`
#26 821.6    --> types/src/lib.rs:186:12
#26 821.6     |
#26 821.6 186 | #[cfg_attr(feature = "borsh_schema", derive(BorshSchema))]
#26 821.6     |            ^^^^^^^^^^^^^^^^^^^^^^^^ help: remove the condition
#26 821.6     |
#26 821.6     = note: no expected values for `feature`
#26 821.6     = help: consider adding `borsh_schema` as a feature in `Cargo.toml`
#26 821.6     = note: see <https://doc.rust-lang.org/nightly/rustc/check-cfg/cargo-specifics.html> for more information about checking conditional configuration
#26 821.6 
#26 823.5 warning: `types` (lib) generated 4 warnings
#26 823.5    Compiling ev-zkevm-types v0.2.0 (https://github.com/celestiaorg/celestia-zkevm/?branch=jonas%2Fcelestia-root-verification#a540d4e5)
#26 826.8    Compiling celestia-grpc-client v0.2.0 (https://github.com/celestiaorg/celestia-zkevm/#ef1ca4a0)
#26 829.4    Compiling dstack-verifier v0.5.5 (https://github.com/jonas089/dstack#359cbf8e)
#26 830.6    Compiling dstack-sdk v0.1.2 (https://github.com/jonas089/dstack#359cbf8e)
#26 1000.4    Compiling rocksdb v0.24.0
#26 1001.9    Compiling storage v0.2.0 (https://github.com/celestiaorg/celestia-zkevm/#ef1ca4a0)
#26 1004.8    Compiling ev-state-queries v0.2.0 (https://github.com/celestiaorg/celestia-zkevm/#ef1ca4a0)
#26 1015.9    Compiling evolve-tee v0.1.0 (/build/app)
#26 1016.6     Finished `release` profile [optimized] target(s) in 16m 56s
#26 DONE 1017.0s

#27 [builder 17/19] COPY app/src ./app/src
#27 DONE 0.5s

#28 [builder 18/19] COPY light-client/src ./light-client/src
#28 DONE 0.0s

#29 [builder 19/19] RUN touch app/src/main.rs light-client/src/lib.rs && cargo build --release -p evolve-tee
#29 0.950    Compiling light-client v0.1.0 (/build/light-client)
#29 0.955 warning: unexpected `cfg` condition value: `borsh`
#29 0.955    --> types/src/lib.rs:176:12
#29 0.955     |
#29 0.955 176 | #[cfg_attr(feature = "borsh", derive(BorshSerialize, BorshDeserialize))]
#29 0.955     |            ^^^^^^^^^^^^^^^^^ help: remove the condition
#29 0.955     |
#29 0.955     = note: no expected values for `feature`
#29 0.955     = help: consider adding `borsh` as a feature in `Cargo.toml`
#29 0.955     = note: see <https://doc.rust-lang.org/nightly/rustc/check-cfg/cargo-specifics.html> for more information about checking conditional configuration
#29 0.955     = note: `#[warn(unexpected_cfgs)]` on by default
#29 0.955 
#29 0.955 warning: unexpected `cfg` condition value: `borsh_schema`
#29 0.955    --> types/src/lib.rs:177:12
#29 0.955     |
#29 0.955 177 | #[cfg_attr(feature = "borsh_schema", derive(BorshSchema))]
#29 0.955     |            ^^^^^^^^^^^^^^^^^^^^^^^^ help: remove the condition
#29 0.955     |
#29 0.955     = note: no expected values for `feature`
#29 0.955     = help: consider adding `borsh_schema` as a feature in `Cargo.toml`
#29 0.955     = note: see <https://doc.rust-lang.org/nightly/rustc/check-cfg/cargo-specifics.html> for more information about checking conditional configuration
#29 0.955 
#29 0.956 warning: unexpected `cfg` condition value: `borsh`
#29 0.956    --> types/src/lib.rs:185:12
#29 0.956     |
#29 0.956 185 | #[cfg_attr(feature = "borsh", derive(BorshSerialize, BorshDeserialize))]
#29 0.956     |            ^^^^^^^^^^^^^^^^^ help: remove the condition
#29 0.956     |
#29 0.956     = note: no expected values for `feature`
#29 0.956     = help: consider adding `borsh` as a feature in `Cargo.toml`
#29 0.956     = note: see <https://doc.rust-lang.org/nightly/rustc/check-cfg/cargo-specifics.html> for more information about checking conditional configuration
#29 0.956 
#29 0.956 warning: unexpected `cfg` condition value: `borsh_schema`
#29 0.956    --> types/src/lib.rs:186:12
#29 0.956     |
#29 0.956 186 | #[cfg_attr(feature = "borsh_schema", derive(BorshSchema))]
#29 0.956     |            ^^^^^^^^^^^^^^^^^^^^^^^^ help: remove the condition
#29 0.956     |
#29 0.956     = note: no expected values for `feature`
#29 0.956     = help: consider adding `borsh_schema` as a feature in `Cargo.toml`
#29 0.956     = note: see <https://doc.rust-lang.org/nightly/rustc/check-cfg/cargo-specifics.html> for more information about checking conditional configuration
#29 0.956 
#29 0.957 warning: `types` (lib) generated 4 warnings
#29 3.537 warning: light-client@0.1.0: rustc +succinct --version: "rustc 1.88.0-dev\n"
#29 3.537 warning: light-client@0.1.0: circuit built at 2026-01-05 15:49:04
#29 6.778    Compiling evolve-tee v0.1.0 (/build/app)
#29 18.90     Finished `release` profile [optimized] target(s) in 18.68s
#29 DONE 19.0s

#30 [stage-1 4/4] COPY --from=builder /build/target/release/evolve-tee .
#30 DONE 0.1s

#31 exporting to image
#31 exporting layers
#31 exporting layers 2.3s done
#31 exporting manifest sha256:3363d87cdd2a775452b5f35cccb4d78bf3eb14a3852dbcd60fc704fa5e3e50a0
#31 exporting manifest sha256:3363d87cdd2a775452b5f35cccb4d78bf3eb14a3852dbcd60fc704fa5e3e50a0 done
#31 exporting config sha256:0612bb4f6de19812be246dfbe066fb7f03419a9e89a96b0e27292f82d740ea3e done
#31 exporting attestation manifest sha256:14b0a645acfcf98e22c08311e385d5c09cc5a8104678722a2fec6c9eef361f07 done
#31 exporting manifest list sha256:0e285279151bb4d694456ad1e0b4c98b63c91a1c7b3433c1b47b4f7e4b168623 done
#31 naming to docker.io/jonas089/evolve-tee:latest done
#31 DONE 2.3s

View build details: docker-desktop://dashboard/build/desktop-linux/desktop-linux/ru1wo8jchn8r7zcaflzglwte2
