The push refers to repository [docker.io/jonas089/evolve-tee]
07c9215c101a: Waiting
0347dcb76707: Waiting
f6d201d08441: Waiting
1c0954a61df1: Waiting
25fceee4903a: Waiting
d8134f34125d: Waiting
1c0954a61df1: Waiting
25fceee4903a: Waiting
d8134f34125d: Waiting
07c9215c101a: Waiting
0347dcb76707: Waiting
f6d201d08441: Waiting
1c0954a61df1: Waiting
25fceee4903a: Waiting
d8134f34125d: Waiting
07c9215c101a: Waiting
0347dcb76707: Waiting
f6d201d08441: Waiting
1c0954a61df1: Waiting
25fceee4903a: Waiting
d8134f34125d: Waiting
07c9215c101a: Waiting
0347dcb76707: Waiting
f6d201d08441: Waiting
1c0954a61df1: Waiting
25fceee4903a: Waiting
d8134f34125d: Waiting
07c9215c101a: Waiting
0347dcb76707: Waiting
f6d201d08441: Waiting
f6d201d08441: Waiting
1c0954a61df1: Waiting
25fceee4903a: Waiting
d8134f34125d: Waiting
07c9215c101a: Waiting
0347dcb76707: Waiting
1c0954a61df1: Waiting
25fceee4903a: Waiting
d8134f34125d: Waiting
07c9215c101a: Waiting
0347dcb76707: Waiting
f6d201d08441: Waiting
25fceee4903a: Waiting
d8134f34125d: Waiting
07c9215c101a: Waiting
0347dcb76707: Waiting
f6d201d08441: Waiting
1c0954a61df1: Waiting
f6d201d08441: Waiting
1c0954a61df1: Waiting
25fceee4903a: Waiting
d8134f34125d: Waiting
07c9215c101a: Waiting
0347dcb76707: Waiting
25fceee4903a: Waiting
d8134f34125d: Waiting
07c9215c101a: Waiting
0347dcb76707: Layer already exists
f6d201d08441: Waiting
1c0954a61df1: Waiting
f6d201d08441: Waiting
1c0954a61df1: Waiting
25fceee4903a: Waiting
d8134f34125d: Waiting
07c9215c101a: Waiting
f6d201d08441: Waiting
1c0954a61df1: Waiting
25fceee4903a: Waiting
07c9215c101a: Waiting
25fceee4903a: Waiting
07c9215c101a: Waiting
1c0954a61df1: Pushed
25fceee4903a: Pushed
07c9215c101a: Pushed
d8134f34125d: Pushed
f6d201d08441: Pushed
latest: digest: sha256:4f3edde8eb6d89317944a3b97e17464a85504d94dc8099f58ab40b77ab8079e9 size: 856
