#0 building with "desktop-linux" instance using docker driver

#1 [internal] load build definition from Dockerfile
#1 transferring dockerfile: 1.55kB done
#1 DONE 0.0s

#2 [internal] load metadata for docker.io/library/rust:1.88
#2 ...

#3 [internal] load metadata for docker.io/library/debian:bookworm-slim
#3 DONE 0.4s

#2 [internal] load metadata for docker.io/library/rust:1.88
#2 DONE 0.5s

#4 [internal] load .dockerignore
#4 transferring context: 2B done
#4 DONE 0.0s

#5 [stage-1 1/4] FROM docker.io/library/debian:bookworm-slim@sha256:d5d3f9c23164ea16f31852f95bd5959aad1c5e854332fe00f7b3a20fcc9f635c
#5 resolve docker.io/library/debian:bookworm-slim@sha256:d5d3f9c23164ea16f31852f95bd5959aad1c5e854332fe00f7b3a20fcc9f635c done
#5 DONE 0.0s

#6 [stage-1 2/4] RUN apt-get update && apt-get install -y     ca-certificates     && rm -rf /var/lib/apt/lists/*
#6 CACHED

#7 [stage-1 3/4] WORKDIR /app
#7 CACHED

#8 [builder  1/15] FROM docker.io/library/rust:1.88@sha256:af306cfa71d987911a781c37b59d7d67d934f49684058f96cf72079c3626bfe0
#8 resolve docker.io/library/rust:1.88@sha256:af306cfa71d987911a781c37b59d7d67d934f49684058f96cf72079c3626bfe0 done
#8 DONE 0.0s

#9 [internal] load build context
#9 transferring context: 27.93kB done
#9 DONE 0.0s

#10 [builder  2/15] RUN apt-get update && apt-get install -y     clang     libclang-dev     && rm -rf /var/lib/apt/lists/*
#10 CACHED

#11 [builder  4/15] COPY Cargo.toml Cargo.lock ./
#11 CACHED

#12 [builder  3/15] WORKDIR /build
#12 CACHED

#13 [builder  5/15] COPY app/Cargo.toml ./app/
#13 CACHED

#14 [builder  6/15] COPY circuit/Cargo.toml ./circuit/
#14 DONE 0.0s

#15 [builder  7/15] COPY light-client/Cargo.toml ./light-client/
#15 DONE 0.0s

#16 [builder  8/15] COPY types/Cargo.toml ./types/
#16 DONE 0.0s

#17 [builder  9/15] RUN mkdir -p app/src && echo "fn main() {}" > app/src/main.rs &&     mkdir -p circuit/src && echo "fn main() {}" > circuit/src/main.rs &&     mkdir -p light-client/src && echo "" > light-client/src/lib.rs &&     mkdir -p types/src && echo "" > types/src/lib.rs
#17 DONE 0.1s

#18 [builder 10/15] RUN cargo build --release -p evolve-tee && rm -rf app/src circuit/src light-client/src types/src
#18 0.473     Updating git repository `https://github.com/sp1-patches/bn`
#18 1.354     Updating git repository `https://github.com/sp1-patches/curve25519-dalek`
#18 2.204     Updating git repository `https://github.com/sp1-patches/elliptic-curves`
#18 2.861     Updating git repository `https://github.com/sp1-patches/elliptic-curves`
#18 3.391     Updating git repository `https://github.com/sp1-patches/RustCrypto-hashes`
#18 3.982     Updating git repository `https://github.com/sp1-patches/RustCrypto-hashes`
#18 4.479     Updating crates.io index
#18 4.482     Updating git repository `https://github.com/celestiaorg/celestia-zkevm/`
#18 12.38     Updating git repository `https://github.com/jonas089/dstack`
#18 398.6     Updating git repository `https://github.com/celestiaorg/celestia-zkevm/`
#18 401.1     Updating git repository `https://github.com/jonas089/dcap-qvl`
#18 402.0     Updating git repository `https://github.com/paradigmxyz/reth`
#18 415.0     Updating git repository `https://github.com/succinctlabs/rsp.git`
#18 415.5     Updating git repository `https://github.com/rwf2/Rocket`
#18 418.4     Updating git repository `https://github.com/sp1-patches/signatures.git`
#18 420.8     Updating git repository `https://github.com/SergioBenitez/s2n-quic-h3.git`
#18 427.2  Downloading crates ...
#18 427.3   Downloaded asn1-rs-derive v0.5.1
#18 427.3   Downloaded adler2 v2.0.1
#18 427.3   Downloaded alloy-contract v1.0.32
#18 427.3   Downloaded addchain v0.2.0
#18 427.3   Downloaded ahash v0.8.12
#18 427.3   Downloaded dashu-macros v0.4.1
#18 427.3   Downloaded alloy-consensus-any v1.0.41
#18 427.3   Downloaded allocator-api2 v0.2.21
#18 427.3   Downloaded alloy-chains v0.2.23
#18 427.3   Downloaded addr2line v0.25.1
#18 427.3   Downloaded alloy-evm v0.12.3
#18 427.3   Downloaded alloy v1.0.32
#18 427.3   Downloaded alloy-eip2930 v0.2.1
#18 427.3   Downloaded dashmap v6.1.0
#18 427.3   Downloaded alloy-core v1.3.0
#18 427.3   Downloaded derive-where v1.6.0
#18 427.3   Downloaded crossbeam-deque v0.8.6
#18 427.3   Downloaded alloy-json-rpc v1.0.41
#18 427.3   Downloaded alloy-transport v1.0.41
#18 427.3   Downloaded alloy-sol-macro-expander v1.3.0
#18 427.3   Downloaded alloy-sol-macro-input v1.3.0
#18 427.4   Downloaded digest v0.10.7
#18 427.4   Downloaded aws-smithy-http v0.62.6
#18 427.4   Downloaded alloy-signer v1.0.41
#18 427.4   Downloaded alloy-rpc-client v1.0.41
#18 427.4   Downloaded dashu v0.4.2
#18 427.4   Downloaded alloy-rlp v0.3.12
#18 427.4   Downloaded alloy-pubsub v1.0.41
#18 427.4   Downloaded alloy-hardforks v0.2.13
#18 427.4   Downloaded alloy-consensus v1.0.41
#18 427.4   Downloaded alloy-rpc-types-engine v1.0.41
#18 427.4   Downloaded alloy-rlp-derive v0.3.12
#18 427.4   Downloaded alloy-signer-aws v1.0.41
#18 427.4   Downloaded alloy-serde v1.0.41
#18 427.4   Downloaded alloy-op-hardforks v0.2.13
#18 427.4   Downloaded crossbeam-epoch v0.9.18
#18 427.4   Downloaded ark-ff-macros v0.3.0
#18 427.4   Downloaded data-encoding-macro-internal v0.1.16
#18 427.4   Downloaded crunchy v0.2.4
#18 427.4   Downloaded alloy-rpc-types v1.0.32
#18 427.4   Downloaded atomic-waker v1.1.2
#18 427.4   Downloaded devise v0.4.2
#18 427.4   Downloaded num-iter v0.1.45
#18 427.4   Downloaded deranged v0.5.5
#18 427.4   Downloaded num-order v1.2.0
#18 427.4   Downloaded multihash v0.19.3
#18 427.4   Downloaded log v0.4.29
#18 427.4   Downloaded litemap v0.8.1
#18 427.4   Downloaded op-alloy-consensus v0.18.14
#18 427.4   Downloaded num-modular v0.6.1
#18 427.4   Downloaded primitive-types v0.12.2
#18 427.4   Downloaded pairing v0.22.0
#18 427.4   Downloaded pem-rfc7468 v0.7.0
#18 427.4   Downloaded pasta_curves v0.5.1
#18 427.4   Downloaded ark-ff v0.5.0
#18 427.4   Downloaded pasta_curves v0.4.1
#18 427.4   Downloaded fastrand v2.3.0
#18 427.4   Downloaded paste v1.0.15
#18 427.4   Downloaded fastrlp v0.4.0
#18 427.4   Downloaded aws-sigv4 v1.3.7
#18 427.4   Downloaded futures-macro v0.3.31
#18 427.5   Downloaded num-bigint v0.3.3
#18 427.5   Downloaded futures-io v0.3.31
#18 427.5   Downloaded serde_spanned v0.6.9
#18 427.5   Downloaded fixed-hash v0.8.0
#18 427.5   Downloaded enum-as-inner v0.6.1
#18 427.5   Downloaded tonic-reflection v0.10.2
#18 427.5   Downloaded prettyplease v0.2.37
#18 427.5   Downloaded rustls-pemfile v2.2.0
#18 427.5   Downloaded rustls-native-certs v0.8.2
#18 427.5   Downloaded rustls-pki-types v1.13.2
#18 427.5   Downloaded urlencoding v2.1.3
#18 427.5   Downloaded subtle v2.6.1
#18 427.5   Downloaded static_assertions v1.1.0
#18 427.5   Downloaded uncased v0.9.10
#18 427.5   Downloaded serde_arrays v0.2.0
#18 427.5   Downloaded sec1 v0.7.3
#18 427.5   Downloaded base64-simd v0.8.0
#18 427.5   Downloaded block-buffer v0.9.0
#18 427.5   Downloaded untrusted v0.9.0
#18 427.5   Downloaded zstd-safe v7.2.4
#18 427.5   Downloaded unicode-xid v0.2.6
#18 427.5   Downloaded writeable v0.6.2
#18 427.5   Downloaded zmij v0.1.7
#18 427.5   Downloaded serde_derive v1.0.228
#18 427.5   Downloaded webpki-roots v0.26.11
#18 427.5   Downloaded serde_cbor v0.11.2
#18 427.5   Downloaded zstd v0.13.3
#18 427.5   Downloaded ruint-macro v1.2.1
#18 427.5   Downloaded twox-hash v1.6.3
#18 427.5   Downloaded subenum v1.1.3
#18 427.5   Downloaded strum_macros v0.26.4
#18 427.5   Downloaded radium v0.7.0
#18 427.5   Downloaded tonic-build v0.13.1
#18 427.5   Downloaded stable-pattern v0.1.0
#18 427.5   Downloaded serde_repr v0.1.20
#18 427.5   Downloaded serde_path_to_error v0.1.20
#18 427.5   Downloaded subtle-ng v2.5.0
#18 427.5   Downloaded stable_deref_trait v1.2.1
#18 427.5   Downloaded spin v0.9.8
#18 427.5   Downloaded enum_dispatch v0.3.13
#18 427.5   Downloaded ed25519 v2.2.3
#18 427.5   Downloaded dyn-clone v1.0.20
#18 427.5   Downloaded downloader v0.2.8
#18 427.5   Downloaded proc-macro-crate v1.3.1
#18 427.5   Downloaded subtle-encoding v0.5.1
#18 427.5   Downloaded strum_macros v0.27.2
#18 427.5   Downloaded strum v0.27.2
#18 427.5   Downloaded strsim v0.11.1
#18 427.5   Downloaded state v0.6.0
#18 427.5   Downloaded spki v0.7.3
#18 427.5   Downloaded semver-parser v0.10.3
#18 427.5   Downloaded strum v0.26.3
#18 427.5   Downloaded serde_urlencoded v0.7.1
#18 427.5   Downloaded serde_bytes v0.11.19
#18 427.5   Downloaded serde-human-bytes v0.1.2
#18 427.5   Downloaded enum-map v2.7.3
#18 427.5   Downloaded digest v0.9.0
#18 427.5   Downloaded rustls-platform-verifier v0.5.3
#18 427.5   Downloaded protox-parse v0.8.0
#18 427.5   Downloaded pest v2.8.4
#18 427.5   Downloaded find-msvc-tools v0.1.5
#18 427.5   Downloaded either v1.15.0
#18 427.6   Downloaded dirs-sys v0.4.1
#18 427.6   Downloaded devise_core v0.4.2
#18 427.6   Downloaded rustls-native-certs v0.6.3
#18 427.6   Downloaded quote v1.0.42
#18 427.6   Downloaded quinn-udp v0.5.14
#18 427.6   Downloaded outref v0.5.2
#18 427.6   Downloaded openssl-sys v0.9.111
#18 427.6   Downloaded ed25519-consensus v2.1.0
#18 427.6   Downloaded aws-sdk-kms v1.97.0
#18 427.6   Downloaded rustls-pemfile v1.0.4
#18 427.6   Downloaded ref-swap v0.1.2
#18 427.6   Downloaded borsh-derive v1.6.0
#18 427.6   Downloaded base64ct v1.8.1
#18 427.6   Downloaded camino v1.2.2
#18 427.6   Downloaded serde v1.0.228
#18 427.6   Downloaded fs_extra v1.3.0
#18 427.6   Downloaded foldhash v0.1.5
#18 427.6   Downloaded block-buffer v0.10.4
#18 427.6   Downloaded rustls-webpki v0.103.8
#18 427.6   Downloaded regex-lite v0.1.8
#18 427.6   Downloaded quinn v0.11.9
#18 427.6   Downloaded openssl v0.10.75
#18 427.6   Downloaded gen_ops v0.4.0
#18 427.6   Downloaded gcd v2.3.0
#18 427.6   Downloaded rustls-webpki v0.101.7
#18 427.6   Downloaded generic-array v1.1.0
#18 427.6   Downloaded utf8_iter v1.0.4
#18 427.6   Downloaded utf-8 v0.7.6
#18 427.6   Downloaded reqwest v0.11.27
#18 427.6   Downloaded beef v0.5.2
#18 427.6   Downloaded ics23 v0.12.0
#18 427.6   Downloaded bech32 v0.11.1
#18 427.6   Downloaded ipnet v2.11.0
#18 427.6   Downloaded pear_codegen v0.2.9
#18 427.6   Downloaded rustversion v1.0.22
#18 427.7   Downloaded proc-macro-error2 v2.0.1
#18 427.7   Downloaded jsonrpsee-http-client v0.25.1
#18 427.7   Downloaded libp2p-identity v0.2.13
#18 427.7   Downloaded rustc_version v0.3.3
#18 427.7   Downloaded serdect v0.2.0
#18 427.7   Downloaded rustc-hex v2.1.0
#18 427.7   Downloaded rustc-hash v2.1.1
#18 427.7   Downloaded rustc-hash v1.1.0
#18 427.7   Downloaded proc-macro-error-attr2 v2.0.0
#18 427.7   Downloaded num v0.4.3
#18 427.7   Downloaded cfg-if v1.0.4
#18 427.7   Downloaded ev-types v0.0.1
#18 427.7   Downloaded pathdiff v0.2.3
#18 427.7   Downloaded signature v2.2.0
#18 427.7   Downloaded peg-runtime v0.8.5
#18 427.7   Downloaded semver v0.11.0
#18 427.7   Downloaded signal-hook-registry v1.4.7
#18 427.7   Downloaded serde_with v3.16.1
#18 427.7   Downloaded once_cell v1.21.3
#18 427.7   Downloaded cfg_aliases v0.2.1
#18 427.7   Downloaded cid v0.11.1
#18 427.7   Downloaded regex-syntax v0.8.8
#18 427.7   Downloaded bit-set v0.8.0
#18 427.7   Downloaded yasna v0.5.2
#18 427.7   Downloaded icu_collections v2.1.1
#18 427.7   Downloaded bit-vec v0.8.0
#18 427.7   Downloaded bytemuck_derive v1.10.2
#18 427.7   Downloaded winnow v0.7.14
#18 427.7   Downloaded convert_case v0.10.0
#18 427.7   Downloaded bitcoin_hashes v0.14.1
#18 427.7   Downloaded vec_map v0.8.2
#18 427.7   Downloaded tower-layer v0.3.3
#18 427.7   Downloaded iri-string v0.7.9
#18 427.7   Downloaded s2n-quic-platform v0.71.0
#18 427.7   Downloaded lazy_static v1.5.0
#18 427.7   Downloaded informalsystems-pbjson v0.7.0
#18 427.7   Downloaded inlinable_string v0.1.15
#18 427.7   Downloaded num-bigint v0.4.6
#18 427.7   Downloaded http-client-unix-domain-socket v0.1.2
#18 427.7   Downloaded prost-reflect v0.15.3
#18 427.8   Downloaded num_cpus v1.17.0
#18 427.8   Downloaded reqwest-middleware v0.3.3
#18 427.8   Downloaded num_enum v0.5.11
#18 427.8   Downloaded num-integer v0.1.46
#18 427.8   Downloaded rand_chacha v0.3.1
#18 427.8   Downloaded modular-bitfield v0.11.2
#18 427.8   Downloaded rayon-scan v0.1.1
#18 427.8   Downloaded pin-project-lite v0.2.16
#18 427.8   Downloaded pin-project-internal v1.1.10
#18 427.8   Downloaded resolv-conf v0.7.6
#18 427.8   Downloaded valuable v0.1.1
#18 427.8   Downloaded tonic-build v0.10.2
#18 427.8   Downloaded sha2 v0.9.9
#18 427.8   Downloaded pin-utils v0.1.0
#18 427.8   Downloaded tinyvec_macros v0.1.1
#18 427.8   Downloaded bitflags v1.3.2
#18 427.8   Downloaded try-lock v0.2.5
#18 427.8   Downloaded pin-project v1.1.10
#18 427.8   Downloaded tinystr v0.8.2
#18 427.8   Downloaded tiny-keccak v2.0.2
#18 427.8   Downloaded xmlparser v0.13.6
#18 427.8   Downloaded indicatif v0.17.11
#18 427.8   Downloaded tokio-io-timeout v1.2.1
#18 427.8   Downloaded icu_normalizer_data v2.1.1
#18 427.8   Downloaded icu_normalizer v2.1.1
#18 427.8   Downloaded zerovec-derive v0.11.2
#18 427.8   Downloaded serde_yaml v0.9.34+deprecated
#18 427.8   Downloaded itoa v1.0.16
#18 427.8   Downloaded ident_case v1.0.1
#18 427.8   Downloaded hex-literal v1.1.0
#18 427.8   Downloaded constant_time_eq v0.3.1
#18 427.8   Downloaded ubyte v0.10.4
#18 427.8   Downloaded tungstenite v0.26.2
#18 427.8   Downloaded hex-literal v0.4.1
#18 427.8   Downloaded hex-conservative v0.2.2
#18 427.8   Downloaded keccak-asm v0.1.4
#18 427.8   Downloaded revm-primitives v20.2.1
#18 427.8   Downloaded jsonrpsee-ws-client v0.25.1
#18 427.8   Downloaded leopard-codec v0.2.0
#18 427.9   Downloaded nmt-rs v0.2.5
#18 427.9   Downloaded proc-macro-crate v3.4.0
#18 427.9   Downloaded potential_utf v0.1.4
#18 427.9   Downloaded object v0.37.3
#18 427.9   Downloaded serial_test v3.2.0
#18 427.9   Downloaded ryu v1.0.21
#18 427.9   Downloaded parity-scale-codec v3.7.5
#18 427.9   Downloaded thiserror-impl v2.0.17
#18 427.9   Downloaded proc-macro2-diagnostics v0.10.1
#18 427.9   Downloaded tokio-rustls v0.24.1
#18 427.9   Downloaded toml_write v0.1.2
#18 427.9   Downloaded synstructure v0.13.2
#18 427.9   Downloaded want v0.3.1
#18 427.9   Downloaded wait-timeout v0.2.1
#18 427.9   Downloaded vsimd v0.8.0
#18 427.9   Downloaded walkdir v2.5.0
#18 427.9   Downloaded cargo_metadata v0.18.1
#18 427.9   Downloaded protox v0.8.0
#18 427.9   Downloaded convert_case v0.7.1
#18 427.9   Downloaded uuid v1.19.0
#18 427.9   Downloaded cpufeatures v0.2.17
#18 427.9   Downloaded crc-catalog v2.4.0
#18 427.9   Downloaded tap v1.0.1
#18 427.9   Downloaded crc v3.4.0
#18 427.9   Downloaded const_format_proc_macros v0.2.34
#18 427.9   Downloaded lru-slab v0.1.2
#18 427.9   Downloaded logos-derive v0.15.1
#18 427.9   Downloaded logos-derive v0.14.4
#18 427.9   Downloaded nom v7.1.3
#18 427.9   Downloaded native-tls v0.2.14
#18 427.9   Downloaded rand_core v0.5.1
#18 427.9   Downloaded rand_chacha v0.9.0
#18 427.9   Downloaded num_enum_derive v0.7.5
#18 427.9   Downloaded proc-macro2 v1.0.103
#18 427.9   Downloaded toml_datetime v0.6.11
#18 427.9   Downloaded ed25519-dalek v2.2.0
#18 427.9   Downloaded s2n-quic-crypto v0.71.0
#18 427.9   Downloaded utf8parse v0.2.2
#18 427.9   Downloaded toml_datetime v0.7.5+spec-1.1.0
#18 427.9   Downloaded zerofrom v0.1.6
#18 428.0   Downloaded tendermint-light-client-verifier v0.40.4
#18 428.0   Downloaded zerofrom-derive v0.1.6
#18 428.0   Downloaded tendermint-config v0.40.4
#18 428.0   Downloaded hash_hasher v2.0.4
#18 428.0   Downloaded hyper-tls v0.6.0
#18 428.0   Downloaded toml_edit v0.22.27
#18 428.0   Downloaded number_prefix v0.4.0
#18 428.0   Downloaded hyper-timeout v0.5.2
#18 428.0   Downloaded clap v4.5.53
#18 428.0   Downloaded celestia-proto v0.10.0
#18 428.0   Downloaded rand_core v0.9.3
#18 428.0   Downloaded nix v0.30.1
#18 428.0   Downloaded unarray v0.1.4
#18 428.0   Downloaded tokio-native-tls v0.3.1
#18 428.0   Downloaded tokio-macros v2.6.0
#18 428.0   Downloaded jsonrpsee-client-transport v0.25.1
#18 428.0   Downloaded libz-sys v1.1.23
#18 428.0   Downloaded sdd v3.0.10
#18 428.0   Downloaded parking_lot v0.12.5
#18 428.0   Downloaded scopeguard v1.2.0
#18 428.0   Downloaded pkcs8 v0.10.2
#18 428.0   Downloaded pem v3.0.6
#18 428.0   Downloaded lumina-utils v0.4.0
#18 428.0   Downloaded jsonrpsee v0.25.1
#18 428.0   Downloaded jobserver v0.1.34
#18 428.0   Downloaded hex v0.4.3
#18 428.0   Downloaded celestia-grpc-macros v0.4.0
#18 428.0   Downloaded sha1 v0.10.6
#18 428.0   Downloaded rand_xorshift v0.4.0
#18 428.0   Downloaded tendermint-proto v0.40.4
#18 428.0   Downloaded rust_decimal v1.39.0
#18 428.0   Downloaded rand_core v0.6.4
#18 428.1   Downloaded smallvec v1.15.1
#18 428.1   Downloaded prost-build v0.12.6
#18 428.1   Downloaded ruzstd v0.7.3
#18 428.1   Downloaded syn v2.0.111
#18 428.1   Downloaded hickory-proto v0.25.2
#18 428.1   Downloaded tower v0.5.2
#18 428.1   Downloaded glob v0.3.3
#18 428.1   Downloaded prost-derive v0.13.5
#18 428.1   Downloaded zeroize_derive v1.4.2
#18 428.1   Downloaded const_format v0.2.35
#18 428.1   Downloaded logos-codegen v0.14.4
#18 428.1   Downloaded sp1-recursion-gnark-ffi v5.2.4
#18 428.1   Downloaded p3-matrix v0.2.3-succinct
#18 428.1   Downloaded bytes v1.11.0
#18 428.1   Downloaded tonic v0.10.2
#18 428.1   Downloaded revm-database v6.0.0
#18 428.1   Downloaded hickory-resolver v0.25.2
#18 428.1   Downloaded x509-cert v0.2.5
#18 428.1   Downloaded toml_edit v0.19.15
#18 428.1   Downloaded thiserror v2.0.17
#18 428.1   Downloaded twirp-rs v0.13.0-succinct
#18 428.1   Downloaded sync_wrapper v1.0.2
#18 428.1   Downloaded sync_wrapper v0.1.2
#18 428.1   Downloaded prost-derive v0.12.6
#18 428.1   Downloaded impl-codec v0.6.0
#18 428.1   Downloaded idna_adapter v1.2.1
#18 428.1   Downloaded hyper-timeout v0.4.1
#18 428.1   Downloaded bs58 v0.5.1
#18 428.1   Downloaded tracing-appender v0.2.4
#18 428.1   Downloaded web-time v1.1.0
#18 428.1   Downloaded socket2 v0.6.1
#18 428.1   Downloaded http v1.4.0
#18 428.1   Downloaded hyper-rustls v0.27.7
#18 428.1   Downloaded siphasher v1.0.1
#18 428.1   Downloaded http v0.2.12
#18 428.1   Downloaded scc v2.4.0
#18 428.1   Downloaded p3-keccak-air v0.2.3-succinct
#18 428.2   Downloaded op-alloy-rpc-types v0.18.14
#18 428.2   Downloaded s2n-quic v1.71.0
#18 428.2   Downloaded hyper-util v0.1.19
#18 428.2   Downloaded rusticata-macros v4.1.0
#18 428.2   Downloaded base16ct v0.2.0
#18 428.2   Downloaded crc32fast v1.5.0
#18 428.2   Downloaded base256emoji v1.0.2
#18 428.2   Downloaded byte-slice-cast v1.2.3
#18 428.2   Downloaded base-x v0.2.11
#18 428.2   Downloaded ruint v1.17.0
#18 428.2   Downloaded rustc-demangle v0.1.26
#18 428.2   Downloaded httparse v1.10.1
#18 428.2   Downloaded halo2_proofs v0.1.0
#18 428.2   Downloaded unsigned-varint v0.8.0
#18 428.2   Downloaded base64 v0.13.1
#18 428.2   Downloaded unsafe-libyaml v0.2.11
#18 428.2   Downloaded pairing v0.23.0
#18 428.2   Downloaded thiserror v1.0.69
#18 428.2   Downloaded multiaddr v0.18.2
#18 428.2   Downloaded zerocopy-derive v0.8.31
#18 428.2   Downloaded base64 v0.22.1
#18 428.2   Downloaded simd-adler32 v0.3.8
#18 428.2   Downloaded celestia-proto v0.9.1
#18 428.2   Downloaded shlex v1.3.0
#18 428.2   Downloaded sp1-stark v5.2.4
#18 428.2   Downloaded backtrace v0.3.76
#18 428.2   Downloaded time-macros v0.2.24
#18 428.2   Downloaded hashbrown v0.15.5
#18 428.2   Downloaded nybbles v0.4.6
#18 428.2   Downloaded sp1-zkvm v5.2.2
#18 428.2   Downloaded macro-string v0.1.4
#18 428.2   Downloaded futures-util v0.3.31
#18 428.2   Downloaded multer v3.1.0
#18 428.2   Downloaded bindgen v0.71.1
#18 428.2   Downloaded tracing-core v0.1.36
#18 428.2   Downloaded yansi v1.0.1
#18 428.3   Downloaded unicode-ident v1.0.22
#18 428.3   Downloaded bindgen v0.72.1
#18 428.3   Downloaded thiserror-impl v1.0.69
#18 428.3   Downloaded backoff v0.4.0
#18 428.3   Downloaded revm-context-interface v7.0.1
#18 428.3   Downloaded rayon v1.11.0
#18 428.3   Downloaded rustls v0.21.12
#18 428.3   Downloaded borsh v1.6.0
#18 428.3   Downloaded cc v1.2.50
#18 428.3   Downloaded revm v26.0.1
#18 428.3   Downloaded sp1-primitives v5.2.4
#18 428.3   Downloaded unicode-segmentation v1.12.0
#18 428.3   Downloaded tokio-util v0.7.17
#18 428.3   Downloaded schemars v0.9.0
#18 428.3   Downloaded time v0.3.44
#18 428.3   Downloaded itertools v0.14.0
#18 428.3   Downloaded rustix v1.1.3
#18 428.3   Downloaded blst v0.3.16
#18 428.3   Downloaded blake2 v0.10.6
#18 428.3   Downloaded sp1-recursion-circuit v5.2.4
#18 428.3   Downloaded revm-bytecode v5.0.0
#18 428.3   Downloaded zerotrie v0.2.3
#18 428.3   Downloaded p3-field v0.2.3-succinct
#18 428.3   Downloaded c-kzg v2.1.5
#18 428.4   Downloaded p3-mds v0.2.3-succinct
#18 428.4   Downloaded revm-precompile v23.0.0
#18 428.4   Downloaded socket2 v0.5.10
#18 428.4   Downloaded revm-context v7.0.1
#18 428.4   Downloaded blake2b_simd v1.0.3
#18 428.4   Downloaded revm-inspector v7.0.1
#18 428.4   Downloaded revm-handler v7.0.1
#18 428.4   Downloaded syn-solidity v1.5.2
#18 428.4   Downloaded hkdf v0.12.4
#18 428.4   Downloaded celestia-grpc v0.8.0
#18 428.4   Downloaded hyper v1.8.1
#18 428.4   Downloaded sp1-sdk v5.2.2
#18 428.4   Downloaded sp1-recursion-compiler v5.2.4
#18 428.4   Downloaded p3-maybe-rayon v0.2.3-succinct
#18 428.4   Downloaded indexmap v1.9.3
#18 428.4   Downloaded itertools v0.13.0
#18 428.4   Downloaded p3-bn254-fr v0.2.3-succinct
#18 428.4   Downloaded soketto v0.8.1
#18 428.4   Downloaded revm-state v6.0.0
#18 428.4   Downloaded sp1_bls12_381 v0.8.0-sp1-5.0.0
#18 428.4   Downloaded p3-poseidon2 v0.2.3-succinct
#18 428.4   Downloaded tonic v0.13.1
#18 428.4   Downloaded range-set-blaze v0.1.16
#18 428.4   Downloaded p3-challenger v0.2.3-succinct
#18 428.4   Downloaded axum v0.6.20
#18 428.4   Downloaded secp256k1-sys v0.10.1
#18 428.5   Downloaded p3-baby-bear v0.2.3-succinct
#18 428.5   Downloaded sp1-build v5.2.2
#18 428.5   Downloaded p3-dft v0.2.3-succinct
#18 428.5   Downloaded revm-database-interface v6.0.0
#18 428.5   Downloaded celestia-types v0.16.0
#18 428.5   Downloaded tendermint v0.40.4
#18 428.5   Downloaded itertools v0.12.1
#18 428.5   Downloaded sysinfo v0.30.13
#18 428.5   Downloaded sp1-cuda v5.2.2
#18 428.5   Downloaded celestia-types v0.15.0
#18 428.5   Downloaded p3-air v0.2.3-succinct
#18 428.5   Downloaded syn v1.0.109
#18 428.5   Downloaded p3-commit v0.2.3-succinct
#18 428.5   Downloaded vcpkg v0.2.15
#18 428.5   Downloaded sp1-core-executor v5.2.4
#18 428.5   Downloaded proptest v1.9.0
#18 428.6   Downloaded cbindgen v0.27.0
#18 428.6   Downloaded chrono v0.4.42
#18 428.6   Downloaded axum v0.8.8
#18 428.6   Downloaded itertools v0.10.5
#18 428.6   Downloaded clap_builder v4.5.53
#18 428.6   Downloaded axum v0.7.9
#18 428.6   Downloaded revm-interpreter v22.0.1
#18 428.6   Downloaded bon-macros v3.8.1
#18 428.6   Downloaded rand v0.7.3
#18 428.6   Downloaded s2n-quic-core v0.71.0
#18 428.6   Downloaded p3-merkle-tree v0.2.3-succinct
#18 428.6   Downloaded p3-uni-stark v0.2.3-succinct
#18 428.6   Downloaded bindgen v0.70.1
#18 428.6   Downloaded portable-atomic v1.12.0
#18 428.6   Downloaded unicode-width v0.1.14
#18 428.7   Downloaded p3-fri v0.2.3-succinct
#18 428.7   Downloaded sharded-slab v0.1.7
#18 428.7   Downloaded rocksdb v0.24.0
#18 428.7   Downloaded icu_provider v2.1.1
#18 428.7   Downloaded hyper v0.14.32
#18 428.7   Downloaded op-alloy-network v0.18.14
#18 428.7   Downloaded rustls v0.23.35
#18 428.7   Downloaded matchit v0.7.3
#18 428.7   Downloaded gimli v0.32.3
#18 428.7   Downloaded p3-util v0.2.3-succinct
#18 428.7   Downloaded match-lookup v0.1.1
#18 428.7   Downloaded base64 v0.21.7
#18 428.7   Downloaded tempfile v3.24.0
#18 428.7   Downloaded sp1-derive v5.2.4
#18 428.7   Downloaded p3-interpolation v0.2.3-succinct
#18 428.7   Downloaded toml v0.8.23
#18 428.7   Downloaded bitvec v1.0.1
#18 428.7   Downloaded bytemuck v1.24.0
#18 428.7   Downloaded sp1-core-machine v5.2.4
#18 428.7   Downloaded sp1-recursion-derive v5.2.4
#18 428.7   Downloaded tower-http v0.6.8
#18 428.7   Downloaded threadpool v1.8.1
#18 428.7   Downloaded thread_local v1.1.9
#18 428.7   Downloaded tracing-forest v0.1.6
#18 428.7   Downloaded miette v7.6.0
#18 428.7   Downloaded unicode-width v0.2.2
#18 428.7   Downloaded s2n-quic-transport v0.71.0
#18 428.7   Downloaded schemars v1.1.0
#18 428.8   Downloaded tendermint-rpc v0.40.4
#18 428.8   Downloaded snowbridge-amcl v1.0.2
#18 428.8   Downloaded pkg-config v0.3.32
#18 428.8   Downloaded hashbrown v0.14.5
#18 428.8   Downloaded curve25519-dalek-ng v4.1.1
#18 428.8   Downloaded lz4-sys v1.11.1+lz4-1.10.0
#18 428.8   Downloaded hashbrown v0.12.3
#18 428.8   Downloaded tracing v0.1.44
#18 428.8   Downloaded moka v0.12.12
#18 428.8   Downloaded p3-symmetric v0.2.3-succinct
#18 428.8   Downloaded zeroize v1.8.2
#18 428.8   Downloaded sp1-recursion-core v5.2.4
#18 428.8   Downloaded ripemd v0.1.3
#18 428.8   Downloaded multibase v0.9.2
#18 428.8   Downloaded httpdate v1.0.3
#18 428.8   Downloaded icu_properties_data v2.1.2
#18 428.8   Downloaded http-body-util v0.1.3
#18 428.8   Downloaded tracing-log v0.2.0
#18 428.8   Downloaded secp256k1 v0.30.0
#18 428.8   Downloaded rand v0.8.5
#18 428.8   Downloaded prost-build v0.13.5
#18 428.9   Downloaded size v0.4.1
#18 428.9   Downloaded half v1.8.3
#18 428.9   Downloaded halo2 v0.1.0-beta.2
#18 428.9   Downloaded version_check v0.9.5
#18 428.9   Downloaded librocksdb-sys v0.17.3+10.4.2
#18 429.0   Downloaded bls12_381 v0.7.1
#18 429.0   Downloaded untrusted v0.7.1
#18 429.0   Downloaded sha3-asm v0.1.4
#18 429.0   Downloaded petgraph v0.7.1
#18 429.0   Downloaded prost v0.12.6
#18 429.0   Downloaded aws-smithy-xml v0.60.13
#18 429.0   Downloaded scale-info v2.11.6
#18 429.0   Downloaded libc v0.2.178
#18 429.0   Downloaded same-file v1.0.6
#18 429.0   Downloaded rusty-fork v0.3.1
#18 429.0   Downloaded aws-types v1.3.11
#18 429.0   Downloaded op-revm v7.0.1
#18 429.0   Downloaded prost v0.13.5
#18 429.0   Downloaded cargo-platform v0.1.9
#18 429.0   Downloaded tokio v1.48.0
#18 429.1   Downloaded logos-codegen v0.15.1
#18 429.1   Downloaded num_enum_derive v0.5.11
#18 429.1   Downloaded num_enum v0.7.5
#18 429.1   Downloaded miniz_oxide v0.8.9
#18 429.1   Downloaded multimap v0.10.1
#18 429.1   Downloaded bitflags v2.10.0
#18 429.1   Downloaded zstd-sys v2.0.16+zstd.1.5.7
#18 429.1   Downloaded const-str v0.4.3
#18 429.1   Downloaded const-hex v1.17.0
#18 429.1   Downloaded clap_derive v4.5.49
#18 429.1   Downloaded blockstore v0.8.0
#18 429.1   Downloaded blockstore v0.7.1
#18 429.1   Downloaded clap_lex v0.7.6
#18 429.1   Downloaded idna v1.1.0
#18 429.1   Downloaded minimal-lexical v0.2.1
#18 429.1   Downloaded tagptr v0.2.0
#18 429.1   Downloaded tracing-subscriber v0.3.22
#18 429.1   Downloaded protox v0.7.2
#18 429.1   Downloaded aws-lc-sys v0.35.0
#18 429.3   Downloaded time-core v0.1.6
#18 429.3   Downloaded serial_test_derive v3.2.0
#18 429.3   Downloaded encoding_rs v0.8.35
#18 429.3   Downloaded zerovec v0.11.5
#18 429.3   Downloaded bzip2-sys v0.1.13+1.0.8
#18 429.3   Downloaded aws-smithy-runtime v1.9.5
#18 429.3   Downloaded aws-smithy-types v1.3.5
#18 429.3   Downloaded uint v0.9.5
#18 429.3   Downloaded reqwest v0.12.28
#18 429.3   Downloaded aws-smithy-runtime-api v1.9.3
#18 429.3   Downloaded x509-parser v0.16.0
#18 429.3   Downloaded logos v0.14.4
#18 429.3   Downloaded scale-info-derive v2.11.6
#18 429.3   Downloaded s2n-codec v0.71.0
#18 429.3   Downloaded ppv-lite86 v0.2.21
#18 429.3   Downloaded typenum v1.19.0
#18 429.3   Downloaded slab v0.4.11
#18 429.3   Downloaded core2 v0.4.0
#18 429.3   Downloaded ring v0.17.14
#18 429.4   Downloaded logos v0.15.1
#18 429.4   Downloaded cookie v0.18.1
#18 429.4   Downloaded sp1-prover v5.2.2
#18 429.4   Downloaded console v0.15.11
#18 429.4   Downloaded hmac v0.12.1
#18 429.4   Downloaded celestia-rpc v0.13.0
#18 429.4   Downloaded powerfmt v0.2.0
#18 429.4   Downloaded parity-scale-codec-derive v3.7.5
#18 429.4   Downloaded object v0.36.7
#18 429.4   Downloaded getrandom v0.3.4
#18 429.4   Downloaded jubjub v0.9.0
#18 429.4   Downloaded http-body v1.0.1
#18 429.4   Downloaded rcgen v0.13.2
#18 429.4   Downloaded rayon-core v1.13.0
#18 429.4   Downloaded rand v0.9.2
#18 429.4   Downloaded leopard-codec v0.1.0
#18 429.4   Downloaded h2 v0.3.27
#18 429.4   Downloaded zerocopy v0.8.31
#18 429.4   Downloaded h2 v0.4.12
#18 429.4   Downloaded keccak v0.1.5
#18 429.4   Downloaded const-oid v0.9.6
#18 429.4   Downloaded hashbrown v0.16.1
#18 429.4   Downloaded clang-sys v1.8.1
#18 429.4   Downloaded bon v3.8.1
#18 429.4   Downloaded memchr v2.7.6
#18 429.4   Downloaded group v0.13.0
#18 429.4   Downloaded group v0.12.1
#18 429.4   Downloaded regex-automata v0.4.13
#18 429.4   Downloaded tracing-attributes v0.1.31
#18 429.4   Downloaded mio v1.1.1
#18 429.4   Downloaded indexmap v2.12.1
#18 429.5   Downloaded hyper-rustls v0.24.2
#18 429.5   Downloaded h3 v0.0.6
#18 429.5   Downloaded elf v0.7.4
#18 429.5   Downloaded tinyvec v1.10.0
#18 429.5   Downloaded cmake v0.1.57
#18 429.5   Downloaded bytes-utils v0.1.4
#18 429.5   Downloaded sp1-lib v5.2.4
#18 429.5   Downloaded sp1-curves v5.2.4
#18 429.5   Downloaded axum-core v0.5.5
#18 429.5   Downloaded getrandom v0.2.16
#18 429.5   Downloaded derive_more-impl v2.1.1
#18 429.5   Downloaded protox-parse v0.7.0
#18 429.5   Downloaded phf_macros v0.11.3
#18 429.5   Downloaded petgraph v0.6.5
#18 429.5   Downloaded rand_chacha v0.2.2
#18 429.5   Downloaded phf_shared v0.11.3
#18 429.5   Downloaded phf_generator v0.11.3
#18 429.5   Downloaded is_terminal_polyfill v1.70.2
#18 429.5   Downloaded instant v0.1.13
#18 429.5   Downloaded miette-derive v7.6.0
#18 429.5   Downloaded flate2 v1.1.5
#18 429.5   Downloaded figment v0.10.19
#18 429.5   Downloaded elliptic-curve v0.13.8
#18 429.5   Downloaded tonic v0.12.3
#18 429.5   Downloaded heck v0.4.1
#18 429.5   Downloaded linux-raw-sys v0.11.0
#18 429.5   Downloaded dashu-float v0.4.3
#18 429.5   Downloaded num-conv v0.1.0
#18 429.5   Downloaded matchit v0.8.4
#18 429.5   Downloaded icu_properties v2.1.2
#18 429.5   Downloaded heck v0.5.0
#18 429.5   Downloaded colorchoice v1.0.4
#18 429.5   Downloaded impl-trait-for-tuples v0.2.3
#18 429.5   Downloaded prost-reflect v0.14.7
#18 429.6   Downloaded libm v0.2.15
#18 429.6   Downloaded dashu-int v0.4.1
#18 429.6   Downloaded getrandom v0.1.16
#18 429.6   Downloaded webpki-roots v1.0.4
#18 429.6   Downloaded num-traits v0.2.19
#18 429.6   Downloaded tower-service v0.3.3
#18 429.6   Downloaded derive_more v1.0.0
#18 429.6   Downloaded byteorder v1.5.0
#18 429.6   Downloaded bitcoin-io v0.1.4
#18 429.6   Downloaded rustc_version v0.4.1
#18 429.6   Downloaded cexpr v0.6.0
#18 429.6   Downloaded blake3 v1.8.2
#18 429.6   Downloaded zkhash v0.2.0
#18 429.6   Downloaded or-panic v1.0.2
#18 429.6   Downloaded futures v0.3.31
#18 429.6   Downloaded axum-core v0.3.4
#18 429.6   Downloaded yoke v0.8.1
#18 429.6   Downloaded ucd-trie v0.1.7
#18 429.6   Downloaded mime v0.3.17
#18 429.6   Downloaded serde_with_macros v3.16.1
#18 429.6   Downloaded tokio-stream v0.1.17
#18 429.6   Downloaded tokio-rustls v0.26.4
#18 429.6   Downloaded icu_locale_core v2.1.1
#18 429.6   Downloaded toml_parser v1.0.6+spec-1.1.0
#18 429.6   Downloaded derive_more v2.1.1
#18 429.6   Downloaded bincode v1.3.3
#18 429.6   Downloaded axum-core v0.4.5
#18 429.6   Downloaded yoke-derive v0.8.1
#18 429.6   Downloaded tokio-tungstenite v0.26.2
#18 429.6   Downloaded prost-types v0.12.6
#18 429.6   Downloaded jsonrpsee-types v0.25.1
#18 429.6   Downloaded is-terminal v0.4.17
#18 429.6   Downloaded http-body v0.4.6
#18 429.6   Downloaded winnow v0.5.40
#18 429.6   Downloaded eyre v0.6.12
#18 429.6   Downloaded semver v1.0.27
#18 429.6   Downloaded s2n-quic-rustls v0.71.0
#18 429.6   Downloaded prost-types v0.13.5
#18 429.6   Downloaded peg v0.8.5
#18 429.6   Downloaded parking_lot_core v0.9.12
#18 429.6   Downloaded oid-registry v0.7.1
#18 429.6   Downloaded num-complex v0.4.6
#18 429.6   Downloaded binascii v0.1.4
#18 429.6   Downloaded bimap v0.6.3
#18 429.6   Downloaded aws-smithy-json v0.61.9
#18 429.6   Downloaded wyz v0.5.1
#18 429.6   Downloaded sct v0.7.1
#18 429.6   Downloaded nu-ansi-term v0.50.3
#18 429.6   Downloaded peg-macros v0.8.5
#18 429.6   Downloaded pear v0.2.9
#18 429.6   Downloaded memoffset v0.9.1
#18 429.6   Downloaded jsonrpsee-core v0.25.1
#18 429.6   Downloaded indenter v0.3.4
#18 429.6   Downloaded serde_json v1.0.147
#18 429.6   Downloaded libloading v0.8.9
#18 429.7   Downloaded jsonrpsee-proc-macros v0.25.1
#18 429.7   Downloaded foldhash v0.2.0
#18 429.7   Downloaded flex-error v0.4.4
#18 429.7   Downloaded intrusive-collections v0.9.7
#18 429.7   Downloaded aws-smithy-http-client v1.1.5
#18 429.7   Downloaded tower v0.4.13
#18 429.7   Downloaded derive_more-impl v1.0.0
#18 429.7   Downloaded der v0.7.10
#18 429.7   Downloaded iana-time-zone v0.1.64
#18 429.7   Downloaded url v2.5.7
#18 429.7   Downloaded rrs-succinct v0.1.0
#18 429.7   Downloaded rlp v0.5.2
#18 429.7   Downloaded futures-channel v0.3.31
#18 429.7   Downloaded toml_edit v0.23.10+spec-1.0.0
#18 429.7   Downloaded quinn-proto v0.11.13
#18 429.7   Downloaded educe v0.6.0
#18 429.7   Downloaded der-parser v9.0.0
#18 429.7   Downloaded aws-smithy-query v0.60.9
#18 429.7   Downloaded aws-smithy-observability v0.1.5
#18 429.7   Downloaded regex v1.12.2
#18 429.7   Downloaded generic-array v0.14.9
#18 429.7   Downloaded futures-utils-wasm v0.1.0
#18 429.7   Downloaded critical-section v1.2.0
#18 429.7   Downloaded phf v0.11.3
#18 429.7   Downloaded num-rational v0.4.2
#18 429.7   Downloaded ff v0.13.1
#18 429.7   Downloaded dotenvy v0.15.7
#18 429.7   Downloaded displaydoc v0.2.5
#18 429.7   Downloaded dashu-ratio v0.4.1
#18 429.7   Downloaded fs-err v3.2.1
#18 429.7   Downloaded futures-timer v3.0.3
#18 429.7   Downloaded futures-executor v0.3.31
#18 429.7   Downloaded funty v2.0.0
#18 429.7   Downloaded fixedbitset v0.5.7
#18 429.7   Downloaded serde_core v1.0.228
#18 429.7   Downloaded devise_codegen v0.4.2
#18 429.7   Downloaded ref-cast-impl v1.0.25
#18 429.7   Downloaded ref-cast v1.0.25
#18 429.7   Downloaded quick-error v1.2.3
#18 429.7   Downloaded form_urlencoded v1.2.2
#18 429.7   Downloaded foreign-types-shared v0.1.1
#18 429.7   Downloaded flagset v0.4.7
#18 429.7   Downloaded fixedbitset v0.4.2
#18 429.7   Downloaded dirs v5.0.1
#18 429.7   Downloaded futures-task v0.3.31
#18 429.7   Downloaded futures-sink v0.3.31
#18 429.7   Downloaded futures-core v0.3.31
#18 429.7   Downloaded derive_more v0.99.20
#18 429.7   Downloaded aws-sdk-sts v1.95.0
#18 429.7   Downloaded aws-sdk-ssooidc v1.93.0
#18 429.7   Downloaded asn1-rs v0.6.2
#18 429.7   Downloaded ark-bls12-381 v0.5.0
#18 429.7   Downloaded alloy-provider v1.0.32
#18 429.7   Downloaded foreign-types v0.3.2
#18 429.7   Downloaded fnv v1.0.7
#18 429.7   Downloaded ff_derive v0.13.1
#18 429.7   Downloaded ff v0.12.1
#18 429.7   Downloaded fastrlp v0.3.1
#18 429.7   Downloaded eventsource-stream v0.2.3
#18 429.7   Downloaded equivalent v1.0.2
#18 429.7   Downloaded data-encoding v2.9.0
#18 429.7   Downloaded darling v0.21.3
#18 429.8   Downloaded aws-sdk-sso v1.91.0
#18 429.8   Downloaded aws-runtime v1.5.17
#18 429.8   Downloaded enum-ordinalize v4.3.2
#18 429.8   Downloaded enum-map-derive v0.17.0
#18 429.8   Downloaded ark-ff v0.4.2
#18 429.8   Downloaded option-ext v0.2.0
#18 429.8   Downloaded openssl-probe v0.1.6
#18 429.8   Downloaded openssl-macros v0.1.1
#18 429.8   Downloaded opaque-debug v0.3.1
#18 429.8   Downloaded errno v0.3.14
#18 429.8   Downloaded enum-ordinalize-derive v4.3.2
#18 429.8   Downloaded dunce v1.0.5
#18 429.8   Downloaded alloy-genesis v1.0.41
#18 429.8   Downloaded percent-encoding v2.3.2
#18 429.8   Downloaded downcast-rs v1.2.1
#18 429.8   Downloaded crypto-common v0.1.6
#18 429.8   Downloaded aws-lc-rs v1.15.2
#18 429.8   Downloaded aws-config v1.8.12
#18 429.8   Downloaded alloy-eips v1.0.41
#18 429.8   Downloaded darling_core v0.21.3
#18 429.8   Downloaded crossbeam-channel v0.5.15
#18 429.8   Downloaded alloy-rpc-types-eth v1.0.41
#18 429.8   Downloaded alloy-primitives v1.3.0
#18 429.8   Downloaded modular-bitfield-impl v0.11.2
#18 429.8   Downloaded lock_api v0.4.14
#18 429.8   Downloaded derivative v2.2.0
#18 429.8   Downloaded crypto-bigint v0.5.5
#18 429.8   Downloaded ark-ff v0.3.0
#18 429.8   Downloaded nohash-hasher v0.2.0
#18 429.8   Downloaded memuse v0.2.2
#18 429.8   Downloaded matchers v0.2.0
#18 429.8   Downloaded lru v0.13.0
#18 429.8   Downloaded lru v0.12.5
#18 429.8   Downloaded der_derive v0.7.3
#18 429.8   Downloaded auto_impl v1.3.0
#18 429.8   Downloaded asn1_der v0.7.6
#18 429.8   Downloaded arrayvec v0.7.6
#18 429.8   Downloaded ark-std v0.5.0
#18 429.8   Downloaded ark-poly v0.5.0
#18 429.8   Downloaded ark-ec v0.5.0
#18 429.8   Downloaded anyhow v1.0.100
#18 429.8   Downloaded ansi_term v0.12.1
#18 429.8   Downloaded alloy-trie v0.9.1
#18 429.8   Downloaded alloy-transport-http v1.0.41
#18 429.8   Downloaded alloy-sol-types v1.3.0
#18 429.8   Downloaded alloy-dyn-abi v1.3.0
#18 429.8   Downloaded aho-corasick v1.1.4
#18 429.8   Downloaded ctrlc v3.5.1
#18 429.8   Downloaded aws-smithy-async v1.2.7
#18 429.8   Downloaded aws-credential-types v1.2.11
#18 429.8   Downloaded autocfg v1.5.0
#18 429.8   Downloaded aurora-engine-modexp v1.2.0
#18 429.8   Downloaded async-trait v0.1.89
#18 429.8   Downloaded ark-std v0.4.0
#18 429.9   Downloaded ark-std v0.3.0
#18 429.9   Downloaded ark-serialize v0.4.2
#18 429.9   Downloaded ark-ff-macros v0.4.2
#18 429.9   Downloaded ark-bn254 v0.5.0
#18 429.9   Downloaded anstyle-parse v0.2.7
#18 429.9   Downloaded anstyle v1.0.13
#18 429.9   Downloaded anstream v0.6.21
#18 429.9   Downloaded alloy-transport-ws v1.0.41
#18 429.9   Downloaded async-stream-impl v0.3.6
#18 429.9   Downloaded async-stream v0.3.6
#18 429.9   Downloaded arrayref v0.3.9
#18 429.9   Downloaded ark-serialize-derive v0.5.0
#18 429.9   Downloaded ark-ff-macros v0.5.0
#18 429.9   Downloaded ark-ff-asm v0.5.0
#18 429.9   Downloaded alloy-tx-macros v1.2.1
#18 429.9   Downloaded data-encoding-macro v0.1.18
#18 429.9   Downloaded dashu-base v0.4.1
#18 429.9   Downloaded darling_macro v0.21.3
#18 429.9   Downloaded cuckoofilter v0.5.0
#18 429.9   Downloaded ark-ff-asm v0.4.2
#18 429.9   Downloaded ark-ff-asm v0.3.0
#18 429.9   Downloaded anstyle-query v1.1.5
#18 429.9   Downloaded alloy-op-evm v0.12.3
#18 429.9   Downloaded alloy-network-primitives v1.0.41
#18 429.9   Downloaded alloy-network v1.0.41
#18 429.9   Downloaded alloy-json-abi v1.3.0
#18 429.9   Downloaded asn1-rs-impl v0.2.0
#18 429.9   Downloaded ark-serialize v0.5.0
#18 429.9   Downloaded ark-serialize v0.3.0
#18 429.9   Downloaded alloy-sol-type-parser v1.5.2
#18 429.9   Downloaded alloy-sol-macro v1.3.0
#18 429.9   Downloaded alloy-signer-local v1.0.41
#18 429.9   Downloaded alloy-eip7702 v0.6.1
#18 429.9   Downloaded crossbeam-utils v0.8.21
#18 429.9   Downloaded alloy-rpc-types-any v1.0.41
#18 429.9   Downloaded alloy-eip2124 v0.2.0
#18 429.9   Downloaded kzg-rs v0.2.7
#18 430.3    Compiling proc-macro2 v1.0.103
#18 430.3    Compiling quote v1.0.42
#18 430.3    Compiling unicode-ident v1.0.22
#18 430.3    Compiling serde_core v1.0.228
#18 430.3    Compiling serde v1.0.228
#18 430.3    Compiling cfg-if v1.0.4
#18 430.3    Compiling libc v0.2.178
#18 430.3    Compiling autocfg v1.5.0
#18 430.3    Compiling version_check v0.9.5
#18 430.3    Compiling typenum v1.19.0
#18 430.7    Compiling portable-atomic v1.12.0
#18 430.7    Compiling critical-section v1.2.0
#18 431.0    Compiling shlex v1.3.0
#18 431.4    Compiling find-msvc-tools v0.1.5
#18 431.6    Compiling subtle v2.6.1
#18 431.6    Compiling generic-array v0.14.9
#18 431.6    Compiling itoa v1.0.16
#18 431.7    Compiling num-traits v0.2.19
#18 432.1    Compiling syn v1.0.109
#18 432.3    Compiling zerocopy v0.8.31
#18 432.4    Compiling pin-project-lite v0.2.16
#18 433.0    Compiling jobserver v0.1.34
#18 433.1    Compiling equivalent v1.0.2
#18 433.3    Compiling once_cell v1.21.3
#18 433.4    Compiling radium v0.7.0
#18 433.6    Compiling getrandom v0.2.16
#18 433.6    Compiling const-oid v0.9.6
#18 434.2    Compiling cc v1.2.50
#18 434.2    Compiling memchr v2.7.6
#18 434.2    Compiling log v0.4.29
#18 434.3    Compiling num-integer v0.1.46
#18 434.4    Compiling hashbrown v0.16.1
#18 434.5    Compiling rand_core v0.6.4
#18 434.8    Compiling syn v2.0.111
#18 434.9    Compiling num-bigint v0.3.3
#18 434.9    Compiling tracing-core v0.1.36
#18 435.2    Compiling paste v1.0.15
#18 435.4    Compiling cpufeatures v0.2.17
#18 435.7    Compiling unicode-xid v0.2.6
#18 435.7    Compiling indexmap v2.12.1
#18 435.9    Compiling rustversion v1.0.22
#18 436.0    Compiling heck v0.5.0
#18 436.0    Compiling crossbeam-utils v0.8.21
#18 436.4    Compiling winnow v0.7.14
#18 436.5    Compiling tap v1.0.1
#18 437.0    Compiling funty v2.0.0
#18 437.2    Compiling wyz v0.5.1
#18 437.2    Compiling byteorder v1.5.0
#18 437.6    Compiling either v1.15.0
#18 438.1    Compiling base64ct v1.8.1
#18 438.1    Compiling flagset v0.4.7
#18 438.4    Compiling addchain v0.2.0
#18 438.9    Compiling thiserror v2.0.17
#18 438.9    Compiling crunchy v0.2.4
#18 438.9    Compiling base16ct v0.2.0
#18 439.2    Compiling pem-rfc7468 v0.7.0
#18 439.3    Compiling parking_lot_core v0.9.12
#18 439.3    Compiling tiny-keccak v2.0.2
#18 439.4    Compiling serde_derive v1.0.228
#18 439.4    Compiling zeroize_derive v1.4.2
#18 439.7    Compiling tracing-attributes v0.1.31
#18 439.7    Compiling ff_derive v0.13.1
#18 439.8    Compiling der_derive v0.7.3
#18 439.9    Compiling thiserror-impl v2.0.17
#18 440.4    Compiling allocator-api2 v0.2.21
#18 440.5    Compiling ppv-lite86 v0.2.21
#18 440.8    Compiling zeroize v1.8.2
#18 440.9    Compiling futures-macro v0.3.31
#18 441.7    Compiling der v0.7.10
#18 441.8    Compiling tracing v0.1.44
#18 441.9    Compiling scopeguard v1.2.0
#18 442.0    Compiling futures-core v0.3.31
#18 442.0    Compiling strsim v0.11.1
#18 442.1    Compiling rayon-core v1.13.0
#18 442.5    Compiling lock_api v0.4.14
#18 442.6    Compiling serde_json v1.0.147
#18 442.6    Compiling futures-sink v0.3.31
#18 442.6    Compiling keccak v0.1.5
#18 442.9    Compiling block-buffer v0.10.4
#18 443.1    Compiling crypto-common v0.1.6
#18 443.2    Compiling crypto-bigint v0.5.5
#18 443.2    Compiling futures-io v0.3.31
#18 443.3    Compiling zmij v0.1.7
#18 443.5    Compiling spki v0.7.3
#18 443.8    Compiling digest v0.10.7
#18 443.9    Compiling bytes v1.11.0
#18 444.0    Compiling smallvec v1.15.1
#18 444.1    Compiling bitvec v1.0.1
#18 444.5    Compiling arrayvec v0.7.6
#18 444.6    Compiling pkcs8 v0.10.2
#18 444.7    Compiling sha2 v0.10.9 (https://github.com/sp1-patches/RustCrypto-hashes?tag=patch-sha2-0.10.9-sp1-4.0.0#0b1945ee)
#18 444.9    Compiling hmac v0.12.1
#18 445.0    Compiling serdect v0.2.0
#18 445.4    Compiling signature v2.2.0
#18 445.7    Compiling rfc6979 v0.4.0 (https://github.com/sp1-patches/signatures.git?tag=patch-16.9-sp1-4.1.0#1880299a)
#18 445.7    Compiling http v1.4.0
#18 445.7    Compiling sha3 v0.10.8 (https://github.com/sp1-patches/RustCrypto-hashes?tag=patch-sha3-0.10.8-sp1-4.0.0#8f6d303c)
#18 446.2    Compiling sec1 v0.7.3
#18 446.4    Compiling dunce v1.0.5
#18 446.4    Compiling foldhash v0.1.5
#18 446.4    Compiling parking_lot v0.12.5
#18 446.9    Compiling toml_parser v1.0.6+spec-1.1.0
#18 446.9    Compiling toml_datetime v0.7.5+spec-1.1.0
#18 447.3    Compiling ff v0.13.1
#18 447.3    Compiling hashbrown v0.15.5
#18 447.4    Compiling unicode-segmentation v1.12.0
#18 447.9    Compiling synstructure v0.13.2
#18 447.9    Compiling ruint-macro v1.2.1
#18 448.1    Compiling group v0.13.0
#18 448.4    Compiling convert_case v0.10.0
#18 448.4    Compiling toml_edit v0.23.10+spec-1.0.0
#18 448.5    Compiling pin-utils v0.1.0
#18 448.6    Compiling slab v0.4.11
#18 448.8    Compiling fnv v1.0.7
#18 448.8    Compiling futures-channel v0.3.31
#18 449.1    Compiling elliptic-curve v0.13.8
#18 449.3    Compiling futures-task v0.3.31
#18 449.3    Compiling alloy-rlp-derive v0.3.12
#18 449.3    Compiling num-bigint v0.4.6
#18 449.4    Compiling rand_chacha v0.3.1
#18 449.5    Compiling derive_more-impl v2.1.1
#18 449.7    Compiling tokio-macros v2.6.0
#18 450.1    Compiling proc-macro-crate v3.4.0
#18 450.2    Compiling futures-util v0.3.31
#18 450.3    Compiling signal-hook-registry v1.4.7
#18 450.4    Compiling ecdsa v0.16.9 (https://github.com/sp1-patches/signatures.git?tag=patch-16.9-sp1-4.1.0#1880299a)
#18 450.5    Compiling socket2 v0.6.1
#18 450.7    Compiling alloy-rlp v0.3.12
#18 451.2    Compiling mio v1.1.1
#18 451.3    Compiling rand v0.8.5
#18 451.4    Compiling const-hex v1.17.0
#18 451.5    Compiling zerofrom-derive v0.1.6
#18 451.6    Compiling ahash v0.8.12
#18 452.3    Compiling k256 v0.13.4 (https://github.com/sp1-patches/elliptic-curves?tag=patch-k256-13.4-sp1-5.0.0#f7d8998e)
#18 452.3    Compiling ruint v1.17.0
#18 452.4    Compiling tokio v1.48.0
#18 452.5    Compiling yoke-derive v0.8.1
#18 453.1    Compiling displaydoc v0.2.5
#18 453.5    Compiling httparse v1.10.1
#18 453.6    Compiling zerovec-derive v0.11.2
#18 453.6    Compiling ring v0.17.14
#18 453.8    Compiling percent-encoding v2.3.2
#18 454.3    Compiling bitflags v2.10.0
#18 454.4    Compiling async-trait v0.1.89
#18 454.6    Compiling derive_more v2.1.1
#18 454.7    Compiling anyhow v1.0.100
#18 455.0    Compiling hex v0.4.3
#18 455.4    Compiling crossbeam-epoch v0.9.18
#18 455.5    Compiling alloy-primitives v1.3.0
#18 455.6    Compiling icu_normalizer_data v2.1.1
#18 455.7    Compiling icu_properties_data v2.1.2
#18 455.7    Compiling ident_case v1.0.1
#18 456.4    Compiling darling_core v0.21.3
#18 456.4    Compiling auto_impl v1.3.0
#18 456.5    Compiling regex-syntax v0.8.8
#18 456.6    Compiling spin v0.9.8
#18 456.8    Compiling tower-service v0.3.3
#18 457.4    Compiling tokio-util v0.7.17
#18 457.5    Compiling lazy_static v1.5.0
#18 458.0    Compiling itertools v0.12.1
#18 458.3    Compiling http-body v1.0.1
#18 459.5    Compiling darling_macro v0.21.3
#18 460.2    Compiling form_urlencoded v1.2.2
#18 460.2    Compiling zerofrom v0.1.6
#18 460.2    Compiling stable_deref_trait v1.2.1
#18 460.6    Compiling time-core v0.1.6
#18 460.7    Compiling darling v0.21.3
#18 460.9    Compiling yoke v0.8.1
#18 460.9    Compiling thiserror v1.0.69
#18 460.9    Compiling untrusted v0.9.0
#18 461.0    Compiling serde_with_macros v3.16.1
#18 461.3    Compiling num-conv v0.1.0
#18 462.0    Compiling time-macros v0.2.24
#18 462.1    Compiling rustix v1.1.3
#18 463.2    Compiling serde_with v3.16.1
#18 463.3    Compiling zerovec v0.11.5
#18 463.3    Compiling alloy-eip2930 v0.2.1
#18 463.4    Compiling num_enum_derive v0.7.5
#18 463.6    Compiling alloy-sol-type-parser v1.5.2
#18 463.6    Compiling thiserror-impl v1.0.69
#18 464.0    Compiling try-lock v0.2.5
#18 464.0    Compiling tower-layer v0.3.3
#18 464.9    Compiling want v0.3.1
#18 465.1    Compiling http-body-util v0.1.3
#18 465.2    Compiling regex-automata v0.4.13
#18 465.3    Compiling num_enum v0.7.5
#18 465.5    Compiling syn-solidity v1.5.2
#18 465.7    Compiling alloy-json-abi v1.3.0
#18 465.8    Compiling alloy-eip7702 v0.6.1
#18 465.9    Compiling macro-string v0.1.4
#18 465.9    Compiling proc-macro-error-attr2 v2.0.0
#18 466.2    Compiling httpdate v1.0.3
#18 466.2    Compiling crc-catalog v2.4.0
#18 466.4    Compiling crossbeam-deque v0.8.6
#18 466.6    Compiling crc v3.4.0
#18 467.0    Compiling cmake v0.1.57
#18 467.2    Compiling base64 v0.22.1
#18 467.2    Compiling proc-macro-error2 v2.0.1
#18 467.8    Compiling fs_extra v1.3.0
#18 468.0    Compiling alloy-sol-macro-input v1.3.0
#18 468.0    Compiling alloy-eip2124 v0.2.0
#18 468.3    Compiling tinystr v0.8.2
#18 468.6    Compiling rustls-pki-types v1.13.2
#18 468.7    Compiling writeable v0.6.2
#18 468.9    Compiling litemap v0.8.1
#18 468.9    Compiling potential_utf v0.1.4
#18 469.0    Compiling aws-lc-sys v0.35.0
#18 469.4    Compiling alloy-sol-macro-expander v1.3.0
#18 469.4    Compiling zerotrie v0.2.3
#18 469.7    Compiling rayon v1.11.0
#18 470.1    Compiling icu_locale_core v2.1.1
#18 470.4    Compiling getrandom v0.3.4
#18 470.4    Compiling icu_collections v2.1.1
#18 471.4    Compiling prettyplease v0.2.37
#18 471.4    Compiling glob v0.3.3
#18 471.5    Compiling aws-lc-rs v1.15.2
#18 472.2    Compiling icu_provider v2.1.1
#18 472.3    Compiling linux-raw-sys v0.11.0
#18 472.6    Compiling alloy-sol-macro v1.3.0
#18 473.7    Compiling sync_wrapper v1.0.2
#18 474.1    Compiling alloy-sol-types v1.3.0
#18 474.2    Compiling secp256k1-sys v0.10.1
#18 474.3    Compiling fastrand v2.3.0
#18 474.4    Compiling icu_properties v2.1.2
#18 474.4    Compiling icu_normalizer v2.1.1
#18 474.6    Compiling alloy-serde v1.0.41
#18 475.4    Compiling tempfile v3.24.0
#18 475.4    Compiling nybbles v0.4.6
#18 475.6    Compiling ipnet v2.11.0
#18 475.9    Compiling powerfmt v0.2.0
#18 476.4    Compiling idna_adapter v1.2.1
#18 476.6    Compiling alloy-trie v0.9.1
#18 477.1    Compiling deranged v0.5.5
#18 477.3    Compiling alloy-eips v1.0.41
#18 477.4    Compiling p3-util v0.2.3-succinct
#18 477.9    Compiling rustls v0.23.35
#18 478.1    Compiling utf8_iter v1.0.4
#18 478.3    Compiling openssl-probe v0.1.6
#18 478.5    Compiling p3-field v0.2.3-succinct
#18 478.6    Compiling tower v0.5.2
#18 479.1    Compiling time v0.3.44
#18 479.2    Compiling idna v1.1.0
#18 479.6    Compiling regex v1.12.2
#18 479.9    Compiling alloy-tx-macros v1.2.1
#18 480.6    Compiling atomic-waker v1.1.2
#18 481.4    Compiling h2 v0.4.12
#18 481.6    Compiling url v2.5.7
#18 481.7    Compiling p3-maybe-rayon v0.2.3-succinct
#18 481.8    Compiling itertools v0.13.0
#18 481.9    Compiling alloy-json-rpc v1.0.41
#18 482.2    Compiling secp256k1 v0.30.0
#18 482.3    Compiling ryu v1.0.21
#18 482.8    Compiling futures-utils-wasm v0.1.0
#18 483.1    Compiling p3-matrix v0.2.3-succinct
#18 483.1    Compiling itertools v0.14.0
#18 483.5    Compiling alloy-consensus v1.0.41
#18 483.9    Compiling const_format_proc_macros v0.2.34
#18 484.4    Compiling p3-symmetric v0.2.3-succinct
#18 484.4    Compiling rustls-native-certs v0.8.2
#18 485.0    Compiling revm-primitives v20.2.1
#18 485.4    Compiling primeorder v0.13.1 (https://github.com/sp1-patches/elliptic-curves?tag=patch-p256-13.2-sp1-5.0.0#10cca2ef)
#18 485.4    Compiling alloy-signer v1.0.41
#18 485.7    Compiling hyper v1.8.1
#18 486.1    Compiling toml_datetime v0.6.11
#18 486.1    Compiling blake3 v1.8.2
#18 486.2    Compiling revm-bytecode v5.0.0
#18 486.4    Compiling p256 v0.13.2 (https://github.com/sp1-patches/elliptic-curves?tag=patch-p256-13.2-sp1-5.0.0#10cca2ef)
#18 486.6    Compiling arrayref v0.3.9
#18 486.8    Compiling alloy-network-primitives v1.0.41
#18 486.9    Compiling alloy-consensus-any v1.0.41
#18 486.9    Compiling pkg-config v0.3.32
#18 486.9    Compiling constant_time_eq v0.3.1
#18 487.2    Compiling p3-dft v0.2.3-succinct
#18 487.2    Compiling num-rational v0.4.2
#18 487.6    Compiling revm-state v6.0.0
#18 488.0    Compiling hyper-util v0.1.19
#18 488.2    Compiling alloy-rpc-types-eth v1.0.41
#18 488.4    Compiling num-iter v0.1.45
#18 488.5    Compiling num-complex v0.4.6
#18 489.0    Compiling futures-executor v0.3.31
#18 489.0    Compiling bytemuck_derive v1.10.2
#18 489.7    Compiling data-encoding v2.9.0
#18 490.1    Compiling num v0.4.3
#18 490.1    Compiling eyre v0.6.12
#18 490.3    Compiling futures v0.3.31
#18 490.4    Compiling strum_macros v0.26.4
#18 490.5    Compiling strum_macros v0.27.2
#18 490.6    Compiling p3-mds v0.2.3-succinct
#18 491.0    Compiling p3-challenger v0.2.3-succinct
#18 491.1    Compiling alloy-rpc-types-any v1.0.41
#18 491.2    Compiling bytemuck v1.24.0
#18 491.4    Compiling alloy-network v1.0.41
#18 491.5    Compiling clap_derive v4.5.49
#18 492.1    Compiling gcd v2.3.0
#18 492.2    Compiling p3-commit v0.2.3-succinct
#18 492.5    Compiling webpki-roots v1.0.4
#18 492.7    Compiling prost-derive v0.13.5
#18 492.8    Compiling p3-poseidon2 v0.2.3-succinct
#18 492.9    Compiling ripemd v0.1.3
#18 492.9    Compiling sp1-derive v5.2.4
#18 493.0    Compiling semver v1.0.27
#18 493.1    Compiling strum v0.27.2
#18 493.2    Compiling mime v0.3.17
#18 493.7    Compiling utf8parse v0.2.2
#18 493.9    Compiling p3-air v0.2.3-succinct
#18 494.3    Compiling anstyle-parse v0.2.7
#18 494.3    Compiling parity-scale-codec-derive v3.7.5
#18 494.4    Compiling impl-trait-for-tuples v0.2.3
#18 494.4    Compiling anstyle v1.0.13
#18 494.7    Compiling colorchoice v1.0.4
#18 494.9    Compiling vcpkg v0.2.15
#18 495.0    Compiling anstyle-query v1.1.5
#18 495.0    Compiling is_terminal_polyfill v1.70.2
#18 495.4    Compiling p3-baby-bear v0.2.3-succinct
#18 495.4    Compiling revm-database-interface v6.0.0
#18 495.5    Compiling p3-interpolation v0.2.3-succinct
#18 495.6    Compiling anstream v0.6.21
#18 495.9    Compiling clang-sys v1.8.1
#18 496.0    Compiling bincode v1.3.3
#18 496.3    Compiling enum-ordinalize-derive v4.3.2
#18 496.4    Compiling clap_lex v0.7.6
#18 496.4    Compiling hashbrown v0.14.5
#18 496.5    Compiling p3-fri v0.2.3-succinct
#18 496.7    Compiling p3-uni-stark v0.2.3-succinct
#18 496.7    Compiling alloy-chains v0.2.23
#18 496.8    Compiling op-alloy-consensus v0.18.14
#18 497.1    Compiling p3-merkle-tree v0.2.3-succinct
#18 497.1    Compiling strum v0.26.3
#18 497.3    Compiling clap_builder v4.5.53
#18 497.5    Compiling sp1-primitives v5.2.4
#18 497.8    Compiling sysinfo v0.30.13
#18 497.9    Compiling rayon-scan v0.1.1
#18 497.9    Compiling http v0.2.12
#18 497.9    Compiling ark-std v0.5.0
#18 497.9    Compiling enum-ordinalize v4.3.2
#18 498.1    Compiling serde_spanned v0.6.9
#18 498.2    Compiling ark-serialize-derive v0.5.0
#18 498.3    Compiling toml_write v0.1.2
#18 498.6    Compiling static_assertions v1.1.0
#18 498.8    Compiling educe v0.6.0
#18 498.9    Compiling ark-ff-macros v0.5.0
#18 498.9    Compiling derive_more-impl v1.0.0
#18 499.3    Compiling sp1-stark v5.2.4
#18 499.5    Compiling toml_edit v0.22.27
#18 499.5    Compiling ark-serialize v0.5.0
#18 500.0    Compiling clap v4.5.53
#18 500.1    Compiling ark-ff-asm v0.5.0
#18 500.3    Compiling cbindgen v0.27.0
#18 500.7    Compiling http-body v0.4.6
#18 501.0    Compiling rustc_version v0.4.1
#18 501.0    Compiling pairing v0.23.0
#18 501.3    Compiling tokio-stream v0.1.17
#18 501.5    Compiling pin-project-internal v1.1.10
#18 501.6    Compiling minimal-lexical v0.2.1
#18 501.7    Compiling heck v0.4.1
#18 501.8    Compiling ark-ff v0.5.0
#18 502.0    Compiling toml v0.8.23
#18 502.2    Compiling sp1_bls12_381 v0.8.0-sp1-5.0.0
#18 502.2    Compiling uuid v1.19.0
#18 502.6    Compiling nom v7.1.3
#18 502.7    Compiling scale-info-derive v2.11.6
#18 502.8    Compiling libloading v0.8.9
#18 503.2    Compiling pathdiff v0.2.3
#18 503.5    Compiling alloy-genesis v1.0.41
#18 503.5    Compiling pin-project v1.1.10
#18 503.8    Compiling kzg-rs v0.2.7
#18 504.5    Compiling dyn-clone v1.0.20
#18 504.6    Compiling cexpr v0.6.0
#18 504.8    Compiling num-modular v0.6.1
#18 505.1    Compiling rustc-hex v2.1.0
#18 505.7    Compiling reth-primitives-traits v1.5.0 (https://github.com/paradigmxyz/reth?tag=v1.5.0#61e38f9a)
#18 506.0    Compiling ark-poly v0.5.0
#18 506.1    Compiling num-order v1.2.0
#18 506.2    Compiling openssl-sys v0.9.111
#18 506.5    Compiling revm-context-interface v7.0.1
#18 506.8    Compiling const_format v0.2.35
#18 507.0    Compiling rand_core v0.9.3
#18 507.1    Compiling serde_arrays v0.2.0
#18 507.3    Compiling socket2 v0.5.10
#18 507.5    Compiling sp1-core-machine v5.2.4
#18 507.6    Compiling dashu-base v0.4.1
#18 507.9    Compiling ark-ec v0.5.0
#18 508.0    Compiling rand_chacha v0.9.0
#18 508.6    Compiling dashu-int v0.4.1
#18 509.0    Compiling substrate-bn v0.6.0 (https://github.com/sp1-patches/bn?tag=patch-0.6.0-sp1-5.0.0#e0d67f21)
#18 509.1    Compiling aurora-engine-modexp v1.2.0
#18 509.1    Compiling serde_urlencoded v0.7.1
#18 509.7    Compiling derive-where v1.6.0
#18 510.0    Compiling winnow v0.5.40
#18 510.1    Compiling rand v0.9.2
#18 510.6    Compiling ark-bn254 v0.5.0
#18 511.0    Compiling ark-bls12-381 v0.5.0
#18 511.1    Compiling dashu-float v0.4.3
#18 511.4    Compiling revm-interpreter v22.0.1
#18 511.5    Compiling alloy-hardforks v0.2.13
#18 511.6    Compiling revm-database v6.0.0
#18 512.2    Compiling revm-context v7.0.1
#18 512.6    Compiling revm-precompile v23.0.0
#18 512.6    Compiling toml_edit v0.19.15
#18 512.8    Compiling indenter v0.3.4
#18 513.1    Compiling dashu-ratio v0.4.1
#18 513.9    Compiling crossbeam-channel v0.5.15
#18 513.9    Compiling tinyvec_macros v0.1.1
#18 514.1    Compiling foreign-types-shared v0.1.1
#18 514.2    Compiling revm-handler v7.0.1
#18 514.6    Compiling openssl v0.10.75
#18 514.6    Compiling foreign-types v0.3.2
#18 514.7    Compiling proc-macro-crate v1.3.1
#18 515.0    Compiling dashu-macros v0.4.1
#18 515.0    Compiling tinyvec v1.10.0
#18 515.9    Compiling revm-inspector v7.0.1
#18 515.9    Compiling num_enum_derive v0.5.11
#18 516.2    Compiling openssl-macros v0.1.1
#18 516.3    Compiling encoding_rs v0.8.35
#18 516.3    Compiling native-tls v0.2.14
#18 516.7    Compiling beef v0.5.2
#18 516.9    Compiling range-set-blaze v0.1.16
#18 517.1    Compiling revm v26.0.1
#18 517.6    Compiling op-revm v7.0.1
#18 517.7    Compiling prost v0.13.5
#18 517.8    Compiling enum-as-inner v0.6.1
#18 517.8    Compiling enum-map-derive v0.17.0
#18 518.3    Compiling parity-scale-codec v3.7.5
#18 518.8    Compiling tagptr v0.2.0
#18 519.0    Compiling object v0.37.3
#18 519.5    Compiling hickory-proto v0.25.2
#18 519.5    Compiling moka v0.12.12
#18 519.6    Compiling alloy-evm v0.12.3
#18 519.9    Compiling h2 v0.3.27
#18 521.9    Compiling tokio-native-tls v0.3.1
#18 521.9    Compiling byte-slice-cast v1.2.3
#18 522.5    Compiling resolv-conf v0.7.6
#18 522.8    Compiling iri-string v0.7.9
#18 522.9    Compiling hyper-tls v0.6.0
#18 523.5    Compiling prost-types v0.13.5
#18 523.9    Compiling hickory-resolver v0.25.2
#18 524.2    Compiling hyper v0.14.32
#18 525.5    Compiling tower-http v0.6.8
#18 525.5    Compiling sp1-recursion-core v5.2.4
#18 525.7    Compiling ark-ff-macros v0.4.2
#18 527.1    Compiling subenum v1.1.3
#18 527.4    Compiling derivative v2.2.0
#18 527.4    Compiling ark-ff-asm v0.4.2
#18 528.3    Compiling outref v0.5.2
#18 528.7    Compiling vsimd v0.8.0
#18 529.7    Compiling bytes-utils v0.1.4
#18 529.8    Compiling miette-derive v7.6.0
#18 530.1    Compiling base64-simd v0.8.0
#18 530.2    Compiling multimap v0.10.1
#18 530.6    Compiling unicode-width v0.1.14
#18 531.0    Compiling reth-trie-common v1.5.0 (https://github.com/paradigmxyz/reth?tag=v1.5.0#61e38f9a)
#18 531.2    Compiling aws-smithy-types v1.3.5
#18 531.3    Compiling sha1 v0.10.6
#18 531.3    Compiling async-stream-impl v0.3.6
#18 531.8    Compiling miette v7.6.0
#18 532.0    Compiling bindgen v0.70.1
#18 532.7    Compiling async-stream v0.3.6
#18 533.4    Compiling derive_more v1.0.0
#18 533.4    Compiling reth-static-file-types v1.5.0 (https://github.com/paradigmxyz/reth?tag=v1.5.0#61e38f9a)
#18 533.6    Compiling rustc-hash v1.1.0
#18 534.5    Compiling scale-info v2.11.6
#18 536.4    Compiling dashmap v6.1.0
#18 536.6    Compiling reth-prune-types v1.5.0 (https://github.com/paradigmxyz/reth?tag=v1.5.0#61e38f9a)
#18 536.9    Compiling aws-smithy-async v1.2.7
#18 536.9    Compiling ff v0.12.1
#18 538.6    Compiling rustls v0.21.12
#18 539.0    Compiling memuse v0.2.2
#18 539.6    Compiling matchers v0.2.0
#18 539.8    Compiling group v0.12.1
#18 540.6    Compiling rustls-webpki v0.103.8
#18 541.0    Compiling aws-smithy-runtime-api v1.9.3
#18 541.1    Compiling reth-storage-errors v1.5.0 (https://github.com/paradigmxyz/reth?tag=v1.5.0#61e38f9a)
#18 541.9    Compiling reth-ethereum-forks v1.5.0 (https://github.com/paradigmxyz/reth?tag=v1.5.0#61e38f9a)
#18 542.0    Compiling rustls-webpki v0.101.7
#18 542.5    Compiling sct v0.7.1
#18 542.5    Compiling sharded-slab v0.1.7
#18 542.6    Compiling tracing-log v0.2.0
#18 543.0    Compiling thread_local v1.1.9
#18 544.7    Compiling fixedbitset v0.5.7
#18 544.7    Compiling nu-ansi-term v0.50.3
#18 545.7    Compiling petgraph v0.7.1
#18 545.9    Compiling tokio-rustls v0.26.4
#18 546.2    Compiling tracing-subscriber v0.3.22
#18 546.9    Compiling hyper-rustls v0.27.7
#18 548.0    Compiling reth-ethereum-primitives v1.5.0 (https://github.com/paradigmxyz/reth?tag=v1.5.0#61e38f9a)
#18 548.1    Compiling sp1-recursion-derive v5.2.4
#18 548.1    Compiling serde_bytes v0.11.19
#18 548.1    Compiling adler2 v2.0.1
#18 548.9    Compiling simd-adler32 v0.3.8
#18 549.6    Compiling tokio-rustls v0.24.1
#18 550.6    Compiling miniz_oxide v0.8.9
#18 550.9    Compiling reqwest v0.12.28
#18 551.3    Compiling prost-build v0.13.5
#18 553.1    Compiling blake2b_simd v1.0.3
#18 553.5    Compiling flex-error v0.4.4
#18 554.1    Compiling alloy-transport v1.0.41
#18 554.3    Compiling reth-network-peers v1.5.0 (https://github.com/paradigmxyz/reth?tag=v1.5.0#61e38f9a)
#18 554.5    Compiling digest v0.9.0
#18 554.5    Compiling subtle-encoding v0.5.1
#18 555.3    Compiling utf-8 v0.7.6
#18 556.6    Compiling tendermint-proto v0.40.4
#18 556.7    Compiling reth-chainspec v1.5.0 (https://github.com/paradigmxyz/reth?tag=v1.5.0#61e38f9a)
#18 557.5    Compiling downloader v0.2.8
#18 557.6    Compiling data-encoding-macro-internal v0.1.16
#18 558.6    Compiling hyper-rustls v0.24.2
#18 559.0    Compiling reth-execution-types v1.5.0 (https://github.com/paradigmxyz/reth?tag=v1.5.0#61e38f9a)
#18 560.1    Compiling webpki-roots v0.26.11
#18 561.1    Compiling prost-derive v0.12.6
#18 561.3    Compiling block-buffer v0.9.0
#18 561.4    Compiling match-lookup v0.1.1
#18 561.5    Compiling core2 v0.4.0
#18 561.6    Compiling indexmap v1.9.3
#18 562.1    Compiling opaque-debug v0.3.1
#18 562.2    Compiling base64 v0.21.7
#18 562.3    Compiling unsigned-varint v0.8.0
#18 562.4    Compiling subtle-ng v2.5.0
#18 562.6    Compiling bimap v0.6.3
#18 562.8    Compiling const-str v0.4.3
#18 563.1    Compiling matchit v0.7.3
#18 563.4    Compiling multihash v0.19.3
#18 563.5    Compiling curve25519-dalek-ng v4.1.1
#18 563.7    Compiling alloy-pubsub v1.0.41
#18 564.2    Compiling base256emoji v1.0.2
#18 564.5    Compiling sha2 v0.9.9
#18 564.9    Compiling dashu v0.4.2
#18 565.2    Compiling data-encoding-macro v0.1.18
#18 565.4    Compiling pasta_curves v0.4.1
#18 565.5    Compiling reth-execution-errors v1.5.0 (https://github.com/paradigmxyz/reth?tag=v1.5.0#61e38f9a)
#18 565.5    Compiling pairing v0.22.0
#18 566.0    Compiling snowbridge-amcl v1.0.2
#18 566.5    Compiling reth-stages-types v1.5.0 (https://github.com/paradigmxyz/reth?tag=v1.5.0#61e38f9a)
#18 567.4    Compiling num_enum v0.5.11
#18 567.5    Compiling logos-codegen v0.14.4
#18 568.1    Compiling ark-std v0.4.0
#18 568.1    Compiling ed25519 v2.2.3
#18 568.6    Compiling generic-array v1.1.0
#18 568.9    Compiling num_cpus v1.17.0
#18 569.3    Compiling gen_ops v0.4.0
#18 569.6    Compiling downcast-rs v1.2.1
#18 569.7    Compiling rustc-hash v2.1.1
#18 569.8    Compiling camino v1.2.2
#18 569.9    Compiling base-x v0.2.11
#18 570.1    Compiling hashbrown v0.12.3
#18 570.1    Compiling rrs-succinct v0.1.0
#18 570.4    Compiling sp1-curves v5.2.4
#18 570.6    Compiling logos-derive v0.14.4
#18 570.9    Compiling multibase v0.9.2
#18 571.7    Compiling ark-serialize v0.4.2
#18 571.9    Compiling halo2_proofs v0.1.0
#18 572.1    Compiling bls12_381 v0.7.1
#18 572.1    Compiling ed25519-consensus v2.1.0
#18 572.2    Compiling aws-credential-types v1.2.11
#18 572.3    Compiling aws-smithy-http v0.62.6
#18 572.6    Compiling enum-map v2.7.3
#18 573.1    Compiling logos-codegen v0.15.1
#18 573.2    Compiling aws-types v1.3.11
#18 573.5    Compiling itertools v0.10.5
#18 573.7    Compiling vec_map v0.8.2
#18 573.7    Compiling serde_repr v0.1.20
#18 573.9    Compiling serial_test_derive v3.2.0
#18 574.1    Compiling proc-macro2-diagnostics v0.10.1
#18 574.8    Compiling nohash-hasher v0.2.0
#18 574.9    Compiling ansi_term v0.12.1
#18 575.0    Compiling elf v0.7.4
#18 575.0    Compiling gimli v0.32.3
#18 575.2    Compiling tendermint v0.40.4
#18 575.3    Compiling ark-ff v0.4.2
#18 575.5    Compiling jubjub v0.9.0
#18 575.6    Compiling tower v0.4.13
#18 576.8    Compiling sp1-core-executor v5.2.4
#18 577.2    Compiling tracing-forest v0.1.6
#18 577.5    Compiling halo2 v0.1.0-beta.2
#18 577.8    Compiling addr2line v0.25.1
#18 578.3    Compiling logos v0.14.4
#18 579.5    Compiling pasta_curves v0.5.1
#18 579.6    Compiling p3-keccak-air v0.2.3-succinct
#18 579.7    Compiling aws-smithy-observability v0.1.5
#18 579.9    Compiling alloy-op-hardforks v0.2.13
#18 582.2    Compiling lru v0.13.0
#18 582.3    Compiling blake2 v0.10.6
#18 583.1    Compiling serde_path_to_error v0.1.20
#18 583.3    Compiling rustc-demangle v0.1.26
#18 583.4    Compiling urlencoding v2.1.3
#18 583.4    Compiling yansi v1.0.1
#18 583.5    Compiling web-time v1.1.0
#18 584.4    Compiling size v0.4.1
#18 584.4    Compiling backtrace v0.3.76
#18 585.5    Compiling zkhash v0.2.0
#18 586.9    Compiling aws-sigv4 v1.3.7
#18 589.0    Compiling cid v0.11.1
#18 589.0    Compiling reth-consensus v1.5.0 (https://github.com/paradigmxyz/reth?tag=v1.5.0#61e38f9a)
#18 589.9    Compiling p3-bn254-fr v0.2.3-succinct
#18 590.9    Compiling reth-db-models v1.5.0 (https://github.com/paradigmxyz/reth?tag=v1.5.0#61e38f9a)
#18 591.1    Compiling alloy-rpc-types-engine v1.0.41
#18 591.8    Compiling hyper-timeout v0.5.2
#18 592.5    Compiling rust_decimal v1.39.0
#18 594.4    Compiling reth-storage-api v1.5.0 (https://github.com/paradigmxyz/reth?tag=v1.5.0#61e38f9a)
#18 594.6    Compiling logos-derive v0.15.1
#18 594.7    Compiling reth-optimism-forks v1.5.0 (https://github.com/paradigmxyz/reth?tag=v1.5.0#61e38f9a)
#18 595.0    Compiling prost-reflect v0.14.7
#18 595.1    Compiling protox-parse v0.7.0
#18 595.7    Compiling prost v0.12.6
#18 596.0    Compiling sp1-recursion-gnark-ffi v5.2.4
#18 596.0    Compiling aws-smithy-json v0.61.9
#18 597.0    Compiling reth-optimism-primitives v1.5.0 (https://github.com/paradigmxyz/reth?tag=v1.5.0#61e38f9a)
#18 597.1    Compiling op-alloy-rpc-types v0.18.14
#18 597.2    Compiling hkdf v0.12.4
#18 597.4    Compiling axum-core v0.3.4
#18 598.3    Compiling fixedbitset v0.4.2
#18 598.6    Compiling regex-lite v0.1.8
#18 599.2    Compiling iana-time-zone v0.1.64
#18 599.4    Compiling sync_wrapper v0.1.2
#18 599.4    Compiling petgraph v0.6.5
#18 600.9    Compiling chrono v0.4.42
#18 601.1    Compiling protox v0.7.2
#18 601.2 error: failed to run custom build command for `sp1-recursion-gnark-ffi v5.2.4`
#18 601.2 
#18 601.2 Caused by:
#18 601.2   process didn't exit successfully: `/build/target/release/build/sp1-recursion-gnark-ffi-00b4daa26795667f/build-script-build` (exit status: 101)
#18 601.2   --- stdout
#18 601.2   cargo:rerun-if-changed=go
#18 601.2   Building Go library at /build/target/release/build/sp1-recursion-gnark-ffi-cae2dc7b8f4467c0/out/libsp1gnark.a
#18 601.2 
#18 601.2   --- stderr
#18 601.2 
#18 601.2   thread 'main' panicked at /usr/local/cargo/registry/src/index.crates.io-1949cf8c6b5b557f/sp1-recursion-gnark-ffi-5.2.4/build.rs:52:17:
#18 601.2   Go build failed
#18 601.2   note: run with `RUST_BACKTRACE=1` environment variable to display a backtrace
#18 601.2 warning: build failed, waiting for other jobs to finish...
#18 ERROR: process "/bin/sh -c cargo build --release -p evolve-tee && rm -rf app/src circuit/src light-client/src types/src" did not complete successfully: exit code: 101
------
 > [builder 10/15] RUN cargo build --release -p evolve-tee && rm -rf app/src circuit/src light-client/src types/src:
601.2   --- stdout
601.2   cargo:rerun-if-changed=go
601.2   Building Go library at /build/target/release/build/sp1-recursion-gnark-ffi-cae2dc7b8f4467c0/out/libsp1gnark.a
601.2 
601.2   --- stderr
601.2 
601.2   thread 'main' panicked at /usr/local/cargo/registry/src/index.crates.io-1949cf8c6b5b557f/sp1-recursion-gnark-ffi-5.2.4/build.rs:52:17:
601.2   Go build failed
601.2   note: run with `RUST_BACKTRACE=1` environment variable to display a backtrace
601.2 warning: build failed, waiting for other jobs to finish...
------
Dockerfile:28
--------------------
  26 |     
  27 |     # Build dependencies (this layer will be cached)
  28 | >>> RUN cargo build --release -p evolve-tee && rm -rf app/src circuit/src light-client/src types/src
  29 |     
  30 |     # Copy actual source code for all workspace members
--------------------
ERROR: failed to build: failed to solve: process "/bin/sh -c cargo build --release -p evolve-tee && rm -rf app/src circuit/src light-client/src types/src" did not complete successfully: exit code: 101

View build details: docker-desktop://dashboard/build/desktop-linux/desktop-linux/3lmal7j7hg290lf826kfy5xiq
