The push refers to repository [docker.io/jonas089/evolve-tee]
b7d577a28d94: Waiting
e7d42e7e69fa: Waiting
339b257ac37b: Waiting
0347dcb76707: Waiting
af3f5de61a34: Waiting
6c9c8638f040: Waiting
e7d42e7e69fa: Waiting
339b257ac37b: Waiting
0347dcb76707: Waiting
af3f5de61a34: Waiting
6c9c8638f040: Waiting
b7d577a28d94: Waiting
b7d577a28d94: Waiting
e7d42e7e69fa: Waiting
339b257ac37b: Waiting
0347dcb76707: Waiting
af3f5de61a34: Waiting
6c9c8638f040: Waiting
e7d42e7e69fa: Waiting
339b257ac37b: Waiting
0347dcb76707: Waiting
af3f5de61a34: Waiting
6c9c8638f040: Waiting
b7d577a28d94: Waiting
339b257ac37b: Waiting
0347dcb76707: Waiting
af3f5de61a34: Waiting
6c9c8638f040: Waiting
b7d577a28d94: Waiting
e7d42e7e69fa: Waiting
339b257ac37b: Waiting
0347dcb76707: Waiting
af3f5de61a34: Waiting
6c9c8638f040: Waiting
b7d577a28d94: Waiting
e7d42e7e69fa: Waiting
af3f5de61a34: Waiting
6c9c8638f040: Waiting
b7d577a28d94: Waiting
e7d42e7e69fa: Waiting
339b257ac37b: Waiting
0347dcb76707: Waiting
e7d42e7e69fa: Waiting
339b257ac37b: Waiting
0347dcb76707: Waiting
af3f5de61a34: Waiting
6c9c8638f040: Waiting
b7d577a28d94: Waiting
6c9c8638f040: Waiting
b7d577a28d94: Waiting
e7d42e7e69fa: Waiting
339b257ac37b: Waiting
0347dcb76707: Layer already exists
af3f5de61a34: Waiting
6c9c8638f040: Waiting
b7d577a28d94: Waiting
e7d42e7e69fa: Waiting
339b257ac37b: Waiting
af3f5de61a34: Waiting
6c9c8638f040: Waiting
b7d577a28d94: Waiting
e7d42e7e69fa: Waiting
339b257ac37b: Waiting
af3f5de61a34: Waiting
e7d42e7e69fa: Waiting
339b257ac37b: Waiting
af3f5de61a34: Waiting
6c9c8638f040: Waiting
b7d577a28d94: Waiting
6c9c8638f040: Pushed
e7d42e7e69fa: Pushed
339b257ac37b: Pushed
af3f5de61a34: Pushed
b7d577a28d94: Pushed
latest: digest: sha256:c156c7fe6b01d22e8609e4e042558a0f87667c445ab6902503b8fbecdee41a2f size: 856
