The push refers to repository [docker.io/jonas089/evolve-tee]
39f945dbc467: Waiting
cf68e420bcab: Waiting
ae4ce04d0e1c: Waiting
a90dc5977267: Waiting
56c4dca2a829: Waiting
39f945dbc467: Waiting
cf68e420bcab: Waiting
ae4ce04d0e1c: Waiting
a90dc5977267: Waiting
56c4dca2a829: Waiting
56c4dca2a829: Waiting
39f945dbc467: Waiting
cf68e420bcab: Waiting
ae4ce04d0e1c: Waiting
a90dc5977267: Waiting
a90dc5977267: Waiting
56c4dca2a829: Waiting
39f945dbc467: Waiting
cf68e420bcab: Waiting
ae4ce04d0e1c: Waiting
cf68e420bcab: Waiting
ae4ce04d0e1c: Waiting
a90dc5977267: Waiting
56c4dca2a829: Waiting
39f945dbc467: Waiting
cf68e420bcab: Waiting
ae4ce04d0e1c: Waiting
a90dc5977267: Waiting
56c4dca2a829: Waiting
39f945dbc467: Waiting
39f945dbc467: Waiting
cf68e420bcab: Waiting
ae4ce04d0e1c: Waiting
a90dc5977267: Waiting
56c4dca2a829: Waiting
56c4dca2a829: Layer already exists
39f945dbc467: Waiting
cf68e420bcab: Waiting
ae4ce04d0e1c: Waiting
a90dc5977267: Waiting
cf68e420bcab: Layer already exists
ae4ce04d0e1c: Waiting
a90dc5977267: Waiting
39f945dbc467: Waiting
39f945dbc467: Already exists
ae4ce04d0e1c: Waiting
a90dc5977267: Layer already exists
ae4ce04d0e1c: Layer already exists
latest: digest: sha256:79e5ec89615df6d39f073dd2644ce8447e59be658e21d6ccba0aefd4f20310eb size: 856
