The push refers to repository [docker.io/jonas089/evolve-tee]
4b68d4ebeb7e: Waiting
c3339cd514bd: Waiting
47aee10739bf: Waiting
1d718e431c75: Waiting
0347dcb76707: Waiting
43ffb6e0264a: Waiting
c3339cd514bd: Waiting
47aee10739bf: Waiting
1d718e431c75: Waiting
0347dcb76707: Waiting
43ffb6e0264a: Waiting
4b68d4ebeb7e: Waiting
4b68d4ebeb7e: Waiting
c3339cd514bd: Waiting
47aee10739bf: Waiting
1d718e431c75: Waiting
0347dcb76707: Waiting
43ffb6e0264a: Waiting
0347dcb76707: Waiting
43ffb6e0264a: Waiting
4b68d4ebeb7e: Waiting
c3339cd514bd: Waiting
47aee10739bf: Waiting
1d718e431c75: Waiting
0347dcb76707: Waiting
43ffb6e0264a: Waiting
4b68d4ebeb7e: Waiting
c3339cd514bd: Waiting
47aee10739bf: Waiting
1d718e431c75: Waiting
c3339cd514bd: Waiting
47aee10739bf: Waiting
1d718e431c75: Waiting
0347dcb76707: Waiting
43ffb6e0264a: Waiting
4b68d4ebeb7e: Waiting
4b68d4ebeb7e: Waiting
c3339cd514bd: Waiting
47aee10739bf: Waiting
1d718e431c75: Waiting
0347dcb76707: Waiting
43ffb6e0264a: Waiting
47aee10739bf: Waiting
1d718e431c75: Waiting
0347dcb76707: Waiting
43ffb6e0264a: Waiting
4b68d4ebeb7e: Waiting
c3339cd514bd: Waiting
43ffb6e0264a: Waiting
4b68d4ebeb7e: Waiting
c3339cd514bd: Waiting
47aee10739bf: Waiting
1d718e431c75: Waiting
0347dcb76707: Waiting
1d718e431c75: Waiting
0347dcb76707: Waiting
43ffb6e0264a: Waiting
4b68d4ebeb7e: Waiting
c3339cd514bd: Waiting
47aee10739bf: Waiting
4b68d4ebeb7e: Waiting
c3339cd514bd: Waiting
47aee10739bf: Waiting
1d718e431c75: Waiting
0347dcb76707: Layer already exists
43ffb6e0264a: Waiting
4b68d4ebeb7e: Waiting
4b68d4ebeb7e: Waiting
47aee10739bf: Pushed
c3339cd514bd: Pushed
4b68d4ebeb7e: Pushed
1d718e431c75: Pushed
43ffb6e0264a: Pushed
latest: digest: sha256:3549ec25a0f49edf657e058bd5d0ce289d5c07d123463a974e242ca3df6ca3ef size: 856
