The push refers to repository [docker.io/jonas089/evolve-tee]
7c8ce1419fe2: Waiting
e227a6f7baf4: Waiting
0347dcb76707: Waiting
07a2d239d5a9: Waiting
ecb7d371ee29: Waiting
c96a86e745f5: Waiting
07a2d239d5a9: Waiting
ecb7d371ee29: Waiting
c96a86e745f5: Waiting
7c8ce1419fe2: Waiting
e227a6f7baf4: Waiting
0347dcb76707: Waiting
07a2d239d5a9: Waiting
ecb7d371ee29: Waiting
c96a86e745f5: Waiting
7c8ce1419fe2: Waiting
e227a6f7baf4: Waiting
0347dcb76707: Waiting
7c8ce1419fe2: Waiting
e227a6f7baf4: Waiting
0347dcb76707: Waiting
07a2d239d5a9: Waiting
ecb7d371ee29: Waiting
c96a86e745f5: Waiting
ecb7d371ee29: Waiting
c96a86e745f5: Waiting
7c8ce1419fe2: Waiting
e227a6f7baf4: Waiting
0347dcb76707: Waiting
07a2d239d5a9: Waiting
c96a86e745f5: Waiting
7c8ce1419fe2: Waiting
e227a6f7baf4: Waiting
0347dcb76707: Waiting
07a2d239d5a9: Waiting
ecb7d371ee29: Waiting
c96a86e745f5: Waiting
7c8ce1419fe2: Waiting
e227a6f7baf4: Waiting
0347dcb76707: Waiting
07a2d239d5a9: Waiting
ecb7d371ee29: Waiting
7c8ce1419fe2: Waiting
e227a6f7baf4: Waiting
0347dcb76707: Waiting
07a2d239d5a9: Waiting
ecb7d371ee29: Waiting
c96a86e745f5: Waiting
7c8ce1419fe2: Waiting
e227a6f7baf4: Waiting
0347dcb76707: Waiting
07a2d239d5a9: Waiting
ecb7d371ee29: Waiting
c96a86e745f5: Waiting
e227a6f7baf4: Waiting
0347dcb76707: Layer already exists
07a2d239d5a9: Waiting
ecb7d371ee29: Waiting
c96a86e745f5: Waiting
7c8ce1419fe2: Waiting
ecb7d371ee29: Waiting
c96a86e745f5: Waiting
7c8ce1419fe2: Waiting
e227a6f7baf4: Waiting
ecb7d371ee29: Pushed
7c8ce1419fe2: Pushed
e227a6f7baf4: Pushed
07a2d239d5a9: Pushed
c96a86e745f5: Pushed
latest: digest: sha256:83ec84616e2bee6dac276fb4e48dfd4bc80f36e1369b8447c74416c4393630e0 size: 856
