#0 building with "desktop-linux" instance using docker driver

#1 [internal] load build definition from Dockerfile
#1 transferring dockerfile: 1.74kB done
#1 DONE 0.0s

#2 [internal] load metadata for docker.io/library/rust:1.88
#2 ...

#3 [auth] library/rust:pull token for registry-1.docker.io
#3 DONE 0.0s

#4 [auth] library/debian:pull token for registry-1.docker.io
#4 DONE 0.0s

#5 [internal] load metadata for docker.io/library/debian:bookworm-slim
#5 DONE 1.1s

#2 [internal] load metadata for docker.io/library/rust:1.88
#2 DONE 1.2s

#6 [internal] load .dockerignore
#6 transferring context: 2B done
#6 DONE 0.0s

#7 [stage-1 1/4] FROM docker.io/library/debian:bookworm-slim@sha256:d5d3f9c23164ea16f31852f95bd5959aad1c5e854332fe00f7b3a20fcc9f635c
#7 resolve docker.io/library/debian:bookworm-slim@sha256:d5d3f9c23164ea16f31852f95bd5959aad1c5e854332fe00f7b3a20fcc9f635c done
#7 DONE 0.0s

#8 [stage-1 2/4] RUN apt-get update && apt-get install -y     ca-certificates     && rm -rf /var/lib/apt/lists/*
#8 CACHED

#9 [stage-1 3/4] WORKDIR /app
#9 CACHED

#10 [builder  1/16] FROM docker.io/library/rust:1.88@sha256:af306cfa71d987911a781c37b59d7d67d934f49684058f96cf72079c3626bfe0
#10 resolve docker.io/library/rust:1.88@sha256:af306cfa71d987911a781c37b59d7d67d934f49684058f96cf72079c3626bfe0 done
#10 DONE 0.0s

#11 [builder  2/16] RUN apt-get update && apt-get install -y     clang     libclang-dev     && rm -rf /var/lib/apt/lists/*
#11 CACHED

#12 [internal] load build context
#12 transferring context: 597B done
#12 DONE 0.0s

#13 [builder  3/16] RUN curl -fsSL https://go.dev/dl/go1.22.5.linux-amd64.tar.gz | tar -C /usr/local -xzf -
#13 DONE 2.4s

#14 [builder  4/16] WORKDIR /build
#14 DONE 0.0s

#15 [builder  5/16] COPY Cargo.toml Cargo.lock ./
#15 DONE 0.0s

#16 [builder  6/16] COPY app/Cargo.toml ./app/
#16 DONE 0.0s

#17 [builder  7/16] COPY circuit/Cargo.toml ./circuit/
#17 DONE 0.0s

#18 [builder  8/16] COPY light-client/Cargo.toml ./light-client/
#18 DONE 0.0s

#19 [builder  9/16] COPY types/Cargo.toml ./types/
#19 DONE 0.0s

#20 [builder 10/16] RUN mkdir -p app/src && echo "fn main() {}" > app/src/main.rs &&     mkdir -p circuit/src && echo "fn main() {}" > circuit/src/main.rs &&     mkdir -p light-client/src && echo "" > light-client/src/lib.rs &&     mkdir -p types/src && echo "" > types/src/lib.rs
#20 DONE 0.1s

#21 [builder 11/16] RUN cargo build --release -p evolve-tee && rm -rf app/src circuit/src light-client/src types/src
#21 0.479     Updating git repository `https://github.com/sp1-patches/bn`
#21 1.405     Updating git repository `https://github.com/sp1-patches/curve25519-dalek`
#21 2.950     Updating git repository `https://github.com/sp1-patches/elliptic-curves`
#21 3.677     Updating git repository `https://github.com/sp1-patches/elliptic-curves`
#21 4.183     Updating git repository `https://github.com/sp1-patches/RustCrypto-hashes`
#21 4.815     Updating git repository `https://github.com/sp1-patches/RustCrypto-hashes`
#21 5.315     Updating crates.io index
#21 5.417     Updating git repository `https://github.com/celestiaorg/celestia-zkevm/`
#21 16.14     Updating git repository `https://github.com/jonas089/dstack`
#21 409.5     Updating git repository `https://github.com/celestiaorg/celestia-zkevm/`
#21 410.8     Updating git repository `https://github.com/jonas089/dcap-qvl`
#21 412.3     Updating git repository `https://github.com/paradigmxyz/reth`
#21 426.8     Updating git repository `https://github.com/succinctlabs/rsp.git`
#21 427.5     Updating git repository `https://github.com/rwf2/Rocket`
#21 429.7     Updating git repository `https://github.com/sp1-patches/signatures.git`
#21 432.3     Updating git repository `https://github.com/SergioBenitez/s2n-quic-h3.git`
#21 438.3  Downloading crates ...
#21 438.5   Downloaded alloy-rpc-types-any v1.0.41
#21 438.5   Downloaded ark-ff-macros v0.5.0
#21 438.5   Downloaded alloy-rlp-derive v0.3.12
#21 438.5   Downloaded alloy-signer-aws v1.0.41
#21 438.5   Downloaded adler2 v2.0.1
#21 438.5   Downloaded aws-smithy-http v0.62.6
#21 438.5   Downloaded alloy-op-hardforks v0.2.13
#21 438.5   Downloaded dashu-macros v0.4.1
#21 438.5   Downloaded alloy-rlp v0.3.12
#21 438.5   Downloaded alloy-transport-ws v1.0.41
#21 438.5   Downloaded alloy-signer v1.0.41
#21 438.5   Downloaded alloy-op-evm v0.12.3
#21 438.5   Downloaded data-encoding-macro v0.1.18
#21 438.5   Downloaded futures-core v0.3.31
#21 438.5   Downloaded addr2line v0.25.1
#21 438.5   Downloaded derive-where v1.6.0
#21 438.5   Downloaded alloy-pubsub v1.0.41
#21 438.5   Downloaded dashu v0.4.2
#21 438.5   Downloaded alloy-rpc-types-engine v1.0.41
#21 438.5   Downloaded devise_codegen v0.4.2
#21 438.5   Downloaded data-encoding-macro-internal v0.1.16
#21 438.5   Downloaded alloy-sol-macro-expander v1.3.0
#21 438.5   Downloaded alloy-rpc-types-eth v1.0.41
#21 438.5   Downloaded alloy-provider v1.0.32
#21 438.5   Downloaded alloy-primitives v1.3.0
#21 438.5   Downloaded alloy-consensus v1.0.41
#21 438.5   Downloaded darling_macro v0.21.3
#21 438.5   Downloaded crunchy v0.2.4
#21 438.5   Downloaded alloy-rpc-client v1.0.41
#21 438.6   Downloaded cuckoofilter v0.5.0
#21 438.6   Downloaded alloy-chains v0.2.23
#21 438.6   Downloaded futures-sink v0.3.31
#21 438.6   Downloaded deranged v0.5.5
#21 438.6   Downloaded der_derive v0.7.3
#21 438.6   Downloaded dashmap v6.1.0
#21 438.6   Downloaded aws-smithy-async v1.2.7
#21 438.6   Downloaded futures-task v0.3.31
#21 438.6   Downloaded alloy-eip7702 v0.6.1
#21 438.6   Downloaded futures-macro v0.3.31
#21 438.6   Downloaded form_urlencoded v1.2.2
#21 438.6   Downloaded fnv v1.0.7
#21 438.6   Downloaded fixedbitset v0.4.2
#21 438.6   Downloaded ff v0.12.1
#21 438.6   Downloaded fastrlp v0.4.0
#21 438.6   Downloaded digest v0.9.0
#21 438.6   Downloaded dashu-base v0.4.1
#21 438.6   Downloaded crossbeam-epoch v0.9.18
#21 438.6   Downloaded autocfg v1.5.0
#21 438.6   Downloaded auto_impl v1.3.0
#21 438.6   Downloaded litemap v0.8.1
#21 438.6   Downloaded openssl-macros v0.1.1
#21 438.6   Downloaded num-iter v0.1.45
#21 438.6   Downloaded nohash-hasher v0.2.0
#21 438.6   Downloaded multibase v0.9.2
#21 438.6   Downloaded multiaddr v0.18.2
#21 438.6   Downloaded miette-derive v7.6.0
#21 438.6   Downloaded matchers v0.2.0
#21 438.6   Downloaded lumina-utils v0.4.0
#21 438.6   Downloaded eventsource-stream v0.2.3
#21 438.6   Downloaded devise v0.4.2
#21 438.6   Downloaded darling v0.21.3
#21 438.6   Downloaded ref-cast-impl v1.0.25
#21 438.6   Downloaded proc-macro-error2 v2.0.1
#21 438.6   Downloaded futures-channel v0.3.31
#21 438.6   Downloaded prost-derive v0.13.5
#21 438.6   Downloaded prost-derive v0.12.6
#21 438.6   Downloaded prost-build v0.13.5
#21 438.6   Downloaded downloader v0.2.8
#21 438.6   Downloaded foldhash v0.1.5
#21 438.6   Downloaded spin v0.9.8
#21 438.6   Downloaded rand_core v0.5.1
#21 438.6   Downloaded parity-scale-codec v3.7.5
#21 438.6   Downloaded fs-err v3.2.1
#21 438.6   Downloaded find-msvc-tools v0.1.5
#21 438.6   Downloaded ff v0.13.1
#21 438.6   Downloaded dashu-ratio v0.4.1
#21 438.6   Downloaded aws-config v1.8.12
#21 438.6   Downloaded rand_chacha v0.2.2
#21 438.6   Downloaded proc-macro2 v1.0.103
#21 438.6   Downloaded p3-challenger v0.2.3-succinct
#21 438.6   Downloaded oid-registry v0.7.1
#21 438.6   Downloaded fixedbitset v0.5.7
#21 438.7   Downloaded ed25519-consensus v2.1.0
#21 438.7   Downloaded ed25519 v2.2.3
#21 438.7   Downloaded aws-sigv4 v1.3.7
#21 438.7   Downloaded foldhash v0.2.0
#21 438.7   Downloaded ev-types v0.0.1
#21 438.7   Downloaded enum-map-derive v0.17.0
#21 438.7   Downloaded p3-baby-bear v0.2.3-succinct
#21 438.7   Downloaded p3-air v0.2.3-succinct
#21 438.7   Downloaded num-modular v0.6.1
#21 438.7   Downloaded aws-sdk-sso v1.91.0
#21 438.7   Downloaded asn1-rs v0.6.2
#21 438.7   Downloaded pairing v0.23.0
#21 438.7   Downloaded pairing v0.22.0
#21 438.7   Downloaded p3-util v0.2.3-succinct
#21 438.7   Downloaded p3-bn254-fr v0.2.3-succinct
#21 438.7   Downloaded outref v0.5.2
#21 438.7   Downloaded or-panic v1.0.2
#21 438.7   Downloaded dotenvy v0.15.7
#21 438.7   Downloaded aws-runtime v1.5.17
#21 438.7   Downloaded alloy-dyn-abi v1.3.0
#21 438.7   Downloaded ark-ff v0.5.0
#21 438.7   Downloaded logos-codegen v0.15.1
#21 438.7   Downloaded lock_api v0.4.14
#21 438.7   Downloaded derivative v2.2.0
#21 438.7   Downloaded crossbeam-utils v0.8.21
#21 438.7   Downloaded aws-sdk-ssooidc v1.93.0
#21 438.7   Downloaded ark-ff v0.4.2
#21 438.7   Downloaded alloy-sol-types v1.3.0
#21 438.7   Downloaded futures-executor v0.3.31
#21 438.7   Downloaded funty v2.0.0
#21 438.7   Downloaded fastrlp v0.3.1
#21 438.7   Downloaded rand_chacha v0.3.1
#21 438.7   Downloaded pin-utils v0.1.0
#21 438.7   Downloaded aws-lc-rs v1.15.2
#21 438.7   Downloaded nom v7.1.3
#21 438.7   Downloaded rand_core v0.9.3
#21 438.7   Downloaded enum_dispatch v0.3.13
#21 438.7   Downloaded der-parser v9.0.0
#21 438.7   Downloaded aws-sdk-sts v1.95.0
#21 438.8   Downloaded futures-timer v3.0.3
#21 438.8   Downloaded errno v0.3.14
#21 438.8   Downloaded num-order v1.2.0
#21 438.8   Downloaded either v1.15.0
#21 438.8   Downloaded devise_core v0.4.2
#21 438.8   Downloaded fastrand v2.3.0
#21 438.8   Downloaded equivalent v1.0.2
#21 438.8   Downloaded enum-ordinalize v4.3.2
#21 438.8   Downloaded enum-as-inner v0.6.1
#21 438.8   Downloaded alloy-eips v1.0.41
#21 438.8   Downloaded fs_extra v1.3.0
#21 438.8   Downloaded dyn-clone v1.0.20
#21 438.8   Downloaded displaydoc v0.2.5
#21 438.8   Downloaded dirs v5.0.1
#21 438.8   Downloaded num-rational v0.4.2
#21 438.8   Downloaded atomic-waker v1.1.2
#21 438.8   Downloaded reqwest-middleware v0.3.3
#21 438.8   Downloaded object v0.37.3
#21 438.8   Downloaded ref-swap v0.1.2
#21 438.8   Downloaded rand_chacha v0.9.0
#21 438.8   Downloaded ark-bls12-381 v0.5.0
#21 438.8   Downloaded pin-project-internal v1.1.10
#21 438.8   Downloaded rand_xorshift v0.4.0
#21 438.8   Downloaded ref-cast v1.0.25
#21 438.8   Downloaded pkcs8 v0.10.2
#21 438.8   Downloaded peg-macros v0.8.5
#21 438.8   Downloaded modular-bitfield v0.11.2
#21 438.8   Downloaded hash_hasher v2.0.4
#21 438.8   Downloaded time v0.3.44
#21 438.8   Downloaded serial_test v3.2.0
#21 438.8   Downloaded serdect v0.2.0
#21 438.8   Downloaded serde_urlencoded v0.7.1
#21 438.8   Downloaded serde_spanned v0.6.9
#21 438.8   Downloaded tinyvec_macros v0.1.1
#21 438.8   Downloaded strum v0.26.3
#21 438.8   Downloaded beef v0.5.2
#21 438.8   Downloaded itoa v1.0.16
#21 438.8   Downloaded hyper-timeout v0.4.1
#21 438.8   Downloaded wait-timeout v0.2.1
#21 438.8   Downloaded tokio-io-timeout v1.2.1
#21 438.8   Downloaded strum v0.27.2
#21 438.8   Downloaded base64-simd v0.8.0
#21 438.8   Downloaded base16ct v0.2.0
#21 438.8   Downloaded peg v0.8.5
#21 438.8   Downloaded strsim v0.11.1
#21 438.8   Downloaded jsonrpsee v0.25.1
#21 438.8   Downloaded const-str v0.4.3
#21 438.8   Downloaded resolv-conf v0.7.6
#21 438.8   Downloaded const-hex v1.17.0
#21 438.9   Downloaded phf_generator v0.11.3
#21 438.9   Downloaded base64ct v1.8.1
#21 438.9   Downloaded proc-macro-crate v3.4.0
#21 438.9   Downloaded pem v3.0.6
#21 438.9   Downloaded p3-fri v0.2.3-succinct
#21 438.9   Downloaded hyper-rustls v0.27.7
#21 438.9   Downloaded const_format_proc_macros v0.2.34
#21 438.9   Downloaded const-oid v0.9.6
#21 438.9   Downloaded petgraph v0.7.1
#21 438.9   Downloaded phf v0.11.3
#21 438.9   Downloaded rustc_version v0.3.3
#21 438.9   Downloaded rustc-hex v2.1.0
#21 438.9   Downloaded http-body v1.0.1
#21 438.9   Downloaded idna_adapter v1.2.1
#21 438.9   Downloaded signature v2.2.0
#21 438.9   Downloaded semver v0.11.0
#21 438.9   Downloaded s2n-quic-rustls v0.71.0
#21 438.9   Downloaded petgraph v0.6.5
#21 438.9   Downloaded sp1-derive v5.2.4
#21 438.9   Downloaded subtle-ng v2.5.0
#21 438.9   Downloaded subtle-encoding v0.5.1
#21 438.9   Downloaded sp1-lib v5.2.4
#21 438.9   Downloaded socket2 v0.6.1
#21 438.9   Downloaded socket2 v0.5.10
#21 438.9   Downloaded zerovec-derive v0.11.2
#21 438.9   Downloaded tower-layer v0.3.3
#21 438.9   Downloaded hashbrown v0.14.5
#21 438.9   Downloaded webpki-roots v0.26.11
#21 438.9   Downloaded bit-set v0.8.0
#21 438.9   Downloaded zstd-safe v7.2.4
#21 438.9   Downloaded tracing-appender v0.2.4
#21 438.9   Downloaded toml v0.8.23
#21 438.9   Downloaded axum-core v0.5.5
#21 438.9   Downloaded unicode-ident v1.0.22
#21 438.9   Downloaded jsonrpsee-client-transport v0.25.1
#21 439.0   Downloaded bit-vec v0.8.0
#21 439.0   Downloaded blake2 v0.10.6
#21 439.0   Downloaded core2 v0.4.0
#21 439.0   Downloaded bindgen v0.70.1
#21 439.0   Downloaded scopeguard v1.2.0
#21 439.0   Downloaded figment v0.10.19
#21 439.0   Downloaded ed25519-dalek v2.2.0
#21 439.0   Downloaded openssl-probe v0.1.6
#21 439.0   Downloaded match-lookup v0.1.1
#21 439.0   Downloaded logos-derive v0.14.4
#21 439.0   Downloaded phf_macros v0.11.3
#21 439.0   Downloaded clap_derive v4.5.49
#21 439.0   Downloaded rlp v0.5.2
#21 439.0   Downloaded hyper-tls v0.6.0
#21 439.0   Downloaded colorchoice v1.0.4
#21 439.0   Downloaded crc-catalog v2.4.0
#21 439.0   Downloaded block-buffer v0.9.0
#21 439.0   Downloaded bitcoin-io v0.1.4
#21 439.0   Downloaded op-alloy-network v0.18.14
#21 439.0   Downloaded cmake v0.1.57
#21 439.0   Downloaded is-terminal v0.4.17
#21 439.0   Downloaded rusty-fork v0.3.1
#21 439.0   Downloaded ipnet v2.11.0
#21 439.0   Downloaded opaque-debug v0.3.1
#21 439.0   Downloaded iana-time-zone v0.1.64
#21 439.0   Downloaded logos-derive v0.15.1
#21 439.0   Downloaded ics23 v0.12.0
#21 439.0   Downloaded cpufeatures v0.2.17
#21 439.0   Downloaded gcd v2.3.0
#21 439.0   Downloaded derive_more-impl v2.1.1
#21 439.0   Downloaded lru v0.12.5
#21 439.0   Downloaded ruint-macro v1.2.1
#21 439.0   Downloaded quick-error v1.2.3
#21 439.0   Downloaded op-alloy-rpc-types v0.18.14
#21 439.0   Downloaded radium v0.7.0
#21 439.0   Downloaded prost v0.12.6
#21 439.0   Downloaded bitcoin_hashes v0.14.1
#21 439.0   Downloaded sp1-primitives v5.2.4
#21 439.0   Downloaded libp2p-identity v0.2.13
#21 439.0   Downloaded macro-string v0.1.4
#21 439.0   Downloaded futures-utils-wasm v0.1.0
#21 439.0   Downloaded rustls-pemfile v2.2.0
#21 439.0   Downloaded rustls-pemfile v1.0.4
#21 439.0   Downloaded block-buffer v0.10.4
#21 439.0   Downloaded mime v0.3.17
#21 439.0   Downloaded memoffset v0.9.1
#21 439.0   Downloaded logos-codegen v0.14.4
#21 439.0   Downloaded utf8_iter v1.0.4
#21 439.0   Downloaded quinn-udp v0.5.14
#21 439.0   Downloaded utf-8 v0.7.6
#21 439.0   Downloaded tracing-log v0.2.0
#21 439.0   Downloaded op-revm v7.0.1
#21 439.0   Downloaded proc-macro-crate v1.3.1
#21 439.0   Downloaded version_check v0.9.5
#21 439.0   Downloaded memuse v0.2.2
#21 439.0   Downloaded op-alloy-consensus v0.18.14
#21 439.0   Downloaded cfg-if v1.0.4
#21 439.1   Downloaded cargo-platform v0.1.9
#21 439.1   Downloaded cfg_aliases v0.2.1
#21 439.1   Downloaded aws-smithy-xml v0.60.13
#21 439.1   Downloaded blockstore v0.8.0
#21 439.1   Downloaded toml_edit v0.22.27
#21 439.1   Downloaded icu_provider v2.1.1
#21 439.1   Downloaded tokio-rustls v0.26.4
#21 439.1   Downloaded sp1-cuda v5.2.2
#21 439.1   Downloaded soketto v0.8.1
#21 439.1   Downloaded s2n-quic v1.71.0
#21 439.1   Downloaded http-body-util v0.1.3
#21 439.1   Downloaded informalsystems-pbjson v0.7.0
#21 439.1   Downloaded instant v0.1.13
#21 439.1   Downloaded http-client-unix-domain-socket v0.1.2
#21 439.1   Downloaded camino v1.2.2
#21 439.1   Downloaded rustc_version v0.4.1
#21 439.1   Downloaded quinn v0.11.9
#21 439.1   Downloaded inlinable_string v0.1.15
#21 439.1   Downloaded hyper-util v0.1.19
#21 439.1   Downloaded native-tls v0.2.14
#21 439.1   Downloaded heck v0.5.0
#21 439.1   Downloaded s2n-codec v0.71.0
#21 439.1   Downloaded itertools v0.10.5
#21 439.1   Downloaded intrusive-collections v0.9.7
#21 439.1   Downloaded tendermint v0.40.4
#21 439.1   Downloaded x509-parser v0.16.0
#21 439.1   Downloaded urlencoding v2.1.3
#21 439.1   Downloaded sp1-recursion-gnark-ffi v5.2.4
#21 439.1   Downloaded nmt-rs v0.2.5
#21 439.1   Downloaded parking_lot v0.12.5
#21 439.1   Downloaded p3-symmetric v0.2.3-succinct
#21 439.1   Downloaded unicode-width v0.2.2
#21 439.1   Downloaded protox-parse v0.7.0
#21 439.1   Downloaded parity-scale-codec-derive v3.7.5
#21 439.1   Downloaded byte-slice-cast v1.2.3
#21 439.1   Downloaded bitvec v1.0.1
#21 439.1   Downloaded cid v0.11.1
#21 439.1   Downloaded aws-smithy-types v1.3.5
#21 439.1   Downloaded primitive-types v0.12.2
#21 439.1   Downloaded tonic-build v0.10.2
#21 439.1   Downloaded minimal-lexical v0.2.1
#21 439.2   Downloaded number_prefix v0.4.0
#21 439.2   Downloaded protox v0.8.0
#21 439.2   Downloaded pem-rfc7468 v0.7.0
#21 439.2   Downloaded peg-runtime v0.8.5
#21 439.2   Downloaded getrandom v0.1.16
#21 439.2   Downloaded prost-types v0.13.5
#21 439.2   Downloaded prettyplease v0.2.37
#21 439.2   Downloaded group v0.12.1
#21 439.2   Downloaded glob v0.3.3
#21 439.2   Downloaded wyz v0.5.1
#21 439.2   Downloaded tonic-build v0.13.1
#21 439.2   Downloaded thiserror v1.0.69
#21 439.2   Downloaded slab v0.4.11
#21 439.2   Downloaded ryu v1.0.21
#21 439.2   Downloaded heck v0.4.1
#21 439.2   Downloaded generic-array v1.1.0
#21 439.2   Downloaded tendermint-light-client-verifier v0.40.4
#21 439.2   Downloaded snowbridge-amcl v1.0.2
#21 439.2   Downloaded blake3 v1.8.2
#21 439.2   Downloaded utf8parse v0.2.2
#21 439.2   Downloaded rustversion v1.0.22
#21 439.2   Downloaded nu-ansi-term v0.50.3
#21 439.2   Downloaded x509-cert v0.2.5
#21 439.2   Downloaded tokio v1.48.0
#21 439.2   Downloaded regex-lite v0.1.8
#21 439.2   Downloaded num v0.4.3
#21 439.2   Downloaded p3-uni-stark v0.2.3-succinct
#21 439.2   Downloaded p3-poseidon2 v0.2.3-succinct
#21 439.2   Downloaded option-ext v0.2.0
#21 439.2   Downloaded libc v0.2.178
#21 439.2   Downloaded toml_edit v0.19.15
#21 439.3   Downloaded want v0.3.1
#21 439.3   Downloaded shlex v1.3.0
#21 439.3   Downloaded pear_codegen v0.2.9
#21 439.3   Downloaded num_enum_derive v0.7.5
#21 439.3   Downloaded multihash v0.19.3
#21 439.3   Downloaded multer v3.1.0
#21 439.3   Downloaded log v0.4.29
#21 439.3   Downloaded yasna v0.5.2
#21 439.3   Downloaded protox v0.7.2
#21 439.3   Downloaded scale-info-derive v2.11.6
#21 439.3   Downloaded quinn-proto v0.11.13
#21 439.3   Downloaded prost-build v0.12.6
#21 439.3   Downloaded percent-encoding v2.3.2
#21 439.3   Downloaded tonic-reflection v0.10.2
#21 439.3   Downloaded sharded-slab v0.1.7
#21 439.3   Downloaded walkdir v2.5.0
#21 439.3   Downloaded twox-hash v1.6.3
#21 439.3   Downloaded pasta_curves v0.4.1
#21 439.3   Downloaded keccak-asm v0.1.4
#21 439.3   Downloaded hex v0.4.3
#21 439.3   Downloaded zerocopy-derive v0.8.31
#21 439.3   Downloaded vec_map v0.8.2
#21 439.3   Downloaded openssl v0.10.75
#21 439.3   Downloaded axum-core v0.3.4
#21 439.3   Downloaded hashbrown v0.15.5
#21 439.3   Downloaded uint v0.9.5
#21 439.3   Downloaded signal-hook-registry v1.4.7
#21 439.3   Downloaded unicode-width v0.1.14
#21 439.3   Downloaded scale-info v2.11.6
#21 439.3   Downloaded sp1-core-machine v5.2.4
#21 439.3   Downloaded num_enum_derive v0.5.11
#21 439.3   Downloaded aws-types v1.3.11
#21 439.3   Downloaded ruzstd v0.7.3
#21 439.3   Downloaded tendermint-config v0.40.4
#21 439.3   Downloaded sync_wrapper v0.1.2
#21 439.3   Downloaded proc-macro2-diagnostics v0.10.1
#21 439.3   Downloaded num_enum v0.7.5
#21 439.3   Downloaded icu_normalizer_data v2.1.1
#21 439.3   Downloaded subtle v2.6.1
#21 439.3   Downloaded thiserror v2.0.17
#21 439.3   Downloaded aws-smithy-observability v0.1.5
#21 439.3   Downloaded revm-interpreter v22.0.1
#21 439.3   Downloaded unsafe-libyaml v0.2.11
#21 439.3   Downloaded indexmap v2.12.1
#21 439.4   Downloaded celestia-proto v0.9.1
#21 439.4   Downloaded p3-mds v0.2.3-succinct
#21 439.4   Downloaded generic-array v0.14.9
#21 439.4   Downloaded jsonrpsee-http-client v0.25.1
#21 439.4   Downloaded num_enum v0.5.11
#21 439.4   Downloaded httpdate v1.0.3
#21 439.4   Downloaded rrs-succinct v0.1.0
#21 439.4   Downloaded h2 v0.3.27
#21 439.4   Downloaded zmij v0.1.7
#21 439.4   Downloaded serde_arrays v0.2.0
#21 439.4   Downloaded bon-macros v3.8.1
#21 439.4   Downloaded celestia-grpc-macros v0.4.0
#21 439.4   Downloaded pin-project v1.1.10
#21 439.4   Downloaded prost-reflect v0.15.3
#21 439.4   Downloaded num-conv v0.1.0
#21 439.4   Downloaded byteorder v1.5.0
#21 439.4   Downloaded backoff v0.4.0
#21 439.4   Downloaded bon v3.8.1
#21 439.4   Downloaded powerfmt v0.2.0
#21 439.4   Downloaded leopard-codec v0.2.0
#21 439.4   Downloaded potential_utf v0.1.4
#21 439.4   Downloaded pear v0.2.9
#21 439.4   Downloaded num-complex v0.4.6
#21 439.4   Downloaded ucd-trie v0.1.7
#21 439.4   Downloaded sync_wrapper v1.0.2
#21 439.4   Downloaded simd-adler32 v0.3.8
#21 439.4   Downloaded hickory-resolver v0.25.2
#21 439.4   Downloaded celestia-grpc v0.8.0
#21 439.4   Downloaded synstructure v0.13.2
#21 439.4   Downloaded url v2.5.7
#21 439.4   Downloaded winnow v0.7.14
#21 439.4   Downloaded proc-macro-error-attr2 v2.0.0
#21 439.4   Downloaded hkdf v0.12.4
#21 439.4   Downloaded jsonrpsee-types v0.25.1
#21 439.4   Downloaded sdd v3.0.10
#21 439.4   Downloaded modular-bitfield-impl v0.11.2
#21 439.4   Downloaded ppv-lite86 v0.2.21
#21 439.4   Downloaded nix v0.30.1
#21 439.5   Downloaded p3-merkle-tree v0.2.3-succinct
#21 439.5   Downloaded ubyte v0.10.4
#21 439.5   Downloaded tap v1.0.1
#21 439.5   Downloaded rustls-platform-verifier v0.5.3
#21 439.5   Downloaded bytes v1.11.0
#21 439.5   Downloaded p3-field v0.2.3-succinct
#21 439.5   Downloaded schemars v1.1.0
#21 439.5   Downloaded ripemd v0.1.3
#21 439.5   Downloaded cc v1.2.50
#21 439.5   Downloaded backtrace v0.3.76
#21 439.5   Downloaded tonic v0.10.2
#21 439.5   Downloaded tendermint-proto v0.40.4
#21 439.5   Downloaded tonic v0.12.3
#21 439.5   Downloaded rustls-webpki v0.103.8
#21 439.5   Downloaded num_cpus v1.17.0
#21 439.5   Downloaded impl-codec v0.6.0
#21 439.5   Downloaded gimli v0.32.3
#21 439.5   Downloaded size v0.4.1
#21 439.5   Downloaded aws-smithy-http-client v1.1.5
#21 439.5   Downloaded memchr v2.7.6
#21 439.5   Downloaded uuid v1.19.0
#21 439.5   Downloaded mio v1.1.1
#21 439.5   Downloaded strum_macros v0.27.2
#21 439.5   Downloaded icu_normalizer v2.1.1
#21 439.5   Downloaded hmac v0.12.1
#21 439.5   Downloaded clap_builder v4.5.53
#21 439.5   Downloaded schemars v0.9.0
#21 439.5   Downloaded rustls-webpki v0.101.7
#21 439.5   Downloaded moka v0.12.12
#21 439.5   Downloaded regex v1.12.2
#21 439.5   Downloaded sp1-stark v5.2.4
#21 439.5   Downloaded icu_locale_core v2.1.1
#21 439.5   Downloaded axum-core v0.4.5
#21 439.5   Downloaded axum v0.6.20
#21 439.6   Downloaded writeable v0.6.2
#21 439.6   Downloaded valuable v0.1.1
#21 439.6   Downloaded revm-primitives v20.2.1
#21 439.6   Downloaded getrandom v0.3.4
#21 439.6   Downloaded reqwest v0.12.28
#21 439.6   Downloaded reqwest v0.11.27
#21 439.6   Downloaded bzip2-sys v0.1.13+1.0.8
#21 439.6   Downloaded num-bigint v0.4.6
#21 439.6   Downloaded bytemuck v1.24.0
#21 439.6   Downloaded miniz_oxide v0.8.9
#21 439.6   Downloaded tokio-util v0.7.17
#21 439.6   Downloaded jsonrpsee-proc-macros v0.25.1
#21 439.6   Downloaded miette v7.6.0
#21 439.6   Downloaded sp1-recursion-compiler v5.2.4
#21 439.6   Downloaded zerovec v0.11.5
#21 439.6   Downloaded tracing-core v0.1.36
#21 439.6   Downloaded aws-smithy-runtime-api v1.9.3
#21 439.6   Downloaded rustix v1.1.3
#21 439.6   Downloaded num-bigint v0.3.3
#21 439.6   Downloaded idna v1.1.0
#21 439.6   Downloaded pest v2.8.4
#21 439.6   Downloaded subenum v1.1.3
#21 439.6   Downloaded borsh v1.6.0
#21 439.6   Downloaded rust_decimal v1.39.0
#21 439.6   Downloaded zkhash v0.2.0
#21 439.6   Downloaded zstd-sys v2.0.16+zstd.1.5.7
#21 439.7   Downloaded smallvec v1.15.1
#21 439.7   Downloaded protox-parse v0.8.0
#21 439.7   Downloaded yansi v1.0.1
#21 439.7   Downloaded ruint v1.17.0
#21 439.7   Downloaded typenum v1.19.0
#21 439.7   Downloaded winnow v0.5.40
#21 439.7   Downloaded aws-smithy-runtime v1.9.5
#21 439.7   Downloaded tower v0.4.13
#21 439.7   Downloaded h3 v0.0.6
#21 439.7   Downloaded proptest v1.9.0
#21 439.7   Downloaded sha3-asm v0.1.4
#21 439.7   Downloaded bls12_381 v0.7.1
#21 439.7   Downloaded paste v1.0.15
#21 439.7   Downloaded pasta_curves v0.5.1
#21 439.7   Downloaded sct v0.7.1
#21 439.7   Downloaded num-traits v0.2.19
#21 439.7   Downloaded aws-smithy-query v0.60.9
#21 439.7   Downloaded http v0.2.12
#21 439.7   Downloaded revm-state v6.0.0
#21 439.7   Downloaded icu_collections v2.1.1
#21 439.7   Downloaded serde v1.0.228
#21 439.7   Downloaded c-kzg v2.1.5
#21 439.7   Downloaded sp1-recursion-core v5.2.4
#21 439.7   Downloaded secp256k1 v0.30.0
#21 439.7   Downloaded tagptr v0.2.0
#21 439.7   Downloaded logos v0.14.4
#21 439.7   Downloaded jsonrpsee-ws-client v0.25.1
#21 439.7   Downloaded hex-literal v1.1.0
#21 439.7   Downloaded borsh-derive v1.6.0
#21 439.8   Downloaded logos v0.15.1
#21 439.8   Downloaded bytemuck_derive v1.10.2
#21 439.8   Downloaded num-integer v0.1.46
#21 439.8   Downloaded clap v4.5.53
#21 439.8   Downloaded revm-precompile v23.0.0
#21 439.8   Downloaded prost-reflect v0.14.7
#21 439.8   Downloaded leopard-codec v0.1.0
#21 439.8   Downloaded tempfile v3.24.0
#21 439.8   Downloaded hashbrown v0.16.1
#21 439.8   Downloaded bs58 v0.5.1
#21 439.8   Downloaded untrusted v0.9.0
#21 439.8   Downloaded unsigned-varint v0.8.0
#21 439.8   Downloaded base-x v0.2.11
#21 439.8   Downloaded jubjub v0.9.0
#21 439.8   Downloaded hex-literal v0.4.1
#21 439.8   Downloaded twirp-rs v0.13.0-succinct
#21 439.8   Downloaded sec1 v0.7.3
#21 439.8   Downloaded bytes-utils v0.1.4
#21 439.8   Downloaded strum_macros v0.26.4
#21 439.8   Downloaded sp1-recursion-derive v5.2.4
#21 439.8   Downloaded serde_bytes v0.11.19
#21 439.8   Downloaded serde-human-bytes v0.1.2
#21 439.8   Downloaded cargo_metadata v0.18.1
#21 439.8   Downloaded p3-commit v0.2.3-succinct
#21 439.8   Downloaded tower v0.5.2
#21 439.8   Downloaded rand v0.7.3
#21 439.8   Downloaded parking_lot_core v0.9.12
#21 439.8   Downloaded blst v0.3.16
#21 439.8   Downloaded futures-util v0.3.31
#21 439.8   Downloaded p3-dft v0.2.3-succinct
#21 439.8   Downloaded http v1.4.0
#21 439.8   Downloaded h2 v0.4.12
#21 439.8   Downloaded scc v2.4.0
#21 439.8   Downloaded keccak v0.1.5
#21 439.8   Downloaded hex-conservative v0.2.2
#21 439.8   Downloaded aws-smithy-json v0.61.9
#21 439.8   Downloaded zstd v0.13.3
#21 439.8   Downloaded tungstenite v0.26.2
#21 439.8   Downloaded sha2 v0.9.9
#21 439.8   Downloaded serde_cbor v0.11.2
#21 439.8   Downloaded unarray v0.1.4
#21 439.8   Downloaded siphasher v1.0.1
#21 439.8   Downloaded itertools v0.14.0
#21 439.8   Downloaded indicatif v0.17.11
#21 439.8   Downloaded tonic v0.13.1
#21 439.8   Downloaded tracing v0.1.44
#21 439.9   Downloaded portable-atomic v1.12.0
#21 439.9   Downloaded celestia-proto v0.10.0
#21 439.9   Downloaded sp1-sdk v5.2.2
#21 439.9   Downloaded sysinfo v0.30.13
#21 439.9   Downloaded bindgen v0.71.1
#21 439.9   Downloaded celestia-types v0.15.0
#21 439.9   Downloaded bindgen v0.72.1
#21 439.9   Downloaded syn-solidity v1.5.2
#21 439.9   Downloaded lazy_static v1.5.0
#21 439.9   Downloaded celestia-types v0.16.0
#21 439.9   Downloaded indexmap v1.9.3
#21 439.9   Downloaded impl-trait-for-tuples v0.2.3
#21 439.9   Downloaded secp256k1-sys v0.10.1
#21 439.9   Downloaded hyper v1.8.1
#21 439.9   Downloaded rocksdb v0.24.0
#21 440.0   Downloaded hyper v0.14.32
#21 440.0   Downloaded cbindgen v0.27.0
#21 440.0   Downloaded chrono v0.4.42
#21 440.0   Downloaded vcpkg v0.2.15
#21 440.0   Downloaded syn v2.0.111
#21 440.0   Downloaded rustls v0.21.12
#21 440.0   Downloaded s2n-quic-transport v0.71.0
#21 440.0   Downloaded tendermint-rpc v0.40.4
#21 440.0   Downloaded lz4-sys v1.11.1+lz4-1.10.0
#21 440.1   Downloaded curve25519-dalek-ng v4.1.1
#21 440.1   Downloaded regex-syntax v0.8.8
#21 440.1   Downloaded rustls v0.23.35
#21 440.1   Downloaded sp1-prover v5.2.2
#21 440.1   Downloaded zerocopy v0.8.31
#21 440.1   Downloaded axum v0.8.8
#21 440.1   Downloaded hickory-proto v0.25.2
#21 440.1   Downloaded tracing-subscriber v0.3.22
#21 440.1   Downloaded getrandom v0.2.16
#21 440.1   Downloaded clang-sys v1.8.1
#21 440.1   Downloaded regex-automata v0.4.13
#21 440.1   Downloaded s2n-quic-core v0.71.0
#21 440.1   Downloaded revm-handler v7.0.1
#21 440.1   Downloaded multimap v0.10.1
#21 440.1   Downloaded s2n-quic-crypto v0.71.0
#21 440.1   Downloaded iri-string v0.7.9
#21 440.1   Downloaded rusticata-macros v4.1.0
#21 440.1   Downloaded indenter v0.3.4
#21 440.2   Downloaded rustc-demangle v0.1.26
#21 440.2   Downloaded prost v0.13.5
#21 440.2   Downloaded itertools v0.12.1
#21 440.2   Downloaded webpki-roots v1.0.4
#21 440.2   Downloaded pkg-config v0.3.32
#21 440.2   Downloaded itertools v0.13.0
#21 440.2   Downloaded tracing-attributes v0.1.31
#21 440.2   Downloaded dashu-int v0.4.1
#21 440.2   Downloaded syn v1.0.109
#21 440.2   Downloaded semver-parser v0.10.3
#21 440.2   Downloaded zerotrie v0.2.3
#21 440.2   Downloaded sp1-recursion-circuit v5.2.4
#21 440.2   Downloaded sp1-core-executor v5.2.4
#21 440.2   Downloaded untrusted v0.7.1
#21 440.2   Downloaded try-lock v0.2.5
#21 440.2   Downloaded semver v1.0.27
#21 440.2   Downloaded elf v0.7.4
#21 440.2   Downloaded openssl-sys v0.9.111
#21 440.2   Downloaded axum v0.7.9
#21 440.2   Downloaded rustls-pki-types v1.13.2
#21 440.2   Downloaded group v0.13.0
#21 440.2   Downloaded same-file v1.0.6
#21 440.2   Downloaded gen_ops v0.4.0
#21 440.2   Downloaded critical-section v1.2.0
#21 440.2   Downloaded blockstore v0.7.1
#21 440.2   Downloaded jsonrpsee-core v0.25.1
#21 440.2   Downloaded xmlparser v0.13.6
#21 440.2   Downloaded vsimd v0.8.0
#21 440.2   Downloaded tower-http v0.6.8
#21 440.2   Downloaded sp1-build v5.2.2
#21 440.2   Downloaded tracing-forest v0.1.6
#21 440.2   Downloaded rustc-hash v2.1.1
#21 440.2   Downloaded rustc-hash v1.1.0
#21 440.2   Downloaded once_cell v1.21.3
#21 440.2   Downloaded unicode-segmentation v1.12.0
#21 440.2   Downloaded revm-inspector v7.0.1
#21 440.2   Downloaded prost-types v0.12.6
#21 440.2   Downloaded nybbles v0.4.6
#21 440.2   Downloaded matchit v0.8.4
#21 440.2   Downloaded toml_edit v0.23.10+spec-1.0.0
#21 440.2   Downloaded clap_lex v0.7.6
#21 440.2   Downloaded sp1_bls12_381 v0.8.0-sp1-5.0.0
#21 440.2   Downloaded httparse v1.10.1
#21 440.2   Downloaded crc32fast v1.5.0
#21 440.2   Downloaded bitflags v2.10.0
#21 440.2   Downloaded tokio-stream v0.1.17
#21 440.2   Downloaded cookie v0.18.1
#21 440.2   Downloaded hyper-rustls v0.24.2
#21 440.2   Downloaded crc v3.4.0
#21 440.2   Downloaded blake2b_simd v1.0.3
#21 440.2   Downloaded bitflags v1.3.2
#21 440.2   Downloaded revm-database v6.0.0
#21 440.2   Downloaded unicode-xid v0.2.6
#21 440.2   Downloaded s2n-quic-platform v0.71.0
#21 440.2   Downloaded revm v26.0.1
#21 440.3   Downloaded derive_more v2.1.1
#21 440.3   Downloaded hyper-timeout v0.5.2
#21 440.3   Downloaded libm v0.2.15
#21 440.3   Downloaded web-time v1.1.0
#21 440.3   Downloaded icu_properties_data v2.1.2
#21 440.3   Downloaded serde_json v1.0.147
#21 440.3   Downloaded uncased v0.9.10
#21 440.3   Downloaded tokio-rustls v0.24.1
#21 440.3   Downloaded tower-service v0.3.3
#21 440.3   Downloaded toml_parser v1.0.6+spec-1.1.0
#21 440.3   Downloaded cexpr v0.6.0
#21 440.3   Downloaded halo2_proofs v0.1.0
#21 440.3   Downloaded toml_write v0.1.2
#21 440.3   Downloaded hashbrown v0.12.3
#21 440.3   Downloaded zeroize v1.8.2
#21 440.3   Downloaded crossbeam-channel v0.5.15
#21 440.3   Downloaded p3-maybe-rayon v0.2.3-succinct
#21 440.3   Downloaded p3-interpolation v0.2.3-succinct
#21 440.3   Downloaded revm-bytecode v5.0.0
#21 440.3   Downloaded der v0.7.10
#21 440.3   Downloaded sp1-curves v5.2.4
#21 440.3   Downloaded const_format v0.2.35
#21 440.3   Downloaded libz-sys v1.1.23
#21 440.3   Downloaded bech32 v0.11.1
#21 440.3   Downloaded base64 v0.22.1
#21 440.3   Downloaded phf_shared v0.11.3
#21 440.3   Downloaded pathdiff v0.2.3
#21 440.3   Downloaded p3-matrix v0.2.3-succinct
#21 440.3   Downloaded p3-keccak-air v0.2.3-succinct
#21 440.3   Downloaded revm-context-interface v7.0.1
#21 440.3   Downloaded revm-context v7.0.1
#21 440.3   Downloaded flate2 v1.1.5
#21 440.3   Downloaded derive_more v0.99.20
#21 440.3   Downloaded lru-slab v0.1.2
#21 440.3   Downloaded lru v0.13.0
#21 440.3   Downloaded elliptic-curve v0.13.8
#21 440.3   Downloaded rustls-native-certs v0.8.2
#21 440.3   Downloaded rustls-native-certs v0.6.3
#21 440.3   Downloaded rayon v1.11.0
#21 440.3   Downloaded rand v0.9.2
#21 440.3   Downloaded is_terminal_polyfill v1.70.2
#21 440.3   Downloaded ident_case v1.0.1
#21 440.3   Downloaded http-body v0.4.6
#21 440.3   Downloaded quote v1.0.42
#21 440.3   Downloaded console v0.15.11
#21 440.3   Downloaded celestia-rpc v0.13.0
#21 440.3   Downloaded base64 v0.21.7
#21 440.3   Downloaded serde_derive v1.0.228
#21 440.3   Downloaded serde_core v1.0.228
#21 440.3   Downloaded rcgen v0.13.2
#21 440.4   Downloaded range-set-blaze v0.1.16
#21 440.4   Downloaded icu_properties v2.1.2
#21 440.4   Downloaded half v1.8.3
#21 440.4   Downloaded base64 v0.13.1
#21 440.4   Downloaded toml_datetime v0.7.5+spec-1.1.0
#21 440.4   Downloaded toml_datetime v0.6.11
#21 440.4   Downloaded tokio-tungstenite v0.26.2
#21 440.4   Downloaded tinyvec v1.10.0
#21 440.4   Downloaded serde_yaml v0.9.34+deprecated
#21 440.4   Downloaded serde_with_macros v3.16.1
#21 440.4   Downloaded revm-database-interface v6.0.0
#21 440.4   Downloaded pin-project-lite v0.2.16
#21 440.4   Downloaded libloading v0.8.9
#21 440.4   Downloaded convert_case v0.10.0
#21 440.4   Downloaded bimap v0.6.3
#21 440.4   Downloaded zeroize_derive v1.4.2
#21 440.4   Downloaded tokio-macros v2.6.0
#21 440.4   Downloaded jobserver v0.1.34
#21 440.4   Downloaded zerofrom-derive v0.1.6
#21 440.4   Downloaded zerofrom v0.1.6
#21 440.4   Downloaded yoke-derive v0.8.1
#21 440.4   Downloaded yoke v0.8.1
#21 440.4   Downloaded tokio-native-tls v0.3.1
#21 440.4   Downloaded tinystr v0.8.2
#21 440.4   Downloaded thiserror-impl v1.0.69
#21 440.4   Downloaded state v0.6.0
#21 440.4   Downloaded stable-pattern v0.1.0
#21 440.4   Downloaded serde_with v3.16.1
#21 440.4   Downloaded darling_core v0.21.3
#21 440.4   Downloaded bincode v1.3.3
#21 440.4   Downloaded tiny-keccak v2.0.2
#21 440.4   Downloaded time-macros v0.2.24
#21 440.4   Downloaded thread_local v1.1.9
#21 440.4   Downloaded thiserror-impl v2.0.17
#21 440.4   Downloaded static_assertions v1.1.0
#21 440.4   Downloaded spki v0.7.3
#21 440.4   Downloaded sp1-zkvm v5.2.2
#21 440.4   Downloaded encoding_rs v0.8.35
#21 440.4   Downloaded serde_path_to_error v0.1.20
#21 440.4   Downloaded derive_more-impl v1.0.0
#21 440.4   Downloaded crypto-bigint v0.5.5
#21 440.4   Downloaded derive_more v1.0.0
#21 440.4   Downloaded halo2 v0.1.0-beta.2
#21 440.4   Downloaded constant_time_eq v0.3.1
#21 440.4   Downloaded binascii v0.1.4
#21 440.4   Downloaded futures v0.3.31
#21 440.4   Downloaded digest v0.10.7
#21 440.4   Downloaded base256emoji v1.0.2
#21 440.4   Downloaded time-core v0.1.6
#21 440.4   Downloaded threadpool v1.8.1
#21 440.4   Downloaded serde_repr v0.1.20
#21 440.4   Downloaded educe v0.6.0
#21 440.4   Downloaded stable_deref_trait v1.2.1
#21 440.4   Downloaded aws-sdk-kms v1.97.0
#21 440.5   Downloaded sha1 v0.10.6
#21 440.5   Downloaded serial_test_derive v3.2.0
#21 440.5   Downloaded ring v0.17.14
#21 440.5   Downloaded aws-lc-sys v0.35.0
#21 440.6   Downloaded rand_core v0.6.4
#21 440.6   Downloaded rand v0.8.5
#21 440.6   Downloaded convert_case v0.7.1
#21 440.6   Downloaded matchit v0.7.3
#21 440.6   Downloaded rayon-scan v0.1.1
#21 440.6   Downloaded rayon-core v1.13.0
#21 440.6   Downloaded eyre v0.6.12
#21 440.7   Downloaded enum-map v2.7.3
#21 440.7   Downloaded object v0.36.7
#21 440.7   Downloaded asn1-rs-impl v0.2.0
#21 440.7   Downloaded ark-ff-macros v0.3.0
#21 440.7   Downloaded ark-ff v0.3.0
#21 440.7   Downloaded alloy-sol-macro-input v1.3.0
#21 440.7   Downloaded alloy-network v1.0.41
#21 440.7   Downloaded alloy-json-rpc v1.0.41
#21 440.7   Downloaded alloy-json-abi v1.3.0
#21 440.7   Downloaded alloy-evm v0.12.3
#21 440.7   Downloaded alloy-eip2930 v0.2.1
#21 440.7   Downloaded alloy-eip2124 v0.2.0
#21 440.7   Downloaded alloy-core v1.3.0
#21 440.7   Downloaded alloy-contract v1.0.32
#21 440.7   Downloaded aws-credential-types v1.2.11
#21 440.7   Downloaded aurora-engine-modexp v1.2.0
#21 440.7   Downloaded async-trait v0.1.89
#21 440.7   Downloaded ark-std v0.5.0
#21 440.7   Downloaded ark-std v0.3.0
#21 440.7   Downloaded ark-serialize v0.5.0
#21 440.7   Downloaded ark-ff-asm v0.3.0
#21 440.7   Downloaded ark-ec v0.5.0
#21 440.7   Downloaded alloy-transport v1.0.41
#21 440.7   Downloaded alloy-hardforks v0.2.13
#21 440.7   Downloaded crossbeam-deque v0.8.6
#21 440.7   Downloaded arrayvec v0.7.6
#21 440.7   Downloaded ark-serialize-derive v0.5.0
#21 440.7   Downloaded ark-serialize v0.3.0
#21 440.7   Downloaded ark-ff-asm v0.4.2
#21 440.7   Downloaded anstyle-query v1.1.5
#21 440.7   Downloaded anstyle-parse v0.2.7
#21 440.7   Downloaded anstream v0.6.21
#21 440.7   Downloaded ansi_term v0.12.1
#21 440.7   Downloaded alloy-tx-macros v1.2.1
#21 440.7   Downloaded alloy-transport-http v1.0.41
#21 440.7   Downloaded futures-io v0.3.31
#21 440.7   Downloaded foreign-types-shared v0.1.1
#21 440.7   Downloaded foreign-types v0.3.2
#21 440.7   Downloaded flex-error v0.4.4
#21 440.7   Downloaded flagset v0.4.7
#21 440.7   Downloaded fixed-hash v0.8.0
#21 440.7   Downloaded ff_derive v0.13.1
#21 440.7   Downloaded enum-ordinalize-derive v4.3.2
#21 440.7   Downloaded dunce v1.0.5
#21 440.7   Downloaded downcast-rs v1.2.1
#21 440.7   Downloaded dirs-sys v0.4.1
#21 440.7   Downloaded data-encoding v2.9.0
#21 440.7   Downloaded dashu-float v0.4.3
#21 440.7   Downloaded ctrlc v3.5.1
#21 440.7   Downloaded async-stream-impl v0.3.6
#21 440.7   Downloaded linux-raw-sys v0.11.0
#21 440.7   Downloaded async-stream v0.3.6
#21 440.7   Downloaded asn1_der v0.7.6
#21 440.8   Downloaded asn1-rs-derive v0.5.1
#21 440.8   Downloaded arrayref v0.3.9
#21 440.8   Downloaded ark-std v0.4.0
#21 440.8   Downloaded ark-serialize v0.4.2
#21 440.8   Downloaded ark-poly v0.5.0
#21 440.8   Downloaded ark-ff-macros v0.4.2
#21 440.8   Downloaded ark-ff-asm v0.5.0
#21 440.8   Downloaded ark-bn254 v0.5.0
#21 440.8   Downloaded anyhow v1.0.100
#21 440.8   Downloaded alloy-trie v0.9.1
#21 440.8   Downloaded alloy-sol-type-parser v1.5.2
#21 440.8   Downloaded alloy-genesis v1.0.41
#21 440.8   Downloaded aho-corasick v1.1.4
#21 440.8   Downloaded allocator-api2 v0.2.21
#21 440.8   Downloaded ahash v0.8.12
#21 440.8   Downloaded anstyle v1.0.13
#21 440.8   Downloaded alloy-sol-macro v1.3.0
#21 440.8   Downloaded alloy-signer-local v1.0.41
#21 440.8   Downloaded alloy-rpc-types v1.0.32
#21 440.8   Downloaded alloy-network-primitives v1.0.41
#21 440.8   Downloaded alloy v1.0.32
#21 440.8   Downloaded addchain v0.2.0
#21 440.8   Downloaded crypto-common v0.1.6
#21 440.8   Downloaded alloy-serde v1.0.41
#21 440.8   Downloaded alloy-consensus-any v1.0.41
#21 441.1   Downloaded librocksdb-sys v0.17.3+10.4.2
#21 441.2   Downloaded kzg-rs v0.2.7
#21 441.7    Compiling proc-macro2 v1.0.103
#21 441.7    Compiling unicode-ident v1.0.22
#21 441.7    Compiling quote v1.0.42
#21 441.7    Compiling serde_core v1.0.228
#21 441.7    Compiling serde v1.0.228
#21 441.7    Compiling cfg-if v1.0.4
#21 441.7    Compiling libc v0.2.178
#21 441.7    Compiling autocfg v1.5.0
#21 441.7    Compiling version_check v0.9.5
#21 441.7    Compiling typenum v1.19.0
#21 441.9    Compiling portable-atomic v1.12.0
#21 442.0    Compiling critical-section v1.2.0
#21 442.3    Compiling shlex v1.3.0
#21 442.7    Compiling find-msvc-tools v0.1.5
#21 442.8    Compiling generic-array v0.14.9
#21 442.8    Compiling subtle v2.6.1
#21 442.8    Compiling itoa v1.0.16
#21 443.0    Compiling num-traits v0.2.19
#21 443.3    Compiling syn v1.0.109
#21 443.5    Compiling zerocopy v0.8.31
#21 443.6    Compiling pin-project-lite v0.2.16
#21 444.2    Compiling jobserver v0.1.34
#21 444.2    Compiling equivalent v1.0.2
#21 444.4    Compiling radium v0.7.0
#21 444.5    Compiling once_cell v1.21.3
#21 444.7    Compiling getrandom v0.2.16
#21 444.7    Compiling const-oid v0.9.6
#21 445.2    Compiling cc v1.2.50
#21 445.2    Compiling log v0.4.29
#21 445.3    Compiling memchr v2.7.6
#21 445.4    Compiling num-integer v0.1.46
#21 445.4    Compiling hashbrown v0.16.1
#21 445.6    Compiling rand_core v0.6.4
#21 445.8    Compiling syn v2.0.111
#21 445.9    Compiling num-bigint v0.3.3
#21 445.9    Compiling tracing-core v0.1.36
#21 446.2    Compiling paste v1.0.15
#21 446.4    Compiling cpufeatures v0.2.17
#21 446.7    Compiling indexmap v2.12.1
#21 446.8    Compiling unicode-xid v0.2.6
#21 446.8    Compiling heck v0.5.0
#21 447.0    Compiling rustversion v1.0.22
#21 447.0    Compiling crossbeam-utils v0.8.21
#21 447.4    Compiling winnow v0.7.14
#21 447.5    Compiling tap v1.0.1
#21 448.0    Compiling funty v2.0.0
#21 448.0    Compiling wyz v0.5.1
#21 448.1    Compiling either v1.15.0
#21 448.6    Compiling byteorder v1.5.0
#21 448.8    Compiling base64ct v1.8.1
#21 448.9    Compiling flagset v0.4.7
#21 449.6    Compiling addchain v0.2.0
#21 449.7    Compiling thiserror v2.0.17
#21 449.7    Compiling crunchy v0.2.4
#21 449.8    Compiling base16ct v0.2.0
#21 450.0    Compiling pem-rfc7468 v0.7.0
#21 450.1    Compiling parking_lot_core v0.9.12
#21 450.1    Compiling tiny-keccak v2.0.2
#21 450.1    Compiling serde_derive v1.0.228
#21 450.4    Compiling zeroize_derive v1.4.2
#21 450.4    Compiling tracing-attributes v0.1.31
#21 450.5    Compiling ff_derive v0.13.1
#21 450.6    Compiling der_derive v0.7.3
#21 450.7    Compiling thiserror-impl v2.0.17
#21 451.2    Compiling allocator-api2 v0.2.21
#21 451.3    Compiling ppv-lite86 v0.2.21
#21 451.4    Compiling futures-macro v0.3.31
#21 451.8    Compiling zeroize v1.8.2
#21 452.4    Compiling scopeguard v1.2.0
#21 452.5    Compiling tracing v0.1.44
#21 452.5    Compiling futures-core v0.3.31
#21 452.7    Compiling der v0.7.10
#21 452.7    Compiling strsim v0.11.1
#21 452.9    Compiling rayon-core v1.13.0
#21 453.0    Compiling lock_api v0.4.14
#21 453.1    Compiling futures-sink v0.3.31
#21 453.2    Compiling keccak v0.1.5
#21 453.4    Compiling serde_json v1.0.147
#21 453.7    Compiling futures-io v0.3.31
#21 453.9    Compiling crypto-common v0.1.6
#21 454.0    Compiling block-buffer v0.10.4
#21 454.0    Compiling crypto-bigint v0.5.5
#21 454.1    Compiling zmij v0.1.7
#21 454.2    Compiling foldhash v0.1.5
#21 454.7    Compiling spki v0.7.3
#21 454.8    Compiling dunce v1.0.5
#21 454.8    Compiling bytes v1.11.0
#21 455.0    Compiling digest v0.10.7
#21 455.0    Compiling smallvec v1.15.1
#21 455.1    Compiling arrayvec v0.7.6
#21 455.2    Compiling bitvec v1.0.1
#21 455.5    Compiling serdect v0.2.0
#21 455.8    Compiling pkcs8 v0.10.2
#21 456.2    Compiling sha2 v0.10.9 (https://github.com/sp1-patches/RustCrypto-hashes?tag=patch-sha2-0.10.9-sp1-4.0.0#0b1945ee)
#21 456.3    Compiling hmac v0.12.1
#21 456.4    Compiling signature v2.2.0
#21 456.5    Compiling http v1.4.0
#21 456.8    Compiling sec1 v0.7.3
#21 457.1    Compiling rfc6979 v0.4.0 (https://github.com/sp1-patches/signatures.git?tag=patch-16.9-sp1-4.1.0#1880299a)
#21 457.2    Compiling sha3 v0.10.8 (https://github.com/sp1-patches/RustCrypto-hashes?tag=patch-sha3-0.10.8-sp1-4.0.0#8f6d303c)
#21 457.4    Compiling hashbrown v0.15.5
#21 457.6    Compiling parking_lot v0.12.5
#21 457.9    Compiling toml_parser v1.0.6+spec-1.1.0
#21 458.0    Compiling unicode-segmentation v1.12.0
#21 458.4    Compiling toml_datetime v0.7.5+spec-1.1.0
#21 458.6    Compiling ff v0.13.1
#21 458.9    Compiling synstructure v0.13.2
#21 459.2    Compiling convert_case v0.10.0
#21 459.2    Compiling pin-utils v0.1.0
#21 459.2    Compiling toml_edit v0.23.10+spec-1.0.0
#21 459.4    Compiling group v0.13.0
#21 459.5    Compiling ruint-macro v1.2.1
#21 459.5    Compiling fnv v1.0.7
#21 459.5    Compiling slab v0.4.11
#21 459.5    Compiling futures-channel v0.3.31
#21 460.0    Compiling futures-task v0.3.31
#21 460.1    Compiling alloy-rlp-derive v0.3.12
#21 460.3    Compiling derive_more-impl v2.1.1
#21 460.4    Compiling elliptic-curve v0.13.8
#21 460.6    Compiling proc-macro-crate v3.4.0
#21 460.6    Compiling num-bigint v0.4.6
#21 460.8    Compiling futures-util v0.3.31
#21 460.8    Compiling rand_chacha v0.3.1
#21 461.0    Compiling tokio-macros v2.6.0
#21 461.1    Compiling socket2 v0.6.1
#21 461.2    Compiling signal-hook-registry v1.4.7
#21 461.5    Compiling alloy-rlp v0.3.12
#21 461.6    Compiling ecdsa v0.16.9 (https://github.com/sp1-patches/signatures.git?tag=patch-16.9-sp1-4.1.0#1880299a)
#21 462.0    Compiling mio v1.1.1
#21 462.6    Compiling ruint v1.17.0
#21 462.7    Compiling rand v0.8.5
#21 462.7    Compiling const-hex v1.17.0
#21 463.0    Compiling k256 v0.13.4 (https://github.com/sp1-patches/elliptic-curves?tag=patch-k256-13.4-sp1-5.0.0#f7d8998e)
#21 463.1    Compiling zerofrom-derive v0.1.6
#21 463.7    Compiling tokio v1.48.0
#21 463.8    Compiling ahash v0.8.12
#21 463.9    Compiling yoke-derive v0.8.1
#21 463.9    Compiling displaydoc v0.2.5
#21 464.5    Compiling httparse v1.10.1
#21 464.6    Compiling zerovec-derive v0.11.2
#21 464.7    Compiling ring v0.17.14
#21 465.0    Compiling percent-encoding v2.3.2
#21 465.0    Compiling bitflags v2.10.0
#21 465.2    Compiling async-trait v0.1.89
#21 465.4    Compiling derive_more v2.1.1
#21 465.7    Compiling anyhow v1.0.100
#21 466.1    Compiling hex v0.4.3
#21 466.1    Compiling crossbeam-epoch v0.9.18
#21 466.6    Compiling alloy-primitives v1.3.0
#21 466.6    Compiling ident_case v1.0.1
#21 466.8    Compiling icu_normalizer_data v2.1.1
#21 467.0    Compiling icu_properties_data v2.1.2
#21 467.3    Compiling darling_core v0.21.3
#21 467.4    Compiling auto_impl v1.3.0
#21 467.5    Compiling regex-syntax v0.8.8
#21 467.6    Compiling spin v0.9.8
#21 467.8    Compiling tower-service v0.3.3
#21 468.3    Compiling lazy_static v1.5.0
#21 468.5    Compiling tokio-util v0.7.17
#21 468.8    Compiling itertools v0.12.1
#21 469.2    Compiling http-body v1.0.1
#21 470.3    Compiling darling_macro v0.21.3
#21 470.9    Compiling form_urlencoded v1.2.2
#21 471.0    Compiling zerofrom v0.1.6
#21 471.1    Compiling stable_deref_trait v1.2.1
#21 471.3    Compiling time-core v0.1.6
#21 471.4    Compiling num-conv v0.1.0
#21 471.5    Compiling darling v0.21.3
#21 471.7    Compiling yoke v0.8.1
#21 471.8    Compiling serde_with_macros v3.16.1
#21 471.9    Compiling thiserror v1.0.69
#21 471.9    Compiling untrusted v0.9.0
#21 472.0    Compiling time-macros v0.2.24
#21 473.0    Compiling rustix v1.1.3
#21 473.9    Compiling serde_with v3.16.1
#21 474.1    Compiling zerovec v0.11.5
#21 474.1    Compiling alloy-eip2930 v0.2.1
#21 474.1    Compiling num_enum_derive v0.7.5
#21 474.3    Compiling alloy-sol-type-parser v1.5.2
#21 474.3    Compiling thiserror-impl v1.0.69
#21 474.4    Compiling try-lock v0.2.5
#21 474.7    Compiling tower-layer v0.3.3
#21 475.2    Compiling want v0.3.1
#21 475.8    Compiling http-body-util v0.1.3
#21 475.8    Compiling regex-automata v0.4.13
#21 476.0    Compiling num_enum v0.7.5
#21 476.0    Compiling alloy-json-abi v1.3.0
#21 476.4    Compiling alloy-eip7702 v0.6.1
#21 476.4    Compiling macro-string v0.1.4
#21 476.4    Compiling syn-solidity v1.5.2
#21 476.5    Compiling proc-macro-error-attr2 v2.0.0
#21 476.7    Compiling crc-catalog v2.4.0
#21 476.7    Compiling httpdate v1.0.3
#21 477.0    Compiling crossbeam-deque v0.8.6
#21 477.1    Compiling crc v3.4.0
#21 477.6    Compiling cmake v0.1.57
#21 477.8    Compiling proc-macro-error2 v2.0.1
#21 478.1    Compiling fs_extra v1.3.0
#21 478.3    Compiling base64 v0.22.1
#21 478.3    Compiling alloy-eip2124 v0.2.0
#21 478.6    Compiling tinystr v0.8.2
#21 478.9    Compiling alloy-sol-macro-input v1.3.0
#21 478.9    Compiling rustls-pki-types v1.13.2
#21 479.0    Compiling litemap v0.8.1
#21 479.2    Compiling aws-lc-sys v0.35.0
#21 479.5    Compiling writeable v0.6.2
#21 479.7    Compiling rayon v1.11.0
#21 479.9    Compiling alloy-sol-macro-expander v1.3.0
#21 479.9    Compiling potential_utf v0.1.4
#21 480.3    Compiling zerotrie v0.2.3
#21 480.6    Compiling icu_locale_core v2.1.1
#21 480.9    Compiling getrandom v0.3.4
#21 481.3    Compiling icu_collections v2.1.1
#21 481.9    Compiling prettyplease v0.2.37
#21 482.2    Compiling aws-lc-rs v1.15.2
#21 482.2    Compiling glob v0.3.3
#21 482.4    Compiling icu_provider v2.1.1
#21 482.6    Compiling linux-raw-sys v0.11.0
#21 482.9    Compiling alloy-sol-macro v1.3.0
#21 484.4    Compiling sync_wrapper v1.0.2
#21 484.4    Compiling alloy-sol-types v1.3.0
#21 484.4    Compiling secp256k1-sys v0.10.1
#21 484.6    Compiling fastrand v2.3.0
#21 484.7    Compiling icu_properties v2.1.2
#21 484.9    Compiling icu_normalizer v2.1.1
#21 485.0    Compiling alloy-serde v1.0.41
#21 485.6    Compiling tempfile v3.24.0
#21 485.7    Compiling nybbles v0.4.6
#21 485.8    Compiling ipnet v2.11.0
#21 486.0    Compiling powerfmt v0.2.0
#21 486.3    Compiling alloy-eips v1.0.41
#21 486.8    Compiling deranged v0.5.5
#21 487.5    Compiling alloy-trie v0.9.1
#21 487.6    Compiling idna_adapter v1.2.1
#21 487.9    Compiling p3-util v0.2.3-succinct
#21 488.2    Compiling rustls v0.23.35
#21 488.6    Compiling utf8_iter v1.0.4
#21 488.7    Compiling openssl-probe v0.1.6
#21 488.7    Compiling p3-field v0.2.3-succinct
#21 488.8    Compiling tower v0.5.2
#21 488.9    Compiling time v0.3.44
#21 489.8    Compiling idna v1.1.0
#21 489.9    Compiling regex v1.12.2
#21 490.2    Compiling alloy-tx-macros v1.2.1
#21 490.8    Compiling atomic-waker v1.1.2
#21 491.2    Compiling url v2.5.7
#21 491.5    Compiling h2 v0.4.12
#21 491.5    Compiling p3-maybe-rayon v0.2.3-succinct
#21 491.9    Compiling itertools v0.13.0
#21 492.3    Compiling alloy-json-rpc v1.0.41
#21 492.3    Compiling futures-utils-wasm v0.1.0
#21 492.6    Compiling secp256k1 v0.30.0
#21 492.7    Compiling ryu v1.0.21
#21 492.9    Compiling p3-matrix v0.2.3-succinct
#21 493.5    Compiling itertools v0.14.0
#21 493.7    Compiling const_format_proc_macros v0.2.34
#21 493.9    Compiling alloy-consensus v1.0.41
#21 494.1    Compiling p3-symmetric v0.2.3-succinct
#21 494.8    Compiling rustls-native-certs v0.8.2
#21 495.1    Compiling revm-primitives v20.2.1
#21 495.1    Compiling primeorder v0.13.1 (https://github.com/sp1-patches/elliptic-curves?tag=patch-p256-13.2-sp1-5.0.0#10cca2ef)
#21 495.4    Compiling hyper v1.8.1
#21 495.5    Compiling alloy-signer v1.0.41
#21 495.6    Compiling toml_datetime v0.6.11
#21 496.1    Compiling p256 v0.13.2 (https://github.com/sp1-patches/elliptic-curves?tag=patch-p256-13.2-sp1-5.0.0#10cca2ef)
#21 496.3    Compiling blake3 v1.8.2
#21 496.4    Compiling revm-bytecode v5.0.0
#21 496.6    Compiling arrayref v0.3.9
#21 496.6    Compiling pkg-config v0.3.32
#21 496.7    Compiling constant_time_eq v0.3.1
#21 496.9    Compiling p3-dft v0.2.3-succinct
#21 497.1    Compiling alloy-consensus-any v1.0.41
#21 497.2    Compiling alloy-network-primitives v1.0.41
#21 497.3    Compiling num-rational v0.4.2
#21 497.5    Compiling num-iter v0.1.45
#21 497.9    Compiling hyper-util v0.1.19
#21 498.0    Compiling revm-state v6.0.0
#21 498.2    Compiling num-complex v0.4.6
#21 498.4    Compiling alloy-rpc-types-eth v1.0.41
#21 498.7    Compiling futures-executor v0.3.31
#21 499.0    Compiling bytemuck_derive v1.10.2
#21 499.9    Compiling num v0.4.3
#21 499.9    Compiling data-encoding v2.9.0
#21 500.1    Compiling eyre v0.6.12
#21 500.2    Compiling futures v0.3.31
#21 500.3    Compiling strum_macros v0.27.2
#21 500.5    Compiling strum_macros v0.26.4
#21 500.7    Compiling p3-mds v0.2.3-succinct
#21 500.7    Compiling p3-challenger v0.2.3-succinct
#21 501.2    Compiling bytemuck v1.24.0
#21 501.2    Compiling clap_derive v4.5.49
#21 501.6    Compiling alloy-rpc-types-any v1.0.41
#21 501.9    Compiling alloy-network v1.0.41
#21 501.9    Compiling gcd v2.3.0
#21 502.0    Compiling p3-commit v0.2.3-succinct
#21 502.5    Compiling p3-poseidon2 v0.2.3-succinct
#21 502.6    Compiling webpki-roots v1.0.4
#21 502.7    Compiling prost-derive v0.13.5
#21 502.8    Compiling ripemd v0.1.3
#21 503.0    Compiling strum v0.27.2
#21 503.0    Compiling sp1-derive v5.2.4
#21 503.0    Compiling semver v1.0.27
#21 503.5    Compiling utf8parse v0.2.2
#21 503.5    Compiling mime v0.3.17
#21 504.1    Compiling anstyle-parse v0.2.7
#21 504.2    Compiling p3-air v0.2.3-succinct
#21 504.4    Compiling parity-scale-codec-derive v3.7.5
#21 504.4    Compiling impl-trait-for-tuples v0.2.3
#21 504.4    Compiling anstyle-query v1.1.5
#21 504.6    Compiling anstyle v1.0.13
#21 504.9    Compiling is_terminal_polyfill v1.70.2
#21 504.9    Compiling vcpkg v0.2.15
#21 505.0    Compiling colorchoice v1.0.4
#21 505.3    Compiling p3-baby-bear v0.2.3-succinct
#21 505.6    Compiling anstream v0.6.21
#21 505.6    Compiling revm-database-interface v6.0.0
#21 505.6    Compiling p3-interpolation v0.2.3-succinct
#21 505.7    Compiling clang-sys v1.8.1
#21 506.1    Compiling bincode v1.3.3
#21 506.2    Compiling enum-ordinalize-derive v4.3.2
#21 506.4    Compiling clap_lex v0.7.6
#21 506.4    Compiling p3-fri v0.2.3-succinct
#21 506.5    Compiling hashbrown v0.14.5
#21 506.7    Compiling p3-uni-stark v0.2.3-succinct
#21 506.8    Compiling op-alloy-consensus v0.18.14
#21 506.9    Compiling alloy-chains v0.2.23
#21 506.9    Compiling strum v0.26.3
#21 507.4    Compiling clap_builder v4.5.53
#21 507.5    Compiling sp1-primitives v5.2.4
#21 507.5    Compiling p3-merkle-tree v0.2.3-succinct
#21 507.5    Compiling rayon-scan v0.1.1
#21 507.6    Compiling sysinfo v0.30.13
#21 507.7    Compiling enum-ordinalize v4.3.2
#21 507.8    Compiling http v0.2.12
#21 507.9    Compiling ark-std v0.5.0
#21 508.0    Compiling serde_spanned v0.6.9
#21 508.0    Compiling ark-serialize-derive v0.5.0
#21 508.3    Compiling static_assertions v1.1.0
#21 508.5    Compiling toml_write v0.1.2
#21 508.7    Compiling educe v0.6.0
#21 508.8    Compiling ark-ff-macros v0.5.0
#21 508.8    Compiling ark-ff-asm v0.5.0
#21 509.3    Compiling ark-serialize v0.5.0
#21 509.5    Compiling toml_edit v0.22.27
#21 509.6    Compiling sp1-stark v5.2.4
#21 509.9    Compiling derive_more-impl v1.0.0
#21 510.2    Compiling clap v4.5.53
#21 510.3    Compiling cbindgen v0.27.0
#21 510.6    Compiling http-body v0.4.6
#21 510.8    Compiling rustc_version v0.4.1
#21 510.8    Compiling pairing v0.23.0
#21 511.4    Compiling tokio-stream v0.1.17
#21 511.5    Compiling pin-project-internal v1.1.10
#21 511.5    Compiling heck v0.4.1
#21 511.6    Compiling minimal-lexical v0.2.1
#21 511.7    Compiling ark-ff v0.5.0
#21 511.9    Compiling toml v0.8.23
#21 511.9    Compiling sp1_bls12_381 v0.8.0-sp1-5.0.0
#21 512.4    Compiling uuid v1.19.0
#21 512.5    Compiling nom v7.1.3
#21 512.7    Compiling scale-info-derive v2.11.6
#21 512.9    Compiling libloading v0.8.9
#21 512.9    Compiling pathdiff v0.2.3
#21 513.5    Compiling pin-project v1.1.10
#21 513.5    Compiling alloy-genesis v1.0.41
#21 513.6    Compiling kzg-rs v0.2.7
#21 514.6    Compiling cexpr v0.6.0
#21 514.6    Compiling dyn-clone v1.0.20
#21 514.7    Compiling rustc-hex v2.1.0
#21 514.9    Compiling num-modular v0.6.1
#21 515.8    Compiling reth-primitives-traits v1.5.0 (https://github.com/paradigmxyz/reth?tag=v1.5.0#61e38f9a)
#21 515.8    Compiling ark-poly v0.5.0
#21 516.1    Compiling num-order v1.2.0
#21 516.2    Compiling revm-context-interface v7.0.1
#21 516.2    Compiling openssl-sys v0.9.111
#21 516.7    Compiling const_format v0.2.35
#21 517.0    Compiling rand_core v0.9.3
#21 517.0    Compiling serde_arrays v0.2.0
#21 517.4    Compiling socket2 v0.5.10
#21 517.4    Compiling sp1-core-machine v5.2.4
#21 517.7    Compiling ark-ec v0.5.0
#21 517.8    Compiling dashu-base v0.4.1
#21 518.0    Compiling rand_chacha v0.9.0
#21 518.7    Compiling substrate-bn v0.6.0 (https://github.com/sp1-patches/bn?tag=patch-0.6.0-sp1-5.0.0#e0d67f21)
#21 518.8    Compiling dashu-int v0.4.1
#21 518.9    Compiling aurora-engine-modexp v1.2.0
#21 519.0    Compiling serde_urlencoded v0.7.1
#21 519.6    Compiling derive-where v1.6.0
#21 519.9    Compiling winnow v0.5.40
#21 520.0    Compiling rand v0.9.2
#21 520.3    Compiling ark-bls12-381 v0.5.0
#21 520.4    Compiling ark-bn254 v0.5.0
#21 521.1    Compiling dashu-float v0.4.3
#21 521.3    Compiling revm-interpreter v22.0.1
#21 521.5    Compiling alloy-hardforks v0.2.13
#21 521.5    Compiling revm-database v6.0.0
#21 521.8    Compiling revm-context v7.0.1
#21 521.9    Compiling revm-precompile v23.0.0
#21 522.2    Compiling toml_edit v0.19.15
#21 522.7    Compiling indenter v0.3.4
#21 522.7    Compiling dashu-ratio v0.4.1
#21 523.5    Compiling crossbeam-channel v0.5.15
#21 523.7    Compiling revm-handler v7.0.1
#21 523.9    Compiling openssl v0.10.75
#21 524.4    Compiling proc-macro-crate v1.3.1
#21 524.4    Compiling tinyvec_macros v0.1.1
#21 524.6    Compiling foreign-types-shared v0.1.1
#21 524.8    Compiling tinyvec v1.10.0
#21 525.0    Compiling dashu-macros v0.4.1
#21 525.0    Compiling foreign-types v0.3.2
#21 525.2    Compiling revm-inspector v7.0.1
#21 525.6    Compiling num_enum_derive v0.5.11
#21 525.8    Compiling openssl-macros v0.1.1
#21 526.0    Compiling encoding_rs v0.8.35
#21 526.2    Compiling native-tls v0.2.14
#21 526.2    Compiling beef v0.5.2
#21 526.5    Compiling range-set-blaze v0.1.16
#21 526.9    Compiling revm v26.0.1
#21 527.2    Compiling op-revm v7.0.1
#21 527.4    Compiling prost v0.13.5
#21 527.4    Compiling enum-as-inner v0.6.1
#21 527.5    Compiling enum-map-derive v0.17.0
#21 527.6    Compiling parity-scale-codec v3.7.5
#21 528.3    Compiling object v0.37.3
#21 528.3    Compiling tagptr v0.2.0
#21 529.2    Compiling moka v0.12.12
#21 529.2    Compiling hickory-proto v0.25.2
#21 529.3    Compiling alloy-evm v0.12.3
#21 529.4    Compiling h2 v0.3.27
#21 531.1    Compiling resolv-conf v0.7.6
#21 531.4    Compiling iri-string v0.7.9
#21 532.1    Compiling tokio-native-tls v0.3.1
#21 532.2    Compiling byte-slice-cast v1.2.3
#21 532.9    Compiling hyper-tls v0.6.0
#21 533.3    Compiling hickory-resolver v0.25.2
#21 533.4    Compiling hyper v0.14.32
#21 533.4    Compiling prost-types v0.13.5
#21 533.6    Compiling tower-http v0.6.8
#21 535.4    Compiling sp1-recursion-core v5.2.4
#21 535.5    Compiling ark-ff-macros v0.4.2
#21 536.4    Compiling subenum v1.1.3
#21 536.5    Compiling derivative v2.2.0
#21 537.0    Compiling ark-ff-asm v0.4.2
#21 537.5    Compiling outref v0.5.2
#21 538.1    Compiling vsimd v0.8.0
#21 539.0    Compiling bytes-utils v0.1.4
#21 539.1    Compiling miette-derive v7.6.0
#21 539.4    Compiling base64-simd v0.8.0
#21 539.6    Compiling multimap v0.10.1
#21 539.8    Compiling unicode-width v0.1.14
#21 540.4    Compiling aws-smithy-types v1.3.5
#21 540.5    Compiling reth-trie-common v1.5.0 (https://github.com/paradigmxyz/reth?tag=v1.5.0#61e38f9a)
#21 540.6    Compiling sha1 v0.10.6
#21 540.6    Compiling async-stream-impl v0.3.6
#21 541.0    Compiling miette v7.6.0
#21 541.4    Compiling bindgen v0.70.1
#21 542.0    Compiling async-stream v0.3.6
#21 542.6    Compiling derive_more v1.0.0
#21 542.6    Compiling reth-static-file-types v1.5.0 (https://github.com/paradigmxyz/reth?tag=v1.5.0#61e38f9a)
#21 542.8    Compiling rustc-hash v1.1.0
#21 543.6    Compiling scale-info v2.11.6
#21 545.4    Compiling dashmap v6.1.0
#21 545.5    Compiling reth-prune-types v1.5.0 (https://github.com/paradigmxyz/reth?tag=v1.5.0#61e38f9a)
#21 545.9    Compiling aws-smithy-async v1.2.7
#21 546.0    Compiling ff v0.12.1
#21 547.4    Compiling memuse v0.2.2
#21 548.0    Compiling rustls v0.21.12
#21 548.4    Compiling group v0.12.1
#21 548.4    Compiling matchers v0.2.0
#21 549.6    Compiling aws-smithy-runtime-api v1.9.3
#21 549.9    Compiling reth-storage-errors v1.5.0 (https://github.com/paradigmxyz/reth?tag=v1.5.0#61e38f9a)
#21 550.6    Compiling rustls-webpki v0.103.8
#21 550.9    Compiling reth-ethereum-forks v1.5.0 (https://github.com/paradigmxyz/reth?tag=v1.5.0#61e38f9a)
#21 550.9    Compiling rustls-webpki v0.101.7
#21 551.0    Compiling sct v0.7.1
#21 551.1    Compiling sharded-slab v0.1.7
#21 551.4    Compiling tracing-log v0.2.0
#21 551.8    Compiling thread_local v1.1.9
#21 552.5    Compiling nu-ansi-term v0.50.3
#21 553.3    Compiling fixedbitset v0.5.7
#21 554.2    Compiling petgraph v0.7.1
#21 554.4    Compiling tracing-subscriber v0.3.22
#21 556.1    Compiling tokio-rustls v0.26.4
#21 556.4    Compiling reth-ethereum-primitives v1.5.0 (https://github.com/paradigmxyz/reth?tag=v1.5.0#61e38f9a)
#21 556.5    Compiling sp1-recursion-derive v5.2.4
#21 556.8    Compiling serde_bytes v0.11.19
#21 557.1    Compiling hyper-rustls v0.27.7
#21 557.1    Compiling simd-adler32 v0.3.8
#21 557.7    Compiling adler2 v2.0.1
#21 558.2    Compiling reqwest v0.12.28
#21 558.9    Compiling miniz_oxide v0.8.9
#21 560.1    Compiling tokio-rustls v0.24.1
#21 560.7    Compiling prost-build v0.13.5
#21 561.0    Compiling blake2b_simd v1.0.3
#21 561.3    Compiling flex-error v0.4.4
#21 561.9    Compiling alloy-transport v1.0.41
#21 562.0    Compiling reth-network-peers v1.5.0 (https://github.com/paradigmxyz/reth?tag=v1.5.0#61e38f9a)
#21 562.7    Compiling digest v0.9.0
#21 562.7    Compiling subtle-encoding v0.5.1
#21 563.2    Compiling utf-8 v0.7.6
#21 564.4    Compiling tendermint-proto v0.40.4
#21 564.7    Compiling reth-chainspec v1.5.0 (https://github.com/paradigmxyz/reth?tag=v1.5.0#61e38f9a)
#21 564.9    Compiling data-encoding-macro-internal v0.1.16
#21 566.1    Compiling hyper-rustls v0.24.2
#21 566.2    Compiling downloader v0.2.8
#21 567.1    Compiling reth-execution-types v1.5.0 (https://github.com/paradigmxyz/reth?tag=v1.5.0#61e38f9a)
#21 567.9    Compiling webpki-roots v0.26.11
#21 568.8    Compiling prost-derive v0.12.6
#21 568.9    Compiling block-buffer v0.9.0
#21 569.1    Compiling match-lookup v0.1.1
#21 569.2    Compiling core2 v0.4.0
#21 569.4    Compiling indexmap v1.9.3
#21 569.6    Compiling unsigned-varint v0.8.0
#21 569.8    Compiling const-str v0.4.3
#21 570.1    Compiling bimap v0.6.3
#21 570.2    Compiling opaque-debug v0.3.1
#21 570.3    Compiling subtle-ng v2.5.0
#21 570.5    Compiling matchit v0.7.3
#21 570.6    Compiling base64 v0.21.7
#21 570.9    Compiling base256emoji v1.0.2
#21 571.1    Compiling curve25519-dalek-ng v4.1.1
#21 571.1    Compiling alloy-pubsub v1.0.41
#21 571.2    Compiling multihash v0.19.3
#21 571.8    Compiling sha2 v0.9.9
#21 572.6    Compiling dashu v0.4.2
#21 572.7    Compiling data-encoding-macro v0.1.18
#21 572.9    Compiling pasta_curves v0.4.1
#21 573.0    Compiling reth-execution-errors v1.5.0 (https://github.com/paradigmxyz/reth?tag=v1.5.0#61e38f9a)
#21 573.1    Compiling pairing v0.22.0
#21 573.5    Compiling snowbridge-amcl v1.0.2
#21 573.9    Compiling reth-stages-types v1.5.0 (https://github.com/paradigmxyz/reth?tag=v1.5.0#61e38f9a)
#21 574.7    Compiling num_enum v0.5.11
#21 575.0    Compiling logos-codegen v0.14.4
#21 575.3    Compiling ark-std v0.4.0
#21 575.4    Compiling ed25519 v2.2.3
#21 575.8    Compiling generic-array v1.1.0
#21 576.2    Compiling num_cpus v1.17.0
#21 576.5    Compiling downcast-rs v1.2.1
#21 577.0    Compiling base-x v0.2.11
#21 577.1    Compiling gen_ops v0.4.0
#21 577.2    Compiling hashbrown v0.12.3
#21 577.2    Compiling rustc-hash v2.1.1
#21 577.2    Compiling camino v1.2.2
#21 577.9    Compiling multibase v0.9.2
#21 578.2    Compiling logos-derive v0.14.4
#21 578.3    Compiling sp1-curves v5.2.4
#21 578.4    Compiling rrs-succinct v0.1.0
#21 578.8    Compiling ark-serialize v0.4.2
#21 579.0    Compiling halo2_proofs v0.1.0
#21 579.1    Compiling bls12_381 v0.7.1
#21 579.1    Compiling ed25519-consensus v2.1.0
#21 579.3    Compiling aws-smithy-http v0.62.6
#21 579.4    Compiling aws-credential-types v1.2.11
#21 580.2    Compiling enum-map v2.7.3
#21 580.3    Compiling aws-types v1.3.11
#21 580.3    Compiling logos-codegen v0.15.1
#21 580.7    Compiling itertools v0.10.5
#21 581.0    Compiling vec_map v0.8.2
#21 581.2    Compiling serde_repr v0.1.20
#21 581.2    Compiling serial_test_derive v3.2.0
#21 581.2    Compiling proc-macro2-diagnostics v0.10.1
#21 582.0    Compiling nohash-hasher v0.2.0
#21 582.1    Compiling gimli v0.32.3
#21 582.1    Compiling ansi_term v0.12.1
#21 582.1    Compiling elf v0.7.4
#21 582.3    Compiling ark-ff v0.4.2
#21 582.6    Compiling halo2 v0.1.0-beta.2
#21 582.6    Compiling tendermint v0.40.4
#21 582.7    Compiling jubjub v0.9.0
#21 584.1    Compiling sp1-core-executor v5.2.4
#21 584.4    Compiling tracing-forest v0.1.6
#21 584.5    Compiling tower v0.4.13
#21 584.7    Compiling logos v0.14.4
#21 585.6    Compiling addr2line v0.25.1
#21 586.5    Compiling pasta_curves v0.5.1
#21 586.6    Compiling p3-keccak-air v0.2.3-succinct
#21 587.2    Compiling aws-smithy-observability v0.1.5
#21 587.3    Compiling alloy-op-hardforks v0.2.13
#21 589.0    Compiling lru v0.13.0
#21 589.3    Compiling blake2 v0.10.6
#21 589.8    Compiling serde_path_to_error v0.1.20
#21 590.0    Compiling yansi v1.0.1
#21 590.4    Compiling size v0.4.1
#21 591.1    Compiling rustc-demangle v0.1.26
#21 591.2    Compiling urlencoding v2.1.3
#21 591.2    Compiling web-time v1.1.0
#21 592.1    Compiling zkhash v0.2.0
#21 592.9    Compiling backtrace v0.3.76
#21 594.1    Compiling aws-sigv4 v1.3.7
#21 595.6    Compiling cid v0.11.1
#21 596.0    Compiling reth-consensus v1.5.0 (https://github.com/paradigmxyz/reth?tag=v1.5.0#61e38f9a)
#21 596.4    Compiling p3-bn254-fr v0.2.3-succinct
#21 597.7    Compiling reth-db-models v1.5.0 (https://github.com/paradigmxyz/reth?tag=v1.5.0#61e38f9a)
#21 597.8    Compiling alloy-rpc-types-engine v1.0.41
#21 598.8    Compiling hyper-timeout v0.5.2
#21 600.1    Compiling rust_decimal v1.39.0
#21 601.4    Compiling reth-storage-api v1.5.0 (https://github.com/paradigmxyz/reth?tag=v1.5.0#61e38f9a)
#21 601.9    Compiling logos-derive v0.15.1
#21 602.7    Compiling reth-optimism-forks v1.5.0 (https://github.com/paradigmxyz/reth?tag=v1.5.0#61e38f9a)
#21 602.7    Compiling protox-parse v0.7.0
#21 602.9    Compiling prost-reflect v0.14.7
#21 603.1    Compiling prost v0.12.6
#21 603.1    Compiling sp1-recursion-gnark-ffi v5.2.4
#21 603.4    Compiling aws-smithy-json v0.61.9
#21 604.0    Compiling reth-optimism-primitives v1.5.0 (https://github.com/paradigmxyz/reth?tag=v1.5.0#61e38f9a)
#21 604.3    Compiling op-alloy-rpc-types v0.18.14
#21 604.7    Compiling hkdf v0.12.4
#21 605.1    Compiling axum-core v0.3.4
#21 605.8    Compiling fixedbitset v0.4.2
#21 605.9    Compiling sync_wrapper v0.1.2
#21 606.6    Compiling iana-time-zone v0.1.64
#21 606.9    Compiling regex-lite v0.1.8
#21 607.1    Compiling petgraph v0.6.5
#21 607.8    Compiling chrono v0.4.42
#21 608.7    Compiling protox v0.7.2
#21 608.8    Compiling sp1-recursion-compiler v5.2.4
#21 609.1    Compiling prost-types v0.12.6
#21 610.4    Compiling logos v0.15.1
#21 611.0    Compiling reth-consensus-common v1.5.0 (https://github.com/paradigmxyz/reth?tag=v1.5.0#61e38f9a)
#21 611.3    Compiling reth-trie-sparse v1.5.0 (https://github.com/paradigmxyz/reth?tag=v1.5.0#61e38f9a)
#21 611.8    Compiling axum-core v0.4.5
#21 612.0    Compiling alloy-rpc-types v1.0.32
#21 613.3    Compiling nmt-rs v0.2.5
#21 613.6    Compiling enum_dispatch v0.3.13
#21 614.0    Compiling axum v0.6.20
#21 614.3    Compiling sdd v3.0.10
#21 614.8    Compiling bech32 v0.11.1
#21 614.8    Compiling option-ext v0.2.0
#21 615.4    Compiling cfg_aliases v0.2.1
#21 615.6    Compiling scc v2.4.0
#21 615.7    Compiling nix v0.30.1
#21 615.7    Compiling dirs-sys v0.4.1
#21 615.8    Compiling axum v0.7.9
#21 616.6    Compiling reth-trie v1.5.0 (https://github.com/paradigmxyz/reth?tag=v1.5.0#61e38f9a)
#21 617.1    Compiling prost-build v0.12.6
#21 617.1    Compiling celestia-proto v0.9.1
#21 618.3    Compiling reth-optimism-chainspec v1.5.0 (https://github.com/paradigmxyz/reth?tag=v1.5.0#61e38f9a)
#21 618.9    Compiling reth-evm v1.5.0 (https://github.com/paradigmxyz/reth?tag=v1.5.0#61e38f9a)
#21 619.0    Compiling sp1-prover v5.2.2
#21 620.1    Compiling rusticata-macros v4.1.0
#21 621.7    Compiling rustls-pemfile v2.2.0
#21 621.7    Compiling tokio-io-timeout v1.2.1
#21 622.1    Compiling asn1-rs-derive v0.5.1
#21 622.6    Compiling asn1-rs-impl v0.2.0
#21 622.8    Compiling cookie v0.18.1
#21 623.2    Compiling xmlparser v0.13.6
#21 623.3    Compiling ref-cast v1.0.25
#21 623.3    Compiling same-file v1.0.6
#21 624.0    Compiling bindgen v0.72.1
#21 624.4    Compiling bs58 v0.5.1
#21 624.8    Compiling leopard-codec v0.1.0
#21 624.9    Compiling bitflags v1.3.2
#21 624.9    Compiling base64 v0.13.1
#21 625.0    Compiling walkdir v2.5.0
#21 625.1    Compiling asn1-rs v0.6.2
#21 625.3    Compiling aws-smithy-xml v0.60.13
#21 626.7    Compiling serde-human-bytes v0.1.2
#21 627.8    Compiling libp2p-identity v0.2.13
#21 628.0    Compiling hyper-timeout v0.4.1
#21 629.9    Compiling tonic-build v0.10.2
#21 630.1    Compiling serial_test v3.2.0
#21 630.4    Compiling dirs v5.0.1
#21 630.7    Compiling reth-optimism-consensus v1.5.0 (https://github.com/paradigmxyz/reth?tag=v1.5.0#61e38f9a)
#21 631.4    Compiling prost-reflect v0.15.3
#21 631.7    Compiling protox-parse v0.8.0
#21 632.4    Compiling pear_codegen v0.2.9
#21 633.0    Compiling aws-smithy-query v0.60.9
#21 633.1    Compiling alloy-op-evm v0.12.3
#21 633.5    Compiling tracing-appender v0.2.4
#21 634.5    Compiling rlp v0.5.2
#21 635.0    Compiling curve25519-dalek v4.1.3 (https://github.com/sp1-patches/curve25519-dalek?tag=patch-4.1.3-sp1-5.0.0#be8c2201)
#21 635.0    Compiling libz-sys v1.1.23
#21 635.2    Compiling zstd-sys v2.0.16+zstd.1.5.7
#21 635.2    Compiling bzip2-sys v0.1.13+1.0.8
#21 635.2    Compiling lru v0.12.5
#21 635.4    Compiling lz4-sys v1.11.1+lz4-1.10.0
#21 636.9    Compiling oid-registry v0.7.1
#21 637.0    Compiling bindgen v0.71.1
#21 639.3    Compiling rsp-mpt v0.1.0 (https://github.com/succinctlabs/rsp.git?tag=reth-1.5.0#09bbb8f8)
#21 639.7    Compiling protox v0.8.0
#21 639.8    Compiling reth-optimism-evm v1.5.0 (https://github.com/paradigmxyz/reth?tag=v1.5.0#61e38f9a)
#21 641.4    Compiling ev-types v0.0.1
#21 641.9    Compiling tonic v0.10.2
#21 643.2    Compiling multiaddr v0.18.2
#21 647.4    Compiling reth-evm-ethereum v1.5.0 (https://github.com/paradigmxyz/reth?tag=v1.5.0#61e38f9a)
#21 648.5    Compiling rsp-primitives v0.1.0 (https://github.com/succinctlabs/rsp.git?tag=reth-1.5.0#09bbb8f8)
#21 649.1    Compiling reth-ethereum-consensus v1.5.0 (https://github.com/paradigmxyz/reth?tag=v1.5.0#61e38f9a)
#21 649.2    Compiling reth-errors v1.5.0 (https://github.com/paradigmxyz/reth?tag=v1.5.0#61e38f9a)
#21 650.4    Compiling blockstore v0.7.1
#21 650.7    Compiling tonic-build v0.13.1
#21 651.3    Compiling alloy-signer-local v1.0.41
#21 651.3    Compiling jsonrpsee-types v0.25.1
#21 651.8    Compiling cargo-platform v0.1.9
#21 652.0    Compiling curve25519-dalek-derive v0.1.1 (https://github.com/sp1-patches/curve25519-dalek?tag=patch-4.1.3-sp1-5.0.0#be8c2201)
#21 652.4    Compiling ref-cast-impl v1.0.25
#21 652.5    Compiling fs-err v3.2.1
#21 653.7    Compiling futures-timer v3.0.3
#21 653.8    Compiling sp1-cuda v5.2.2
#21 653.9    Compiling unicode-width v0.2.2
#21 654.8    Compiling console v0.15.11
#21 654.9    Compiling jsonrpsee-core v0.25.1
#21 655.9    Compiling cargo_metadata v0.18.1
#21 656.1    Compiling celestia-proto v0.10.0
#21 656.8    Compiling celestia-types v0.15.0
#21 656.9    Compiling librocksdb-sys v0.17.3+10.4.2
#21 657.7    Compiling ctrlc v3.5.1
#21 659.9    Compiling der-parser v9.0.0
#21 660.8    Compiling sp1-recursion-circuit v5.2.4
#21 661.3    Compiling bon-macros v3.8.1
#21 662.4    Compiling is-terminal v0.4.17
#21 662.5    Compiling uncased v0.9.10
#21 663.1    Compiling instant v0.1.13
#21 663.1    Compiling half v1.8.3
#21 663.3    Compiling sp1-sdk v5.2.2
#21 663.3    Compiling crc32fast v1.5.0
#21 663.9    Compiling leopard-codec v0.2.0
#21 664.0    Compiling number_prefix v0.4.0
#21 664.4    Compiling serde_cbor v0.11.2
#21 664.9    Compiling indicatif v0.17.11
#21 665.1    Compiling tdx-attest-sys v0.5.5 (https://github.com/jonas089/dstack#359cbf8e)
#21 665.2    Compiling backoff v0.4.0
#21 665.8    Compiling bon v3.8.1
#21 666.4    Compiling x509-parser v0.16.0
#21 668.4    Compiling ed25519-dalek v2.2.0
#21 670.1    Compiling devise_core v0.4.2
#21 670.1    Compiling eventsource-stream v0.2.3
#21 670.2    Compiling reth-primitives v1.5.0 (https://github.com/paradigmxyz/reth?tag=v1.5.0#61e38f9a)
#21 670.3    Compiling soketto v0.8.1
#21 670.4    Compiling alloy-dyn-abi v1.3.0
#21 670.5    Compiling sp1-build v5.2.2
#21 670.6    Compiling pem v3.0.6
#21 671.9    Compiling inlinable_string v0.1.15
#21 672.8    Compiling pear v0.2.9
#21 673.0    Compiling devise_codegen v0.4.2
#21 675.9    Compiling blockstore v0.8.0
#21 676.0    Compiling informalsystems-pbjson v0.7.0
#21 676.0    Compiling twox-hash v1.6.3
#21 676.5    Compiling x509-cert v0.2.5
#21 677.0    Compiling stable-pattern v0.1.0
#21 677.1    Compiling figment v0.10.19
#21 677.4    Compiling multer v3.1.0
#21 677.9    Compiling asn1_der v0.7.6
#21 677.9    Compiling object v0.36.7
#21 678.0    Compiling state v0.6.0
#21 678.2    Compiling ruzstd v0.7.3
#21 678.2    Compiling ics23 v0.12.0
#21 678.9    Compiling rocket_http v0.6.0-dev (https://github.com/rwf2/Rocket?branch=master#3a54d079)
#21 679.1    Compiling flate2 v1.1.5
#21 681.8    Compiling devise v0.4.2
#21 682.0    Compiling alloy-core v1.3.0
#21 682.0    Compiling cc-eventlog v0.5.5 (https://github.com/jonas089/dstack#359cbf8e)
#21 682.1    Compiling rustls-pemfile v1.0.4
#21 682.3    Compiling yasna v0.5.2
#21 682.3    Compiling jsonrpsee-proc-macros v0.25.1
#21 683.0    Compiling celestia-grpc-macros v0.4.0
#21 683.4    Compiling rocket v0.6.0-dev (https://github.com/rwf2/Rocket?branch=master#3a54d079)
#21 684.1    Compiling peg-runtime v0.8.5
#21 684.5    Compiling rcgen v0.13.2
#21 684.7    Compiling tdx-attest v0.5.5 (https://github.com/jonas089/dstack#359cbf8e)
#21 684.8    Compiling rustls-native-certs v0.6.3
#21 685.2    Compiling peg-macros v0.8.5
#21 685.9    Compiling rocket_codegen v0.6.0-dev (https://github.com/rwf2/Rocket?branch=master#3a54d079)
#21 687.4    Compiling size-parser v0.5.5 (https://github.com/jonas089/dstack#359cbf8e)
#21 689.2    Compiling axum-core v0.5.5
#21 689.9    Compiling ubyte v0.10.4
#21 690.0    Compiling derive_more v0.99.20
#21 692.0    Compiling matchit v0.8.4
#21 692.3    Compiling binascii v0.1.4
#21 693.2    Compiling ref-swap v0.1.2
#21 693.4    Compiling ev-prover v0.2.0 (https://github.com/celestiaorg/celestia-zkevm/#ef1ca4a0)
#21 693.4    Compiling unsafe-libyaml v0.2.11
#21 693.5    Compiling or-panic v1.0.2
#21 693.8    Compiling hex-literal v1.1.0
#21 694.1    Compiling dotenvy v0.15.7
#21 694.3    Compiling axum v0.8.8
#21 694.5    Compiling dstack-mr v0.5.5 (https://github.com/jonas089/dstack#359cbf8e)
#21 694.9    Compiling serde_yaml v0.9.34+deprecated
#21 696.4    Compiling peg v0.8.5
#21 696.7    Compiling tendermint-light-client-verifier v0.40.4
#21 696.8    Compiling dstack-types v0.5.5 (https://github.com/jonas089/dstack#359cbf8e)
#21 697.1    Compiling reqwest v0.11.27
#21 697.2    Compiling tendermint-config v0.40.4
#21 698.8    Compiling tonic-reflection v0.10.2
#21 699.2    Compiling http-client-unix-domain-socket v0.1.2
#21 699.7    Compiling tendermint-rpc v0.40.4
#21 700.6    Compiling dstack-sdk-types v0.1.2 (https://github.com/jonas089/dstack#359cbf8e)
#21 700.9 error: failed to run custom build command for `ev-prover v0.2.0 (https://github.com/celestiaorg/celestia-zkevm/#ef1ca4a0)`
#21 700.9 
#21 700.9 Caused by:
#21 700.9   process didn't exit successfully: `/build/target/release/build/ev-prover-871cdfc2abe6bce3/build-script-build` (exit status: 101)
#21 700.9   --- stdout
#21 700.9   cargo::rerun-if-changed=/usr/local/cargo/git/checkouts/celestia-zkevm-fea3d28ebf265a89/ef1ca4a/crates/sp1/ev-exec/program/src
#21 700.9   cargo::rerun-if-changed=/usr/local/cargo/git/checkouts/celestia-zkevm-fea3d28ebf265a89/ef1ca4a/crates/sp1/ev-exec/program/Cargo.toml
#21 700.9   cargo:rerun-if-changed=/usr/local/cargo/git/checkouts/celestia-zkevm-fea3d28ebf265a89/ef1ca4a/Cargo.lock
#21 700.9   cargo:rerun-if-changed=/usr/local/cargo/git/checkouts/celestia-zkevm-fea3d28ebf265a89/ef1ca4a/crates/celestia-grpc-client
#21 700.9   cargo:rerun-if-changed=/usr/local/cargo/git/checkouts/celestia-zkevm-fea3d28ebf265a89/ef1ca4a/crates/ev-prover
#21 700.9   cargo:rerun-if-changed=/usr/local/cargo/git/checkouts/celestia-zkevm-fea3d28ebf265a89/ef1ca4a/crates/ev-state-queries
#21 700.9   cargo:rerun-if-changed=/usr/local/cargo/git/checkouts/celestia-zkevm-fea3d28ebf265a89/ef1ca4a/crates/ev-zkevm-types
#21 700.9   cargo:rerun-if-changed=/usr/local/cargo/git/checkouts/celestia-zkevm-fea3d28ebf265a89/ef1ca4a/crates/storage
#21 700.9   cargo:rerun-if-changed=/usr/local/cargo/git/checkouts/celestia-zkevm-fea3d28ebf265a89/ef1ca4a/crates/ev-zkevm-types
#21 700.9   cargo:rerun-if-changed=/usr/local/cargo/git/checkouts/celestia-zkevm-fea3d28ebf265a89/ef1ca4a/crates/ev-zkevm-types
#21 700.9   cargo:rerun-if-changed=/usr/local/cargo/git/checkouts/celestia-zkevm-fea3d28ebf265a89/ef1ca4a/crates/ev-zkevm-types
#21 700.9   cargo:rerun-if-changed=/usr/local/cargo/git/checkouts/celestia-zkevm-fea3d28ebf265a89/ef1ca4a/crates/ev-zkevm-types
#21 700.9   cargo:rerun-if-changed=/usr/local/cargo/git/checkouts/celestia-zkevm-fea3d28ebf265a89/ef1ca4a/crates/celestia-grpc-client
#21 700.9   cargo:rerun-if-changed=/usr/local/cargo/git/checkouts/celestia-zkevm-fea3d28ebf265a89/ef1ca4a/crates/ev-zkevm-types
#21 700.9   cargo:rerun-if-changed=/usr/local/cargo/git/checkouts/celestia-zkevm-fea3d28ebf265a89/ef1ca4a/crates/storage
#21 700.9   cargo:rerun-if-changed=/usr/local/cargo/git/checkouts/celestia-zkevm-fea3d28ebf265a89/ef1ca4a/crates/celestia-grpc-client
#21 700.9   cargo:rerun-if-changed=/usr/local/cargo/git/checkouts/celestia-zkevm-fea3d28ebf265a89/ef1ca4a/crates/ev-state-queries
#21 700.9   cargo:rerun-if-changed=/usr/local/cargo/git/checkouts/celestia-zkevm-fea3d28ebf265a89/ef1ca4a/crates/ev-zkevm-types
#21 700.9   cargo:rerun-if-changed=/usr/local/cargo/git/checkouts/celestia-zkevm-fea3d28ebf265a89/ef1ca4a/crates/storage
#21 700.9   cargo:rerun-if-changed=/usr/local/cargo/git/checkouts/celestia-zkevm-fea3d28ebf265a89/ef1ca4a/crates/ev-zkevm-types
#21 700.9   cargo:rerun-if-changed=/usr/local/cargo/git/checkouts/celestia-zkevm-fea3d28ebf265a89/ef1ca4a/crates/ev-zkevm-types
#21 700.9   cargo:rerun-if-changed=/usr/local/cargo/git/checkouts/celestia-zkevm-fea3d28ebf265a89/ef1ca4a/crates/ev-zkevm-types
#21 700.9   cargo:rerun-if-changed=/usr/local/cargo/git/checkouts/celestia-zkevm-fea3d28ebf265a89/ef1ca4a/crates/storage
#21 700.9   cargo:rerun-if-changed=/usr/local/cargo/git/checkouts/celestia-zkevm-fea3d28ebf265a89/ef1ca4a/crates/ev-zkevm-types
#21 700.9 
#21 700.9   --- stderr
#21 700.9 
#21 700.9   thread 'main' panicked at /usr/local/cargo/registry/src/index.crates.io-1949cf8c6b5b557f/sp1-build-5.2.2/src/command/local.rs:42:13:
#21 700.9   Failed to run rustc --version ""
#21 700.9   "error: override toolchain 'succinct' is not installed: the RUSTUP_TOOLCHAIN environment variable specifies an uninstalled toolchain\n"
#21 700.9   note: run with `RUST_BACKTRACE=1` environment variable to display a backtrace
#21 700.9 warning: build failed, waiting for other jobs to finish...
#21 ERROR: process "/bin/sh -c cargo build --release -p evolve-tee && rm -rf app/src circuit/src light-client/src types/src" did not complete successfully: exit code: 101
------
 > [builder 11/16] RUN cargo build --release -p evolve-tee && rm -rf app/src circuit/src light-client/src types/src:
700.9   cargo:rerun-if-changed=/usr/local/cargo/git/checkouts/celestia-zkevm-fea3d28ebf265a89/ef1ca4a/crates/storage
700.9   cargo:rerun-if-changed=/usr/local/cargo/git/checkouts/celestia-zkevm-fea3d28ebf265a89/ef1ca4a/crates/ev-zkevm-types
700.9 
700.9   --- stderr
700.9 
700.9   thread 'main' panicked at /usr/local/cargo/registry/src/index.crates.io-1949cf8c6b5b557f/sp1-build-5.2.2/src/command/local.rs:42:13:
700.9   Failed to run rustc --version ""
700.9   "error: override toolchain 'succinct' is not installed: the RUSTUP_TOOLCHAIN environment variable specifies an uninstalled toolchain\n"
700.9   note: run with `RUST_BACKTRACE=1` environment variable to display a backtrace
700.9 warning: build failed, waiting for other jobs to finish...
------
Dockerfile:32
--------------------
  30 |     
  31 |     # Build dependencies (this layer will be cached)
  32 | >>> RUN cargo build --release -p evolve-tee && rm -rf app/src circuit/src light-client/src types/src
  33 |     
  34 |     # Copy actual source code for all workspace members
--------------------
ERROR: failed to build: failed to solve: process "/bin/sh -c cargo build --release -p evolve-tee && rm -rf app/src circuit/src light-client/src types/src" did not complete successfully: exit code: 101

View build details: docker-desktop://dashboard/build/desktop-linux/desktop-linux/ldsrdbtbs3aiq2sgovyiip2jg
