#0 building with "desktop-linux" instance using docker driver

#1 [internal] load build definition from Dockerfile
#1 transferring dockerfile: 1.94kB done
#1 DONE 0.0s

#2 [internal] load metadata for docker.io/library/rust:1.88
#2 ...

#3 [auth] library/rust:pull token for registry-1.docker.io
#3 DONE 0.0s

#4 [auth] library/debian:pull token for registry-1.docker.io
#4 DONE 0.0s

#5 [internal] load metadata for docker.io/library/debian:bookworm-slim
#5 DONE 0.9s

#2 [internal] load metadata for docker.io/library/rust:1.88
#2 DONE 0.9s

#6 [internal] load .dockerignore
#6 transferring context: 2B done
#6 DONE 0.0s

#7 [builder  1/17] FROM docker.io/library/rust:1.88@sha256:af306cfa71d987911a781c37b59d7d67d934f49684058f96cf72079c3626bfe0
#7 resolve docker.io/library/rust:1.88@sha256:af306cfa71d987911a781c37b59d7d67d934f49684058f96cf72079c3626bfe0 0.0s done
#7 DONE 0.0s

#8 [stage-1 1/4] FROM docker.io/library/debian:bookworm-slim@sha256:d5d3f9c23164ea16f31852f95bd5959aad1c5e854332fe00f7b3a20fcc9f635c
#8 resolve docker.io/library/debian:bookworm-slim@sha256:d5d3f9c23164ea16f31852f95bd5959aad1c5e854332fe00f7b3a20fcc9f635c 0.0s done
#8 DONE 0.0s

#9 [builder  2/17] RUN apt-get update && apt-get install -y     clang     libclang-dev     && rm -rf /var/lib/apt/lists/*
#9 CACHED

#10 [builder  3/17] RUN curl -fsSL https://go.dev/dl/go1.22.5.linux-amd64.tar.gz | tar -C /usr/local -xzf -
#10 CACHED

#11 [stage-1 2/4] RUN apt-get update && apt-get install -y     ca-certificates     && rm -rf /var/lib/apt/lists/*
#11 CACHED

#12 [stage-1 3/4] WORKDIR /app
#12 CACHED

#13 [internal] load build context
#13 transferring context: 597B done
#13 DONE 0.0s

#14 [builder  4/17] RUN curl -L https://sp1up.dev | bash &&     ~/.sp1/bin/sp1up &&     ~/.sp1/bin/cargo-prove prove --version
#14 0.124   % Total    % Received % Xferd  Average Speed   Time    Time     Time  Current
#14 0.124                                  Dload  Upload   Total   Spent    Left  Speed
#14 0.125   0     0    0     0    0     0      0      0 --:--:-- --:--:-- --:--:--     0curl: (6) Could not resolve host: sp1up.dev
#14 0.150 /bin/sh: 1: /root/.sp1/bin/sp1up: not found
#14 ERROR: process "/bin/sh -c curl -L https://sp1up.dev | bash &&     ~/.sp1/bin/sp1up &&     ~/.sp1/bin/cargo-prove prove --version" did not complete successfully: exit code: 127
------
 > [builder  4/17] RUN curl -L https://sp1up.dev | bash &&     ~/.sp1/bin/sp1up &&     ~/.sp1/bin/cargo-prove prove --version:
 % Total    % Received % Xferd  Average Speed   Time    Time     Time  Current
0.124                                  Dload  Upload   Total   Spent    Left  Speed
0.125   0     0    0     0    0     0      0      0 --:--:-- --:--:-- --:--:--     0curl: (6) Could not resolve host: sp1up.dev
0.150 /bin/sh: 1: /root/.sp1/bin/sp1up: not found
------
Dockerfile:15
--------------------
  14 |     # Install SP1 toolchain (required by ev-prover build script)
  15 | >>> RUN curl -L https://sp1up.dev | bash && \
  16 | >>>     ~/.sp1/bin/sp1up && \
  17 | >>>     ~/.sp1/bin/cargo-prove prove --version
  18 |     ENV PATH="/root/.sp1/bin:${PATH}"
--------------------
ERROR: failed to build: failed to solve: process "/bin/sh -c curl -L https://sp1up.dev | bash &&     ~/.sp1/bin/sp1up &&     ~/.sp1/bin/cargo-prove prove --version" did not complete successfully: exit code: 127

View build details: docker-desktop://dashboard/build/desktop-linux/desktop-linux/3ol5hienlrmtb03qio4qikx7l
