The push refers to repository [docker.io/jonas089/evolve-tee]
690d2270fbb1: Waiting
7189513a4514: Waiting
0347dcb76707: Waiting
af3f5de61a34: Waiting
6c9c8638f040: Waiting
0260047f8eda: Waiting
690d2270fbb1: Waiting
7189513a4514: Waiting
0347dcb76707: Waiting
af3f5de61a34: Waiting
6c9c8638f040: Waiting
0260047f8eda: Waiting
0347dcb76707: Waiting
af3f5de61a34: Waiting
6c9c8638f040: Waiting
0260047f8eda: Waiting
690d2270fbb1: Waiting
7189513a4514: Waiting
690d2270fbb1: Waiting
7189513a4514: Waiting
0347dcb76707: Waiting
af3f5de61a34: Waiting
6c9c8638f040: Waiting
0260047f8eda: Waiting
690d2270fbb1: Waiting
7189513a4514: Waiting
0347dcb76707: Waiting
af3f5de61a34: Waiting
6c9c8638f040: Waiting
0260047f8eda: Waiting
690d2270fbb1: Waiting
7189513a4514: Waiting
0347dcb76707: Waiting
af3f5de61a34: Waiting
6c9c8638f040: Waiting
0260047f8eda: Waiting
af3f5de61a34: Waiting
6c9c8638f040: Waiting
0260047f8eda: Waiting
690d2270fbb1: Waiting
7189513a4514: Waiting
0347dcb76707: Waiting
690d2270fbb1: Waiting
7189513a4514: Waiting
0347dcb76707: Waiting
af3f5de61a34: Waiting
6c9c8638f040: Waiting
0260047f8eda: Waiting
af3f5de61a34: Waiting
6c9c8638f040: Layer already exists
0260047f8eda: Waiting
690d2270fbb1: Waiting
7189513a4514: Waiting
0347dcb76707: Waiting
690d2270fbb1: Waiting
7189513a4514: Waiting
0347dcb76707: Layer already exists
af3f5de61a34: Layer already exists
0260047f8eda: Waiting
690d2270fbb1: Waiting
7189513a4514: Pushed
690d2270fbb1: Pushed
0260047f8eda: Pushed
latest: digest: sha256:badc2f7b6aef93430ad3201946b871365639998b77945321b24982e61d39f719 size: 856
