#0 building with "desktop-linux" instance using docker driver

#1 [internal] load build definition from Dockerfile
#1 transferring dockerfile: 909B done
#1 DONE 0.0s

#2 [internal] load metadata for docker.io/library/rust:1.88
#2 DONE 0.2s

#3 [internal] load metadata for docker.io/library/debian:bookworm-slim
#3 DONE 0.2s

#4 [internal] load .dockerignore
#4 transferring context: 2B done
#4 DONE 0.0s

#5 [stage-1 1/4] FROM docker.io/library/debian:bookworm-slim@sha256:e899040a73d36e2b36fa33216943539d9957cba8172b858097c2cabcdb20a3e2
#5 resolve docker.io/library/debian:bookworm-slim@sha256:e899040a73d36e2b36fa33216943539d9957cba8172b858097c2cabcdb20a3e2 done
#5 DONE 0.0s

#6 [stage-1 2/4] RUN apt-get update && apt-get install -y     ca-certificates     && rm -rf /var/lib/apt/lists/*
#6 CACHED

#7 [stage-1 3/4] WORKDIR /app
#7 CACHED

#8 [builder 1/9] FROM docker.io/library/rust:1.88@sha256:af306cfa71d987911a781c37b59d7d67d934f49684058f96cf72079c3626bfe0
#8 resolve docker.io/library/rust:1.88@sha256:af306cfa71d987911a781c37b59d7d67d934f49684058f96cf72079c3626bfe0 done
#8 DONE 0.0s

#9 [builder 2/9] WORKDIR /app
#9 CACHED

#10 [internal] load build context
#10 transferring context: 745.22MB 5.0s
#10 transferring context: 1.58GB 10.1s
#10 transferring context: 1.97GB 12.6s done
#10 DONE 12.7s

#11 [builder 3/9] COPY dstack /dstack
#11 DONE 3.2s

#12 [builder 4/9] RUN ln -s /dstack /app/dstack
#12 DONE 0.2s

#13 [builder 5/9] COPY Cargo.toml Cargo.lock ./
#13 DONE 0.0s

#14 [builder 6/9] RUN mkdir src && echo "fn main() {}" > src/main.rs
#14 DONE 0.2s

#15 [builder 7/9] RUN cargo build --release && rm -rf src
#15 0.583     Updating crates.io index
#15 0.671     Updating git repository `https://github.com/Dstack-TEE/dstack.git`
#15 3.249     Updating git repository `https://github.com/rwf2/Rocket`
#15 6.261     Updating git repository `https://github.com/SergioBenitez/s2n-quic-h3.git`
#15 10.89  Downloading crates ...
#15 10.98   Downloaded anstream v0.6.21
#15 11.00   Downloaded clap v4.5.53
#15 11.02   Downloaded ark-serialize v0.3.0
#15 11.02   Downloaded ark-ff v0.3.0
#15 11.03   Downloaded alloy-consensus-any v1.1.3
#15 11.03   Downloaded alloy v1.1.3
#15 11.03   Downloaded const-hex v1.17.0
#15 11.04   Downloaded idna_adapter v1.2.1
#15 11.04   Downloaded alloy-network v1.1.3
#15 11.04   Downloaded alloy-sol-macro-expander v1.5.2
#15 11.05   Downloaded bitcoin-io v0.1.4
#15 11.05   Downloaded inlinable_string v0.1.15
#15 11.05   Downloaded axum-core v0.5.5
#15 11.06   Downloaded impl-codec v0.6.0
#15 11.06   Downloaded itoa v1.0.16
#15 11.07   Downloaded jobserver v0.1.34
#15 11.07   Downloaded ident_case v1.0.1
#15 11.08   Downloaded lazy_static v1.5.0
#15 11.08   Downloaded toml v0.8.23
#15 11.09   Downloaded num-conv v0.1.0
#15 11.09   Downloaded keccak-asm v0.1.4
#15 11.09   Downloaded keccak v0.1.5
#15 11.09   Downloaded icu_provider v2.1.1
#15 11.09   Downloaded bitcoin_hashes v0.14.1
#15 11.10   Downloaded ark-std v0.5.0
#15 11.10   Downloaded clap_lex v0.7.6
#15 11.10   Downloaded auto_impl v1.3.0
#15 11.10   Downloaded ark-ff-macros v0.4.2
#15 11.10   Downloaded alloy-primitives v1.5.2
#15 11.13   Downloaded fastrlp v0.3.1
#15 11.14   Downloaded icu_locale_core v2.1.1
#15 11.15   Downloaded getrandom v0.2.16
#15 11.15   Downloaded dyn-clone v1.0.20
#15 11.15   Downloaded tokio-stream v0.1.17
#15 11.17   Downloaded rustc-hash v2.1.1
#15 11.17   Downloaded ruint-macro v1.2.1
#15 11.17   Downloaded rand_xorshift v0.4.0
#15 11.17   Downloaded multer v3.1.0
#15 11.18   Downloaded flagset v0.4.7
#15 11.18   Downloaded fixed-hash v0.8.0
#15 11.18   Downloaded rapidhash v4.2.0
#15 11.18   Downloaded dcap-qvl v0.3.4
#15 11.19   Downloaded parking_lot v0.12.5
#15 11.19   Downloaded nybbles v0.4.6
#15 11.20   Downloaded proc-macro-error2 v2.0.1
#15 11.20   Downloaded hash_hasher v2.0.4
#15 11.20   Downloaded rusticata-macros v4.1.0
#15 11.21   Downloaded semver-parser v0.10.3
#15 11.21   Downloaded cookie v0.18.1
#15 11.21   Downloaded unicode-segmentation v1.12.0
#15 11.22   Downloaded serde_core v1.0.228
#15 11.22   Downloaded serde_path_to_error v0.1.20
#15 11.22   Downloaded educe v0.6.0
#15 11.24   Downloaded http-body v1.0.1
#15 11.24   Downloaded siphasher v1.0.1
#15 11.24   Downloaded serde_with_macros v3.16.1
#15 11.25   Downloaded crc-catalog v2.4.0
#15 11.25   Downloaded serde_derive v1.0.228
#15 11.26   Downloaded rand_chacha v0.3.1
#15 11.26   Downloaded x509-cert v0.2.5
#15 11.27   Downloaded equivalent v1.0.2
#15 11.27   Downloaded zerofrom v0.1.6
#15 11.28   Downloaded errno v0.3.14
#15 11.28   Downloaded form_urlencoded v1.2.2
#15 11.28   Downloaded funty v2.0.0
#15 11.29   Downloaded futures-core v0.3.31
#15 11.29   Downloaded thiserror-impl v2.0.17
#15 11.29   Downloaded fs-err v3.2.1
#15 11.29   Downloaded fnv v1.0.7
#15 11.30   Downloaded hmac v0.12.1
#15 11.30   Downloaded fs_extra v1.3.0
#15 11.30   Downloaded scopeguard v1.2.0
#15 11.31   Downloaded futures-util v0.3.31
#15 11.32   Downloaded ref-cast v1.0.25
#15 11.33   Downloaded uint v0.9.5
#15 11.33   Downloaded minimal-lexical v0.2.1
#15 11.34   Downloaded sync_wrapper v1.0.2
#15 11.34   Downloaded crypto-common v0.1.6
#15 11.34   Downloaded syn-solidity v1.5.2
#15 11.34   Downloaded try-lock v0.2.5
#15 11.35   Downloaded s2n-quic-crypto v0.71.0
#15 11.35   Downloaded tracing-core v0.1.36
#15 11.35   Downloaded untrusted v0.9.0
#15 11.36   Downloaded tagptr v0.2.0
#15 11.36   Downloaded libm v0.2.15
#15 11.38   Downloaded strsim v0.11.1
#15 11.38   Downloaded urlencoding v2.1.3
#15 11.38   Downloaded http v1.4.0
#15 11.39   Downloaded zerocopy-derive v0.8.31
#15 11.39   Downloaded devise_core v0.4.2
#15 11.40   Downloaded futures-macro v0.3.31
#15 11.40   Downloaded utf8parse v0.2.2
#15 11.40   Downloaded critical-section v1.2.0
#15 11.40   Downloaded futures-executor v0.3.31
#15 11.40   Downloaded derive_more v1.0.0
#15 11.41   Downloaded s2n-codec v0.71.0
#15 11.42   Downloaded rusty-fork v0.3.1
#15 11.42   Downloaded hkdf v0.12.4
#15 11.42   Downloaded winnow v0.7.14
#15 11.44   Downloaded rustls-pki-types v1.13.2
#15 11.44   Downloaded schemars v1.1.0
#15 11.46   Downloaded crc32fast v1.5.0
#15 11.46   Downloaded portable-atomic v1.12.0
#15 11.47   Downloaded crypto-bigint v0.5.5
#15 11.48   Downloaded rustls-webpki v0.103.8
#15 11.48   Downloaded reqwest v0.12.26
#15 11.49   Downloaded url v2.5.7
#15 11.49   Downloaded derive_more-impl v2.1.1
#15 11.50   Downloaded derive_more-impl v1.0.0
#15 11.50   Downloaded derive_more v2.1.1
#15 11.51   Downloaded moka v0.12.12
#15 11.52   Downloaded quinn-proto v0.11.13
#15 11.53   Downloaded ruzstd v0.7.3
#15 11.53   Downloaded hashbrown v0.16.1
#15 11.54   Downloaded regex-syntax v0.8.8
#15 11.55   Downloaded tower v0.5.2
#15 11.56   Downloaded rustls-webpki v0.102.8
#15 11.57   Downloaded syn v1.0.109
#15 11.58   Downloaded tracing-subscriber v0.3.22
#15 11.59   Downloaded object v0.36.7
#15 11.60   Downloaded time v0.3.44
#15 11.61   Downloaded syn v2.0.111
#15 11.62   Downloaded sha3-asm v0.1.4
#15 11.63   Downloaded regex v1.12.2
#15 11.64   Downloaded s2n-quic-transport v0.71.0
#15 11.66   Downloaded rustls v0.23.35
#15 11.67   Downloaded hyper v1.8.1
#15 11.68   Downloaded regex-automata v0.4.13
#15 11.69   Downloaded s2n-quic-core v0.71.0
#15 11.72   Downloaded rustix v1.1.2
#15 11.74   Downloaded proptest v1.9.0
#15 11.75   Downloaded crossbeam-channel v0.5.15
#15 11.76   Downloaded hashbrown v0.12.3
#15 11.76   Downloaded hickory-proto v0.25.2
#15 11.78   Downloaded darling_core v0.21.3
#15 11.78   Downloaded c-kzg v2.1.5
#15 11.81   Downloaded s2n-quic-platform v0.71.0
#15 11.82   Downloaded rand v0.9.2
#15 11.82   Downloaded libc v0.2.178
#15 11.85   Downloaded zerocopy v0.8.31
#15 11.87   Downloaded webpki-roots v1.0.4
#15 11.87   Downloaded schemars v0.9.0
#15 11.88   Downloaded toml_edit v0.22.27
#15 11.88   Downloaded rustversion v1.0.22
#15 11.89   Downloaded s2n-quic v1.71.0
#15 11.89   Downloaded toml_edit v0.23.10+spec-1.0.0
#15 11.90   Downloaded itertools v0.14.0
#15 11.90   Downloaded sha3 v0.10.8
#15 11.91   Downloaded tokio v1.48.0
#15 11.94   Downloaded der_derive v0.7.3
#15 11.94   Downloaded rustls-pemfile v2.2.0
#15 11.94   Downloaded encoding_rs v0.8.35
#15 11.96   Downloaded tracing-attributes v0.1.31
#15 11.96   Downloaded typenum v1.19.0
#15 11.97   Downloaded either v1.15.0
#15 11.97   Downloaded utf8_iter v1.0.4
#15 11.97   Downloaded subtle v2.6.1
#15 11.97   Downloaded darling v0.21.3
#15 11.98   Downloaded zerovec v0.11.5
#15 11.98   Downloaded futures-io v0.3.31
#15 11.98   Downloaded itertools v0.13.0
#15 11.99   Downloaded scale-info v2.11.6
#15 11.99   Downloaded tinyvec v1.10.0
#15 11.99   Downloaded digest v0.9.0
#15 11.99   Downloaded devise_codegen v0.4.2
#15 12.00   Downloaded devise v0.4.2
#15 12.00   Downloaded static_assertions v1.1.0
#15 12.00   Downloaded scale-info-derive v2.11.6
#15 12.00   Downloaded futures-sink v0.3.31
#15 12.00   Downloaded secp256k1 v0.30.0
#15 12.00   Downloaded hickory-resolver v0.25.2
#15 12.01   Downloaded ref-cast-impl v1.0.25
#15 12.01   Downloaded twox-hash v1.6.3
#15 12.01   Downloaded rlp v0.5.2
#15 12.01   Downloaded tracing-log v0.2.0
#15 12.01   Downloaded flate2 v1.1.5
#15 12.02   Downloaded const_format v0.2.35
#15 12.02   Downloaded zerotrie v0.2.3
#15 12.03   Downloaded synstructure v0.13.2
#15 12.03   Downloaded resolv-conf v0.7.6
#15 12.03   Downloaded crossbeam-epoch v0.9.18
#15 12.03   Downloaded toml_parser v1.0.6+spec-1.1.0
#15 12.03   Downloaded tokio-rustls v0.26.4
#15 12.04   Downloaded socket2 v0.6.1
#15 12.04   Downloaded pest v2.8.4
#15 12.04   Downloaded untrusted v0.7.1
#15 12.04   Downloaded ring v0.17.14
#15 12.08   Downloaded tap v1.0.1
#15 12.08   Downloaded rfc6979 v0.4.0
#15 12.08   Downloaded ref-swap v0.1.2
#15 12.08   Downloaded hex-conservative v0.2.2
#15 12.09   Downloaded displaydoc v0.2.5
#15 12.09   Downloaded toml_datetime v0.7.5+spec-1.1.0
#15 12.09   Downloaded sharded-slab v0.1.7
#15 12.09   Downloaded serde_with v3.16.1
#15 12.10   Downloaded serde_json v1.0.146
#15 12.10   Downloaded idna v1.1.0
#15 12.10   Downloaded tracing v0.1.44
#15 12.11   Downloaded ryu v1.0.21
#15 12.12   Downloaded digest v0.10.7
#15 12.12   Downloaded derivative v2.2.0
#15 12.12   Downloaded deranged v0.5.5
#15 12.12   Downloaded tempfile v3.23.0
#15 12.13   Downloaded state v0.6.0
#15 12.13   Downloaded s2n-quic-rustls v0.71.0
#15 12.13   Downloaded futures-channel v0.3.31
#15 12.13   Downloaded tinystr v0.8.2
#15 12.13   Downloaded tiny-keccak v2.0.2
#15 12.13   Downloaded time-macros v0.2.24
#15 12.13   Downloaded ucd-trie v0.1.7
#15 12.14   Downloaded futures v0.3.31
#15 12.14   Downloaded uuid v1.19.0
#15 12.14   Downloaded serde v1.0.228
#15 12.14   Downloaded rcgen v0.13.2
#15 12.14   Downloaded h2 v0.4.12
#15 12.15   Downloaded nom v7.1.3
#15 12.15   Downloaded iri-string v0.7.9
#15 12.16   Downloaded hex-literal v1.1.0
#15 12.16   Downloaded hex-literal v0.4.1
#15 12.16   Downloaded hex v0.4.3
#15 12.16   Downloaded heck v0.5.0
#15 12.16   Downloaded futures-task v0.3.31
#15 12.16   Downloaded secp256k1-sys v0.10.1
#15 12.20   Downloaded cuckoofilter v0.5.0
#15 12.20   Downloaded unarray v0.1.4
#15 12.20   Downloaded ubyte v0.10.4
#15 12.20   Downloaded thiserror v2.0.17
#15 12.20   Downloaded thiserror v1.0.69
#15 12.21   Downloaded foldhash v0.2.0
#15 12.21   Downloaded elliptic-curve v0.13.8
#15 12.21   Downloaded tokio-macros v2.6.0
#15 12.21   Downloaded thread_local v1.1.9
#15 12.21   Downloaded stable-pattern v0.1.0
#15 12.21   Downloaded wasm-bindgen-macro-support v0.2.106
#15 12.22   Downloaded toml_write v0.1.2
#15 12.22   Downloaded time-core v0.1.6
#15 12.22   Downloaded spki v0.7.3
#15 12.22   Downloaded httparse v1.10.1
#15 12.22   Downloaded const-oid v0.9.6
#15 12.22   Downloaded smallvec v1.15.1
#15 12.22   Downloaded wasm-bindgen v0.2.106
#15 12.23   Downloaded linux-raw-sys v0.11.0
#15 12.26   Downloaded spin v0.9.8
#15 12.27   Downloaded rand v0.7.3
#15 12.27   Downloaded quinn v0.11.9
#15 12.27   Downloaded num-bigint v0.4.6
#15 12.27   Downloaded mio v1.1.1
#15 12.28   Downloaded fastrand v2.3.0
#15 12.28   Downloaded thiserror-impl v1.0.69
#15 12.28   Downloaded zerovec-derive v0.11.2
#15 12.28   Downloaded toml_datetime v0.6.11
#15 12.28   Downloaded tinyvec_macros v0.1.1
#15 12.28   Downloaded threadpool v1.8.1
#15 12.28   Downloaded blst v0.3.16
#15 12.29   Downloaded sec1 v0.7.3
#15 12.29   Downloaded rand_core v0.5.1
#15 12.29   Downloaded rand_chacha v0.9.0
#15 12.29   Downloaded rand_chacha v0.2.2
#15 12.29   Downloaded http-client-unix-domain-socket v0.1.2
#15 12.30   Downloaded http-body-util v0.1.3
#15 12.30   Downloaded zeroize v1.8.2
#15 12.30   Downloaded wasm-bindgen-futures v0.4.56
#15 12.30   Downloaded valuable v0.1.1
#15 12.30   Downloaded h3 v0.0.6
#15 12.30   Downloaded itertools v0.10.5
#15 12.31   Downloaded enum-ordinalize-derive v4.3.2
#15 12.31   Downloaded enum-as-inner v0.6.1
#15 12.31   Downloaded stable_deref_trait v1.2.1
#15 12.31   Downloaded cpufeatures v0.2.17
#15 12.31   Downloaded slab v0.4.11
#15 12.31   Downloaded simd-adler32 v0.3.8
#15 12.31   Downloaded signal-hook-registry v1.4.7
#15 12.31   Downloaded shlex v1.3.0
#15 12.31   Downloaded sha2 v0.10.9
#15 12.32   Downloaded ruint v1.17.0
#15 12.32   Downloaded enum-ordinalize v4.3.2
#15 12.32   Downloaded zeroize_derive v1.4.2
#15 12.32   Downloaded yoke-derive v0.8.1
#15 12.32   Downloaded rand v0.8.5
#15 12.33   Downloaded memchr v2.7.6
#15 12.33   Downloaded icu_collections v2.1.1
#15 12.33   Downloaded httpdate v1.0.3
#15 12.34   Downloaded crc v3.4.0
#15 12.34   Downloaded yoke v0.8.1
#15 12.34   Downloaded wasm-bindgen-shared v0.2.106
#15 12.34   Downloaded wasm-bindgen-macro v0.2.106
#15 12.34   Downloaded version_check v0.9.5
#15 12.34   Downloaded der v0.7.10
#15 12.34   Downloaded dcap-qvl-webpki v0.103.3
#15 12.35   Downloaded prettyplease v0.2.37
#15 12.35   Downloaded chrono v0.4.42
#15 12.35   Downloaded serdect v0.2.0
#15 12.35   Downloaded figment v0.10.19
#15 12.36   Downloaded yansi v1.0.1
#15 12.36   Downloaded der-parser v9.0.0
#15 12.36   Downloaded proc-macro2 v1.0.103
#15 12.36   Downloaded parity-scale-codec v3.7.5
#15 12.37   Downloaded p256 v0.13.2
#15 12.37   Downloaded miniz_oxide v0.8.9
#15 12.37   Downloaded bindgen v0.71.1
#15 12.38   Downloaded zerofrom-derive v0.1.6
#15 12.38   Downloaded signature v2.2.0
#15 12.38   Downloaded serde_urlencoded v0.7.1
#15 12.38   Downloaded serde_spanned v0.6.9
#15 12.38   Downloaded serde-human-bytes v0.1.2
#15 12.38   Downloaded semver v1.0.27
#15 12.38   Downloaded semver v0.11.0
#15 12.38   Downloaded find-msvc-tools v0.1.5
#15 12.38   Downloaded ecdsa v0.16.9
#15 12.39   Downloaded tokio-util v0.7.17
#15 12.39   Downloaded num-traits v0.2.19
#15 12.39   Downloaded alloy-eips v1.1.3
#15 12.40   Downloaded parking_lot_core v0.9.12
#15 12.40   Downloaded matchit v0.8.4
#15 12.40   Downloaded log v0.4.29
#15 12.40   Downloaded tower-http v0.6.8
#15 12.41   Downloaded icu_properties_data v2.1.2
#15 12.42   Downloaded hyper-util v0.1.19
#15 12.42   Downloaded rustc_version v0.4.1
#15 12.43   Downloaded rustc_version v0.3.3
#15 12.43   Downloaded rustc-hex v2.1.0
#15 12.43   Downloaded quinn-udp v0.5.14
#15 12.43   Downloaded once_cell v1.21.3
#15 12.43   Downloaded k256 v0.13.4
#15 12.44   Downloaded js-sys v0.3.83
#15 12.44   Downloaded icu_normalizer_data v2.1.1
#15 12.44   Downloaded asn1-rs v0.6.2
#15 12.44   Downloaded bon-macros v3.8.1
#15 12.45   Downloaded aws-lc-rs v1.15.2
#15 12.46   Downloaded clap_builder v4.5.53
#15 12.46   Downloaded cc v1.2.50
#15 12.46   Downloaded bumpalo v3.19.1
#15 12.47   Downloaded getrandom v0.3.4
#15 12.47   Downloaded crossbeam-utils v0.8.21
#15 12.47   Downloaded want v0.3.1
#15 12.47   Downloaded icu_normalizer v2.1.1
#15 12.48   Downloaded rand_core v0.9.3
#15 12.48   Downloaded rand_core v0.6.4
#15 12.48   Downloaded group v0.13.0
#15 12.48   Downloaded glob v0.3.3
#15 12.48   Downloaded getrandom v0.1.16
#15 12.48   Downloaded generic-array v0.14.9
#15 12.49   Downloaded futures-utils-wasm v0.1.0
#15 12.49   Downloaded ff v0.13.1
#15 12.49   Downloaded fastrlp v0.4.0
#15 12.49   Downloaded dunce v1.0.5
#15 12.49   Downloaded data-encoding v2.9.0
#15 12.49   Downloaded darling_macro v0.21.3
#15 12.49   Downloaded uncased v0.9.10
#15 12.49   Downloaded tower-service v0.3.3
#15 12.49   Downloaded pem v3.0.6
#15 12.49   Downloaded indexmap v1.9.3
#15 12.50   Downloaded unicode-xid v0.2.6
#15 12.50   Downloaded unicode-ident v1.0.22
#15 12.50   Downloaded quote v1.0.42
#15 12.50   Downloaded primitive-types v0.12.2
#15 12.50   Downloaded primeorder v0.13.6
#15 12.50   Downloaded ppv-lite86 v0.2.21
#15 12.51   Downloaded pkcs8 v0.10.2
#15 12.51   Downloaded pin-project-lite v0.2.16
#15 12.51   Downloaded pem-rfc7468 v0.7.0
#15 12.51   Downloaded pear v0.2.9
#15 12.52   Downloaded paste v1.0.15
#15 12.52   Downloaded num_enum_derive v0.7.5
#15 12.52   Downloaded num_enum v0.7.5
#15 12.52   Downloaded num_cpus v1.17.0
#15 12.53   Downloaded num-rational v0.4.2
#15 12.53   Downloaded num-integer v0.1.46
#15 12.53   Downloaded matchers v0.2.0
#15 12.53   Downloaded lock_api v0.4.14
#15 12.53   Downloaded intrusive-collections v0.9.7
#15 12.53   Downloaded lru-slab v0.1.2
#15 12.53   Downloaded litemap v0.8.1
#15 12.54   Downloaded iana-time-zone v0.1.64
#15 12.54   Downloaded hyper-rustls v0.27.7
#15 12.54   Downloaded crunchy v0.2.4
#15 12.54   Downloaded convert_case v0.10.0
#15 12.54   Downloaded const_format_proc_macros v0.2.34
#15 12.55   Downloaded yasna v0.5.2
#15 12.55   Downloaded wyz v0.5.1
#15 12.55   Downloaded writeable v0.6.2
#15 12.55   Downloaded wait-timeout v0.2.1
#15 12.55   Downloaded tower-layer v0.3.3
#15 12.55   Downloaded quick-error v1.2.3
#15 12.55   Downloaded proc-macro2-diagnostics v0.10.1
#15 12.55   Downloaded proc-macro-crate v3.4.0
#15 12.55   Downloaded pin-utils v0.1.0
#15 12.56   Downloaded parity-scale-codec-derive v3.7.5
#15 12.56   Downloaded or-panic v1.0.2
#15 12.56   Downloaded nu-ansi-term v0.50.3
#15 12.56   Downloaded cmake v0.1.57
#15 12.56   Downloaded clang-sys v1.8.1
#15 12.56   Downloaded cfg_aliases v0.2.1
#15 12.56   Downloaded cfg-if v1.0.4
#15 12.56   Downloaded cexpr v0.6.0
#15 12.57   Downloaded bytes v1.11.0
#15 12.57   Downloaded byteorder v1.5.0
#15 12.57   Downloaded byte-slice-cast v1.2.3
#15 12.57   Downloaded borsh-derive v1.6.0
#15 12.57   Downloaded bon v3.8.1
#15 12.58   Downloaded block-buffer v0.10.4
#15 12.58   Downloaded bitvec v1.0.1
#15 12.59   Downloaded bit-set v0.8.0
#15 12.59   Downloaded axum v0.8.8
#15 12.60   Downloaded atomic-waker v1.1.2
#15 12.60   Downloaded async-stream v0.3.6
#15 12.60   Downloaded arrayvec v0.7.6
#15 12.60   Downloaded ark-ff-macros v0.5.0
#15 12.60   Downloaded ark-ff-asm v0.4.2
#15 12.60   Downloaded anstyle v1.0.13
#15 12.61   Downloaded alloy-trie v0.9.2
#15 12.61   Downloaded alloy-sol-types v1.5.2
#15 12.61   Downloaded alloy-sol-macro v1.5.2
#15 12.61   Downloaded alloy-signer v1.1.3
#15 12.61   Downloaded alloy-eip7702 v0.6.3
#15 12.62   Downloaded x509-parser v0.16.0
#15 12.62   Downloaded radium v0.7.0
#15 12.62   Downloaded proc-macro-error-attr2 v2.0.0
#15 12.62   Downloaded powerfmt v0.2.0
#15 12.62   Downloaded potential_utf v0.1.4
#15 12.62   Downloaded percent-encoding v2.3.2
#15 12.63   Downloaded pear_codegen v0.2.9
#15 12.63   Downloaded oid-registry v0.7.1
#15 12.63   Downloaded mime v0.3.17
#15 12.63   Downloaded memoffset v0.9.1
#15 12.63   Downloaded macro-string v0.1.4
#15 12.63   Downloaded libloading v0.8.9
#15 12.63   Downloaded is-terminal v0.4.17
#15 12.63   Downloaded ipnet v2.11.0
#15 12.64   Downloaded impl-trait-for-tuples v0.2.3
#15 12.64   Downloaded colorchoice v1.0.4
#15 12.64   Downloaded clap_derive v4.5.49
#15 12.64   Downloaded bitflags v2.10.0
#15 12.64   Downloaded base64 v0.22.1
#15 12.65   Downloaded base16ct v0.2.0
#15 12.65   Downloaded asn1-rs-impl v0.2.0
#15 12.65   Downloaded asn1-rs-derive v0.5.1
#15 12.65   Downloaded ark-ff-macros v0.3.0
#15 12.65   Downloaded ark-ff-asm v0.5.0
#15 12.65   Downloaded alloy-sol-macro-input v1.5.2
#15 12.65   Downloaded alloy-rpc-types-any v1.1.3
#15 12.65   Downloaded ark-std v0.4.0
#15 12.65   Downloaded ark-serialize v0.4.2
#15 12.66   Downloaded ark-ff-asm v0.3.0
#15 12.66   Downloaded ark-ff v0.4.2
#15 12.66   Downloaded alloy-tx-macros v1.1.3
#15 12.66   Downloaded alloy-sol-type-parser v1.5.2
#15 12.66   Downloaded alloy-signer-local v1.1.3
#15 12.66   Downloaded alloy-json-rpc v1.1.3
#15 12.66   Downloaded alloy-eip2930 v0.2.3
#15 12.67   Downloaded alloy-eip2124 v0.2.0
#15 12.67   Downloaded indexmap v2.12.1
#15 12.67   Downloaded icu_properties v2.1.2
#15 12.67   Downloaded borsh v1.6.0
#15 12.68   Downloaded bit-vec v0.8.0
#15 12.68   Downloaded base64 v0.13.1
#15 12.68   Downloaded anstyle-parse v0.2.7
#15 12.68   Downloaded is_terminal_polyfill v1.70.2
#15 12.68   Downloaded base64ct v1.8.1
#15 12.69   Downloaded anstyle-query v1.1.5
#15 12.69   Downloaded asn1_der v0.7.6
#15 12.69   Downloaded ark-std v0.3.0
#15 12.69   Downloaded ark-ff v0.5.0
#15 12.69   Downloaded anyhow v1.0.100
#15 12.70   Downloaded alloy-network-primitives v1.1.3
#15 12.70   Downloaded async-stream-impl v0.3.6
#15 12.70   Downloaded alloy-core v1.5.2
#15 12.70   Downloaded adler2 v2.0.1
#15 12.70   Downloaded async-trait v0.1.89
#15 12.70   Downloaded ark-serialize v0.5.0
#15 12.70   Downloaded alloy-rpc-types-eth v1.1.3
#15 12.71   Downloaded alloy-consensus v1.1.3
#15 12.71   Downloaded aho-corasick v1.1.4
#15 12.72   Downloaded alloy-serde v1.1.3
#15 12.72   Downloaded alloy-json-abi v1.5.2
#15 12.72   Downloaded allocator-api2 v0.2.21
#15 12.72   Downloaded alloy-rlp-derive v0.3.12
#15 12.72   Downloaded alloy-rlp v0.3.12
#15 12.73   Downloaded binascii v0.1.4
#15 12.73   Downloaded autocfg v1.5.0
#15 12.73   Downloaded aws-lc-sys v0.35.0
#15 13.18    Compiling unicode-ident v1.0.22
#15 13.19    Compiling proc-macro2 v1.0.103
#15 13.19    Compiling quote v1.0.42
#15 13.19    Compiling serde_core v1.0.228
#15 13.19    Compiling cfg-if v1.0.4
#15 13.19    Compiling libc v0.2.178
#15 13.19    Compiling serde v1.0.228
#15 13.19    Compiling version_check v0.9.5
#15 13.19    Compiling zeroize v1.8.2
#15 13.19    Compiling itoa v1.0.16
#15 13.19    Compiling subtle v2.6.1
#15 13.19    Compiling typenum v1.19.0
#15 13.82    Compiling const-oid v0.9.6
#15 14.43    Compiling memchr v2.7.6
#15 15.43    Compiling foldhash v0.2.0
#15 15.53    Compiling portable-atomic v1.12.0
#15 15.55    Compiling pin-project-lite v0.2.16
#15 15.68    Compiling generic-array v0.14.9
#15 15.73    Compiling critical-section v1.2.0
#15 16.36    Compiling base64ct v1.8.1
#15 16.70    Compiling equivalent v1.0.2
#15 16.98    Compiling flagset v0.4.7
#15 17.50    Compiling log v0.4.29
#15 17.86    Compiling unicode-xid v0.2.6
#15 18.73    Compiling pem-rfc7468 v0.7.0
#15 18.77    Compiling cpufeatures v0.2.17
#15 19.01    Compiling crunchy v0.2.4
#15 19.04    Compiling getrandom v0.2.16
#15 19.50    Compiling hashbrown v0.16.1
#15 19.73    Compiling base16ct v0.2.0
#15 20.41    Compiling rand_core v0.6.4
#15 20.50    Compiling block-buffer v0.10.4
#15 20.66    Compiling crypto-common v0.1.6
#15 21.76    Compiling futures-core v0.3.31
#15 22.22    Compiling digest v0.10.7
#15 22.30    Compiling once_cell v1.21.3
#15 22.46    Compiling ff v0.13.1
#15 22.47    Compiling indexmap v2.12.1
#15 22.70    Compiling crypto-bigint v0.5.5
#15 22.76    Compiling thiserror v2.0.17
#15 23.27    Compiling syn v2.0.111
#15 23.46    Compiling tiny-keccak v2.0.2
#15 23.54    Compiling parking_lot_core v0.9.12
#15 23.86    Compiling group v0.13.0
#15 23.95    Compiling paste v1.0.15
#15 24.35    Compiling tracing-core v0.1.36
#15 24.40    Compiling sha2 v0.10.9
#15 24.91    Compiling hmac v0.12.1
#15 25.79    Compiling signature v2.2.0
#15 25.94    Compiling ryu v1.0.21
#15 26.25    Compiling scopeguard v1.2.0
#15 26.25    Compiling serde_json v1.0.146
#15 26.91    Compiling rfc6979 v0.4.0
#15 27.53    Compiling lock_api v0.4.14
#15 28.22    Compiling shlex v1.3.0
#15 28.31    Compiling unicode-segmentation v1.12.0
#15 29.16    Compiling find-msvc-tools v0.1.5
#15 29.52    Compiling synstructure v0.13.2
#15 29.86    Compiling ident_case v1.0.1
#15 29.89    Compiling convert_case v0.10.0
#15 30.30    Compiling futures-sink v0.3.31
#15 30.36    Compiling strsim v0.11.1
#15 30.36    Compiling autocfg v1.5.0
#15 30.72    Compiling rustversion v1.0.22
#15 31.43    Compiling cc v1.2.50
#15 31.62    Compiling ruint-macro v1.2.1
#15 31.80    Compiling fnv v1.0.7
#15 32.56    Compiling serde_derive v1.0.228
#15 32.57    Compiling der_derive v0.7.3
#15 32.57    Compiling tracing-attributes v0.1.31
#15 32.58    Compiling thiserror-impl v2.0.17
#15 33.03    Compiling displaydoc v0.2.5
#15 33.11    Compiling alloy-rlp-derive v0.3.12
#15 33.18    Compiling derive_more-impl v2.1.1
#15 33.40    Compiling zerofrom-derive v0.1.6
#15 34.09    Compiling tokio-macros v2.6.0
#15 35.11    Compiling mio v1.1.1
#15 35.18    Compiling der v0.7.10
#15 35.45    Compiling socket2 v0.6.1
#15 35.48    Compiling signal-hook-registry v1.4.7
#15 35.50    Compiling tracing v0.1.44
#15 35.73    Compiling darling_core v0.21.3
#15 36.44    Compiling zerofrom v0.1.6
#15 36.89    Compiling yoke-derive v0.8.1
#15 38.32    Compiling spki v0.7.3
#15 38.56    Compiling const-hex v1.17.0
#15 38.79    Compiling heck v0.5.0
#15 39.77    Compiling bytes v1.11.0
#15 39.78    Compiling smallvec v1.15.1
#15 39.96    Compiling arrayvec v0.7.6
#15 40.04    Compiling pkcs8 v0.10.2
#15 40.09    Compiling derive_more v2.1.1
#15 40.21    Compiling stable_deref_trait v1.2.1
#15 40.22    Compiling rustc-hash v2.1.1
#15 40.35    Compiling slab v0.4.11
#15 40.59    Compiling yoke v0.8.1
#15 40.69    Compiling futures-channel v0.3.31
#15 40.78    Compiling darling_macro v0.21.3
#15 41.17    Compiling sec1 v0.7.3
#15 41.31    Compiling pin-utils v0.1.0
#15 41.36    Compiling alloy-rlp v0.3.12
#15 41.41    Compiling http v1.4.0
#15 41.79    Compiling futures-macro v0.3.31
#15 41.90    Compiling zerovec-derive v0.11.2
#15 42.01    Compiling time-core v0.1.6
#15 42.55    Compiling elliptic-curve v0.13.8
#15 42.65    Compiling darling v0.21.3
#15 42.99    Compiling parking_lot v0.12.5
#15 43.00    Compiling futures-io v0.3.31
#15 43.03    Compiling num-conv v0.1.0
#15 43.05    Compiling futures-task v0.3.31
#15 43.18    Compiling ruint v1.17.0
#15 43.58    Compiling ring v0.17.14
#15 43.66    Compiling time-macros v0.2.24
#15 43.71    Compiling zerocopy v0.8.31
#15 43.96    Compiling ecdsa v0.16.9
#15 43.96    Compiling percent-encoding v2.3.2
#15 44.01    Compiling futures-util v0.3.31
#15 44.28    Compiling tokio v1.48.0
#15 44.39    Compiling zerovec v0.11.5
#15 44.40    Compiling getrandom v0.3.4
#15 45.23    Compiling k256 v0.13.4
#15 45.51    Compiling either v1.15.0
#15 45.61    Compiling num-traits v0.2.19
#15 45.62    Compiling rustls-pki-types v1.13.2
#15 45.67    Compiling untrusted v0.9.0
#15 45.82    Compiling winnow v0.7.14
#15 46.00    Compiling prettyplease v0.2.37
#15 46.17    Compiling tinystr v0.8.2
#15 46.58    Compiling alloy-primitives v1.5.2
#15 46.86    Compiling http-body v1.0.1
#15 47.04    Compiling proc-macro2-diagnostics v0.10.1
#15 47.55    Compiling ppv-lite86 v0.2.21
#15 47.68    Compiling litemap v0.8.1
#15 47.79    Compiling powerfmt v0.2.0
#15 47.93    Compiling toml_datetime v0.7.5+spec-1.1.0
#15 48.00    Compiling httparse v1.10.1
#15 48.33    Compiling toml_parser v1.0.6+spec-1.1.0
#15 48.37    Compiling writeable v0.6.2
#15 48.77    Compiling deranged v0.5.5
#15 49.02    Compiling tokio-util v0.7.17
#15 49.06    Compiling potential_utf v0.1.4
#15 49.25    Compiling zerotrie v0.2.3
#15 49.41    Compiling icu_locale_core v2.1.1
#15 49.83    Compiling toml_edit v0.23.10+spec-1.0.0
#15 49.97    Compiling icu_properties_data v2.1.2
#15 50.51    Compiling tower-service v0.3.3
#15 50.62    Compiling glob v0.3.3
#15 50.64    Compiling icu_normalizer_data v2.1.1
#15 51.07    Compiling wasm-bindgen-shared v0.2.106
#15 51.20    Compiling yansi v1.0.1
#15 51.24    Compiling time v0.3.44
#15 51.30    Compiling proc-macro-crate v3.4.0
#15 51.45    Compiling icu_provider v2.1.1
#15 51.86    Compiling icu_collections v2.1.1
#15 52.06    Compiling async-trait v0.1.89
#15 52.46    Compiling anyhow v1.0.100
#15 52.95    Compiling bitflags v2.10.0
#15 53.51    Compiling base64 v0.22.1
#15 53.58    Compiling atomic-waker v1.1.2
#15 53.74    Compiling crc-catalog v2.4.0
#15 53.86    Compiling try-lock v0.2.5
#15 53.87    Compiling ipnet v2.11.0
#15 54.19    Compiling crc v3.4.0
#15 54.39    Compiling h2 v0.4.12
#15 54.54    Compiling want v0.3.1
#15 54.73    Compiling form_urlencoded v1.2.2
#15 54.81    Compiling serde_with_macros v3.16.1
#15 55.02    Compiling auto_impl v1.3.0
#15 55.26    Compiling macro-string v0.1.4
#15 55.30    Compiling syn-solidity v1.5.2
#15 55.71    Compiling proc-macro-error-attr2 v2.0.0
#15 55.90    Compiling thiserror v1.0.69
#15 56.24    Compiling httpdate v1.0.3
#15 56.42    Compiling dunce v1.0.5
#15 56.84    Compiling minimal-lexical v0.2.1
#15 56.91    Compiling crossbeam-utils v0.8.21
#15 56.94    Compiling serde_with v3.16.1
#15 57.03    Compiling proc-macro-error2 v2.0.1
#15 57.11    Compiling icu_normalizer v2.1.1
#15 57.34    Compiling alloy-eip2124 v0.2.0
#15 57.37    Compiling icu_properties v2.1.2
#15 58.03    Compiling nom v7.1.3
#15 58.07    Compiling alloy-sol-macro-input v1.5.2
#15 58.31    Compiling clang-sys v1.8.1
#15 58.61    Compiling hyper v1.8.1
#15 58.74    Compiling alloy-eip2930 v0.2.3
#15 59.40    Compiling alloy-eip7702 v0.6.3
#15 59.64    Compiling alloy-serde v1.1.3
#15 59.83    Compiling nybbles v0.4.6
#15 60.26    Compiling thiserror-impl v1.0.69
#15 60.32    Compiling sync_wrapper v1.0.2
#15 60.57    Compiling hex v0.4.3
#15 60.79    Compiling rustls v0.23.35
#15 61.01    Compiling mime v0.3.17
#15 61.27    Compiling data-encoding v2.9.0
#15 61.43    Compiling tower-layer v0.3.3
#15 61.69    Compiling tinyvec_macros v0.1.1
#15 61.87    Compiling hyper-util v0.1.19
#15 61.92    Compiling tinyvec v1.10.0
#15 61.98    Compiling alloy-trie v0.9.2
#15 62.00    Compiling alloy-eips v1.1.3
#15 62.45    Compiling rustls-webpki v0.103.8
#15 62.92    Compiling rusticata-macros v4.1.0
#15 63.08    Compiling idna_adapter v1.2.1
#15 63.21    Compiling alloy-sol-macro-expander v1.5.2
#15 63.84    Compiling rand_core v0.9.3
#15 63.86    Compiling alloy-tx-macros v1.1.3
#15 64.53    Compiling parity-scale-codec v3.7.5
#15 65.27    Compiling asn1-rs-derive v0.5.1
#15 65.30    Compiling asn1-rs-impl v0.2.0
#15 65.46    Compiling const_format_proc_macros v0.2.34
#15 65.71    Compiling cookie v0.18.1
#15 66.29    Compiling regex-syntax v0.8.8
#15 66.32    Compiling ref-cast v1.0.25
#15 66.46    Compiling utf8_iter v1.0.4
#15 66.53    Compiling alloy-sol-macro v1.5.2
#15 66.60    Compiling alloy-consensus v1.1.3
#15 66.94    Compiling asn1-rs v0.6.2
#15 67.12    Compiling rand_chacha v0.9.0
#15 67.30    Compiling const_format v0.2.35
#15 67.32    Compiling idna v1.1.0
#15 67.74    Compiling tower v0.5.2
#15 67.98    Compiling pear_codegen v0.2.9
#15 68.61    Compiling regex-automata v0.4.13
#15 68.88    Compiling parity-scale-codec-derive v3.7.5
#15 69.18    Compiling num-integer v0.1.46
#15 69.20    Compiling http-body-util v0.1.3
#15 69.38    Compiling libloading v0.8.9
#15 69.40    Compiling impl-trait-for-tuples v0.2.3
#15 69.74    Compiling lazy_static v1.5.0
#15 69.93    Compiling bumpalo v3.19.1
#15 70.39    Compiling oid-registry v0.7.1
#15 70.42    Compiling bindgen v0.71.1
#15 70.47    Compiling byte-slice-cast v1.2.3
#15 71.01    Compiling base64 v0.13.1
#15 71.08    Compiling wasm-bindgen-macro-support v0.2.106
#15 71.29    Compiling regex v1.12.2
#15 71.39    Compiling num-bigint v0.4.6
#15 71.42    Compiling cexpr v0.6.0
#15 71.56    Compiling tokio-rustls v0.26.4
#15 71.67    Compiling url v2.5.7
#15 72.05    Compiling serde-human-bytes v0.1.2
#15 72.61    Compiling rand v0.9.2
#15 72.67    Compiling alloy-sol-types v1.5.2
#15 72.81    Compiling crossbeam-channel v0.5.15
#15 73.02    Compiling crossbeam-epoch v0.9.18
#15 73.13    Compiling itertools v0.13.0
#15 73.65    Compiling serde_urlencoded v0.7.1
#15 73.86    Compiling uuid v1.19.0
#15 74.09    Compiling wasm-bindgen v0.2.106
#15 74.87    Compiling enum-as-inner v0.6.1
#15 74.87    Compiling fs-err v3.2.1
#15 74.96    Compiling ref-cast-impl v1.0.25
#15 75.02    Compiling encoding_rs v0.8.35
#15 75.57    Compiling tagptr v0.2.0
#15 76.12    Compiling hickory-proto v0.25.2
#15 76.21    Compiling wasm-bindgen-macro v0.2.106
#15 76.38    Compiling moka v0.12.12
#15 76.41    Compiling der-parser v9.0.0
#15 77.02    Compiling alloy-consensus-any v1.1.3
#15 77.07    Compiling alloy-network-primitives v1.1.3
#15 77.38    Compiling bon-macros v3.8.1
#15 77.61    Compiling rand_chacha v0.3.1
#15 77.83    Compiling webpki-roots v1.0.4
#15 78.32    Compiling itertools v0.14.0
#15 78.73    Compiling is-terminal v0.4.17
#15 78.80    Compiling uncased v0.9.10
#15 79.28    Compiling resolv-conf v0.7.6
#15 79.60    Compiling iri-string v0.7.9
#15 79.77    Compiling crc32fast v1.5.0
#15 80.07    Compiling rand v0.8.5
#15 80.72    Compiling hickory-resolver v0.25.2
#15 80.87    Compiling alloy-rpc-types-eth v1.1.3
#15 81.25    Compiling hyper-rustls v0.27.7
#15 81.58    Compiling x509-parser v0.16.0
#15 81.77    Compiling bon v3.8.1
#15 81.96    Compiling tower-http v0.6.8
#15 82.23    Compiling tdx-attest-sys v0.5.5 (/app/dstack/tdx-attest-sys)
#15 83.26    Compiling devise_core v0.4.2
#15 83.59    Compiling futures-executor v0.3.31
#15 83.65    Compiling serde_spanned v0.6.9
#15 83.93    Compiling toml_datetime v0.6.11
#15 84.16    Compiling derive_more-impl v1.0.0
#15 84.81    Compiling adler2 v2.0.1
#15 84.83    Compiling inlinable_string v0.1.15
#15 85.07    Compiling simd-adler32 v0.3.8
#15 85.64    Compiling static_assertions v1.1.0
#15 85.97    Compiling rustix v1.1.2
#15 86.14    Compiling toml_write v0.1.2
#15 86.46    Compiling utf8parse v0.2.2
#15 86.68    Compiling pear v0.2.9
#15 86.88    Compiling derive_more v1.0.0
#15 87.14    Compiling anstyle-parse v0.2.7
#15 87.20    Compiling miniz_oxide v0.8.9
#15 87.24    Compiling twox-hash v1.6.3
#15 88.15    Compiling devise_codegen v0.4.2
#15 88.42    Compiling futures v0.3.31
#15 88.67    Compiling js-sys v0.3.83
#15 88.75    Compiling toml_edit v0.22.27
#15 89.08    Compiling alloy-rpc-types-any v1.1.3
#15 89.22 error: failed to run custom build command for `tdx-attest-sys v0.5.5 (/app/dstack/tdx-attest-sys)`
#15 89.23 
#15 89.23 Caused by:
#15 89.23   process didn't exit successfully: `/app/target/release/build/tdx-attest-sys-d3e1727b21f7da4b/build-script-build` (exit status: 101)
#15 89.23   --- stdout
#15 89.23   cargo:rerun-if-changed=csrc/tdx_attest.c
#15 89.23   cargo:rerun-if-changed=csrc/qgs_msg_lib.cpp
#15 89.23 
#15 89.23   --- stderr
#15 89.23 
#15 89.23   thread 'main' panicked at /usr/local/cargo/registry/src/index.crates.io-1949cf8c6b5b557f/bindgen-0.71.1/lib.rs:604:27:
#15 89.23   Unable to find libclang: "couldn't find any valid shared libraries matching: ['libclang.so', 'libclang-*.so', 'libclang.so.*', 'libclang-*.so.*'], set the `LIBCLANG_PATH` environment variable to a path where one of these files can be found (invalid: [])"
#15 89.23   note: run with `RUST_BACKTRACE=1` environment variable to display a backtrace
#15 89.23 warning: build failed, waiting for other jobs to finish...
#15 ERROR: process "/bin/sh -c cargo build --release && rm -rf src" did not complete successfully: exit code: 101
------
 > [builder 7/9] RUN cargo build --release && rm -rf src:
89.23   --- stdout
89.23   cargo:rerun-if-changed=csrc/tdx_attest.c
89.23   cargo:rerun-if-changed=csrc/qgs_msg_lib.cpp
89.23 
89.23   --- stderr
89.23 
89.23   thread 'main' panicked at /usr/local/cargo/registry/src/index.crates.io-1949cf8c6b5b557f/bindgen-0.71.1/lib.rs:604:27:
89.23   Unable to find libclang: "couldn't find any valid shared libraries matching: ['libclang.so', 'libclang-*.so', 'libclang.so.*', 'libclang-*.so.*'], set the `LIBCLANG_PATH` environment variable to a path where one of these files can be found (invalid: [])"
89.23   note: run with `RUST_BACKTRACE=1` environment variable to display a backtrace
89.23 warning: build failed, waiting for other jobs to finish...
------
Dockerfile:19
--------------------
  17 |     
  18 |     # Build dependencies (this layer will be cached)
  19 | >>> RUN cargo build --release && rm -rf src
  20 |     
  21 |     # Copy actual source code
--------------------
ERROR: failed to build: failed to solve: process "/bin/sh -c cargo build --release && rm -rf src" did not complete successfully: exit code: 101

View build details: docker-desktop://dashboard/build/desktop-linux/desktop-linux/izsntzmkpcqcpjum7gng1qgpi
