#0 building with "desktop-linux" instance using docker driver

#1 [internal] load build definition from Dockerfile
#1 transferring dockerfile: 2.13kB done
#1 DONE 0.0s

#2 [internal] load metadata for docker.io/library/rust:1.88
#2 ...

#3 [auth] library/rust:pull token for registry-1.docker.io
#3 DONE 0.0s

#4 [auth] library/debian:pull token for registry-1.docker.io
#4 DONE 0.0s

#5 [internal] load metadata for docker.io/library/debian:bookworm-slim
#5 DONE 1.1s

#2 [internal] load metadata for docker.io/library/rust:1.88
#2 DONE 1.1s

#6 [internal] load .dockerignore
#6 transferring context: 2B done
#6 DONE 0.0s

#7 [stage-1 1/4] FROM docker.io/library/debian:bookworm-slim@sha256:d5d3f9c23164ea16f31852f95bd5959aad1c5e854332fe00f7b3a20fcc9f635c
#7 resolve docker.io/library/debian:bookworm-slim@sha256:d5d3f9c23164ea16f31852f95bd5959aad1c5e854332fe00f7b3a20fcc9f635c done
#7 DONE 0.0s

#8 [stage-1 2/4] RUN apt-get update && apt-get install -y     ca-certificates     && rm -rf /var/lib/apt/lists/*
#8 CACHED

#9 [stage-1 3/4] WORKDIR /app
#9 CACHED

#10 [builder  1/19] FROM docker.io/library/rust:1.88@sha256:af306cfa71d987911a781c37b59d7d67d934f49684058f96cf72079c3626bfe0
#10 resolve docker.io/library/rust:1.88@sha256:af306cfa71d987911a781c37b59d7d67d934f49684058f96cf72079c3626bfe0 done
#10 DONE 0.0s

#11 [internal] load build context
#11 transferring context: 6.73MB 0.1s done
#11 DONE 0.1s

#12 [builder  9/19] COPY light-client/Cargo.toml ./light-client/
#12 CACHED

#13 [builder  5/19] WORKDIR /build
#13 CACHED

#14 [builder  4/19] RUN curl -L https://sp1up.succinct.xyz | bash &&     ~/.sp1/bin/sp1up --version 5.2.2
#14 CACHED

#15 [builder  8/19] COPY circuit/Cargo.toml ./circuit/
#15 CACHED

#16 [builder  6/19] COPY Cargo.toml Cargo.lock ./
#16 CACHED

#17 [builder  7/19] COPY app/Cargo.toml ./app/
#17 CACHED

#18 [builder  2/19] RUN apt-get update && apt-get install -y     clang     libclang-dev     && rm -rf /var/lib/apt/lists/*
#18 CACHED

#19 [builder  3/19] RUN curl -fsSL https://go.dev/dl/go1.22.5.linux-amd64.tar.gz | tar -C /usr/local -xzf -
#19 CACHED

#20 [builder 10/19] COPY types/Cargo.toml ./types/
#20 CACHED

#21 [builder 11/19] COPY light-client/build.rs ./light-client/
#21 DONE 0.0s

#22 [builder 12/19] COPY ev-batch-elf ./
#22 DONE 0.0s

#23 [builder 13/19] COPY circuit/src ./circuit/src
#23 DONE 0.0s

#24 [builder 14/19] RUN mkdir -p app/src && echo "fn main() {}" > app/src/main.rs &&     mkdir -p light-client/src && echo "" > light-client/src/lib.rs &&     mkdir -p types/src && echo "" > types/src/lib.rs
#24 DONE 0.1s

#25 [builder 15/19] RUN cargo build --release -p evolve-tee && rm -rf app/src light-client/src types/src
#25 0.516     Updating git repository `https://github.com/sp1-patches/bn`
#25 1.557     Updating git repository `https://github.com/sp1-patches/curve25519-dalek`
#25 2.342     Updating git repository `https://github.com/sp1-patches/elliptic-curves`
#25 3.375     Updating git repository `https://github.com/sp1-patches/elliptic-curves`
#25 3.993     Updating git repository `https://github.com/sp1-patches/RustCrypto-hashes`
#25 5.207     Updating git repository `https://github.com/sp1-patches/RustCrypto-hashes`
#25 5.709     Updating crates.io index
#25 5.792     Updating git repository `https://github.com/celestiaorg/celestia-zkevm/`
#25 15.52     Updating git repository `https://github.com/jonas089/dstack`
#25 356.8     Updating git repository `https://github.com/celestiaorg/celestia-zkevm/`
#25 358.0     Updating git repository `https://github.com/jonas089/dcap-qvl`
#25 359.6     Updating git repository `https://github.com/paradigmxyz/reth`
#25 374.6     Updating git repository `https://github.com/succinctlabs/rsp.git`
#25 376.3     Updating git repository `https://github.com/rwf2/Rocket`
#25 379.0     Updating git repository `https://github.com/sp1-patches/signatures.git`
#25 380.2     Updating git repository `https://github.com/SergioBenitez/s2n-quic-h3.git`
#25 386.4  Downloading crates ...
#25 386.5   Downloaded addchain v0.2.0
#25 386.5   Downloaded alloy-sol-macro-input v1.3.0
#25 386.5   Downloaded ark-ff-asm v0.3.0
#25 386.5   Downloaded alloy-transport-ws v1.0.41
#25 386.5   Downloaded ark-serialize v0.5.0
#25 386.5   Downloaded alloy-hardforks v0.2.13
#25 386.5   Downloaded alloy-eip2930 v0.2.1
#25 386.5   Downloaded asn1_der v0.7.6
#25 386.5   Downloaded arrayref v0.3.9
#25 386.5   Downloaded alloy-signer v1.0.41
#25 386.5   Downloaded alloy-rpc-types v1.0.32
#25 386.5   Downloaded aurora-engine-modexp v1.2.0
#25 386.5   Downloaded anstyle v1.0.13
#25 386.5   Downloaded anstream v0.6.21
#25 386.5   Downloaded alloy-json-rpc v1.0.41
#25 386.5   Downloaded alloy-consensus-any v1.0.41
#25 386.5   Downloaded alloy-tx-macros v1.2.1
#25 386.5   Downloaded aho-corasick v1.1.4
#25 386.5   Downloaded alloy-op-hardforks v0.2.13
#25 386.5   Downloaded alloy-sol-type-parser v1.5.2
#25 386.5   Downloaded alloy-rpc-types-engine v1.0.41
#25 386.5   Downloaded crypto-common v0.1.6
#25 386.6   Downloaded matchit v0.8.4
#25 386.6   Downloaded alloy-sol-macro-expander v1.3.0
#25 386.6   Downloaded alloy-genesis v1.0.41
#25 386.6   Downloaded modular-bitfield v0.11.2
#25 386.6   Downloaded alloy-transport v1.0.41
#25 386.6   Downloaded alloy-json-abi v1.3.0
#25 386.6   Downloaded adler2 v2.0.1
#25 386.6   Downloaded addr2line v0.25.1
#25 386.6   Downloaded arrayvec v0.7.6
#25 386.6   Downloaded anstyle-query v1.1.5
#25 386.6   Downloaded anstyle-parse v0.2.7
#25 386.6   Downloaded alloy-contract v1.0.32
#25 386.6   Downloaded alloy-chains v0.2.23
#25 386.6   Downloaded alloy-evm v0.12.3
#25 386.6   Downloaded alloy-eip2124 v0.2.0
#25 386.6   Downloaded alloy v1.0.32
#25 386.6   Downloaded allocator-api2 v0.2.21
#25 386.6   Downloaded ctrlc v3.5.1
#25 386.6   Downloaded aws-lc-rs v1.15.2
#25 386.6   Downloaded alloy-network v1.0.41
#25 386.6   Downloaded alloy-core v1.3.0
#25 386.6   Downloaded crunchy v0.2.4
#25 386.6   Downloaded ansi_term v0.12.1
#25 386.6   Downloaded alloy-eip7702 v0.6.1
#25 386.6   Downloaded alloy-rpc-types-any v1.0.41
#25 386.6   Downloaded alloy-rpc-client v1.0.41
#25 386.6   Downloaded alloy-op-evm v0.12.3
#25 386.6   Downloaded alloy-pubsub v1.0.41
#25 386.7   Downloaded crossbeam-deque v0.8.6
#25 386.7   Downloaded darling_macro v0.21.3
#25 386.7   Downloaded crossbeam-epoch v0.9.18
#25 386.7   Downloaded aws-smithy-http v0.62.6
#25 386.7   Downloaded num-integer v0.1.46
#25 386.7   Downloaded ark-ec v0.5.0
#25 386.7   Downloaded enum-ordinalize v4.3.2
#25 386.7   Downloaded data-encoding-macro v0.1.18
#25 386.7   Downloaded alloy-signer-aws v1.0.41
#25 386.7   Downloaded aws-smithy-async v1.2.7
#25 386.7   Downloaded aws-credential-types v1.2.11
#25 386.7   Downloaded auto_impl v1.3.0
#25 386.7   Downloaded openssl-probe v0.1.6
#25 386.7   Downloaded multer v3.1.0
#25 386.7   Downloaded litemap v0.8.1
#25 386.7   Downloaded powerfmt v0.2.0
#25 386.7   Downloaded potential_utf v0.1.4
#25 386.7   Downloaded percent-encoding v2.3.2
#25 386.7   Downloaded peg-runtime v0.8.5
#25 386.7   Downloaded pairing v0.23.0
#25 386.7   Downloaded prost-derive v0.12.6
#25 386.7   Downloaded num-modular v0.6.1
#25 386.7   Downloaded prost-build v0.13.5
#25 386.7   Downloaded alloy-rpc-types-eth v1.0.41
#25 386.7   Downloaded rand_core v0.9.3
#25 386.7   Downloaded protox-parse v0.8.0
#25 386.7   Downloaded rand_core v0.6.4
#25 386.7   Downloaded rand_core v0.5.1
#25 386.7   Downloaded rand_chacha v0.9.0
#25 386.7   Downloaded quick-error v1.2.3
#25 386.7   Downloaded protox-parse v0.7.0
#25 386.7   Downloaded fixed-hash v0.8.0
#25 386.7   Downloaded ark-ff v0.5.0
#25 386.7   Downloaded rustls-pemfile v1.0.4
#25 386.7   Downloaded futures-task v0.3.31
#25 386.7   Downloaded fastrand v2.3.0
#25 386.7   Downloaded serde_path_to_error v0.1.20
#25 386.7   Downloaded futures-macro v0.3.31
#25 386.7   Downloaded rustls-platform-verifier v0.5.3
#25 386.7   Downloaded rusty-fork v0.3.1
#25 386.7   Downloaded alloy-primitives v1.3.0
#25 386.8   Downloaded ryu v1.0.21
#25 386.8   Downloaded s2n-quic v1.71.0
#25 386.8   Downloaded memchr v2.7.6
#25 386.8   Downloaded enum-ordinalize-derive v4.3.2
#25 386.8   Downloaded devise v0.4.2
#25 386.8   Downloaded ff_derive v0.13.1
#25 386.8   Downloaded spin v0.9.8
#25 386.8   Downloaded socket2 v0.6.1
#25 386.8   Downloaded size v0.4.1
#25 386.8   Downloaded ucd-trie v0.1.7
#25 386.8   Downloaded quinn v0.11.9
#25 386.8   Downloaded tungstenite v0.26.2
#25 386.8   Downloaded portable-atomic v1.12.0
#25 386.8   Downloaded tower-layer v0.3.3
#25 386.8   Downloaded try-lock v0.2.5
#25 386.8   Downloaded unarray v0.1.4
#25 386.8   Downloaded ubyte v0.10.4
#25 386.8   Downloaded stable_deref_trait v1.2.1
#25 386.8   Downloaded spki v0.7.3
#25 386.8   Downloaded sp1-primitives v5.2.4
#25 386.8   Downloaded base64ct v1.8.1
#25 386.8   Downloaded soketto v0.8.1
#25 386.8   Downloaded base64-simd v0.8.0
#25 386.8   Downloaded rustls-webpki v0.103.8
#25 386.8   Downloaded bit-set v0.8.0
#25 386.8   Downloaded digest v0.10.7
#25 386.8   Downloaded bitcoin_hashes v0.14.1
#25 386.8   Downloaded bitcoin-io v0.1.4
#25 386.8   Downloaded crc-catalog v2.4.0
#25 386.8   Downloaded instant v0.1.13
#25 386.8   Downloaded crc v3.4.0
#25 386.8   Downloaded hash_hasher v2.0.4
#25 386.8   Downloaded cpufeatures v0.2.17
#25 386.8   Downloaded dashu-ratio v0.4.1
#25 386.8   Downloaded group v0.13.0
#25 386.8   Downloaded cmake v0.1.57
#25 386.8   Downloaded libloading v0.8.9
#25 386.8   Downloaded inlinable_string v0.1.15
#25 386.8   Downloaded serde_json v1.0.147
#25 386.9   Downloaded p3-air v0.2.3-succinct
#25 386.9   Downloaded typenum v1.19.0
#25 386.9   Downloaded p3-util v0.2.3-succinct
#25 386.9   Downloaded bech32 v0.11.1
#25 386.9   Downloaded pin-project-internal v1.1.10
#25 386.9   Downloaded phf_shared v0.11.3
#25 386.9   Downloaded pin-project-lite v0.2.16
#25 386.9   Downloaded pin-project v1.1.10
#25 386.9   Downloaded subtle v2.6.1
#25 386.9   Downloaded x509-cert v0.2.5
#25 386.9   Downloaded subtle-ng v2.5.0
#25 386.9   Downloaded rustls-native-certs v0.6.3
#25 386.9   Downloaded revm-database-interface v6.0.0
#25 386.9   Downloaded aws-smithy-runtime v1.9.5
#25 386.9   Downloaded want v0.3.1
#25 386.9   Downloaded rand_chacha v0.3.1
#25 386.9   Downloaded rand_chacha v0.2.2
#25 386.9   Downloaded snowbridge-amcl v1.0.2
#25 386.9   Downloaded revm-handler v7.0.1
#25 386.9   Downloaded base16ct v0.2.0
#25 386.9   Downloaded base256emoji v1.0.2
#25 386.9   Downloaded tower-service v0.3.3
#25 386.9   Downloaded cfg-if v1.0.4
#25 386.9   Downloaded crypto-bigint v0.5.5
#25 386.9   Downloaded tracing-subscriber v0.3.22
#25 386.9   Downloaded cexpr v0.6.0
#25 386.9   Downloaded block-buffer v0.9.0
#25 386.9   Downloaded keccak-asm v0.1.4
#25 386.9   Downloaded hyper-timeout v0.4.1
#25 387.0   Downloaded hex-literal v1.1.0
#25 387.0   Downloaded hex-conservative v0.2.2
#25 387.0   Downloaded rand v0.7.3
#25 387.0   Downloaded gcd v2.3.0
#25 387.0   Downloaded futures-utils-wasm v0.1.0
#25 387.0   Downloaded core2 v0.4.0
#25 387.0   Downloaded logos v0.15.1
#25 387.0   Downloaded oid-registry v0.7.1
#25 387.0   Downloaded toml_edit v0.22.27
#25 387.0   Downloaded prost-derive v0.13.5
#25 387.0   Downloaded tokio-native-tls v0.3.1
#25 387.0   Downloaded s2n-quic-rustls v0.71.0
#25 387.0   Downloaded parking_lot_core v0.9.12
#25 387.0   Downloaded p3-commit v0.2.3-succinct
#25 387.0   Downloaded synstructure v0.13.2
#25 387.0   Downloaded ed25519-dalek v2.2.0
#25 387.0   Downloaded futures v0.3.31
#25 387.0   Downloaded s2n-quic-crypto v0.71.0
#25 387.0   Downloaded resolv-conf v0.7.6
#25 387.0   Downloaded quinn-udp v0.5.14
#25 387.0   Downloaded sdd v3.0.10
#25 387.0   Downloaded tagptr v0.2.0
#25 387.0   Downloaded aws-smithy-observability v0.1.5
#25 387.0   Downloaded httparse v1.10.1
#25 387.0   Downloaded revm v26.0.1
#25 387.0   Downloaded zerovec v0.11.5
#25 387.0   Downloaded multihash v0.19.3
#25 387.0   Downloaded thiserror v1.0.69
#25 387.0   Downloaded uncased v0.9.10
#25 387.0   Downloaded http-body v1.0.1
#25 387.0   Downloaded yoke v0.8.1
#25 387.0   Downloaded tendermint-config v0.40.4
#25 387.0   Downloaded sec1 v0.7.3
#25 387.0   Downloaded revm-state v6.0.0
#25 387.0   Downloaded tendermint-light-client-verifier v0.40.4
#25 387.0   Downloaded jsonrpsee-types v0.25.1
#25 387.0   Downloaded webpki-roots v0.26.11
#25 387.0   Downloaded sp1-prover v5.2.2
#25 387.1   Downloaded rand_xorshift v0.4.0
#25 387.1   Downloaded derive_more-impl v2.1.1
#25 387.1   Downloaded proc-macro-crate v3.4.0
#25 387.1   Downloaded serde_bytes v0.11.19
#25 387.1   Downloaded time-core v0.1.6
#25 387.1   Downloaded serde-human-bytes v0.1.2
#25 387.1   Downloaded http-body v0.4.6
#25 387.1   Downloaded num_cpus v1.17.0
#25 387.1   Downloaded utf8_iter v1.0.4
#25 387.1   Downloaded unicode-ident v1.0.22
#25 387.1   Downloaded itertools v0.12.1
#25 387.1   Downloaded heck v0.5.0
#25 387.1   Downloaded semver v0.11.0
#25 387.1   Downloaded dashu-int v0.4.1
#25 387.1   Downloaded getrandom v0.1.16
#25 387.1   Downloaded object v0.36.7
#25 387.1   Downloaded heck v0.4.1
#25 387.1   Downloaded halo2 v0.1.0-beta.2
#25 387.1   Downloaded jsonrpsee-http-client v0.25.1
#25 387.1   Downloaded jsonrpsee v0.25.1
#25 387.1   Downloaded convert_case v0.10.0
#25 387.1   Downloaded minimal-lexical v0.2.1
#25 387.1   Downloaded toml_edit v0.23.10+spec-1.0.0
#25 387.1   Downloaded rustls v0.21.12
#25 387.1   Downloaded revm-interpreter v22.0.1
#25 387.1   Downloaded unicode-xid v0.2.6
#25 387.1   Downloaded toml_datetime v0.6.11
#25 387.1   Downloaded paste v1.0.15
#25 387.1   Downloaded p3-symmetric v0.2.3-succinct
#25 387.1   Downloaded num_enum v0.5.11
#25 387.1   Downloaded bytemuck_derive v1.10.2
#25 387.1   Downloaded convert_case v0.7.1
#25 387.1   Downloaded byte-slice-cast v1.2.3
#25 387.1   Downloaded bs58 v0.5.1
#25 387.1   Downloaded borsh-derive v1.6.0
#25 387.1   Downloaded icu_collections v2.1.1
#25 387.1   Downloaded http-body-util v0.1.3
#25 387.1   Downloaded s2n-quic-core v0.71.0
#25 387.2   Downloaded scale-info-derive v2.11.6
#25 387.2   Downloaded jobserver v0.1.34
#25 387.2   Downloaded base-x v0.2.11
#25 387.2   Downloaded icu_locale_core v2.1.1
#25 387.2   Downloaded matchers v0.2.0
#25 387.2   Downloaded p3-dft v0.2.3-succinct
#25 387.2   Downloaded rusticata-macros v4.1.0
#25 387.2   Downloaded bon v3.8.1
#25 387.2   Downloaded zerofrom v0.1.6
#25 387.2   Downloaded vec_map v0.8.2
#25 387.2   Downloaded getrandom v0.2.16
#25 387.2   Downloaded num-traits v0.2.19
#25 387.2   Downloaded pasta_curves v0.5.1
#25 387.2   Downloaded jsonrpsee-core v0.25.1
#25 387.2   Downloaded lock_api v0.4.14
#25 387.2   Downloaded tendermint-proto v0.40.4
#25 387.2   Downloaded p3-field v0.2.3-succinct
#25 387.2   Downloaded native-tls v0.2.14
#25 387.2   Downloaded pear_codegen v0.2.9
#25 387.2   Downloaded bindgen v0.71.1
#25 387.2   Downloaded binascii v0.1.4
#25 387.2   Downloaded const-oid v0.9.6
#25 387.2   Downloaded same-file v1.0.6
#25 387.2   Downloaded static_assertions v1.1.0
#25 387.2   Downloaded signature v2.2.0
#25 387.2   Downloaded lru v0.12.5
#25 387.2   Downloaded zstd-safe v7.2.4
#25 387.2   Downloaded strum v0.26.3
#25 387.2   Downloaded sha1 v0.10.6
#25 387.2   Downloaded utf8parse v0.2.2
#25 387.2   Downloaded strum v0.27.2
#25 387.2   Downloaded strsim v0.11.1
#25 387.2   Downloaded phf_generator v0.11.3
#25 387.2   Downloaded beef v0.5.2
#25 387.3   Downloaded zstd v0.13.3
#25 387.3   Downloaded zmij v0.1.7
#25 387.3   Downloaded half v1.8.3
#25 387.3   Downloaded signal-hook-registry v1.4.7
#25 387.3   Downloaded ident_case v1.0.1
#25 387.3   Downloaded tracing-appender v0.2.4
#25 387.3   Downloaded toml_write v0.1.2
#25 387.3   Downloaded lumina-utils v0.4.0
#25 387.3   Downloaded serde v1.0.228
#25 387.3   Downloaded valuable v0.1.1
#25 387.3   Downloaded logos-derive v0.14.4
#25 387.3   Downloaded rustc-hash v1.1.0
#25 387.3   Downloaded impl-codec v0.6.0
#25 387.3   Downloaded unicode-segmentation v1.12.0
#25 387.3   Downloaded celestia-grpc-macros v0.4.0
#25 387.3   Downloaded threadpool v1.8.1
#25 387.3   Downloaded prost-reflect v0.15.3
#25 387.3   Downloaded rustc-demangle v0.1.26
#25 387.3   Downloaded rustix v1.1.3
#25 387.3   Downloaded clap_lex v0.7.6
#25 387.3   Downloaded toml_parser v1.0.6+spec-1.1.0
#25 387.3   Downloaded glob v0.3.3
#25 387.3   Downloaded toml v0.8.23
#25 387.3   Downloaded pathdiff v0.2.3
#25 387.3   Downloaded celestia-grpc v0.8.0
#25 387.3   Downloaded p3-maybe-rayon v0.2.3-succinct
#25 387.3   Downloaded tokio-rustls v0.24.1
#25 387.3   Downloaded clang-sys v1.8.1
#25 387.3   Downloaded p3-matrix v0.2.3-succinct
#25 387.3   Downloaded group v0.12.1
#25 387.3   Downloaded cargo_metadata v0.18.1
#25 387.3   Downloaded sysinfo v0.30.13
#25 387.3   Downloaded p3-poseidon2 v0.2.3-succinct
#25 387.3   Downloaded celestia-types v0.15.0
#25 387.4   Downloaded thiserror-impl v2.0.17
#25 387.4   Downloaded sct v0.7.1
#25 387.4   Downloaded peg-macros v0.8.5
#25 387.4   Downloaded byteorder v1.5.0
#25 387.4   Downloaded ripemd v0.1.3
#25 387.4   Downloaded indexmap v2.12.1
#25 387.4   Downloaded tracing-core v0.1.36
#25 387.4   Downloaded icu_normalizer_data v2.1.1
#25 387.4   Downloaded tonic v0.10.2
#25 387.4   Downloaded tokio-util v0.7.17
#25 387.4   Downloaded hyper v0.14.32
#25 387.4   Downloaded hyper v1.8.1
#25 387.4   Downloaded peg v0.8.5
#25 387.4   Downloaded idna v1.1.0
#25 387.4   Downloaded bindgen v0.72.1
#25 387.4   Downloaded tinystr v0.8.2
#25 387.4   Downloaded scc v2.4.0
#25 387.4   Downloaded mio v1.1.1
#25 387.4   Downloaded clap_builder v4.5.53
#25 387.4   Downloaded rayon v1.11.0
#25 387.4   Downloaded celestia-types v0.16.0
#25 387.5   Downloaded cc v1.2.50
#25 387.5   Downloaded regex-syntax v0.8.8
#25 387.5   Downloaded url v2.5.7
#25 387.5   Downloaded tendermint-rpc v0.40.4
#25 387.5   Downloaded icu_properties_data v2.1.2
#25 387.5   Downloaded unicode-width v0.2.2
#25 387.5   Downloaded bytes v1.11.0
#25 387.5   Downloaded schemars v1.1.0
#25 387.5   Downloaded rayon-core v1.13.0
#25 387.5   Downloaded miette v7.6.0
#25 387.5   Downloaded lz4-sys v1.11.1+lz4-1.10.0
#25 387.6   Downloaded aws-smithy-runtime-api v1.9.3
#25 387.6   Downloaded tracing v0.1.44
#25 387.6   Downloaded blst v0.3.16
#25 387.6   Downloaded sha3-asm v0.1.4
#25 387.6   Downloaded rocksdb v0.24.0
#25 387.6   Downloaded num-bigint v0.3.3
#25 387.6   Downloaded tonic v0.12.3
#25 387.6   Downloaded h2 v0.4.12
#25 387.6   Downloaded libc v0.2.178
#25 387.6   Downloaded h3 v0.0.6
#25 387.6   Downloaded curve25519-dalek-ng v4.1.1
#25 387.6   Downloaded vcpkg v0.2.15
#25 387.7   Downloaded hickory-proto v0.25.2
#25 387.7   Downloaded s2n-quic-transport v0.71.0
#25 387.7   Downloaded celestia-proto v0.9.1
#25 387.7   Downloaded libz-sys v1.1.23
#25 387.7   Downloaded time v0.3.44
#25 387.7   Downloaded reqwest v0.11.27
#25 387.7   Downloaded petgraph v0.7.1
#25 387.7   Downloaded regex v1.12.2
#25 387.7   Downloaded cbindgen v0.27.0
#25 387.8   Downloaded bzip2-sys v0.1.13+1.0.8
#25 387.8   Downloaded gimli v0.32.3
#25 387.8   Downloaded num-bigint v0.4.6
#25 387.8   Downloaded quinn-proto v0.11.13
#25 387.8   Downloaded zerocopy v0.8.31
#25 387.8   Downloaded unicode-width v0.1.14
#25 387.8   Downloaded syn v2.0.111
#25 387.8   Downloaded tokio v1.48.0
#25 387.9   Downloaded rust_decimal v1.39.0
#25 387.9   Downloaded nix v0.30.1
#25 387.9   Downloaded itertools v0.14.0
#25 387.9   Downloaded aws-smithy-types v1.3.5
#25 387.9   Downloaded schemars v0.9.0
#25 387.9   Downloaded proptest v1.9.0
#25 387.9   Downloaded webpki-roots v1.0.4
#25 387.9   Downloaded chrono v0.4.42
#25 387.9   Downloaded toml_edit v0.19.15
#25 387.9   Downloaded hashbrown v0.16.1
#25 387.9   Downloaded halo2_proofs v0.1.0
#25 387.9   Downloaded blake3 v1.8.2
#25 387.9   Downloaded encoding_rs v0.8.35
#25 387.9   Downloaded zkhash v0.2.0
#25 388.0   Downloaded bitvec v1.0.1
#25 388.0   Downloaded const_format_proc_macros v0.2.34
#25 388.0   Downloaded bls12_381 v0.7.1
#25 388.0   Downloaded petgraph v0.6.5
#25 388.0   Downloaded zstd-sys v2.0.16+zstd.1.5.7
#25 388.0   Downloaded icu_properties v2.1.2
#25 388.0   Downloaded tinyvec v1.10.0
#25 388.0   Downloaded regex-automata v0.4.13
#25 388.0   Downloaded backtrace v0.3.76
#25 388.0   Downloaded aws-smithy-http-client v1.1.5
#25 388.0   Downloaded zerocopy-derive v0.8.31
#25 388.0   Downloaded serde_with v3.16.1
#25 388.0   Downloaded logos-codegen v0.15.1
#25 388.0   Downloaded bytes-utils v0.1.4
#25 388.0   Downloaded thread_local v1.1.9
#25 388.0   Downloaded scopeguard v1.2.0
#25 388.0   Downloaded miniz_oxide v0.8.9
#25 388.0   Downloaded base64 v0.22.1
#25 388.0   Downloaded log v0.4.29
#25 388.0   Downloaded rcgen v0.13.2
#25 388.0   Downloaded const_format v0.2.35
#25 388.1   Downloaded constant_time_eq v0.3.1
#25 388.1   Downloaded p3-mds v0.2.3-succinct
#25 388.1   Downloaded memuse v0.2.2
#25 388.1   Downloaded hyper-rustls v0.24.2
#25 388.1   Downloaded hex v0.4.3
#25 388.1   Downloaded tinyvec_macros v0.1.1
#25 388.1   Downloaded clap_derive v4.5.49
#25 388.1   Downloaded tonic v0.13.1
#25 388.1   Downloaded prost-types v0.13.5
#25 388.1   Downloaded http v1.4.0
#25 388.1   Downloaded rustls v0.23.35
#25 388.1   Downloaded rlp v0.5.2
#25 388.1   Downloaded macro-string v0.1.4
#25 388.1   Downloaded logos-derive v0.15.1
#25 388.1   Downloaded tokio-rustls v0.26.4
#25 388.1   Downloaded proc-macro2 v1.0.103
#25 388.1   Downloaded range-set-blaze v0.1.16
#25 388.1   Downloaded impl-trait-for-tuples v0.2.3
#25 388.1   Downloaded miette-derive v7.6.0
#25 388.1   Downloaded indenter v0.3.4
#25 388.1   Downloaded phf v0.11.3
#25 388.1   Downloaded icu_provider v2.1.1
#25 388.1   Downloaded uuid v1.19.0
#25 388.1   Downloaded tracing-attributes v0.1.31
#25 388.1   Downloaded h2 v0.3.27
#25 388.1   Downloaded rayon-scan v0.1.1
#25 388.1   Downloaded utf-8 v0.7.6
#25 388.1   Downloaded urlencoding v2.1.3
#25 388.1   Downloaded sp1_bls12_381 v0.8.0-sp1-5.0.0
#25 388.1   Downloaded serial_test v3.2.0
#25 388.1   Downloaded http v0.2.12
#25 388.1   Downloaded axum v0.6.20
#25 388.1   Downloaded iri-string v0.7.9
#25 388.1   Downloaded idna_adapter v1.2.1
#25 388.1   Downloaded p3-fri v0.2.3-succinct
#25 388.1   Downloaded backoff v0.4.0
#25 388.1   Downloaded axum-core v0.5.5
#25 388.1   Downloaded linux-raw-sys v0.11.0
#25 388.2   Downloaded aws-smithy-xml v0.60.13
#25 388.2   Downloaded tokio-tungstenite v0.26.2
#25 388.2   Downloaded prost-reflect v0.14.7
#25 388.2   Downloaded hickory-resolver v0.25.2
#25 388.2   Downloaded sha2 v0.9.9
#25 388.2   Downloaded blockstore v0.8.0
#25 388.2   Downloaded blockstore v0.7.1
#25 388.2   Downloaded tokio-stream v0.1.17
#25 388.2   Downloaded aws-smithy-json v0.61.9
#25 388.2   Downloaded base64 v0.21.7
#25 388.2   Downloaded bon-macros v3.8.1
#25 388.2   Downloaded ruint-macro v1.2.1
#25 388.2   Downloaded secp256k1-sys v0.10.1
#25 388.2   Downloaded ref-cast-impl v1.0.25
#25 388.2   Downloaded pear v0.2.9
#25 388.2   Downloaded reqwest v0.12.28
#25 388.2   Downloaded serial_test_derive v3.2.0
#25 388.2   Downloaded proc-macro2-diagnostics v0.10.1
#25 388.3   Downloaded c-kzg v2.1.5
#25 388.3   Downloaded p3-interpolation v0.2.3-succinct
#25 388.3   Downloaded bimap v0.6.3
#25 388.3   Downloaded borsh v1.6.0
#25 388.3   Downloaded secp256k1 v0.30.0
#25 388.3   Downloaded logos v0.14.4
#25 388.3   Downloaded zeroize v1.8.2
#25 388.3   Downloaded hashbrown v0.15.5
#25 388.3   Downloaded rustc_version v0.4.1
#25 388.3   Downloaded rustc_version v0.3.3
#25 388.3   Downloaded ref-cast v1.0.25
#25 388.3   Downloaded phf_macros v0.11.3
#25 388.3   Downloaded const-str v0.4.3
#25 388.3   Downloaded ring v0.17.14
#25 388.3   Downloaded tendermint v0.40.4
#25 388.3   Downloaded bindgen v0.70.1
#25 388.3   Downloaded futures-util v0.3.31
#25 388.4   Downloaded simd-adler32 v0.3.8
#25 388.4   Downloaded itoa v1.0.16
#25 388.4   Downloaded zeroize_derive v1.4.2
#25 388.4   Downloaded zerofrom-derive v0.1.6
#25 388.4   Downloaded itertools v0.10.5
#25 388.4   Downloaded pest v2.8.4
#25 388.4   Downloaded bytemuck v1.24.0
#25 388.4   Downloaded icu_normalizer v2.1.1
#25 388.4   Downloaded syn-solidity v1.5.2
#25 388.4   Downloaded object v0.37.3
#25 388.4   Downloaded nom v7.1.3
#25 388.4   Downloaded num_enum_derive v0.5.11
#25 388.4   Downloaded web-time v1.1.0
#25 388.4   Downloaded protox v0.8.0
#25 388.4   Downloaded protox v0.7.2
#25 388.4   Downloaded getrandom v0.3.4
#25 388.4   Downloaded s2n-quic-platform v0.71.0
#25 388.4   Downloaded proc-macro-error-attr2 v2.0.0
#25 388.4   Downloaded prost-types v0.12.6
#25 388.4   Downloaded num_enum v0.7.5
#25 388.4   Downloaded ruint v1.17.0
#25 388.4   Downloaded match-lookup v0.1.1
#25 388.4   Downloaded tonic-build v0.10.2
#25 388.4   Downloaded toml_datetime v0.7.5+spec-1.1.0
#25 388.4   Downloaded time-macros v0.2.24
#25 388.4   Downloaded scale-info v2.11.6
#25 388.4   Downloaded pasta_curves v0.4.1
#25 388.4   Downloaded jsonrpsee-proc-macros v0.25.1
#25 388.4   Downloaded jsonrpsee-client-transport v0.25.1
#25 388.4   Downloaded openssl-sys v0.9.111
#25 388.4   Downloaded syn v1.0.109
#25 388.4   Downloaded tiny-keccak v2.0.2
#25 388.4   Downloaded serde_arrays v0.2.0
#25 388.4   Downloaded semver-parser v0.10.3
#25 388.4   Downloaded semver v1.0.27
#25 388.4   Downloaded base64 v0.13.1
#25 388.5   Downloaded revm-precompile v23.0.0
#25 388.5   Downloaded itertools v0.13.0
#25 388.5   Downloaded prettyplease v0.2.37
#25 388.5   Downloaded multimap v0.10.1
#25 388.5   Downloaded thiserror-impl v1.0.69
#25 388.5   Downloaded thiserror v2.0.17
#25 388.5   Downloaded tempfile v3.24.0
#25 388.5   Downloaded shlex v1.3.0
#25 388.5   Downloaded sharded-slab v0.1.7
#25 388.5   Downloaded op-alloy-consensus v0.18.14
#25 388.5   Downloaded once_cell v1.21.3
#25 388.5   Downloaded indicatif v0.17.11
#25 388.5   Downloaded celestia-proto v0.10.0
#25 388.5   Downloaded subenum v1.1.3
#25 388.5   Downloaded serde_with_macros v3.16.1
#25 388.5   Downloaded tracing-forest v0.1.6
#25 388.5   Downloaded tap v1.0.1
#25 388.5   Downloaded revm-primitives v20.2.1
#25 388.5   Downloaded strum_macros v0.27.2
#25 388.5   Downloaded strum_macros v0.26.4
#25 388.5   Downloaded derive_more v2.1.1
#25 388.5   Downloaded intrusive-collections v0.9.7
#25 388.5   Downloaded op-alloy-network v0.18.14
#25 388.5   Downloaded num-rational v0.4.2
#25 388.5   Downloaded yoke-derive v0.8.1
#25 388.5   Downloaded revm-context v7.0.1
#25 388.5   Downloaded revm-bytecode v5.0.0
#25 388.5   Downloaded revm-inspector v7.0.1
#25 388.5   Downloaded hyper-timeout v0.5.2
#25 388.5   Downloaded generic-array v1.1.0
#25 388.5   Downloaded generic-array v0.14.9
#25 388.5   Downloaded hmac v0.12.1
#25 388.5   Downloaded console v0.15.11
#25 388.5   Downloaded tower v0.5.2
#25 388.5   Downloaded tower v0.4.13
#25 388.5   Downloaded reqwest-middleware v0.3.3
#25 388.5   Downloaded ref-swap v0.1.2
#25 388.5   Downloaded radium v0.7.0
#25 388.5   Downloaded quote v1.0.42
#25 388.5   Downloaded prost v0.13.5
#25 388.5   Downloaded prost v0.12.6
#25 388.5   Downloaded proc-macro-error2 v2.0.1
#25 388.5   Downloaded num_enum_derive v0.7.5
#25 388.5   Downloaded num-complex v0.4.6
#25 388.5   Downloaded jubjub v0.9.0
#25 388.5   Downloaded hyper-rustls v0.27.7
#25 388.6   Downloaded zerotrie v0.2.3
#25 388.6   Downloaded option-ext v0.2.0
#25 388.6   Downloaded outref v0.5.2
#25 388.6   Downloaded or-panic v1.0.2
#25 388.6   Downloaded lazy_static v1.5.0
#25 388.6   Downloaded tokio-macros v2.6.0
#25 388.6   Downloaded pkcs8 v0.10.2
#25 388.6   Downloaded celestia-rpc v0.13.0
#25 388.6   Downloaded dashu-float v0.4.3
#25 388.6   Downloaded number_prefix v0.4.0
#25 388.6   Downloaded multibase v0.9.2
#25 388.6   Downloaded memoffset v0.9.1
#25 388.6   Downloaded matchit v0.7.3
#25 388.6   Downloaded keccak v0.1.5
#25 388.6   Downloaded jsonrpsee-ws-client v0.25.1
#25 388.6   Downloaded informalsystems-pbjson v0.7.0
#25 388.6   Downloaded hyper-tls v0.6.0
#25 388.6   Downloaded serde_urlencoded v0.7.1
#25 388.6   Downloaded cookie v0.18.1
#25 388.6   Downloaded aws-types v1.3.11
#25 388.6   Downloaded elf v0.7.4
#25 388.6   Downloaded sp1-core-machine v5.2.4
#25 388.6   Downloaded der v0.7.10
#25 388.6   Downloaded darling_core v0.21.3
#25 388.6   Downloaded cid v0.11.1
#25 388.6   Downloaded cfg_aliases v0.2.1
#25 388.6   Downloaded block-buffer v0.10.4
#25 388.6   Downloaded regex-lite v0.1.8
#25 388.6   Downloaded rand v0.9.2
#25 388.6   Downloaded hkdf v0.12.4
#25 388.6   Downloaded gen_ops v0.4.0
#25 388.6   Downloaded camino v1.2.2
#25 388.6   Downloaded untrusted v0.9.0
#25 388.6   Downloaded rand v0.8.5
#25 388.6   Downloaded libp2p-identity v0.2.13
#25 388.6   Downloaded blake2 v0.10.6
#25 388.6   Downloaded hex-literal v0.4.1
#25 388.6   Downloaded axum v0.8.8
#25 388.6   Downloaded derive_more-impl v1.0.0
#25 388.6   Downloaded vsimd v0.8.0
#25 388.6   Downloaded unsafe-libyaml v0.2.11
#25 388.6   Downloaded serde_spanned v0.6.9
#25 388.6   Downloaded libm v0.2.15
#25 388.6   Downloaded winnow v0.7.14
#25 388.7   Downloaded flate2 v1.1.5
#25 388.7   Downloaded derive_more v1.0.0
#25 388.7   Downloaded derive_more v0.99.20
#25 388.7   Downloaded bincode v1.3.3
#25 388.7   Downloaded tokio-io-timeout v1.2.1
#25 388.7   Downloaded cargo-platform v0.1.9
#25 388.7   Downloaded zerovec-derive v0.11.2
#25 388.7   Downloaded pairing v0.22.0
#25 388.7   Downloaded nu-ansi-term v0.50.3
#25 388.7   Downloaded revm-context-interface v7.0.1
#25 388.7   Downloaded state v0.6.0
#25 388.7   Downloaded serde_yaml v0.9.34+deprecated
#25 388.7   Downloaded walkdir v2.5.0
#25 388.7   Downloaded wait-timeout v0.2.1
#25 388.7   Downloaded version_check v0.9.5
#25 388.7   Downloaded tonic-reflection v0.10.2
#25 388.7   Downloaded tonic-build v0.13.1
#25 388.7   Downloaded sync_wrapper v1.0.2
#25 388.7   Downloaded sync_wrapper v0.1.2
#25 388.7   Downloaded serde_derive v1.0.228
#25 388.7   Downloaded serde_core v1.0.228
#25 388.7   Downloaded leopard-codec v0.2.0
#25 388.7   Downloaded leopard-codec v0.1.0
#25 388.7   Downloaded hyper-util v0.1.19
#25 388.7   Downloaded hashbrown v0.14.5
#25 388.7   Downloaded revm-database v6.0.0
#25 388.7   Downloaded ipnet v2.11.0
#25 388.7   Downloaded figment v0.10.19
#25 388.7   Downloaded untrusted v0.7.1
#25 388.7   Downloaded unsigned-varint v0.8.0
#25 388.7   Downloaded serde_cbor v0.11.2
#25 388.7   Downloaded rustls-native-certs v0.8.2
#25 388.7   Downloaded p3-bn254-fr v0.2.3-succinct
#25 388.7   Downloaded hashbrown v0.12.3
#25 388.7   Downloaded crc32fast v1.5.0
#25 388.7   Downloaded winnow v0.5.40
#25 388.7   Downloaded axum v0.7.9
#25 388.7   Downloaded subtle-encoding v0.5.1
#25 388.7   Downloaded sp1-sdk v5.2.2
#25 388.7   Downloaded serde_repr v0.1.20
#25 388.7   Downloaded proc-macro-crate v1.3.1
#25 388.7   Downloaded primitive-types v0.12.2
#25 388.7   Downloaded pin-utils v0.1.0
#25 388.7   Downloaded p3-challenger v0.2.3-succinct
#25 388.7   Downloaded mime v0.3.17
#25 388.7   Downloaded blake2b_simd v1.0.3
#25 388.8   Downloaded yasna v0.5.2
#25 388.8   Downloaded tower-http v0.6.8
#25 388.8   Downloaded elliptic-curve v0.13.8
#25 388.8   Downloaded const-hex v1.17.0
#25 388.8   Downloaded is-terminal v0.4.17
#25 388.8   Downloaded p3-baby-bear v0.2.3-succinct
#25 388.8   Downloaded p3-uni-stark v0.2.3-succinct
#25 388.8   Downloaded nybbles v0.4.6
#25 388.8   Downloaded critical-section v1.2.0
#25 388.8   Downloaded sp1-core-executor v5.2.4
#25 388.8   Downloaded derive-where v1.6.0
#25 388.8   Downloaded yansi v1.0.1
#25 388.8   Downloaded sp1-recursion-core v5.2.4
#25 388.8   Downloaded aws-sdk-kms v1.97.0
#25 388.8   Downloaded num v0.4.3
#25 388.8   Downloaded x509-parser v0.16.0
#25 388.8   Downloaded derivative v2.2.0
#25 388.8   Downloaded der-parser v9.0.0
#25 388.8   Downloaded sp1-stark v5.2.4
#25 388.8   Downloaded sp1-recursion-compiler v5.2.4
#25 388.8   Downloaded sp1-recursion-circuit v5.2.4
#25 388.8   Downloaded nohash-hasher v0.2.0
#25 388.8   Downloaded nmt-rs v0.2.5
#25 388.8   Downloaded indexmap v1.9.3
#25 388.8   Downloaded clap v4.5.53
#25 388.8   Downloaded parking_lot v0.12.5
#25 388.8   Downloaded find-msvc-tools v0.1.5
#25 388.8   Downloaded rustls-webpki v0.101.7
#25 388.8   Downloaded eyre v0.6.12
#25 388.8   Downloaded deranged v0.5.5
#25 388.8   Downloaded crossbeam-channel v0.5.15
#25 388.9   Downloaded ics23 v0.12.0
#25 388.9   Downloaded iana-time-zone v0.1.64
#25 388.9   Downloaded is_terminal_polyfill v1.70.2
#25 388.9   Downloaded httpdate v1.0.3
#25 388.9   Downloaded http-client-unix-domain-socket v0.1.2
#25 388.9   Downloaded bitflags v2.10.0
#25 388.9   Downloaded stable-pattern v0.1.0
#25 388.9   Downloaded rrs-succinct v0.1.0
#25 388.9   Downloaded colorchoice v1.0.4
#25 388.9   Downloaded bitflags v1.3.2
#25 388.9   Downloaded axum-core v0.4.5
#25 388.9   Downloaded ark-bls12-381 v0.5.0
#25 388.9   Downloaded bit-vec v0.8.0
#25 388.9   Downloaded writeable v0.6.2
#25 388.9   Downloaded darling v0.21.3
#25 388.9   Downloaded axum-core v0.3.4
#25 388.9   Downloaded xmlparser v0.13.6
#25 388.9   Downloaded wyz v0.5.1
#25 388.9   Downloaded educe v0.6.0
#25 388.9   Downloaded parity-scale-codec-derive v3.7.5
#25 388.9   Downloaded futures-timer v3.0.3
#25 388.9   Downloaded ff v0.13.1
#25 388.9   Downloaded aws-smithy-query v0.60.9
#25 388.9   Downloaded tracing-log v0.2.0
#25 388.9   Downloaded sp1-build v5.2.2
#25 388.9   Downloaded futures-executor v0.3.31
#25 388.9   Downloaded fs_extra v1.3.0
#25 388.9   Downloaded fs-err v3.2.1
#25 388.9   Downloaded librocksdb-sys v0.17.3+10.4.2
#25 389.0   Downloaded fixedbitset v0.5.7
#25 389.0   Downloaded displaydoc v0.2.5
#25 389.0   Downloaded devise_core v0.4.2
#25 389.0   Downloaded socket2 v0.5.10
#25 389.0   Downloaded smallvec v1.15.1
#25 389.0   Downloaded openssl v0.10.75
#25 389.0   Downloaded errno v0.3.14
#25 389.0   Downloaded enum_dispatch v0.3.13
#25 389.0   Downloaded ed25519 v2.2.3
#25 389.0   Downloaded downloader v0.2.8
#25 389.0   Downloaded uint v0.9.5
#25 389.0   Downloaded twox-hash v1.6.3
#25 389.0   Downloaded twirp-rs v0.13.0-succinct
#25 389.1   Downloaded sp1-zkvm v5.2.2
#25 389.1   Downloaded futures-channel v0.3.31
#25 389.1   Downloaded foldhash v0.2.0
#25 389.1   Downloaded foldhash v0.1.5
#25 389.1   Downloaded ev-types v0.0.1
#25 389.1   Downloaded sp1-curves v5.2.4
#25 389.1   Downloaded slab v0.4.11
#25 389.1   Downloaded ed25519-consensus v2.1.0
#25 389.1   Downloaded dashu-base v0.4.1
#25 389.1   Downloaded sp1-lib v5.2.4
#25 389.1   Downloaded ruzstd v0.7.3
#25 389.1   Downloaded crossbeam-utils v0.8.21
#25 389.1   Downloaded sp1-recursion-derive v5.2.4
#25 389.1   Downloaded sp1-derive v5.2.4
#25 389.1   Downloaded siphasher v1.0.1
#25 389.1   Downloaded serdect v0.2.0
#25 389.1   Downloaded rustc-hex v2.1.0
#25 389.1   Downloaded rustc-hash v2.1.1
#25 389.1   Downloaded either v1.15.0
#25 389.1   Downloaded data-encoding v2.9.0
#25 389.1   Downloaded sp1-recursion-gnark-ffi v5.2.4
#25 389.1   Downloaded enum-map v2.7.3
#25 389.1   Downloaded der_derive v0.7.3
#25 389.1   Downloaded dotenvy v0.15.7
#25 389.1   Downloaded dashmap v6.1.0
#25 389.1   Downloaded moka v0.12.12
#25 389.1   Downloaded sp1-cuda v5.2.2
#25 389.1   Downloaded form_urlencoded v1.2.2
#25 389.1   Downloaded foreign-types-shared v0.1.1
#25 389.1   Downloaded foreign-types v0.3.2
#25 389.1   Downloaded equivalent v1.0.2
#25 389.1   Downloaded dunce v1.0.5
#25 389.1   Downloaded aws-sdk-sts v1.95.0
#25 389.1   Downloaded aws-config v1.8.12
#25 389.1   Downloaded alloy-provider v1.0.32
#25 389.1   Downloaded rustls-pemfile v2.2.0
#25 389.1   Downloaded funty v2.0.0
#25 389.1   Downloaded fnv v1.0.7
#25 389.1   Downloaded fastrlp v0.4.0
#25 389.1   Downloaded fastrlp v0.3.1
#25 389.1   Downloaded dyn-clone v1.0.20
#25 389.1   Downloaded devise_codegen v0.4.2
#25 389.1   Downloaded rustls-pki-types v1.13.2
#25 389.1   Downloaded futures-io v0.3.31
#25 389.1   Downloaded downcast-rs v1.2.1
#25 389.1   Downloaded aws-sdk-ssooidc v1.93.0
#25 389.1   Downloaded futures-sink v0.3.31
#25 389.1   Downloaded flagset v0.4.7
#25 389.1   Downloaded aws-sdk-sso v1.91.0
#25 389.1   Downloaded s2n-codec v0.71.0
#25 389.1   Downloaded rustversion v1.0.22
#25 389.1   Downloaded futures-core v0.3.31
#25 389.1   Downloaded asn1-rs v0.6.2
#25 389.1   Downloaded eventsource-stream v0.2.3
#25 389.1   Downloaded aws-sigv4 v1.3.7
#25 389.2   Downloaded ark-ff v0.4.2
#25 389.2   Downloaded alloy-sol-types v1.3.0
#25 389.2   Downloaded flex-error v0.4.4
#25 389.2   Downloaded dirs v5.0.1
#25 389.2   Downloaded aws-runtime v1.5.17
#25 389.2   Downloaded dirs-sys v0.4.1
#25 389.2   Downloaded digest v0.9.0
#25 389.2   Downloaded fixedbitset v0.4.2
#25 389.2   Downloaded ff v0.12.1
#25 389.2   Downloaded enum-map-derive v0.17.0
#25 389.2   Downloaded alloy-eips v1.0.41
#25 389.2   Downloaded alloy-consensus v1.0.41
#25 389.2   Downloaded prost-build v0.12.6
#25 389.2   Downloaded parity-scale-codec v3.7.5
#25 389.2   Downloaded op-revm v7.0.1
#25 389.2   Downloaded logos-codegen v0.14.4
#25 389.2   Downloaded ppv-lite86 v0.2.21
#25 389.2   Downloaded pkg-config v0.3.32
#25 389.2   Downloaded pem-rfc7468 v0.7.0
#25 389.2   Downloaded pem v3.0.6
#25 389.2   Downloaded num-order v1.2.0
#25 389.2   Downloaded multiaddr v0.18.2
#25 389.2   Downloaded modular-bitfield-impl v0.11.2
#25 389.2   Downloaded enum-as-inner v0.6.1
#25 389.2   Downloaded p3-merkle-tree v0.2.3-succinct
#25 389.2   Downloaded p3-keccak-air v0.2.3-succinct
#25 389.2   Downloaded openssl-macros v0.1.1
#25 389.2   Downloaded opaque-debug v0.3.1
#25 389.2   Downloaded num-conv v0.1.0
#25 389.2   Downloaded cuckoofilter v0.5.0
#25 389.2   Downloaded op-alloy-rpc-types v0.18.14
#25 389.2   Downloaded num-iter v0.1.45
#25 389.2   Downloaded lru-slab v0.1.2
#25 389.2   Downloaded lru v0.13.0
#25 389.2   Downloaded data-encoding-macro-internal v0.1.16
#25 389.2   Downloaded dashu-macros v0.4.1
#25 389.2   Downloaded dashu v0.4.2
#25 389.2   Downloaded autocfg v1.5.0
#25 389.2   Downloaded atomic-waker v1.1.2
#25 389.2   Downloaded async-trait v0.1.89
#25 389.2   Downloaded async-stream-impl v0.3.6
#25 389.2   Downloaded async-stream v0.3.6
#25 389.2   Downloaded asn1-rs-impl v0.2.0
#25 389.2   Downloaded asn1-rs-derive v0.5.1
#25 389.2   Downloaded ark-std v0.5.0
#25 389.2   Downloaded ark-std v0.4.0
#25 389.2   Downloaded ark-serialize-derive v0.5.0
#25 389.2   Downloaded ark-serialize v0.4.2
#25 389.2   Downloaded ark-ff-macros v0.4.2
#25 389.2   Downloaded ark-ff-macros v0.3.0
#25 389.2   Downloaded ark-ff-asm v0.5.0
#25 389.2   Downloaded ark-ff-asm v0.4.2
#25 389.2   Downloaded ark-ff v0.3.0
#25 389.2   Downloaded alloy-transport-http v1.0.41
#25 389.2   Downloaded alloy-sol-macro v1.3.0
#25 389.2   Downloaded alloy-signer-local v1.0.41
#25 389.2   Downloaded alloy-serde v1.0.41
#25 389.2   Downloaded alloy-rlp-derive v0.3.12
#25 389.2   Downloaded alloy-rlp v0.3.12
#25 389.2   Downloaded alloy-dyn-abi v1.3.0
#25 389.2   Downloaded kzg-rs v0.2.7
#25 389.4   Downloaded ark-std v0.3.0
#25 389.4   Downloaded ark-serialize v0.3.0
#25 389.4   Downloaded ark-poly v0.5.0
#25 389.4   Downloaded ark-ff-macros v0.5.0
#25 389.4   Downloaded ark-bn254 v0.5.0
#25 389.4   Downloaded anyhow v1.0.100
#25 389.4   Downloaded alloy-trie v0.9.1
#25 389.4   Downloaded alloy-network-primitives v1.0.41
#25 389.4   Downloaded ahash v0.8.12
#25 389.4   Downloaded aws-lc-sys v0.35.0
#25 389.9    Compiling proc-macro2 v1.0.103
#25 389.9    Compiling unicode-ident v1.0.22
#25 389.9    Compiling quote v1.0.42
#25 389.9    Compiling serde_core v1.0.228
#25 389.9    Compiling serde v1.0.228
#25 389.9    Compiling cfg-if v1.0.4
#25 389.9    Compiling libc v0.2.178
#25 389.9    Compiling autocfg v1.5.0
#25 389.9    Compiling version_check v0.9.5
#25 389.9    Compiling typenum v1.19.0
#25 390.3    Compiling portable-atomic v1.12.0
#25 390.3    Compiling critical-section v1.2.0
#25 390.7    Compiling shlex v1.3.0
#25 391.1    Compiling find-msvc-tools v0.1.5
#25 391.3    Compiling subtle v2.6.1
#25 391.3    Compiling generic-array v0.14.9
#25 391.4    Compiling itoa v1.0.16
#25 391.4    Compiling num-traits v0.2.19
#25 391.8    Compiling syn v1.0.109
#25 392.0    Compiling zerocopy v0.8.31
#25 392.1    Compiling pin-project-lite v0.2.16
#25 392.7    Compiling jobserver v0.1.34
#25 392.8    Compiling equivalent v1.0.2
#25 392.8    Compiling radium v0.7.0
#25 393.1    Compiling once_cell v1.21.3
#25 393.2    Compiling getrandom v0.2.16
#25 393.3    Compiling const-oid v0.9.6
#25 393.8    Compiling cc v1.2.50
#25 393.8    Compiling memchr v2.7.6
#25 393.9    Compiling log v0.4.29
#25 393.9    Compiling hashbrown v0.16.1
#25 394.0    Compiling num-integer v0.1.46
#25 394.2    Compiling rand_core v0.6.4
#25 394.2    Compiling num-bigint v0.3.3
#25 394.4    Compiling syn v2.0.111
#25 394.6    Compiling tracing-core v0.1.36
#25 394.8    Compiling paste v1.0.15
#25 395.1    Compiling cpufeatures v0.2.17
#25 395.4    Compiling indexmap v2.12.1
#25 395.4    Compiling unicode-xid v0.2.6
#25 395.4    Compiling heck v0.5.0
#25 395.6    Compiling rustversion v1.0.22
#25 395.7    Compiling crossbeam-utils v0.8.21
#25 396.1    Compiling winnow v0.7.14
#25 396.2    Compiling tap v1.0.1
#25 396.7    Compiling funty v2.0.0
#25 396.8    Compiling wyz v0.5.1
#25 396.8    Compiling either v1.15.0
#25 397.3    Compiling byteorder v1.5.0
#25 397.5    Compiling base64ct v1.8.1
#25 397.8    Compiling thiserror v2.0.17
#25 397.9    Compiling addchain v0.2.0
#25 398.3    Compiling flagset v0.4.7
#25 398.7    Compiling crunchy v0.2.4
#25 398.9    Compiling pem-rfc7468 v0.7.0
#25 399.0    Compiling parking_lot_core v0.9.12
#25 399.0    Compiling ff_derive v0.13.1
#25 399.0    Compiling tiny-keccak v2.0.2
#25 399.2    Compiling base16ct v0.2.0
#25 399.4    Compiling allocator-api2 v0.2.21
#25 399.4    Compiling serde_derive v1.0.228
#25 399.7    Compiling zeroize_derive v1.4.2
#25 399.8    Compiling tracing-attributes v0.1.31
#25 400.0    Compiling der_derive v0.7.3
#25 400.1    Compiling thiserror-impl v2.0.17
#25 400.7    Compiling futures-macro v0.3.31
#25 401.4    Compiling zeroize v1.8.2
#25 401.6    Compiling ppv-lite86 v0.2.21
#25 401.6    Compiling scopeguard v1.2.0
#25 401.7    Compiling strsim v0.11.1
#25 401.9    Compiling futures-core v0.3.31
#25 402.0    Compiling rayon-core v1.13.0
#25 402.1    Compiling tracing v0.1.44
#25 402.3    Compiling der v0.7.10
#25 402.6    Compiling lock_api v0.4.14
#25 402.8    Compiling futures-sink v0.3.31
#25 402.9    Compiling serde_json v1.0.147
#25 402.9    Compiling keccak v0.1.5
#25 403.1    Compiling toml_parser v1.0.6+spec-1.1.0
#25 403.3    Compiling zmij v0.1.7
#25 403.4    Compiling futures-io v0.3.31
#25 403.7    Compiling block-buffer v0.10.4
#25 403.7    Compiling crypto-common v0.1.6
#25 403.7    Compiling crypto-bigint v0.5.5
#25 403.8    Compiling toml_datetime v0.7.5+spec-1.1.0
#25 404.5    Compiling bytes v1.11.0
#25 404.5    Compiling digest v0.10.7
#25 404.6    Compiling smallvec v1.15.1
#25 404.6    Compiling bitvec v1.0.1
#25 404.7    Compiling arrayvec v0.7.6
#25 404.8    Compiling spki v0.7.3
#25 404.9    Compiling serdect v0.2.0
#25 405.7    Compiling sha2 v0.10.9 (https://github.com/sp1-patches/RustCrypto-hashes?tag=patch-sha2-0.10.9-sp1-4.0.0#0b1945ee)
#25 405.9    Compiling hmac v0.12.1
#25 405.9    Compiling pkcs8 v0.10.2
#25 406.0    Compiling signature v2.2.0
#25 406.3    Compiling http v1.4.0
#25 406.7    Compiling rfc6979 v0.4.0 (https://github.com/sp1-patches/signatures.git?tag=patch-16.9-sp1-4.1.0#1880299a)
#25 406.7    Compiling sha3 v0.10.8 (https://github.com/sp1-patches/RustCrypto-hashes?tag=patch-sha3-0.10.8-sp1-4.0.0#8f6d303c)
#25 407.1    Compiling sec1 v0.7.3
#25 407.1    Compiling toml_edit v0.23.10+spec-1.0.0
#25 407.2    Compiling parking_lot v0.12.5
#25 407.3    Compiling synstructure v0.13.2
#25 407.5    Compiling foldhash v0.1.5
#25 408.1    Compiling ff v0.13.1
#25 408.1    Compiling dunce v1.0.5
#25 408.5    Compiling hashbrown v0.15.5
#25 408.5    Compiling proc-macro-crate v3.4.0
#25 408.7    Compiling unicode-segmentation v1.12.0
#25 409.0    Compiling group v0.13.0
#25 409.1    Compiling ruint-macro v1.2.1
#25 409.1    Compiling pin-utils v0.1.0
#25 409.4    Compiling fnv v1.0.7
#25 409.4    Compiling slab v0.4.11
#25 409.5    Compiling futures-channel v0.3.31
#25 409.8    Compiling convert_case v0.10.0
#25 409.9    Compiling elliptic-curve v0.13.8
#25 409.9    Compiling num-bigint v0.4.6
#25 409.9    Compiling futures-task v0.3.31
#25 410.4    Compiling alloy-rlp-derive v0.3.12
#25 410.4    Compiling zerofrom-derive v0.1.6
#25 410.6    Compiling rand_chacha v0.3.1
#25 410.6    Compiling tokio-macros v2.6.0
#25 410.7    Compiling signal-hook-registry v1.4.7
#25 410.7    Compiling mio v1.1.1
#25 410.8    Compiling futures-util v0.3.31
#25 411.0    Compiling derive_more-impl v2.1.1
#25 411.1    Compiling ecdsa v0.16.9 (https://github.com/sp1-patches/signatures.git?tag=patch-16.9-sp1-4.1.0#1880299a)
#25 411.3    Compiling socket2 v0.6.1
#25 411.9    Compiling alloy-rlp v0.3.12
#25 412.1    Compiling rand v0.8.5
#25 412.3    Compiling const-hex v1.17.0
#25 412.4    Compiling k256 v0.13.4 (https://github.com/sp1-patches/elliptic-curves?tag=patch-k256-13.4-sp1-5.0.0#f7d8998e)
#25 412.7    Compiling tokio v1.48.0
#25 413.1    Compiling ruint v1.17.0
#25 413.2    Compiling ahash v0.8.12
#25 413.3    Compiling yoke-derive v0.8.1
#25 413.5    Compiling displaydoc v0.2.5
#25 413.5    Compiling httparse v1.10.1
#25 413.9    Compiling zerovec-derive v0.11.2
#25 414.0    Compiling ring v0.17.14
#25 414.5    Compiling percent-encoding v2.3.2
#25 414.7    Compiling bitflags v2.10.0
#25 415.0    Compiling anyhow v1.0.100
#25 415.2    Compiling async-trait v0.1.89
#25 415.5    Compiling icu_properties_data v2.1.2
#25 415.8    Compiling icu_normalizer_data v2.1.1
#25 416.0    Compiling hex v0.4.3
#25 416.2    Compiling derive_more v2.1.1
#25 416.2    Compiling crossbeam-epoch v0.9.18
#25 416.3    Compiling ident_case v1.0.1
#25 416.6    Compiling regex-syntax v0.8.8
#25 417.0    Compiling darling_core v0.21.3
#25 417.2    Compiling spin v0.9.8
#25 417.2    Compiling alloy-primitives v1.3.0
#25 417.7    Compiling auto_impl v1.3.0
#25 417.9    Compiling tokio-util v0.7.17
#25 418.0    Compiling lazy_static v1.5.0
#25 418.6    Compiling tower-service v0.3.3
#25 418.6    Compiling itertools v0.12.1
#25 419.7    Compiling http-body v1.0.1
#25 420.3    Compiling darling_macro v0.21.3
#25 420.9    Compiling thiserror v1.0.69
#25 421.1    Compiling num-conv v0.1.0
#25 421.3    Compiling time-core v0.1.6
#25 421.6    Compiling darling v0.21.3
#25 421.8    Compiling form_urlencoded v1.2.2
#25 421.8    Compiling zerofrom v0.1.6
#25 421.8    Compiling serde_with_macros v3.16.1
#25 422.0    Compiling time-macros v0.2.24
#25 422.2    Compiling stable_deref_trait v1.2.1
#25 422.3    Compiling rustix v1.1.3
#25 422.5    Compiling yoke v0.8.1
#25 423.5    Compiling thiserror-impl v1.0.69
#25 423.6    Compiling untrusted v0.9.0
#25 423.9    Compiling regex-automata v0.4.13
#25 424.1    Compiling serde_with v3.16.1
#25 424.8    Compiling crossbeam-deque v0.8.6
#25 425.0    Compiling zerovec v0.11.5
#25 425.8    Compiling alloy-eip2930 v0.2.1
#25 425.9    Compiling num_enum_derive v0.7.5
#25 426.1    Compiling alloy-sol-type-parser v1.5.2
#25 426.3    Compiling tower-layer v0.3.3
#25 426.4    Compiling try-lock v0.2.5
#25 427.2    Compiling alloy-eip7702 v0.6.1
#25 427.4    Compiling want v0.3.1
#25 427.5    Compiling http-body-util v0.1.3
#25 427.6    Compiling syn-solidity v1.5.2
#25 428.1    Compiling macro-string v0.1.4
#25 428.2    Compiling proc-macro-error-attr2 v2.0.0
#25 428.4    Compiling num_enum v0.7.5
#25 428.4    Compiling httpdate v1.0.3
#25 428.7    Compiling alloy-json-abi v1.3.0
#25 428.9    Compiling crc-catalog v2.4.0
#25 429.0    Compiling rayon v1.11.0
#25 429.3    Compiling cmake v0.1.57
#25 429.3    Compiling getrandom v0.3.4
#25 429.3    Compiling base64 v0.22.1
#25 429.5    Compiling crc v3.4.0
#25 429.7    Compiling fs_extra v1.3.0
#25 429.9    Compiling proc-macro-error2 v2.0.1
#25 430.6    Compiling alloy-eip2124 v0.2.0
#25 430.6    Compiling tinystr v0.8.2
#25 430.8    Compiling rustls-pki-types v1.13.2
#25 430.9    Compiling alloy-sol-macro-input v1.3.0
#25 431.2    Compiling aws-lc-sys v0.35.0
#25 431.4    Compiling writeable v0.6.2
#25 431.6    Compiling linux-raw-sys v0.11.0
#25 431.8    Compiling glob v0.3.3
#25 431.9    Compiling litemap v0.8.1
#25 432.0    Compiling prettyplease v0.2.37
#25 432.4    Compiling alloy-sol-macro-expander v1.3.0
#25 433.4    Compiling icu_locale_core v2.1.1
#25 433.7    Compiling potential_utf v0.1.4
#25 434.1    Compiling zerotrie v0.2.3
#25 434.6    Compiling fastrand v2.3.0
#25 434.7    Compiling icu_collections v2.1.1
#25 435.3    Compiling aws-lc-rs v1.15.2
#25 435.4    Compiling icu_provider v2.1.1
#25 435.7    Compiling tempfile v3.24.0
#25 436.4    Compiling p3-util v0.2.3-succinct
#25 436.5    Compiling alloy-sol-macro v1.3.0
#25 436.6    Compiling sync_wrapper v1.0.2
#25 437.1    Compiling secp256k1-sys v0.10.1
#25 437.3    Compiling p3-field v0.2.3-succinct
#25 437.3    Compiling icu_properties v2.1.2
#25 437.4    Compiling icu_normalizer v2.1.1
#25 438.1    Compiling regex v1.12.2
#25 438.1    Compiling alloy-sol-types v1.3.0
#25 438.6    Compiling alloy-serde v1.0.41
#25 439.4    Compiling nybbles v0.4.6
#25 439.4    Compiling ipnet v2.11.0
#25 439.6    Compiling powerfmt v0.2.0
#25 439.9    Compiling alloy-eips v1.0.41
#25 440.5    Compiling alloy-trie v0.9.1
#25 440.5    Compiling deranged v0.5.5
#25 441.2    Compiling idna_adapter v1.2.1
#25 441.2    Compiling p3-maybe-rayon v0.2.3-succinct
#25 441.3    Compiling itertools v0.13.0
#25 441.9    Compiling rustls v0.23.35
#25 442.2    Compiling openssl-probe v0.1.6
#25 442.4    Compiling utf8_iter v1.0.4
#25 442.5    Compiling time v0.3.44
#25 442.5    Compiling tower v0.5.2
#25 442.5    Compiling alloy-tx-macros v1.2.1
#25 443.4    Compiling idna v1.1.0
#25 443.8    Compiling atomic-waker v1.1.2
#25 444.3    Compiling p3-matrix v0.2.3-succinct
#25 444.7    Compiling url v2.5.7
#25 444.7    Compiling h2 v0.4.12
#25 444.9    Compiling alloy-json-rpc v1.0.41
#25 445.4    Compiling secp256k1 v0.30.0
#25 445.8    Compiling ryu v1.0.21
#25 445.9    Compiling futures-utils-wasm v0.1.0
#25 446.2    Compiling const_format_proc_macros v0.2.34
#25 447.2    Compiling alloy-consensus v1.0.41
#25 447.3    Compiling p3-symmetric v0.2.3-succinct
#25 447.4    Compiling itertools v0.14.0
#25 447.6    Compiling toml_datetime v0.6.11
#25 447.7    Compiling blake3 v1.8.2
#25 448.0    Compiling rustls-native-certs v0.8.2
#25 448.3    Compiling revm-primitives v20.2.1
#25 448.3    Compiling primeorder v0.13.1 (https://github.com/sp1-patches/elliptic-curves?tag=patch-p256-13.2-sp1-5.0.0#10cca2ef)
#25 448.7    Compiling constant_time_eq v0.3.1
#25 448.8    Compiling hyper v1.8.1
#25 449.3    Compiling arrayref v0.3.9
#25 449.4    Compiling p256 v0.13.2 (https://github.com/sp1-patches/elliptic-curves?tag=patch-p256-13.2-sp1-5.0.0#10cca2ef)
#25 449.4    Compiling p3-dft v0.2.3-succinct
#25 449.5    Compiling alloy-signer v1.0.41
#25 449.8    Compiling revm-bytecode v5.0.0
#25 450.4    Compiling pkg-config v0.3.32
#25 450.4    Compiling alloy-consensus-any v1.0.41
#25 450.6    Compiling alloy-network-primitives v1.0.41
#25 450.7    Compiling eyre v0.6.12
#25 451.1    Compiling num-rational v0.4.2
#25 451.2    Compiling revm-state v6.0.0
#25 451.7    Compiling hyper-util v0.1.19
#25 451.8    Compiling alloy-rpc-types-eth v1.0.41
#25 451.9    Compiling num-iter v0.1.45
#25 452.0    Compiling num-complex v0.4.6
#25 452.2    Compiling strum_macros v0.26.4
#25 452.5    Compiling p3-mds v0.2.3-succinct
#25 452.6    Compiling p3-challenger v0.2.3-succinct
#25 453.3    Compiling num v0.4.3
#25 453.3    Compiling futures-executor v0.3.31
#25 453.6    Compiling bytemuck_derive v1.10.2
#25 453.8    Compiling clap_derive v4.5.49
#25 453.8    Compiling gcd v2.3.0
#25 454.1    Compiling data-encoding v2.9.0
#25 454.2    Compiling p3-commit v0.2.3-succinct
#25 454.4    Compiling p3-poseidon2 v0.2.3-succinct
#25 454.5    Compiling futures v0.3.31
#25 454.8    Compiling alloy-rpc-types-any v1.0.41
#25 454.9    Compiling strum_macros v0.27.2
#25 455.2    Compiling alloy-network v1.0.41
#25 455.3    Compiling sp1-derive v5.2.4
#25 455.5    Compiling semver v1.0.27
#25 455.5    Compiling utf8parse v0.2.2
#25 455.8    Compiling bytemuck v1.24.0
#25 456.6    Compiling anstyle-parse v0.2.7
#25 456.9    Compiling p3-air v0.2.3-succinct
#25 457.2    Compiling parity-scale-codec-derive v3.7.5
#25 457.3    Compiling impl-trait-for-tuples v0.2.3
#25 457.6    Compiling anstyle v1.0.13
#25 457.6    Compiling colorchoice v1.0.4
#25 457.7    Compiling anstyle-query v1.1.5
#25 457.8    Compiling prost-derive v0.13.5
#25 457.8    Compiling strum v0.27.2
#25 457.9    Compiling is_terminal_polyfill v1.70.2
#25 458.3    Compiling p3-baby-bear v0.2.3-succinct
#25 458.4    Compiling p3-interpolation v0.2.3-succinct
#25 458.4    Compiling clang-sys v1.8.1
#25 458.7    Compiling anstream v0.6.21
#25 458.7    Compiling webpki-roots v1.0.4
#25 458.9    Compiling ripemd v0.1.3
#25 459.2    Compiling bincode v1.3.3
#25 459.4    Compiling clap_lex v0.7.6
#25 459.5    Compiling mime v0.3.17
#25 459.6    Compiling hashbrown v0.14.5
#25 459.7    Compiling p3-fri v0.2.3-succinct
#25 459.7    Compiling p3-uni-stark v0.2.3-succinct
#25 460.0    Compiling p3-merkle-tree v0.2.3-succinct
#25 460.2    Compiling strum v0.26.3
#25 460.5    Compiling clap_builder v4.5.53
#25 460.6    Compiling sysinfo v0.30.13
#25 460.9    Compiling sp1-primitives v5.2.4
#25 461.0    Compiling rayon-scan v0.1.1
#25 461.1    Compiling serde_spanned v0.6.9
#25 461.1    Compiling vcpkg v0.2.15
#25 461.2    Compiling static_assertions v1.1.0
#25 461.2    Compiling toml_write v0.1.2
#25 461.3    Compiling revm-database-interface v6.0.0
#25 461.5    Compiling derive_more-impl v1.0.0
#25 461.7    Compiling enum-ordinalize-derive v4.3.2
#25 461.7    Compiling cbindgen v0.27.0
#25 462.1    Compiling toml_edit v0.22.27
#25 462.2    Compiling sp1-stark v5.2.4
#25 462.4    Compiling alloy-chains v0.2.23
#25 462.7    Compiling op-alloy-consensus v0.18.14
#25 462.9    Compiling http v0.2.12
#25 463.0    Compiling ark-std v0.5.0
#25 463.3    Compiling clap v4.5.53
#25 463.3    Compiling ark-serialize-derive v0.5.0
#25 463.5    Compiling enum-ordinalize v4.3.2
#25 463.5    Compiling heck v0.4.1
#25 463.7    Compiling minimal-lexical v0.2.1
#25 463.8    Compiling educe v0.6.0
#25 464.6    Compiling ark-ff-macros v0.5.0
#25 464.7    Compiling toml v0.8.23
#25 464.7    Compiling ark-serialize v0.5.0
#25 464.7    Compiling nom v7.1.3
#25 464.9    Compiling scale-info-derive v2.11.6
#25 465.7    Compiling ark-ff-asm v0.5.0
#25 465.8    Compiling libloading v0.8.9
#25 466.3    Compiling pathdiff v0.2.3
#25 466.4    Compiling http-body v0.4.6
#25 466.5    Compiling rustc_version v0.4.1
#25 467.1    Compiling pairing v0.23.0
#25 467.1    Compiling cexpr v0.6.0
#25 467.1    Compiling tokio-stream v0.1.17
#25 467.1    Compiling pin-project-internal v1.1.10
#25 467.3    Compiling num-modular v0.6.1
#25 467.5    Compiling sp1_bls12_381 v0.8.0-sp1-5.0.0
#25 467.5    Compiling ark-ff v0.5.0
#25 467.9    Compiling uuid v1.19.0
#25 468.9    Compiling num-order v1.2.0
#25 468.9    Compiling dashu-base v0.4.1
#25 469.4    Compiling kzg-rs v0.2.7
#25 469.4    Compiling pin-project v1.1.10
#25 469.6    Compiling alloy-genesis v1.0.41
#25 470.1    Compiling dashu-int v0.4.1
#25 470.5    Compiling rustc-hex v2.1.0
#25 470.8    Compiling dyn-clone v1.0.20
#25 470.9    Compiling winnow v0.5.40
#25 471.0    Compiling sp1-core-machine v5.2.4
#25 471.2    Compiling reth-primitives-traits v1.5.0 (https://github.com/paradigmxyz/reth?tag=v1.5.0#61e38f9a)
#25 472.0    Compiling openssl-sys v0.9.111
#25 472.0    Compiling revm-context-interface v7.0.1
#25 472.4    Compiling ark-poly v0.5.0
#25 472.9    Compiling dashu-float v0.4.3
#25 473.0    Compiling const_format v0.2.35
#25 473.1    Compiling toml_edit v0.19.15
#25 473.3    Compiling rand_core v0.9.3
#25 473.3    Compiling serde_arrays v0.2.0
#25 473.5    Compiling socket2 v0.5.10
#25 474.5    Compiling ark-ec v0.5.0
#25 474.7    Compiling dashu-ratio v0.4.1
#25 474.7    Compiling rand_chacha v0.9.0
#25 475.1    Compiling substrate-bn v0.6.0 (https://github.com/sp1-patches/bn?tag=patch-0.6.0-sp1-5.0.0#e0d67f21)
#25 475.2    Compiling aurora-engine-modexp v1.2.0
#25 475.2    Compiling serde_urlencoded v0.7.1
#25 475.6    Compiling proc-macro-crate v1.3.1
#25 476.4    Compiling derive-where v1.6.0
#25 476.4    Compiling dashu-macros v0.4.1
#25 476.7    Compiling rand v0.9.2
#25 476.8    Compiling revm-interpreter v22.0.1
#25 477.0    Compiling num_enum_derive v0.5.11
#25 477.4    Compiling ark-bn254 v0.5.0
#25 477.5    Compiling ark-bls12-381 v0.5.0
#25 477.7    Compiling alloy-hardforks v0.2.13
#25 478.1    Compiling revm-database v6.0.0
#25 478.8    Compiling revm-context v7.0.1
#25 479.0    Compiling range-set-blaze v0.1.16
#25 479.1    Compiling revm-precompile v23.0.0
#25 479.3    Compiling indenter v0.3.4
#25 479.9    Compiling crossbeam-channel v0.5.15
#25 480.2    Compiling tinyvec_macros v0.1.1
#25 480.3    Compiling openssl v0.10.75
#25 480.4    Compiling foreign-types-shared v0.1.1
#25 480.8    Compiling revm-handler v7.0.1
#25 480.9    Compiling foreign-types v0.3.2
#25 480.9    Compiling tinyvec v1.10.0
#25 481.2    Compiling enum-map-derive v0.17.0
#25 481.3    Compiling openssl-macros v0.1.1
#25 481.6    Compiling encoding_rs v0.8.35
#25 482.1    Compiling native-tls v0.2.14
#25 482.3    Compiling object v0.37.3
#25 482.4    Compiling revm-inspector v7.0.1
#25 482.6    Compiling beef v0.5.2
#25 483.4    Compiling revm v26.0.1
#25 484.3    Compiling op-revm v7.0.1
#25 485.5    Compiling sp1-recursion-core v5.2.4
#25 485.6    Compiling prost v0.13.5
#25 486.8    Compiling ark-ff-macros v0.4.2
#25 487.3    Compiling enum-as-inner v0.6.1
#25 487.5    Compiling subenum v1.1.3
#25 487.6    Compiling derivative v2.2.0
#25 488.1    Compiling ark-ff-asm v0.4.2
#25 488.6    Compiling parity-scale-codec v3.7.5
#25 488.7    Compiling tagptr v0.2.0
#25 488.8    Compiling hickory-proto v0.25.2
#25 488.9    Compiling tokio-native-tls v0.3.1
#25 489.6    Compiling moka v0.12.12
#25 489.7    Compiling alloy-evm v0.12.3
#25 489.8    Compiling h2 v0.3.27
#25 490.2    Compiling byte-slice-cast v1.2.3
#25 490.7    Compiling resolv-conf v0.7.6
#25 491.0    Compiling iri-string v0.7.9
#25 491.4    Compiling prost-types v0.13.5
#25 491.8    Compiling hyper-tls v0.6.0
#25 492.9    Compiling hickory-resolver v0.25.2
#25 493.0    Compiling vsimd v0.8.0
#25 493.2    Compiling bindgen v0.70.1
#25 493.4    Compiling tower-http v0.6.8
#25 494.1    Compiling hyper v0.14.32
#25 494.3    Compiling outref v0.5.2
#25 495.0    Compiling base64-simd v0.8.0
#25 496.4    Compiling bytes-utils v0.1.4
#25 496.8    Compiling miette-derive v7.6.0
#25 497.0    Compiling unicode-width v0.1.14
#25 497.2    Compiling rustc-hash v1.1.0
#25 497.5    Compiling multimap v0.10.1
#25 498.2    Compiling aws-smithy-types v1.3.5
#25 498.7    Compiling reth-trie-common v1.5.0 (https://github.com/paradigmxyz/reth?tag=v1.5.0#61e38f9a)
#25 498.9    Compiling miette v7.6.0
#25 500.7    Compiling sha1 v0.10.6
#25 500.7    Compiling async-stream-impl v0.3.6
#25 502.2    Compiling rustls-webpki v0.103.8
#25 502.2    Compiling async-stream v0.3.6
#25 503.5    Compiling derive_more v1.0.0
#25 503.6    Compiling reth-static-file-types v1.5.0 (https://github.com/paradigmxyz/reth?tag=v1.5.0#61e38f9a)
#25 504.4    Compiling scale-info v2.11.6
#25 505.6    Compiling dashmap v6.1.0
#25 505.7    Compiling reth-prune-types v1.5.0 (https://github.com/paradigmxyz/reth?tag=v1.5.0#61e38f9a)
#25 505.9    Compiling aws-smithy-async v1.2.7
#25 506.4    Compiling ff v0.12.1
#25 507.1    Compiling sp1-recursion-derive v5.2.4
#25 507.5    Compiling tokio-rustls v0.26.4
#25 508.3    Compiling rustls v0.21.12
#25 508.4    Compiling memuse v0.2.2
#25 508.6    Compiling hyper-rustls v0.27.7
#25 509.1    Compiling aws-smithy-runtime-api v1.9.3
#25 509.3    Compiling group v0.12.1
#25 509.7    Compiling reqwest v0.12.28
#25 509.9    Compiling matchers v0.2.0
#25 510.3    Compiling reth-storage-errors v1.5.0 (https://github.com/paradigmxyz/reth?tag=v1.5.0#61e38f9a)
#25 510.3    Compiling reth-ethereum-forks v1.5.0 (https://github.com/paradigmxyz/reth?tag=v1.5.0#61e38f9a)
#25 510.4    Compiling sct v0.7.1
#25 510.7    Compiling rustls-webpki v0.101.7
#25 511.0    Compiling sharded-slab v0.1.7
#25 512.2    Compiling tracing-log v0.2.0
#25 512.4    Compiling thread_local v1.1.9
#25 513.0    Compiling fixedbitset v0.5.7
#25 513.1    Compiling nu-ansi-term v0.50.3
#25 514.2    Compiling tracing-subscriber v0.3.22
#25 514.2    Compiling petgraph v0.7.1
#25 515.0    Compiling downloader v0.2.8
#25 515.5    Compiling reth-ethereum-primitives v1.5.0 (https://github.com/paradigmxyz/reth?tag=v1.5.0#61e38f9a)
#25 516.5    Compiling serde_bytes v0.11.19
#25 516.6    Compiling adler2 v2.0.1
#25 517.1    Compiling simd-adler32 v0.3.8
#25 517.9    Compiling miniz_oxide v0.8.9
#25 519.1    Compiling tokio-rustls v0.24.1
#25 519.6    Compiling prost-build v0.13.5
#25 520.3    Compiling blake2b_simd v1.0.3
#25 520.5    Compiling flex-error v0.4.4
#25 521.4    Compiling alloy-transport v1.0.41
#25 521.4    Compiling reth-network-peers v1.5.0 (https://github.com/paradigmxyz/reth?tag=v1.5.0#61e38f9a)
#25 522.0    Compiling digest v0.9.0
#25 522.4    Compiling subtle-encoding v0.5.1
#25 523.3    Compiling utf-8 v0.7.6
#25 523.7    Compiling camino v1.2.2
#25 524.2    Compiling data-encoding-macro-internal v0.1.16
#25 524.4    Compiling tendermint-proto v0.40.4
#25 524.8    Compiling reth-chainspec v1.5.0 (https://github.com/paradigmxyz/reth?tag=v1.5.0#61e38f9a)
#25 525.5    Compiling hyper-rustls v0.24.2
#25 526.2    Compiling reth-execution-types v1.5.0 (https://github.com/paradigmxyz/reth?tag=v1.5.0#61e38f9a)
#25 527.4    Compiling webpki-roots v0.26.11
#25 528.3    Compiling prost-derive v0.12.6
#25 528.3    Compiling block-buffer v0.9.0
#25 528.5    Compiling serial_test_derive v3.2.0
#25 528.6    Compiling match-lookup v0.1.1
#25 528.8    Compiling core2 v0.4.0
#25 529.1    Compiling indexmap v1.9.3
#25 529.3    Compiling bimap v0.6.3
#25 529.8    Compiling matchit v0.7.3
#25 529.8    Compiling unsigned-varint v0.8.0
#25 530.0    Compiling base64 v0.21.7
#25 530.3    Compiling const-str v0.4.3
#25 530.3    Compiling opaque-debug v0.3.1
#25 530.4    Compiling subtle-ng v2.5.0
#25 530.6    Compiling sha2 v0.9.9
#25 530.7    Compiling multihash v0.19.3
#25 531.1    Compiling curve25519-dalek-ng v4.1.1
#25 531.3    Compiling base256emoji v1.0.2
#25 531.8    Compiling alloy-pubsub v1.0.41
#25 532.3    Compiling dashu v0.4.2
#25 532.6    Compiling data-encoding-macro v0.1.18
#25 532.6    Compiling pasta_curves v0.4.1
#25 533.5    Compiling reth-execution-errors v1.5.0 (https://github.com/paradigmxyz/reth?tag=v1.5.0#61e38f9a)
#25 533.8    Compiling pairing v0.22.0
#25 534.0    Compiling snowbridge-amcl v1.0.2
#25 534.1    Compiling reth-stages-types v1.5.0 (https://github.com/paradigmxyz/reth?tag=v1.5.0#61e38f9a)
#25 534.2    Compiling logos-codegen v0.14.4
#25 535.0    Compiling num_enum v0.5.11
#25 535.7    Compiling ark-std v0.4.0
#25 536.5    Compiling ed25519 v2.2.3
#25 536.6    Compiling generic-array v1.1.0
#25 537.7    Compiling num_cpus v1.17.0
#25 538.1    Compiling hashbrown v0.12.3
#25 538.1    Compiling base-x v0.2.11
#25 538.1    Compiling rustc-hash v2.1.1
#25 538.2    Compiling downcast-rs v1.2.1
#25 538.8    Compiling gen_ops v0.4.0
#25 538.9    Compiling rrs-succinct v0.1.0
#25 539.1    Compiling multibase v0.9.2
#25 539.2    Compiling sp1-curves v5.2.4
#25 539.5    Compiling ark-serialize v0.4.2
#25 539.5    Compiling logos-derive v0.14.4
#25 540.5    Compiling halo2_proofs v0.1.0
#25 540.5    Compiling bls12_381 v0.7.1
#25 540.8    Compiling ed25519-consensus v2.1.0
#25 542.0    Compiling aws-credential-types v1.2.11
#25 542.0    Compiling aws-smithy-http v0.62.6
#25 542.2    Compiling enum-map v2.7.3
#25 542.8    Compiling logos-codegen v0.15.1
#25 542.9    Compiling aws-types v1.3.11
#25 543.6    Compiling itertools v0.10.5
#25 543.6    Compiling vec_map v0.8.2
#25 543.7    Compiling serde_repr v0.1.20
#25 543.8    Compiling proc-macro2-diagnostics v0.10.1
#25 544.2    Compiling ansi_term v0.12.1
#25 544.5    Compiling elf v0.7.4
#25 544.8    Compiling gimli v0.32.3
#25 545.0    Compiling nohash-hasher v0.2.0
#25 545.2    Compiling tendermint v0.40.4
#25 545.3    Compiling tracing-forest v0.1.6
#25 545.4    Compiling ark-ff v0.4.2
#25 546.2    Compiling sp1-core-executor v5.2.4
#25 546.9    Compiling halo2 v0.1.0-beta.2
#25 547.6    Compiling addr2line v0.25.1
#25 548.5    Compiling jubjub v0.9.0
#25 549.3    Compiling tower v0.4.13
#25 549.4    Compiling logos v0.14.4
#25 549.9    Compiling pasta_curves v0.5.1
#25 550.9    Compiling p3-keccak-air v0.2.3-succinct
#25 550.9    Compiling aws-smithy-observability v0.1.5
#25 552.1    Compiling alloy-op-hardforks v0.2.13
#25 552.5    Compiling lru v0.13.0
#25 552.5    Compiling blake2 v0.10.6
#25 552.9    Compiling serde_path_to_error v0.1.20
#25 553.6    Compiling yansi v1.0.1
#25 553.7    Compiling urlencoding v2.1.3
#25 554.6    Compiling size v0.4.1
#25 554.6    Compiling web-time v1.1.0
#25 554.9    Compiling rustc-demangle v0.1.26
#25 556.2    Compiling backtrace v0.3.76
#25 557.2    Compiling zkhash v0.2.0
#25 559.3    Compiling aws-sigv4 v1.3.7
#25 560.4    Compiling cid v0.11.1
#25 561.0    Compiling reth-consensus v1.5.0 (https://github.com/paradigmxyz/reth?tag=v1.5.0#61e38f9a)
#25 561.8    Compiling p3-bn254-fr v0.2.3-succinct
#25 562.3    Compiling reth-db-models v1.5.0 (https://github.com/paradigmxyz/reth?tag=v1.5.0#61e38f9a)
#25 562.6    Compiling alloy-rpc-types-engine v1.0.41
#25 563.1    Compiling hyper-timeout v0.5.2
#25 564.0    Compiling rust_decimal v1.39.0
#25 564.2    Compiling reth-storage-api v1.5.0 (https://github.com/paradigmxyz/reth?tag=v1.5.0#61e38f9a)
#25 564.7    Compiling logos-derive v0.15.1
#25 565.8    Compiling reth-optimism-forks v1.5.0 (https://github.com/paradigmxyz/reth?tag=v1.5.0#61e38f9a)
#25 565.8    Compiling prost-reflect v0.14.7
#25 566.0    Compiling protox-parse v0.7.0
#25 566.1    Compiling prost v0.12.6
#25 566.2    Compiling sp1-recursion-gnark-ffi v5.2.4
#25 566.3    Compiling aws-smithy-json v0.61.9
#25 567.2    Compiling reth-optimism-primitives v1.5.0 (https://github.com/paradigmxyz/reth?tag=v1.5.0#61e38f9a)
#25 567.6    Compiling op-alloy-rpc-types v0.18.14
#25 568.1    Compiling hkdf v0.12.4
#25 568.7    Compiling axum-core v0.3.4
#25 568.9    Compiling sync_wrapper v0.1.2
#25 569.1    Compiling regex-lite v0.1.8
#25 569.2    Compiling fixedbitset v0.4.2
#25 569.4    Compiling iana-time-zone v0.1.64
#25 569.6    Compiling sp1-recursion-compiler v5.2.4
#25 569.8    Compiling protox v0.7.2
#25 570.3    Compiling chrono v0.4.42
#25 570.5    Compiling petgraph v0.6.5
#25 571.1    Compiling prost-types v0.12.6
#25 571.5    Compiling logos v0.15.1
#25 572.1    Compiling reth-consensus-common v1.5.0 (https://github.com/paradigmxyz/reth?tag=v1.5.0#61e38f9a)
#25 572.3    Compiling reth-trie-sparse v1.5.0 (https://github.com/paradigmxyz/reth?tag=v1.5.0#61e38f9a)
#25 572.7    Compiling axum-core v0.4.5
#25 572.8    Compiling alloy-rpc-types v1.0.32
#25 572.9    Compiling nmt-rs v0.2.5
#25 573.2    Compiling enum_dispatch v0.3.13
#25 573.5    Compiling axum v0.6.20
#25 575.0    Compiling sdd v3.0.10
#25 575.1    Compiling cfg_aliases v0.2.1
#25 575.4    Compiling bech32 v0.11.1
#25 575.4    Compiling option-ext v0.2.0
#25 575.6    Compiling nix v0.30.1
#25 576.2    Compiling dirs-sys v0.4.1
#25 576.6    Compiling axum v0.7.9
#25 577.0    Compiling scc v2.4.0
#25 577.4    Compiling reth-trie v1.5.0 (https://github.com/paradigmxyz/reth?tag=v1.5.0#61e38f9a)
#25 578.6    Compiling prost-build v0.12.6
#25 578.6    Compiling celestia-proto v0.9.1
#25 578.9    Compiling reth-optimism-chainspec v1.5.0 (https://github.com/paradigmxyz/reth?tag=v1.5.0#61e38f9a)
#25 579.6    Compiling reth-evm v1.5.0 (https://github.com/paradigmxyz/reth?tag=v1.5.0#61e38f9a)
#25 579.8    Compiling rusticata-macros v4.1.0
#25 580.9    Compiling sp1-prover v5.2.2
#25 581.5    Compiling rustls-pemfile v2.2.0
#25 581.5    Compiling tokio-io-timeout v1.2.1
#25 581.6    Compiling asn1-rs-derive v0.5.1
#25 581.8    Compiling asn1-rs-impl v0.2.0
#25 581.8    Compiling cookie v0.18.1
#25 583.2    Compiling bindgen v0.72.1
#25 583.2    Compiling ref-cast v1.0.25
#25 583.4    Compiling leopard-codec v0.1.0
#25 583.8    Compiling xmlparser v0.13.6
#25 584.1    Compiling bitflags v1.3.2
#25 584.5    Compiling bs58 v0.5.1
#25 584.7    Compiling same-file v1.0.6
#25 584.7    Compiling base64 v0.13.1
#25 585.1    Compiling asn1-rs v0.6.2
#25 586.5    Compiling walkdir v2.5.0
#25 586.7    Compiling serde-human-bytes v0.1.2
#25 587.2    Compiling libp2p-identity v0.2.13
#25 588.4    Compiling aws-smithy-xml v0.60.13
#25 589.4    Compiling hyper-timeout v0.4.1
#25 590.2    Compiling tonic-build v0.10.2
#25 590.3    Compiling serial_test v3.2.0
#25 591.7    Compiling dirs v5.0.1
#25 592.5    Compiling reth-optimism-consensus v1.5.0 (https://github.com/paradigmxyz/reth?tag=v1.5.0#61e38f9a)
#25 592.8    Compiling prost-reflect v0.15.3
#25 593.4    Compiling protox-parse v0.8.0
#25 593.4    Compiling pear_codegen v0.2.9
#25 593.9    Compiling aws-smithy-query v0.60.9
#25 594.1    Compiling alloy-op-evm v0.12.3
#25 594.7    Compiling tracing-appender v0.2.4
#25 594.8    Compiling rlp v0.5.2
#25 595.6    Compiling curve25519-dalek v4.1.3 (https://github.com/sp1-patches/curve25519-dalek?tag=patch-4.1.3-sp1-5.0.0#be8c2201)
#25 596.0    Compiling libz-sys v1.1.23
#25 596.1    Compiling zstd-sys v2.0.16+zstd.1.5.7
#25 596.2    Compiling bzip2-sys v0.1.13+1.0.8
#25 597.7    Compiling lru v0.12.5
#25 597.8    Compiling lz4-sys v1.11.1+lz4-1.10.0
#25 597.9    Compiling bindgen v0.71.1
#25 598.6    Compiling oid-registry v0.7.1
#25 600.0    Compiling rsp-mpt v0.1.0 (https://github.com/succinctlabs/rsp.git?tag=reth-1.5.0#09bbb8f8)
#25 601.1    Compiling reth-optimism-evm v1.5.0 (https://github.com/paradigmxyz/reth?tag=v1.5.0#61e38f9a)
#25 601.2    Compiling protox v0.8.0
#25 602.6    Compiling sp1-recursion-circuit v5.2.4
#25 602.8    Compiling ev-types v0.0.1
#25 604.4    Compiling tonic v0.10.2
#25 605.4    Compiling multiaddr v0.18.2
#25 606.4    Compiling reth-evm-ethereum v1.5.0 (https://github.com/paradigmxyz/reth?tag=v1.5.0#61e38f9a)
#25 608.8    Compiling rsp-primitives v0.1.0 (https://github.com/succinctlabs/rsp.git?tag=reth-1.5.0#09bbb8f8)
#25 610.1    Compiling reth-ethereum-consensus v1.5.0 (https://github.com/paradigmxyz/reth?tag=v1.5.0#61e38f9a)
#25 611.0    Compiling reth-errors v1.5.0 (https://github.com/paradigmxyz/reth?tag=v1.5.0#61e38f9a)
#25 611.3    Compiling blockstore v0.7.1
#25 611.5    Compiling tonic-build v0.13.1
#25 611.9    Compiling alloy-signer-local v1.0.41
#25 612.4    Compiling jsonrpsee-types v0.25.1
#25 612.7    Compiling cargo-platform v0.1.9
#25 613.7    Compiling ref-cast-impl v1.0.25
#25 613.7    Compiling curve25519-dalek-derive v0.1.1 (https://github.com/sp1-patches/curve25519-dalek?tag=patch-4.1.3-sp1-5.0.0#be8c2201)
#25 614.4    Compiling fs-err v3.2.1
#25 614.8    Compiling sp1-cuda v5.2.2
#25 615.1    Compiling unicode-width v0.2.2
#25 615.1    Compiling futures-timer v3.0.3
#25 615.5    Compiling cargo_metadata v0.18.1
#25 616.3    Compiling jsonrpsee-core v0.25.1
#25 616.6    Compiling console v0.15.11
#25 617.6    Compiling celestia-proto v0.10.0
#25 617.8    Compiling celestia-types v0.15.0
#25 617.9    Compiling librocksdb-sys v0.17.3+10.4.2
#25 619.8    Compiling ctrlc v3.5.1
#25 621.1    Compiling der-parser v9.0.0
#25 622.4    Compiling bon-macros v3.8.1
#25 622.7    Compiling is-terminal v0.4.17
#25 623.2    Compiling uncased v0.9.10
#25 623.9    Compiling instant v0.1.13
#25 624.0    Compiling half v1.8.3
#25 624.5    Compiling number_prefix v0.4.0
#25 624.7    Compiling leopard-codec v0.2.0
#25 624.7    Compiling crc32fast v1.5.0
#25 625.7    Compiling sp1-sdk v5.2.2
#25 625.8    Compiling sp1-build v5.2.2
#25 625.8    Compiling indicatif v0.17.11
#25 625.9    Compiling tdx-attest-sys v0.5.5 (https://github.com/jonas089/dstack#359cbf8e)
#25 626.4    Compiling serde_cbor v0.11.2
#25 626.9    Compiling bon v3.8.1
#25 627.1    Compiling backoff v0.4.0
#25 627.6    Compiling x509-parser v0.16.0
#25 629.2    Compiling ed25519-dalek v2.2.0
#25 630.2    Compiling devise_core v0.4.2
#25 630.6    Compiling eventsource-stream v0.2.3
#25 630.8    Compiling reth-primitives v1.5.0 (https://github.com/paradigmxyz/reth?tag=v1.5.0#61e38f9a)
#25 630.9    Compiling soketto v0.8.1
#25 631.0    Compiling alloy-dyn-abi v1.3.0
#25 631.1    Compiling pem v3.0.6
#25 631.3    Compiling inlinable_string v0.1.15
#25 633.1    Compiling pear v0.2.9
#25 633.6    Compiling devise_codegen v0.4.2
#25 636.2    Compiling blockstore v0.8.0
#25 636.3    Compiling informalsystems-pbjson v0.7.0
#25 636.5    Compiling twox-hash v1.6.3
#25 636.6    Compiling x509-cert v0.2.5
#25 636.7    Compiling stable-pattern v0.1.0
#25 637.3    Compiling figment v0.10.19
#25 637.7    Compiling multer v3.1.0
#25 637.7    Compiling object v0.36.7
#25 637.8    Compiling asn1_der v0.7.6
#25 638.1    Compiling state v0.6.0
#25 638.5    Compiling ruzstd v0.7.3
#25 638.5    Compiling ics23 v0.12.0
#25 639.0    Compiling rocket_http v0.6.0-dev (https://github.com/rwf2/Rocket?branch=master#3a54d079)
#25 639.5    Compiling flate2 v1.1.5
#25 639.8    Compiling devise v0.4.2
#25 640.1    Compiling alloy-core v1.3.0
#25 640.4    Compiling cc-eventlog v0.5.5 (https://github.com/jonas089/dstack#359cbf8e)
#25 641.6    Compiling rustls-pemfile v1.0.4
#25 641.8    Compiling yasna v0.5.2
#25 641.8    Compiling jsonrpsee-proc-macros v0.25.1
#25 641.8    Compiling celestia-grpc-macros v0.4.0
#25 642.2    Compiling rocket v0.6.0-dev (https://github.com/rwf2/Rocket?branch=master#3a54d079)
#25 642.9    Compiling peg-runtime v0.8.5
#25 643.2    Compiling rcgen v0.13.2
#25 643.4    Compiling rustls-native-certs v0.6.3
#25 643.8    Compiling rocket_codegen v0.6.0-dev (https://github.com/rwf2/Rocket?branch=master#3a54d079)
#25 644.1    Compiling tdx-attest v0.5.5 (https://github.com/jonas089/dstack#359cbf8e)
#25 644.1    Compiling peg-macros v0.8.5
#25 646.3    Compiling ev-prover v0.2.0 (https://github.com/celestiaorg/celestia-zkevm/#ef1ca4a0)
#25 646.5    Compiling size-parser v0.5.5 (https://github.com/jonas089/dstack#359cbf8e)
#25 648.0    Compiling axum-core v0.5.5
#25 648.3    Compiling ubyte v0.10.4
#25 648.4    Compiling derive_more v0.99.20
#25 648.6    Compiling unsafe-libyaml v0.2.11
#25 650.6    Compiling matchit v0.8.4
#25 651.4    Compiling binascii v0.1.4
#25 651.6    Compiling or-panic v1.0.2
#25 651.9    Compiling hex-literal v1.1.0
#25 652.2    Compiling ref-swap v0.1.2
#25 652.4    Compiling dotenvy v0.15.7
#25 652.4    Compiling axum v0.8.8
#25 652.6    Compiling dstack-mr v0.5.5 (https://github.com/jonas089/dstack#359cbf8e)
#25 652.9    Compiling peg v0.8.5
#25 653.0    Compiling tendermint-light-client-verifier v0.40.4
#25 653.1    Compiling serde_yaml v0.9.34+deprecated
#25 653.2    Compiling dstack-types v0.5.5 (https://github.com/jonas089/dstack#359cbf8e)
#25 655.1    Compiling reqwest v0.11.27
#25 655.3    Compiling light-client v0.1.0 (/build/light-client)
#25 655.4    Compiling tendermint-config v0.40.4
#25 656.2    Compiling tonic-reflection v0.10.2
#25 657.3    Compiling http-client-unix-domain-socket v0.1.2
#25 658.8    Compiling tendermint-rpc v0.40.4
#25 658.9    Compiling dstack-sdk-types v0.1.2 (https://github.com/jonas089/dstack#359cbf8e)
#25 724.9    Compiling tungstenite v0.26.2
#25 730.4    Compiling tokio-tungstenite v0.26.2
#25 731.2    Compiling alloy-transport-http v1.0.41
#25 731.8    Compiling alloy-transport-ws v1.0.41
#25 732.7    Compiling aws-smithy-http-client v1.1.5
#25 738.6    Compiling alloy-rpc-client v1.0.41
#25 744.0    Compiling alloy-provider v1.0.32
#25 746.0    Compiling aws-smithy-runtime v1.9.5
#25 747.2    Compiling rustls-platform-verifier v0.5.3
#25 747.5    Compiling twirp-rs v0.13.0-succinct
#25 750.1    Compiling aws-runtime v1.5.17
#25 750.9    Compiling op-alloy-network v0.18.14
#25 752.8    Compiling aws-sdk-sts v1.95.0
#25 753.2 warning: light-client@0.1.0: rustc +succinct --version: "rustc 1.88.0-dev\n"
#25 753.2 error: failed to run custom build command for `light-client v0.1.0 (/build/light-client)`
#25 753.2 
#25 753.2 Caused by:
#25 753.2   process didn't exit successfully: `/build/target/release/build/light-client-ae476c4fc75df691/build-script-build` (exit status: 101)
#25 753.2   --- stdout
#25 753.2   cargo::rerun-if-changed=/build/circuit/src
#25 753.2   cargo::rerun-if-changed=/build/circuit/Cargo.toml
#25 753.2   cargo:rerun-if-changed=/build/Cargo.lock
#25 753.2   cargo:rerun-if-changed=/build/types
#25 753.2   cargo:rerun-if-changed=/build/light-client
#25 753.2   cargo:rerun-if-changed=/build/types
#25 753.2   cargo:warning=rustc +succinct --version: "rustc 1.88.0-dev\n"
#25 753.2 
#25 753.2   --- stderr
#25 753.2   [sp1]     Compiling proc-macro2 v1.0.103
#25 753.2   [sp1]     Compiling quote v1.0.42
#25 753.2   [sp1]     Compiling unicode-ident v1.0.22
#25 753.2   [sp1]     Compiling cfg-if v1.0.4
#25 753.2   [sp1]     Compiling serde_core v1.0.228
#25 753.2   [sp1]     Compiling zeroize v1.8.2
#25 753.2   [sp1]     Compiling syn v2.0.111
#25 753.2   [sp1]     Compiling getrandom v0.2.16
#25 753.2   [sp1]     Compiling rand_core v0.6.4
#25 753.2   [sp1]     Compiling typenum v1.19.0
#25 753.2   [sp1]     Compiling version_check v0.9.5
#25 753.2   [sp1]     Compiling serde v1.0.228
#25 753.2   [sp1]     Compiling generic-array v0.14.9
#25 753.2   [sp1]     Compiling autocfg v1.5.0
#25 753.2   [sp1]     Compiling serde_derive v1.0.228
#25 753.2   [sp1]     Compiling subtle v2.6.1
#25 753.2   [sp1]     Compiling const-oid v0.9.6
#25 753.2   [sp1]     Compiling num-traits v0.2.19
#25 753.2   [sp1]     Compiling zerocopy v0.8.31
#25 753.2   [sp1]     Compiling block-buffer v0.10.4
#25 753.2   [sp1]     Compiling crypto-common v0.1.6
#25 753.2   [sp1]     Compiling digest v0.10.7
#25 753.2   [sp1]     Compiling num-integer v0.1.46
#25 753.2   [sp1]     Compiling either v1.15.0
#25 753.2   [sp1]     Compiling ppv-lite86 v0.2.21
#25 753.2   [sp1]     Compiling itertools v0.12.1
#25 753.2   [sp1]     Compiling num-bigint v0.4.6
#25 753.2   [sp1]     Compiling rand_chacha v0.3.1
#25 753.2   [sp1]     Compiling p3-util v0.2.3-succinct
#25 753.2   [sp1]     Compiling rand v0.8.5
#25 753.2   [sp1]     Compiling once_cell v1.21.3
#25 753.2   [sp1]     Compiling base64ct v1.8.1
#25 753.2   [sp1]     Compiling pem-rfc7468 v0.7.0
#25 753.2   [sp1]     Compiling tracing-core v0.1.36
#25 753.2   [sp1]     Compiling p3-field v0.2.3-succinct
#25 753.2   [sp1]     Compiling der_derive v0.7.3
#25 753.2   [sp1]     Compiling tracing-attributes v0.1.31
#25 753.2   [sp1]     Compiling pin-project-lite v0.2.16
#25 753.2   [sp1]     Compiling flagset v0.4.7
#25 753.2   [sp1]     Compiling p3-maybe-rayon v0.2.3-succinct
#25 753.2   [sp1]     Compiling hmac v0.12.1
#25 753.2   [sp1]     Compiling der v0.7.10
#25 753.2   [sp1]     Compiling shlex v1.3.0
#25 753.2   [sp1]     Compiling find-msvc-tools v0.1.5
#25 753.2   [sp1]     Compiling tracing v0.1.44
#25 753.2   [sp1]     Compiling p3-symmetric v0.2.3-succinct
#25 753.2   [sp1]     Compiling cc v1.2.50
#25 753.2   [sp1]     Compiling p3-matrix v0.2.3-succinct
#25 753.2   [sp1]     Compiling ff v0.13.1
#25 753.2   [sp1]     Compiling arrayvec v0.7.6
#25 753.2   [sp1]     Compiling p3-dft v0.2.3-succinct
#25 753.2   [sp1]     Compiling winnow v0.7.14
#25 753.2   [sp1]     Compiling base16ct v0.2.0
#25 753.2   [sp1]     Compiling equivalent v1.0.2
#25 753.2   [sp1]     Compiling hashbrown v0.16.1
#25 753.2   [sp1]     Compiling p3-mds v0.2.3-succinct
#25 753.2   [sp1]     Compiling sec1 v0.7.3
#25 753.2   [sp1]     Compiling toml_parser v1.0.6+spec-1.1.0
#25 753.2   [sp1]     Compiling indexmap v2.12.1
#25 753.2   [sp1]     Compiling blake3 v1.8.2
#25 753.2   [sp1]     Compiling group v0.13.0
#25 753.2   [sp1]     Compiling hkdf v0.12.4
#25 753.2   [sp1]     Compiling crypto-bigint v0.5.5
#25 753.2   [sp1]     Compiling gcd v2.3.0
#25 753.2   [sp1]     Compiling toml_datetime v0.7.5+spec-1.1.0
#25 753.2   [sp1]     Compiling rustversion v1.0.22
#25 753.2   [sp1]     Compiling p3-poseidon2 v0.2.3-succinct
#25 753.2   [sp1]     Compiling toml_edit v0.23.10+spec-1.0.0
#25 753.2   [sp1]     Compiling elliptic-curve v0.13.8
#25 753.2   [sp1]     Compiling constant_time_eq v0.3.1
#25 753.2   [sp1]     Compiling hex v0.4.3
#25 753.2   [sp1]     Compiling arrayref v0.3.9
#25 753.2   [sp1]     Compiling proc-macro-crate v3.4.0
#25 753.2   [sp1]     Compiling p3-baby-bear v0.2.3-succinct
#25 753.2   [sp1]     Compiling sha2 v0.10.9 (https://github.com/sp1-patches/RustCrypto-hashes?tag=patch-sha2-0.10.9-sp1-4.0.0#0b1945ee)
#25 753.2   [sp1]     Compiling bincode v1.3.3
#25 753.2   [sp1]     Compiling unicode-xid v0.2.6
#25 753.2   [sp1]     Compiling lazy_static v1.5.0
#25 753.2   [sp1]     Compiling const_format_proc_macros v0.2.34
#25 753.2   [sp1]     Compiling parity-scale-codec v3.7.5
#25 753.2   [sp1]     Compiling parity-scale-codec-derive v3.7.5
#25 753.2   [sp1]     Compiling sp1-primitives v5.2.4
#25 753.2   [sp1]     Compiling rfc6979 v0.4.0 (https://github.com/sp1-patches/signatures.git?tag=patch-16.9-sp1-4.1.0#1880299a)
#25 753.2   [sp1]     Compiling const_format v0.2.35
#25 753.2   [sp1]     Compiling sp1-lib v5.2.4
#25 753.2   [sp1]     Compiling signature v2.2.0
#25 753.2   [sp1]     Compiling impl-trait-for-tuples v0.2.3
#25 753.2   [sp1]     Compiling derive_more-impl v1.0.0
#25 753.2   [sp1]     Compiling byte-slice-cast v1.2.3
#25 753.2   [sp1]     Compiling serde_json v1.0.147
#25 753.2   [sp1]     Compiling anyhow v1.0.100
#25 753.2   [sp1]     Compiling derive_more v1.0.0
#25 753.2   [sp1]     Compiling ecdsa v0.16.9 (https://github.com/sp1-patches/signatures.git?tag=patch-16.9-sp1-4.1.0#1880299a)
#25 753.2   [sp1]     Compiling scale-info-derive v2.11.6
#25 753.2   [sp1]     Compiling primeorder v0.13.1 (https://github.com/sp1-patches/elliptic-curves?tag=patch-p256-13.2-sp1-5.0.0#10cca2ef)
#25 753.2   [sp1]     Compiling spki v0.7.3
#25 753.2   [sp1]     Compiling memchr v2.7.6
#25 753.2   [sp1]     Compiling itoa v1.0.16
#25 753.2   [sp1]     Compiling base64 v0.13.1
#25 753.2   [sp1]     Compiling zmij v0.1.7
#25 753.2   [sp1]     Compiling getrandom v0.3.4
#25 753.2   [sp1]     Compiling libm v0.2.15
#25 753.2   [sp1]     Compiling base64 v0.22.1
#25 753.2   [sp1]     Compiling serde-human-bytes v0.1.2
#25 753.2   [sp1]     Compiling scale-info v2.11.6
#25 753.2   [sp1]     Compiling pem v3.0.6
#25 753.2   [sp1]     Compiling x509-cert v0.2.5
#25 753.2   [sp1]     Compiling p256 v0.13.2 (https://github.com/sp1-patches/elliptic-curves?tag=patch-p256-13.2-sp1-5.0.0#10cca2ef)
#25 753.2   [sp1]     Compiling chrono v0.4.42
#25 753.2   [sp1]     Compiling log v0.4.29
#25 753.2   [sp1]     Compiling urlencoding v2.1.3
#25 753.2   [sp1]     Compiling byteorder v1.5.0
#25 753.2   [sp1]     Compiling asn1_der v0.7.6
#25 753.2   [sp1]     Compiling serde_bytes v0.11.19
#25 753.2   [sp1]     Compiling dcap-qvl v0.3.4 (https://github.com/jonas089/dcap-qvl?branch=v0.3.4-zk#039ff387)
#25 753.2   [sp1]     Compiling sp1-zkvm v5.2.2
#25 753.2   [sp1]     Compiling types v0.1.0 (/build/types)
#25 753.2   [sp1]     Compiling circuit v0.1.0 (/build/circuit)
#25 753.2   [sp1]  error[E0432]: unresolved imports `types::EnclaveReport`, `types::EventLog`, `types::Inputs`, `types::Report`, `types::TDReport10`, `types::TDReport15`, `types::VerifiedReport`, `types::replay_event_logs`, `types::validate_tcb`
#25 753.2   [sp1]   --> circuit/src/main.rs:5:5
#25 753.2   [sp1]    |
#25 753.2   [sp1]  5 |     EnclaveReport, EventLog, Inputs, Report, TDReport10, TDReport15, VerifiedReport,
#25 753.2   [sp1]    |     ^^^^^^^^^^^^^  ^^^^^^^^  ^^^^^^  ^^^^^^  ^^^^^^^^^^  ^^^^^^^^^^  ^^^^^^^^^^^^^^ no `VerifiedReport` in the root
#25 753.2   [sp1]    |     |              |         |       |       |           |
#25 753.2   [sp1]    |     |              |         |       |       |           no `TDReport15` in the root
#25 753.2   [sp1]    |     |              |         |       |       no `TDReport10` in the root
#25 753.2   [sp1]    |     |              |         |       no `Report` in the root
#25 753.2   [sp1]    |     |              |         no `Inputs` in the root
#25 753.2   [sp1]    |     |              no `EventLog` in the root
#25 753.2   [sp1]    |     no `EnclaveReport` in the root
#25 753.2   [sp1]  6 |     replay_event_logs, validate_tcb,
#25 753.2   [sp1]    |     ^^^^^^^^^^^^^^^^^  ^^^^^^^^^^^^ no `validate_tcb` in the root
#25 753.2   [sp1]    |     |
#25 753.2   [sp1]    |     no `replay_event_logs` in the root
#25 753.2   [sp1]    |
#25 753.2   [sp1]    = help: consider importing this struct instead:
#25 753.2   [sp1]            dcap_qvl::verify::EnclaveReport
#25 753.2   [sp1]    = help: consider importing one of these items instead:
#25 753.2   [sp1]            std::error::Report
#25 753.2   [sp1]            dcap_qvl::quote::Report
#25 753.2   [sp1]    = help: consider importing this struct instead:
#25 753.2   [sp1]            dcap_qvl::quote::TDReport10
#25 753.2   [sp1]    = help: consider importing this struct instead:
#25 753.2   [sp1]            dcap_qvl::quote::TDReport15
#25 753.2   [sp1]    = help: consider importing this struct instead:
#25 753.2   [sp1]            dcap_qvl::verify::VerifiedReport
#25 753.2   [sp1]  
#25 753.2   [sp1]  For more information about this error, try `rustc --explain E0432`.
#25 753.2   [sp1]  error: could not compile `circuit` (bin "circuit") due to 1 previous error
#25 753.2 warning: build failed, waiting for other jobs to finish...
