The push refers to repository [docker.io/jonas089/evolve-tee]
56c4dca2a829: Waiting
ae4ce04d0e1c: Waiting
39f945dbc467: Waiting
cf68e420bcab: Waiting
a90dc5977267: Waiting
39f945dbc467: Waiting
cf68e420bcab: Waiting
a90dc5977267: Waiting
56c4dca2a829: Waiting
ae4ce04d0e1c: Waiting
56c4dca2a829: Waiting
ae4ce04d0e1c: Waiting
39f945dbc467: Waiting
cf68e420bcab: Waiting
a90dc5977267: Waiting
a90dc5977267: Waiting
56c4dca2a829: Waiting
ae4ce04d0e1c: Waiting
39f945dbc467: Waiting
cf68e420bcab: Waiting
39f945dbc467: Waiting
cf68e420bcab: Waiting
a90dc5977267: Waiting
56c4dca2a829: Waiting
ae4ce04d0e1c: Waiting
39f945dbc467: Waiting
cf68e420bcab: Waiting
a90dc5977267: Waiting
56c4dca2a829: Waiting
ae4ce04d0e1c: Waiting
39f945dbc467: Waiting
cf68e420bcab: Waiting
a90dc5977267: Waiting
56c4dca2a829: Waiting
ae4ce04d0e1c: Waiting
a90dc5977267: Waiting
56c4dca2a829: Waiting
ae4ce04d0e1c: Waiting
39f945dbc467: Waiting
cf68e420bcab: Waiting
39f945dbc467: Waiting
cf68e420bcab: Waiting
a90dc5977267: Waiting
56c4dca2a829: Waiting
ae4ce04d0e1c: Waiting
56c4dca2a829: Waiting
ae4ce04d0e1c: Waiting
39f945dbc467: Waiting
cf68e420bcab: Waiting
a90dc5977267: Waiting
39f945dbc467: Waiting
cf68e420bcab: Waiting
a90dc5977267: Waiting
56c4dca2a829: Waiting
ae4ce04d0e1c: Waiting
39f945dbc467: Waiting
cf68e420bcab: Waiting
a90dc5977267: Waiting
56c4dca2a829: Waiting
ae4ce04d0e1c: Waiting
56c4dca2a829: Waiting
ae4ce04d0e1c: Waiting
39f945dbc467: Waiting
cf68e420bcab: Waiting
a90dc5977267: Waiting
39f945dbc467: Waiting
cf68e420bcab: Waiting
a90dc5977267: Waiting
56c4dca2a829: Waiting
ae4ce04d0e1c: Waiting
39f945dbc467: Waiting
cf68e420bcab: Waiting
a90dc5977267: Waiting
56c4dca2a829: Waiting
ae4ce04d0e1c: Layer already exists
cf68e420bcab: Waiting
a90dc5977267: Waiting
56c4dca2a829: Waiting
a90dc5977267: Waiting
39f945dbc467: Pushed
56c4dca2a829: Pushed
cf68e420bcab: Pushed
a90dc5977267: Pushed
latest: digest: sha256:79e5ec89615df6d39f073dd2644ce8447e59be658e21d6ccba0aefd4f20310eb size: 856
