The push refers to repository [docker.io/jonas089/evolve-tee]
116dde86be71: Waiting
2c002b3f42be: Waiting
0347dcb76707: Waiting
3307008df1cb: Waiting
dda6229427b5: Waiting
116dde86be71: Waiting
2c002b3f42be: Waiting
0347dcb76707: Waiting
3307008df1cb: Waiting
dda6229427b5: Waiting
3307008df1cb: Waiting
dda6229427b5: Waiting
116dde86be71: Waiting
2c002b3f42be: Waiting
0347dcb76707: Waiting
116dde86be71: Waiting
2c002b3f42be: Waiting
0347dcb76707: Waiting
3307008df1cb: Waiting
dda6229427b5: Waiting
116dde86be71: Waiting
2c002b3f42be: Waiting
0347dcb76707: Waiting
3307008df1cb: Waiting
dda6229427b5: Waiting
dda6229427b5: Waiting
116dde86be71: Waiting
2c002b3f42be: Waiting
0347dcb76707: Waiting
3307008df1cb: Waiting
116dde86be71: Waiting
2c002b3f42be: Waiting
0347dcb76707: Waiting
3307008df1cb: Waiting
dda6229427b5: Waiting
0347dcb76707: Layer already exists
3307008df1cb: Waiting
dda6229427b5: Waiting
116dde86be71: Waiting
2c002b3f42be: Waiting
116dde86be71: Waiting
2c002b3f42be: Layer already exists
3307008df1cb: Waiting
dda6229427b5: Layer already exists
3307008df1cb: Layer already exists
116dde86be71: Waiting
116dde86be71: Waiting
116dde86be71: Pushed
latest: digest: sha256:4c98c1eb10a2242b38cc3c6a6d691c36d20fb27c91ece1e636c55f7a315d953c size: 856
