#0 building with "desktop-linux" instance using docker driver

#1 [internal] load build definition from Dockerfile
#1 transferring dockerfile: 2.19kB done
#1 DONE 0.0s

#2 [auth] library/debian:pull token for registry-1.docker.io
#2 DONE 0.0s

#3 [auth] library/rust:pull token for registry-1.docker.io
#3 DONE 0.0s

#4 [internal] load metadata for docker.io/library/debian:bookworm-slim
#4 DONE 0.8s

#5 [internal] load metadata for docker.io/library/rust:1.88
#5 DONE 0.8s

#6 [internal] load .dockerignore
#6 transferring context: 2B done
#6 DONE 0.0s

#7 [internal] load build context
#7 transferring context: 336.74kB done
#7 DONE 0.0s

#8 [stage-1 1/5] FROM docker.io/library/debian:bookworm-slim@sha256:d5d3f9c23164ea16f31852f95bd5959aad1c5e854332fe00f7b3a20fcc9f635c
#8 resolve docker.io/library/debian:bookworm-slim@sha256:d5d3f9c23164ea16f31852f95bd5959aad1c5e854332fe00f7b3a20fcc9f635c 0.0s done
#8 DONE 0.0s

#9 [builder  1/19] FROM docker.io/library/rust:1.88@sha256:af306cfa71d987911a781c37b59d7d67d934f49684058f96cf72079c3626bfe0
#9 resolve docker.io/library/rust:1.88@sha256:af306cfa71d987911a781c37b59d7d67d934f49684058f96cf72079c3626bfe0 0.0s done
#9 DONE 0.0s

#10 [builder  4/19] RUN curl -L https://sp1up.succinct.xyz | bash &&     ~/.sp1/bin/sp1up --version 5.2.2
#10 CACHED

#11 [builder  2/19] RUN apt-get update && apt-get install -y     clang     libclang-dev     && rm -rf /var/lib/apt/lists/*
#11 CACHED

#12 [builder  3/19] RUN curl -fsSL https://go.dev/dl/go1.22.5.linux-amd64.tar.gz | tar -C /usr/local -xzf -
#12 CACHED

#13 [builder  5/19] WORKDIR /build
#13 CACHED

#14 [builder  6/19] COPY Cargo.toml Cargo.lock ./
#14 DONE 0.0s

#15 [builder  7/19] COPY app/Cargo.toml ./app/
#15 DONE 0.0s

#16 [builder  8/19] COPY circuit/Cargo.toml ./circuit/
#16 DONE 0.0s

#17 [builder  9/19] COPY light-client/Cargo.toml ./light-client/
#17 DONE 0.0s

#18 [builder 10/19] COPY types/Cargo.toml ./types/
#18 DONE 0.0s

#19 [builder 11/19] COPY light-client/build.rs ./light-client/
#19 DONE 0.0s

#20 [builder 12/19] COPY ev-batch-elf ./
#20 DONE 0.0s

#21 [builder 13/19] COPY circuit/src ./circuit/src
#21 DONE 0.0s

#22 [builder 14/19] COPY types/src ./types/src
#22 DONE 0.0s

#23 [builder 15/19] RUN mkdir -p app/src && echo "fn main() {}" > app/src/main.rs &&     mkdir -p light-client/src && echo "" > light-client/src/lib.rs
#23 DONE 0.1s

#24 [builder 16/19] RUN cargo build --release -p evolve-tee && rm -rf app/src light-client/src
#24 0.593     Updating git repository `https://github.com/sp1-patches/bn`
#24 1.625     Updating git repository `https://github.com/sp1-patches/curve25519-dalek`
#24 2.411     Updating git repository `https://github.com/sp1-patches/elliptic-curves`
#24 3.077     Updating git repository `https://github.com/sp1-patches/elliptic-curves`
#24 3.548     Updating git repository `https://github.com/sp1-patches/RustCrypto-hashes`
#24 4.187     Updating git repository `https://github.com/sp1-patches/RustCrypto-hashes`
#24 4.722     Updating crates.io index
#24 4.726     Updating git repository `https://github.com/celestiaorg/celestia-zkevm/`
#24 13.05     Updating git repository `https://github.com/jonas089/dstack`
#24 351.8     Updating git repository `https://github.com/celestiaorg/celestia-zkevm/`
#24 353.2     Updating git repository `https://github.com/jonas089/dcap-qvl`
#24 355.2     Updating git repository `https://github.com/paradigmxyz/reth`
#24 367.3     Updating git repository `https://github.com/succinctlabs/rsp.git`
#24 367.9     Updating git repository `https://github.com/rwf2/Rocket`
#24 372.1     Updating git repository `https://github.com/sp1-patches/signatures.git`
#24 373.0     Updating git repository `https://github.com/SergioBenitez/s2n-quic-h3.git`
#24 380.7  Downloading crates ...
#24 380.8   Downloaded alloy-eip2930 v0.2.1
#24 380.8   Downloaded alloy-contract v1.0.32
#24 380.8   Downloaded alloy-chains v0.2.23
#24 380.8   Downloaded ctrlc v3.5.1
#24 380.9   Downloaded alloy-eip2124 v0.2.0
#24 380.9   Downloaded crunchy v0.2.4
#24 380.9   Downloaded ansi_term v0.12.1
#24 380.9   Downloaded data-encoding-macro-internal v0.1.16
#24 380.9   Downloaded alloy v1.0.32
#24 380.9   Downloaded ahash v0.8.12
#24 380.9   Downloaded addchain v0.2.0
#24 380.9   Downloaded alloy-dyn-abi v1.3.0
#24 380.9   Downloaded data-encoding v2.9.0
#24 380.9   Downloaded data-encoding-macro v0.1.18
#24 380.9   Downloaded dashu-ratio v0.4.1
#24 380.9   Downloaded crypto-bigint v0.5.5
#24 380.9   Downloaded crossbeam-utils v0.8.21
#24 380.9   Downloaded crossbeam-channel v0.5.15
#24 380.9   Downloaded aws-smithy-http v0.62.6
#24 380.9   Downloaded atomic-waker v1.1.2
#24 380.9   Downloaded ark-ff-macros v0.3.0
#24 380.9   Downloaded ark-ff-asm v0.4.2
#24 380.9   Downloaded adler2 v2.0.1
#24 380.9   Downloaded async-stream-impl v0.3.6
#24 380.9   Downloaded ark-ff-asm v0.5.0
#24 380.9   Downloaded alloy-consensus v1.0.41
#24 380.9   Downloaded alloy-core v1.3.0
#24 380.9   Downloaded alloy-consensus-any v1.0.41
#24 381.0   Downloaded ark-ff-macros v0.5.0
#24 381.0   Downloaded dashu-macros v0.4.1
#24 381.0   Downloaded enum-ordinalize-derive v4.3.2
#24 381.0   Downloaded dashmap v6.1.0
#24 381.0   Downloaded alloy-rlp v0.3.12
#24 381.0   Downloaded dirs-sys v0.4.1
#24 381.0   Downloaded alloy-hardforks v0.2.13
#24 381.0   Downloaded ark-serialize v0.3.0
#24 381.0   Downloaded ark-std v0.4.0
#24 381.0   Downloaded darling_core v0.21.3
#24 381.0   Downloaded arrayvec v0.7.6
#24 381.0   Downloaded der-parser v9.0.0
#24 381.0   Downloaded devise_core v0.4.2
#24 381.0   Downloaded futures-macro v0.3.31
#24 381.0   Downloaded alloy-rlp-derive v0.3.12
#24 381.0   Downloaded futures-core v0.3.31
#24 381.0   Downloaded dirs v5.0.1
#24 381.0   Downloaded form_urlencoded v1.2.2
#24 381.0   Downloaded foreign-types-shared v0.1.1
#24 381.0   Downloaded futures-sink v0.3.31
#24 381.0   Downloaded eventsource-stream v0.2.3
#24 381.0   Downloaded errno v0.3.14
#24 381.0   Downloaded futures-task v0.3.31
#24 381.0   Downloaded lumina-utils v0.4.0
#24 381.0   Downloaded memoffset v0.9.1
#24 381.0   Downloaded fastrlp v0.3.1
#24 381.0   Downloaded foldhash v0.1.5
#24 381.0   Downloaded multer v3.1.0
#24 381.0   Downloaded litemap v0.8.1
#24 381.0   Downloaded outref v0.5.2
#24 381.0   Downloaded futures-executor v0.3.31
#24 381.1   Downloaded radium v0.7.0
#24 381.1   Downloaded der v0.7.10
#24 381.1   Downloaded scopeguard v1.2.0
#24 381.1   Downloaded siphasher v1.0.1
#24 381.1   Downloaded sp1-derive v5.2.4
#24 381.1   Downloaded derive-where v1.6.0
#24 381.1   Downloaded sp1-recursion-derive v5.2.4
#24 381.1   Downloaded rrs-succinct v0.1.0
#24 381.1   Downloaded rustls-native-certs v0.8.2
#24 381.1   Downloaded threadpool v1.8.1
#24 381.1   Downloaded tokio-io-timeout v1.2.1
#24 381.1   Downloaded aws-sdk-sso v1.91.0
#24 381.1   Downloaded alloy-primitives v1.3.0
#24 381.1   Downloaded subtle v2.6.1
#24 381.1   Downloaded strum_macros v0.27.2
#24 381.1   Downloaded unsigned-varint v0.8.0
#24 381.1   Downloaded aws-smithy-observability v0.1.5
#24 381.1   Downloaded beef v0.5.2
#24 381.1   Downloaded cfg_aliases v0.2.1
#24 381.1   Downloaded derive_more v2.1.1
#24 381.1   Downloaded elf v0.7.4
#24 381.1   Downloaded ryu v1.0.21
#24 381.1   Downloaded lazy_static v1.5.0
#24 381.1   Downloaded tonic-build v0.10.2
#24 381.1   Downloaded httpdate v1.0.3
#24 381.1   Downloaded hyper-tls v0.6.0
#24 381.2   Downloaded keccak-asm v0.1.4
#24 381.2   Downloaded oid-registry v0.7.1
#24 381.2   Downloaded aws-config v1.8.12
#24 381.2   Downloaded mime v0.3.17
#24 381.2   Downloaded jsonrpsee-types v0.25.1
#24 381.2   Downloaded iana-time-zone v0.1.64
#24 381.2   Downloaded peg-runtime v0.8.5
#24 381.2   Downloaded pear_codegen v0.2.9
#24 381.2   Downloaded pathdiff v0.2.3
#24 381.2   Downloaded rusticata-macros v4.1.0
#24 381.2   Downloaded pairing v0.23.0
#24 381.2   Downloaded reqwest-middleware v0.3.3
#24 381.2   Downloaded serde_bytes v0.11.19
#24 381.2   Downloaded getrandom v0.3.4
#24 381.2   Downloaded resolv-conf v0.7.6
#24 381.2   Downloaded rustc_version v0.3.3
#24 381.2   Downloaded rand_core v0.5.1
#24 381.2   Downloaded semver v0.11.0
#24 381.2   Downloaded semver v1.0.27
#24 381.2   Downloaded spki v0.7.3
#24 381.2   Downloaded tap v1.0.1
#24 381.2   Downloaded tagptr v0.2.0
#24 381.2   Downloaded untrusted v0.7.1
#24 381.2   Downloaded sync_wrapper v0.1.2
#24 381.2   Downloaded icu_normalizer_data v2.1.1
#24 381.2   Downloaded webpki-roots v0.26.11
#24 381.2   Downloaded urlencoding v2.1.3
#24 381.2   Downloaded zeroize_derive v1.4.2
#24 381.2   Downloaded utf8parse v0.2.2
#24 381.2   Downloaded halo2 v0.1.0-beta.2
#24 381.2   Downloaded moka v0.12.12
#24 381.3   Downloaded colorchoice v1.0.4
#24 381.3   Downloaded clap_lex v0.7.6
#24 381.3   Downloaded tonic v0.10.2
#24 381.3   Downloaded matchers v0.2.0
#24 381.3   Downloaded num-iter v0.1.45
#24 381.3   Downloaded alloy-eips v1.0.41
#24 381.3   Downloaded p3-commit v0.2.3-succinct
#24 381.3   Downloaded quick-error v1.2.3
#24 381.3   Downloaded rayon-scan v0.1.1
#24 381.3   Downloaded ref-cast-impl v1.0.25
#24 381.3   Downloaded rand_xorshift v0.4.0
#24 381.3   Downloaded proc-macro-error-attr2 v2.0.0
#24 381.3   Downloaded mio v1.1.1
#24 381.3   Downloaded serial_test_derive v3.2.0
#24 381.3   Downloaded binascii v0.1.4
#24 381.3   Downloaded yoke-derive v0.8.1
#24 381.3   Downloaded ref-cast v1.0.25
#24 381.3   Downloaded size v0.4.1
#24 381.3   Downloaded serde_repr v0.1.20
#24 381.3   Downloaded gcd v2.3.0
#24 381.3   Downloaded log v0.4.29
#24 381.3   Downloaded tracing-attributes v0.1.31
#24 381.3   Downloaded twox-hash v1.6.3
#24 381.3   Downloaded tracing-forest v0.1.6
#24 381.3   Downloaded critical-section v1.2.0
#24 381.3   Downloaded lru v0.12.5
#24 381.4   Downloaded macro-string v0.1.4
#24 381.4   Downloaded lru v0.13.0
#24 381.4   Downloaded libloading v0.8.9
#24 381.4   Downloaded prettyplease v0.2.37
#24 381.4   Downloaded intrusive-collections v0.9.7
#24 381.4   Downloaded jsonrpsee-client-transport v0.25.1
#24 381.4   Downloaded rustc-hash v2.1.1
#24 381.4   Downloaded byte-slice-cast v1.2.3
#24 381.4   Downloaded block-buffer v0.10.4
#24 381.4   Downloaded rustc-hex v2.1.0
#24 381.4   Downloaded tracing-core v0.1.36
#24 381.4   Downloaded http v1.4.0
#24 381.4   Downloaded sp1-zkvm v5.2.2
#24 381.4   Downloaded hex-literal v1.1.0
#24 381.4   Downloaded borsh-derive v1.6.0
#24 381.4   Downloaded jsonrpsee-core v0.25.1
#24 381.4   Downloaded ruzstd v0.7.3
#24 381.4   Downloaded rayon-core v1.13.0
#24 381.4   Downloaded hex-literal v0.4.1
#24 381.4   Downloaded bs58 v0.5.1
#24 381.4   Downloaded zeroize v1.8.2
#24 381.4   Downloaded sp1-primitives v5.2.4
#24 381.4   Downloaded sp1-lib v5.2.4
#24 381.4   Downloaded rustc-demangle v0.1.26
#24 381.4   Downloaded prost-derive v0.12.6
#24 381.4   Downloaded prost-build v0.13.5
#24 381.4   Downloaded prost-build v0.12.6
#24 381.4   Downloaded prost v0.13.5
#24 381.4   Downloaded nmt-rs v0.2.5
#24 381.4   Downloaded const-oid v0.9.6
#24 381.4   Downloaded axum v0.6.20
#24 381.4   Downloaded tendermint v0.40.4
#24 381.4   Downloaded rustls v0.21.12
#24 381.5   Downloaded openssl v0.10.75
#24 381.5   Downloaded rustc-hash v1.1.0
#24 381.5   Downloaded indenter v0.3.4
#24 381.5   Downloaded crc32fast v1.5.0
#24 381.5   Downloaded http v0.2.12
#24 381.5   Downloaded h3 v0.0.6
#24 381.5   Downloaded vcpkg v0.2.15
#24 381.5   Downloaded p3-merkle-tree v0.2.3-succinct
#24 381.5   Downloaded prost-types v0.12.6
#24 381.5   Downloaded axum v0.7.9
#24 381.5   Downloaded tokio-native-tls v0.3.1
#24 381.5   Downloaded range-set-blaze v0.1.16
#24 381.5   Downloaded ubyte v0.10.4
#24 381.5   Downloaded p3-poseidon2 v0.2.3-succinct
#24 381.5   Downloaded serial_test v3.2.0
#24 381.5   Downloaded percent-encoding v2.3.2
#24 381.5   Downloaded op-alloy-network v0.18.14
#24 381.5   Downloaded num_enum_derive v0.7.5
#24 381.5   Downloaded num-order v1.2.0
#24 381.5   Downloaded crc v3.4.0
#24 381.5   Downloaded indexmap v1.9.3
#24 381.5   Downloaded itoa v1.0.16
#24 381.5   Downloaded num v0.4.3
#24 381.6   Downloaded uncased v0.9.10
#24 381.6   Downloaded potential_utf v0.1.4
#24 381.6   Downloaded axum-core v0.3.4
#24 381.6   Downloaded toml_datetime v0.6.11
#24 381.6   Downloaded ucd-trie v0.1.7
#24 381.6   Downloaded nohash-hasher v0.2.0
#24 381.6   Downloaded impl-codec v0.6.0
#24 381.6   Downloaded idna_adapter v1.2.1
#24 381.6   Downloaded p3-fri v0.2.3-succinct
#24 381.6   Downloaded num-conv v0.1.0
#24 381.6   Downloaded tracing-appender v0.2.4
#24 381.6   Downloaded backoff v0.4.0
#24 381.6   Downloaded serde_urlencoded v0.7.1
#24 381.6   Downloaded ripemd v0.1.3
#24 381.6   Downloaded revm-context-interface v7.0.1
#24 381.6   Downloaded powerfmt v0.2.0
#24 381.6   Downloaded nu-ansi-term v0.50.3
#24 381.6   Downloaded jsonrpsee v0.25.1
#24 381.6   Downloaded convert_case v0.10.0
#24 381.6   Downloaded unicode-ident v1.0.22
#24 381.6   Downloaded ident_case v1.0.1
#24 381.6   Downloaded zerocopy-derive v0.8.31
#24 381.6   Downloaded is_terminal_polyfill v1.70.2
#24 381.6   Downloaded is-terminal v0.4.17
#24 381.6   Downloaded tower-service v0.3.3
#24 381.6   Downloaded tower-layer v0.3.3
#24 381.6   Downloaded ref-swap v0.1.2
#24 381.6   Downloaded smallvec v1.15.1
#24 381.6   Downloaded pkcs8 v0.10.2
#24 381.6   Downloaded convert_case v0.7.1
#24 381.6   Downloaded iri-string v0.7.9
#24 381.6   Downloaded proc-macro2-diagnostics v0.10.1
#24 381.6   Downloaded chrono v0.4.42
#24 381.6   Downloaded pin-utils v0.1.0
#24 381.6   Downloaded cargo_metadata v0.18.1
#24 381.6   Downloaded x509-parser v0.16.0
#24 381.7   Downloaded wyz v0.5.1
#24 381.7   Downloaded prost v0.12.6
#24 381.7   Downloaded num-modular v0.6.1
#24 381.7   Downloaded revm v26.0.1
#24 381.7   Downloaded syn v2.0.111
#24 381.7   Downloaded writeable v0.6.2
#24 381.7   Downloaded hickory-resolver v0.25.2
#24 381.7   Downloaded bindgen v0.70.1
#24 381.7   Downloaded cc v1.2.50
#24 381.7   Downloaded protox v0.7.2
#24 381.7   Downloaded itertools v0.13.0
#24 381.7   Downloaded halo2_proofs v0.1.0
#24 381.7   Downloaded itertools v0.14.0
#24 381.7   Downloaded sp1-core-executor v5.2.4
#24 381.7   Downloaded bytes v1.11.0
#24 381.7   Downloaded h2 v0.3.27
#24 381.7   Downloaded toml_edit v0.19.15
#24 381.7   Downloaded tokio-util v0.7.17
#24 381.8   Downloaded cbindgen v0.27.0
#24 381.8   Downloaded itertools v0.10.5
#24 381.8   Downloaded proptest v1.9.0
#24 381.8   Downloaded object v0.37.3
#24 381.8   Downloaded unicode-width v0.2.2
#24 381.8   Downloaded unicode-width v0.1.14
#24 381.8   Downloaded petgraph v0.6.5
#24 381.9   Downloaded hickory-proto v0.25.2
#24 381.9   Downloaded webpki-roots v1.0.4
#24 381.9   Downloaded sp1-core-machine v5.2.4
#24 381.9   Downloaded rustix v1.1.3
#24 381.9   Downloaded nix v0.30.1
#24 381.9   Downloaded zstd-sys v2.0.16+zstd.1.5.7
#24 381.9   Downloaded sp1-prover v5.2.2
#24 382.0   Downloaded regex-syntax v0.8.8
#24 382.0   Downloaded tokio v1.48.0
#24 382.0   Downloaded s2n-quic-transport v0.71.0
#24 382.0   Downloaded sp1_bls12_381 v0.8.0-sp1-5.0.0
#24 382.0   Downloaded tendermint-rpc v0.40.4
#24 382.0   Downloaded petgraph v0.7.1
#24 382.0   Downloaded tracing v0.1.44
#24 382.1   Downloaded s2n-quic-core v0.71.0
#24 382.1   Downloaded reqwest v0.12.28
#24 382.1   Downloaded portable-atomic v1.12.0
#24 382.1   Downloaded object v0.36.7
#24 382.1   Downloaded libc v0.2.178
#24 382.1   Downloaded zkhash v0.2.0
#24 382.2   Downloaded bindgen v0.72.1
#24 382.2   Downloaded zerocopy v0.8.31
#24 382.2   Downloaded bzip2-sys v0.1.13+1.0.8
#24 382.2   Downloaded bls12_381 v0.7.1
#24 382.2   Downloaded curve25519-dalek-ng v4.1.1
#24 382.2   Downloaded itertools v0.12.1
#24 382.2   Downloaded rust_decimal v1.39.0
#24 382.2   Downloaded winnow v0.5.40
#24 382.2   Downloaded libz-sys v1.1.23
#24 382.2   Downloaded hyper v0.14.32
#24 382.2   Downloaded hkdf v0.12.4
#24 382.2   Downloaded blake3 v1.8.2
#24 382.3   Downloaded bindgen v0.71.1
#24 382.3   Downloaded blst v0.3.16
#24 382.3   Downloaded lz4-sys v1.11.1+lz4-1.10.0
#24 382.3   Downloaded aws-sdk-kms v1.97.0
#24 382.3   Downloaded sha3-asm v0.1.4
#24 382.3   Downloaded regex-automata v0.4.13
#24 382.3   Downloaded hyper v1.8.1
#24 382.3   Downloaded bitvec v1.0.1
#24 382.4   Downloaded rustls-webpki v0.101.7
#24 382.4   Downloaded winnow v0.7.14
#24 382.4   Downloaded s2n-quic-platform v0.71.0
#24 382.4   Downloaded serde_with v3.16.1
#24 382.4   Downloaded rayon v1.11.0
#24 382.4   Downloaded unicode-segmentation v1.12.0
#24 382.4   Downloaded gimli v0.32.3
#24 382.4   Downloaded encoding_rs v0.8.35
#24 382.4   Downloaded reqwest v0.11.27
#24 382.4   Downloaded num-bigint v0.4.6
#24 382.4   Downloaded logos v0.15.1
#24 382.5   Downloaded time v0.3.44
#24 382.5   Downloaded tracing-subscriber v0.3.22
#24 382.5   Downloaded camino v1.2.2
#24 382.5   Downloaded icu_provider v2.1.1
#24 382.5   Downloaded ring v0.17.14
#24 382.5   Downloaded proc-macro2 v1.0.103
#24 382.5   Downloaded nom v7.1.3
#24 382.5   Downloaded backtrace v0.3.76
#24 382.5   Downloaded logos v0.14.4
#24 382.5   Downloaded celestia-types v0.15.0
#24 382.5   Downloaded hashbrown v0.14.5
#24 382.5   Downloaded revm-database v6.0.0
#24 382.5   Downloaded rustls-webpki v0.103.8
#24 382.5   Downloaded clap_builder v4.5.53
#24 382.5   Downloaded ark-bls12-381 v0.5.0
#24 382.5   Downloaded num-bigint v0.3.3
#24 382.6   Downloaded x509-cert v0.2.5
#24 382.6   Downloaded ppv-lite86 v0.2.21
#24 382.6   Downloaded serde_core v1.0.228
#24 382.6   Downloaded toml_edit v0.23.10+spec-1.0.0
#24 382.6   Downloaded libm v0.2.15
#24 382.6   Downloaded cargo-platform v0.1.9
#24 382.6   Downloaded same-file v1.0.6
#24 382.6   Downloaded protox-parse v0.7.0
#24 382.6   Downloaded s2n-quic-rustls v0.71.0
#24 382.6   Downloaded revm-bytecode v5.0.0
#24 382.6   Downloaded constant_time_eq v0.3.1
#24 382.6   Downloaded serde_derive v1.0.228
#24 382.6   Downloaded revm-handler v7.0.1
#24 382.6   Downloaded yansi v1.0.1
#24 382.6   Downloaded hashbrown v0.12.3
#24 382.6   Downloaded zerovec v0.11.5
#24 382.6   Downloaded c-kzg v2.1.5
#24 382.6   Downloaded indexmap v2.12.1
#24 382.6   Downloaded bytes-utils v0.1.4
#24 382.6   Downloaded s2n-quic-crypto v0.71.0
#24 382.6   Downloaded impl-trait-for-tuples v0.2.3
#24 382.6   Downloaded cookie v0.18.1
#24 382.6   Downloaded clang-sys v1.8.1
#24 382.6   Downloaded typenum v1.19.0
#24 382.6   Downloaded const_format_proc_macros v0.2.34
#24 382.7   Downloaded sp1-build v5.2.2
#24 382.7   Downloaded soketto v0.8.1
#24 382.7   Downloaded toml_edit v0.22.27
#24 382.7   Downloaded hyper-rustls v0.24.2
#24 382.7   Downloaded toml_datetime v0.7.5+spec-1.1.0
#24 382.7   Downloaded jobserver v0.1.34
#24 382.7   Downloaded toml v0.8.23
#24 382.7   Downloaded aws-smithy-runtime-api v1.9.3
#24 382.7   Downloaded cpufeatures v0.2.17
#24 382.7   Downloaded hash_hasher v2.0.4
#24 382.7   Downloaded core2 v0.4.0
#24 382.7   Downloaded protox v0.8.0
#24 382.7   Downloaded rustls-platform-verifier v0.5.3
#24 382.7   Downloaded idna v1.1.0
#24 382.7   Downloaded rustls v0.23.35
#24 382.7   Downloaded revm-database-interface v6.0.0
#24 382.7   Downloaded pkg-config v0.3.32
#24 382.7   Downloaded yasna v0.5.2
#24 382.7   Downloaded p3-field v0.2.3-succinct
#24 382.7   Downloaded serde_json v1.0.147
#24 382.7   Downloaded syn v1.0.109
#24 382.7   Downloaded serde_spanned v0.6.9
#24 382.7   Downloaded num-traits v0.2.19
#24 382.7   Downloaded httparse v1.10.1
#24 382.7   Downloaded sp1-stark v5.2.4
#24 382.7   Downloaded celestia-types v0.16.0
#24 382.7   Downloaded axum-core v0.5.5
#24 382.7   Downloaded secp256k1-sys v0.10.1
#24 382.8   Downloaded axum-core v0.4.5
#24 382.8   Downloaded uint v0.9.5
#24 382.8   Downloaded serde_yaml v0.9.34+deprecated
#24 382.8   Downloaded rlp v0.5.2
#24 382.8   Downloaded zstd v0.13.3
#24 382.8   Downloaded linux-raw-sys v0.11.0
#24 382.8   Downloaded xmlparser v0.13.6
#24 382.8   Downloaded serde_with_macros v3.16.1
#24 382.8   Downloaded pem-rfc7468 v0.7.0
#24 382.8   Downloaded bytemuck_derive v1.10.2
#24 382.8   Downloaded zmij v0.1.7
#24 382.8   Downloaded tokio-stream v0.1.17
#24 382.8   Downloaded tokio-rustls v0.26.4
#24 382.8   Downloaded sp1-recursion-compiler v5.2.4
#24 382.8   Downloaded rustls-pki-types v1.13.2
#24 382.8   Downloaded logos-codegen v0.15.1
#24 382.8   Downloaded leopard-codec v0.2.0
#24 382.9   Downloaded const_format v0.2.35
#24 382.9   Downloaded op-alloy-consensus v0.18.14
#24 382.9   Downloaded once_cell v1.21.3
#24 382.9   Downloaded num-rational v0.4.2
#24 382.9   Downloaded http-client-unix-domain-socket v0.1.2
#24 382.9   Downloaded tokio-rustls v0.24.1
#24 382.9   Downloaded h2 v0.4.12
#24 382.9   Downloaded unarray v0.1.4
#24 382.9   Downloaded axum v0.8.8
#24 382.9   Downloaded block-buffer v0.9.0
#24 382.9   Downloaded base-x v0.2.11
#24 382.9   Downloaded zerofrom-derive v0.1.6
#24 382.9   Downloaded serdect v0.2.0
#24 382.9   Downloaded bytemuck v1.24.0
#24 382.9   Downloaded tungstenite v0.26.2
#24 382.9   Downloaded byteorder v1.5.0
#24 382.9   Downloaded p3-matrix v0.2.3-succinct
#24 382.9   Downloaded p3-interpolation v0.2.3-succinct
#24 382.9   Downloaded p3-keccak-air v0.2.3-succinct
#24 382.9   Downloaded tokio-tungstenite v0.26.2
#24 382.9   Downloaded snowbridge-amcl v1.0.2
#24 382.9   Downloaded logos-codegen v0.14.4
#24 382.9   Downloaded sysinfo v0.30.13
#24 382.9   Downloaded hashbrown v0.16.1
#24 382.9   Downloaded tokio-macros v2.6.0
#24 382.9   Downloaded spin v0.9.8
#24 382.9   Downloaded sp1-cuda v5.2.2
#24 382.9   Downloaded rustversion v1.0.22
#24 382.9   Downloaded prost-types v0.13.5
#24 382.9   Downloaded icu_properties_data v2.1.2
#24 382.9   Downloaded lru-slab v0.1.2
#24 382.9   Downloaded logos-derive v0.14.4
#24 382.9   Downloaded group v0.13.0
#24 382.9   Downloaded group v0.12.1
#24 382.9   Downloaded const-str v0.4.3
#24 382.9   Downloaded static_assertions v1.1.0
#24 382.9   Downloaded sharded-slab v0.1.7
#24 382.9   Downloaded twirp-rs v0.13.0-succinct
#24 382.9   Downloaded state v0.6.0
#24 382.9   Downloaded stable-pattern v0.1.0
#24 382.9   Downloaded url v2.5.7
#24 382.9   Downloaded futures-utils-wasm v0.1.0
#24 382.9   Downloaded crc-catalog v2.4.0
#24 382.9   Downloaded bincode v1.3.3
#24 382.9   Downloaded yoke v0.8.1
#24 383.0   Downloaded tracing-log v0.2.0
#24 383.0   Downloaded time-macros v0.2.24
#24 383.0   Downloaded strsim v0.11.1
#24 383.0   Downloaded slab v0.4.11
#24 383.0   Downloaded protox-parse v0.8.0
#24 383.0   Downloaded indicatif v0.17.11
#24 383.0   Downloaded aws-smithy-types v1.3.5
#24 383.0   Downloaded zerotrie v0.2.3
#24 383.0   Downloaded tendermint-proto v0.40.4
#24 383.0   Downloaded tower-http v0.6.8
#24 383.0   Downloaded sha2 v0.9.9
#24 383.0   Downloaded blake2 v0.10.6
#24 383.0   Downloaded miette v7.6.0
#24 383.0   Downloaded serde_path_to_error v0.1.20
#24 383.0   Downloaded libp2p-identity v0.2.13
#24 383.0   Downloaded ipnet v2.11.0
#24 383.0   Downloaded base256emoji v1.0.2
#24 383.0   Downloaded base16ct v0.2.0
#24 383.0   Downloaded zerofrom v0.1.6
#24 383.0   Downloaded try-lock v0.2.5
#24 383.0   Downloaded time-core v0.1.6
#24 383.0   Downloaded stable_deref_trait v1.2.1
#24 383.0   Downloaded rand_core v0.9.3
#24 383.0   Downloaded rand_core v0.6.4
#24 383.0   Downloaded proc-macro-error2 v2.0.1
#24 383.0   Downloaded p3-uni-stark v0.2.3-succinct
#24 383.0   Downloaded nybbles v0.4.6
#24 383.0   Downloaded serde v1.0.228
#24 383.0   Downloaded revm-precompile v23.0.0
#24 383.0   Downloaded hashbrown v0.15.5
#24 383.0   Downloaded sp1-sdk v5.2.2
#24 383.0   Downloaded quinn-proto v0.11.13
#24 383.0   Downloaded alloy-genesis v1.0.41
#24 383.0   Downloaded rusty-fork v0.3.1
#24 383.0   Downloaded pem v3.0.6
#24 383.0   Downloaded console v0.15.11
#24 383.0   Downloaded clap_derive v4.5.49
#24 383.0   Downloaded clap v4.5.53
#24 383.0   Downloaded blake2b_simd v1.0.3
#24 383.0   Downloaded bitflags v2.10.0
#24 383.0   Downloaded bitcoin_hashes v0.14.1
#24 383.0   Downloaded leopard-codec v0.1.0
#24 383.0   Downloaded tonic v0.13.1
#24 383.1   Downloaded proc-macro-crate v3.4.0
#24 383.1   Downloaded proc-macro-crate v1.3.1
#24 383.1   Downloaded primitive-types v0.12.2
#24 383.1   Downloaded inlinable_string v0.1.15
#24 383.1   Downloaded number_prefix v0.4.0
#24 383.1   Downloaded hmac v0.12.1
#24 383.1   Downloaded sp1-recursion-circuit v5.2.4
#24 383.1   Downloaded p3-util v0.2.3-succinct
#24 383.1   Downloaded p3-symmetric v0.2.3-succinct
#24 383.1   Downloaded p3-dft v0.2.3-succinct
#24 383.1   Downloaded num-integer v0.1.46
#24 383.1   Downloaded native-tls v0.2.14
#24 383.1   Downloaded matchit v0.7.3
#24 383.1   Downloaded lock_api v0.4.14
#24 383.1   Downloaded http-body-util v0.1.3
#24 383.1   Downloaded half v1.8.3
#24 383.1   Downloaded tendermint-light-client-verifier v0.40.4
#24 383.1   Downloaded tempfile v3.24.0
#24 383.1   Downloaded syn-solidity v1.5.2
#24 383.1   Downloaded socket2 v0.6.1
#24 383.1   Downloaded rand v0.9.2
#24 383.1   Downloaded p3-challenger v0.2.3-succinct
#24 383.1   Downloaded match-lookup v0.1.1
#24 383.1   Downloaded const-hex v1.17.0
#24 383.1   Downloaded cmake v0.1.57
#24 383.1   Downloaded aws-types v1.3.11
#24 383.1   Downloaded tendermint-config v0.40.4
#24 383.1   Downloaded minimal-lexical v0.2.1
#24 383.1   Downloaded hyper-util v0.1.19
#24 383.1   Downloaded glob v0.3.3
#24 383.1   Downloaded bitflags v1.3.2
#24 383.1   Downloaded revm-interpreter v22.0.1
#24 383.1   Downloaded aws-smithy-runtime v1.9.5
#24 383.1   Downloaded futures-util v0.3.31
#24 383.1   Downloaded instant v0.1.13
#24 383.1   Downloaded informalsystems-pbjson v0.7.0
#24 383.1   Downloaded http-body v1.0.1
#24 383.1   Downloaded http-body v0.4.6
#24 383.1   Downloaded bit-vec v0.8.0
#24 383.1   Downloaded aws-smithy-xml v0.60.13
#24 383.1   Downloaded utf8_iter v1.0.4
#24 383.1   Downloaded thread_local v1.1.9
#24 383.1   Downloaded thiserror-impl v2.0.17
#24 383.1   Downloaded thiserror-impl v1.0.69
#24 383.1   Downloaded thiserror v2.0.17
#24 383.1   Downloaded thiserror v1.0.69
#24 383.1   Downloaded socket2 v0.5.10
#24 383.1   Downloaded rand v0.8.5
#24 383.1   Downloaded base64 v0.21.7
#24 383.1   Downloaded tower v0.5.2
#24 383.2   Downloaded tower v0.4.13
#24 383.2   Downloaded bitcoin-io v0.1.4
#24 383.2   Downloaded bit-set v0.8.0
#24 383.2   Downloaded synstructure v0.13.2
#24 383.2   Downloaded serde_cbor v0.11.2
#24 383.2   Downloaded miniz_oxide v0.8.9
#24 383.2   Downloaded icu_locale_core v2.1.1
#24 383.2   Downloaded uuid v1.19.0
#24 383.2   Downloaded utf-8 v0.7.6
#24 383.2   Downloaded untrusted v0.9.0
#24 383.2   Downloaded semver-parser v0.10.3
#24 383.2   Downloaded rustls-pemfile v2.2.0
#24 383.2   Downloaded parity-scale-codec v3.7.5
#24 383.2   Downloaded jubjub v0.9.0
#24 383.2   Downloaded celestia-rpc v0.13.0
#24 383.2   Downloaded icu_normalizer v2.1.1
#24 383.2   Downloaded borsh v1.6.0
#24 383.2   Downloaded sync_wrapper v1.0.2
#24 383.2   Downloaded pasta_curves v0.5.1
#24 383.2   Downloaded pasta_curves v0.4.1
#24 383.2   Downloaded icu_collections v2.1.1
#24 383.2   Downloaded celestia-proto v0.10.0
#24 383.2   Downloaded celestia-proto v0.9.1
#24 383.2   Downloaded bech32 v0.11.1
#24 383.2   Downloaded serde-human-bytes v0.1.2
#24 383.2   Downloaded rustls-pemfile v1.0.4
#24 383.2   Downloaded revm-primitives v20.2.1
#24 383.2   Downloaded parking_lot_core v0.9.12
#24 383.2   Downloaded p3-baby-bear v0.2.3-succinct
#24 383.2   Downloaded bon-macros v3.8.1
#24 383.2   Downloaded prost-reflect v0.15.3
#24 383.2   Downloaded scale-info v2.11.6
#24 383.2   Downloaded parking_lot v0.12.5
#24 383.2   Downloaded hyper-rustls v0.27.7
#24 383.2   Downloaded blockstore v0.8.0
#24 383.2   Downloaded aws-smithy-http-client v1.1.5
#24 383.3   Downloaded icu_properties v2.1.2
#24 383.3   Downloaded regex v1.12.2
#24 383.3   Downloaded rand_chacha v0.9.0
#24 383.3   Downloaded celestia-grpc v0.8.0
#24 383.3   Downloaded rand_chacha v0.3.1
#24 383.3   Downloaded peg v0.8.5
#24 383.3   Downloaded pear v0.2.9
#24 383.3   Downloaded paste v1.0.15
#24 383.3   Downloaded multihash v0.19.3
#24 383.3   Downloaded jsonrpsee-proc-macros v0.25.1
#24 383.3   Downloaded jsonrpsee-http-client v0.25.1
#24 383.3   Downloaded hyper-timeout v0.5.2
#24 383.3   Downloaded scc v2.4.0
#24 383.3   Downloaded rocksdb v0.24.0
#24 383.3   Downloaded peg-macros v0.8.5
#24 383.3   Downloaded miette-derive v7.6.0
#24 383.3   Downloaded base64 v0.22.1
#24 383.3   Downloaded vsimd v0.8.0
#24 383.3   Downloaded aws-lc-rs v1.15.2
#24 383.3   Downloaded tonic v0.12.3
#24 383.3   Downloaded secp256k1 v0.30.0
#24 383.3   Downloaded prost-reflect v0.14.7
#24 383.3   Downloaded serde_arrays v0.2.0
#24 383.3   Downloaded pairing v0.22.0
#24 383.3   Downloaded rand_chacha v0.2.2
#24 383.3   Downloaded sp1-recursion-core v5.2.4
#24 383.3   Downloaded rustc_version v0.4.1
#24 383.3   Downloaded parity-scale-codec-derive v3.7.5
#24 383.3   Downloaded p3-air v0.2.3-succinct
#24 383.3   Downloaded p3-mds v0.2.3-succinct
#24 383.3   Downloaded gen_ops v0.4.0
#24 383.3   Downloaded p3-maybe-rayon v0.2.3-succinct
#24 383.3   Downloaded p3-bn254-fr v0.2.3-succinct
#24 383.3   Downloaded jsonrpsee-ws-client v0.25.1
#24 383.3   Downloaded generic-array v1.1.0
#24 383.3   Downloaded bon v3.8.1
#24 383.3   Downloaded aws-sdk-sts v1.95.0
#24 383.3   Downloaded getrandom v0.2.16
#24 383.3   Downloaded schemars v1.1.0
#24 383.4   Downloaded ruint v1.17.0
#24 383.4   Downloaded rand v0.7.3
#24 383.4   Downloaded memuse v0.2.2
#24 383.4   Downloaded base64 v0.13.1
#24 383.4   Downloaded tinyvec_macros v0.1.1
#24 383.4   Downloaded multimap v0.10.1
#24 383.4   Downloaded multibase v0.9.2
#24 383.4   Downloaded keccak v0.1.5
#24 383.4   Downloaded hex-conservative v0.2.2
#24 383.4   Downloaded cexpr v0.6.0
#24 383.4   Downloaded aws-smithy-json v0.61.9
#24 383.4   Downloaded librocksdb-sys v0.17.3+10.4.2
#24 383.5   Downloaded pest v2.8.4
#24 383.5   Downloaded ics23 v0.12.0
#24 383.5   Downloaded getrandom v0.1.16
#24 383.5   Downloaded generic-array v0.14.9
#24 383.5   Downloaded unsafe-libyaml v0.2.11
#24 383.5   Downloaded regex-lite v0.1.8
#24 383.5   Downloaded quinn v0.11.9
#24 383.5   Downloaded alloy-provider v1.0.32
#24 383.5   Downloaded aho-corasick v1.1.4
#24 383.5   Downloaded hyper-timeout v0.4.1
#24 383.5   Downloaded blockstore v0.7.1
#24 383.6   Downloaded base64ct v1.8.1
#24 383.6   Downloaded zstd-safe v7.2.4
#24 383.6   Downloaded schemars v0.9.0
#24 383.6   Downloaded walkdir v2.5.0
#24 383.6   Downloaded toml_parser v1.0.6+spec-1.1.0
#24 383.6   Downloaded tinyvec v1.10.0
#24 383.6   Downloaded sp1-recursion-gnark-ffi v5.2.4
#24 383.6   Downloaded s2n-quic v1.71.0
#24 383.6   Downloaded openssl-sys v0.9.111
#24 383.6   Downloaded derive_more-impl v2.1.1
#24 383.6   Downloaded dashu-int v0.4.1
#24 383.6   Downloaded hex v0.4.3
#24 383.6   Downloaded heck v0.5.0
#24 383.6   Downloaded heck v0.4.1
#24 383.6   Downloaded cid v0.11.1
#24 383.6   Downloaded cfg-if v1.0.4
#24 383.6   Downloaded celestia-grpc-macros v0.4.0
#24 383.6   Downloaded bimap v0.6.3
#24 383.6   Downloaded base64-simd v0.8.0
#24 383.6   Downloaded aws-smithy-query v0.60.9
#24 383.6   Downloaded zerovec-derive v0.11.2
#24 383.6   Downloaded web-time v1.1.0
#24 383.6   Downloaded version_check v0.9.5
#24 383.6   Downloaded vec_map v0.8.2
#24 383.6   Downloaded valuable v0.1.1
#24 383.6   Downloaded unicode-xid v0.2.6
#24 383.6   Downloaded tonic-build v0.13.1
#24 383.6   Downloaded tinystr v0.8.2
#24 383.6   Downloaded rcgen v0.13.2
#24 383.6   Downloaded derive_more v1.0.0
#24 383.6   Downloaded want v0.3.1
#24 383.6   Downloaded wait-timeout v0.2.1
#24 383.6   Downloaded toml_write v0.1.2
#24 383.6   Downloaded subenum v1.1.3
#24 383.6   Downloaded strum_macros v0.26.4
#24 383.6   Downloaded s2n-codec v0.71.0
#24 383.6   Downloaded memchr v2.7.6
#24 383.6   Downloaded asn1-rs v0.6.2
#24 383.6   Downloaded tonic-reflection v0.10.2
#24 383.6   Downloaded tiny-keccak v2.0.2
#24 383.6   Downloaded sp1-curves v5.2.4
#24 383.6   Downloaded pin-project v1.1.10
#24 383.6   Downloaded op-revm v7.0.1
#24 383.6   Downloaded alloy-rpc-types-eth v1.0.41
#24 383.7   Downloaded strum v0.27.2
#24 383.7   Downloaded sha1 v0.10.6
#24 383.7   Downloaded revm-inspector v7.0.1
#24 383.7   Downloaded ed25519-dalek v2.2.0
#24 383.7   Downloaded derive_more-impl v1.0.0
#24 383.7   Downloaded subtle-ng v2.5.0
#24 383.7   Downloaded subtle-encoding v0.5.1
#24 383.7   Downloaded strum v0.26.3
#24 383.7   Downloaded simd-adler32 v0.3.8
#24 383.7   Downloaded signal-hook-registry v1.4.7
#24 383.7   Downloaded shlex v1.3.0
#24 383.7   Downloaded sec1 v0.7.3
#24 383.7   Downloaded sdd v3.0.10
#24 383.7   Downloaded sct v0.7.1
#24 383.7   Downloaded revm-context v7.0.1
#24 383.7   Downloaded quinn-udp v0.5.14
#24 383.7   Downloaded flate2 v1.1.5
#24 383.7   Downloaded figment v0.10.19
#24 383.7   Downloaded aws-sdk-ssooidc v1.93.0
#24 383.7   Downloaded rustls-native-certs v0.6.3
#24 383.7   Downloaded revm-state v6.0.0
#24 383.7   Downloaded scale-info-derive v2.11.6
#24 383.7   Downloaded ruint-macro v1.2.1
#24 383.7   Downloaded quote v1.0.42
#24 383.7   Downloaded prost-derive v0.13.5
#24 383.7   Downloaded futures v0.3.31
#24 383.7   Downloaded elliptic-curve v0.13.8
#24 383.7   Downloaded derivative v2.2.0
#24 383.7   Downloaded aws-sigv4 v1.3.7
#24 383.7   Downloaded alloy-evm v0.12.3
#24 383.7   Downloaded signature v2.2.0
#24 383.7   Downloaded pin-project-lite v0.2.16
#24 383.8   Downloaded pin-project-internal v1.1.10
#24 383.8   Downloaded phf v0.11.3
#24 383.8   Downloaded derive_more v0.99.20
#24 383.8   Downloaded ark-ff v0.5.0
#24 383.8   Downloaded ark-ec v0.5.0
#24 383.8   Downloaded anyhow v1.0.100
#24 383.8   Downloaded alloy-sol-types v1.3.0
#24 383.8   Downloaded phf_macros v0.11.3
#24 383.8   Downloaded phf_generator v0.11.3
#24 383.8   Downloaded option-ext v0.2.0
#24 383.8   Downloaded op-alloy-rpc-types v0.18.14
#24 383.8   Downloaded num_enum v0.7.5
#24 383.8   Downloaded num_enum v0.5.11
#24 383.8   Downloaded modular-bitfield v0.11.2
#24 383.8   Downloaded matchit v0.8.4
#24 383.8   Downloaded enum-map v2.7.3
#24 383.8   Downloaded downloader v0.2.8
#24 383.8   Downloaded aws-runtime v1.5.17
#24 383.8   Downloaded alloy-trie v0.9.1
#24 383.8   Downloaded phf_shared v0.11.3
#24 383.8   Downloaded or-panic v1.0.2
#24 383.8   Downloaded openssl-macros v0.1.1
#24 383.8   Downloaded educe v0.6.0
#24 383.8   Downloaded ark-ff v0.3.0
#24 383.8   Downloaded fs_extra v1.3.0
#24 383.8   Downloaded fs-err v3.2.1
#24 383.8   Downloaded eyre v0.6.12
#24 383.8   Downloaded enum_dispatch v0.3.13
#24 383.8   Downloaded allocator-api2 v0.2.21
#24 383.8   Downloaded openssl-probe v0.1.6
#24 383.8   Downloaded opaque-debug v0.3.1
#24 383.8   Downloaded num_enum_derive v0.5.11
#24 383.8   Downloaded num_cpus v1.17.0
#24 383.8   Downloaded num-complex v0.4.6
#24 383.8   Downloaded multiaddr v0.18.2
#24 383.8   Downloaded fixedbitset v0.5.7
#24 383.8   Downloaded ev-types v0.0.1
#24 383.8   Downloaded ark-poly v0.5.0
#24 383.8   Downloaded ark-ff v0.4.2
#24 383.8   Downloaded alloy-network v1.0.41
#24 383.8   Downloaded futures-timer v3.0.3
#24 383.8   Downloaded futures-channel v0.3.31
#24 383.8   Downloaded digest v0.10.7
#24 383.8   Downloaded der_derive v0.7.3
#24 383.8   Downloaded alloy-pubsub v1.0.41
#24 383.8   Downloaded alloy-json-abi v1.3.0
#24 383.8   Downloaded modular-bitfield-impl v0.11.2
#24 383.8   Downloaded foldhash v0.2.0
#24 383.8   Downloaded find-msvc-tools v0.1.5
#24 383.8   Downloaded ff v0.13.1
#24 383.9   Downloaded alloy-rpc-types-engine v1.0.41
#24 383.9   Downloaded alloy-rpc-client v1.0.41
#24 383.9   Downloaded alloy-json-rpc v1.0.41
#24 383.9   Downloaded aws-lc-sys v0.35.0
#24 384.1   Downloaded fixed-hash v0.8.0
#24 384.1   Downloaded ff v0.12.1
#24 384.1   Downloaded enum-map-derive v0.17.0
#24 384.1   Downloaded kzg-rs v0.2.7
#24 384.2   Downloaded deranged v0.5.5
#24 384.2   Downloaded asn1_der v0.7.6
#24 384.2   Downloaded alloy-sol-macro-expander v1.3.0
#24 384.2   Downloaded fastrlp v0.4.0
#24 384.2   Downloaded either v1.15.0
#24 384.2   Downloaded dunce v1.0.5
#24 384.2   Downloaded displaydoc v0.2.5
#24 384.2   Downloaded aurora-engine-modexp v1.2.0
#24 384.2   Downloaded anstyle v1.0.13
#24 384.2   Downloaded alloy-sol-macro v1.3.0
#24 384.2   Downloaded alloy-signer v1.0.41
#24 384.2   Downloaded alloy-network-primitives v1.0.41
#24 384.2   Downloaded logos-derive v0.15.1
#24 384.2   Downloaded dashu-float v0.4.3
#24 384.2   Downloaded ff_derive v0.13.1
#24 384.2   Downloaded ed25519 v2.2.3
#24 384.2   Downloaded dotenvy v0.15.7
#24 384.2   Downloaded devise_codegen v0.4.2
#24 384.2   Downloaded async-trait v0.1.89
#24 384.2   Downloaded anstyle-parse v0.2.7
#24 384.2   Downloaded alloy-transport-ws v1.0.41
#24 384.2   Downloaded alloy-transport-http v1.0.41
#24 384.2   Downloaded alloy-transport v1.0.41
#24 384.2   Downloaded alloy-signer-local v1.0.41
#24 384.2   Downloaded aws-smithy-async v1.2.7
#24 384.2   Downloaded aws-credential-types v1.2.11
#24 384.3   Downloaded auto_impl v1.3.0
#24 384.3   Downloaded alloy-sol-type-parser v1.5.2
#24 384.3   Downloaded alloy-op-evm v0.12.3
#24 384.3   Downloaded futures-io v0.3.31
#24 384.3   Downloaded funty v2.0.0
#24 384.3   Downloaded fnv v1.0.7
#24 384.3   Downloaded fixedbitset v0.4.2
#24 384.3   Downloaded fastrand v2.3.0
#24 384.3   Downloaded dyn-clone v1.0.20
#24 384.3   Downloaded alloy-signer-aws v1.0.41
#24 384.3   Downloaded alloy-rpc-types-any v1.0.41
#24 384.3   Downloaded flex-error v0.4.4
#24 384.3   Downloaded enum-as-inner v0.6.1
#24 384.3   Downloaded alloy-op-hardforks v0.2.13
#24 384.3   Downloaded flagset v0.4.7
#24 384.3   Downloaded equivalent v1.0.2
#24 384.3   Downloaded ark-serialize-derive v0.5.0
#24 384.3   Downloaded alloy-sol-macro-input v1.3.0
#24 384.3   Downloaded foreign-types v0.3.2
#24 384.3   Downloaded enum-ordinalize v4.3.2
#24 384.3   Downloaded ed25519-consensus v2.1.0
#24 384.3   Downloaded downcast-rs v1.2.1
#24 384.3   Downloaded digest v0.9.0
#24 384.3   Downloaded devise v0.4.2
#24 384.3   Downloaded asn1-rs-derive v0.5.1
#24 384.3   Downloaded anstyle-query v1.1.5
#24 384.3   Downloaded addr2line v0.25.1
#24 384.3   Downloaded alloy-serde v1.0.41
#24 384.3   Downloaded alloy-rpc-types v1.0.32
#24 384.3   Downloaded darling v0.21.3
#24 384.3   Downloaded autocfg v1.5.0
#24 384.3   Downloaded alloy-eip7702 v0.6.1
#24 384.3   Downloaded ark-std v0.5.0
#24 384.3   Downloaded ark-std v0.3.0
#24 384.3   Downloaded anstream v0.6.21
#24 384.3   Downloaded ark-bn254 v0.5.0
#24 384.3   Downloaded crossbeam-epoch v0.9.18
#24 384.3   Downloaded crossbeam-deque v0.8.6
#24 384.3   Downloaded asn1-rs-impl v0.2.0
#24 384.3   Downloaded arrayref v0.3.9
#24 384.3   Downloaded ark-ff-asm v0.3.0
#24 384.3   Downloaded dashu-base v0.4.1
#24 384.3   Downloaded crypto-common v0.1.6
#24 384.3   Downloaded dashu v0.4.2
#24 384.3   Downloaded darling_macro v0.21.3
#24 384.3   Downloaded cuckoofilter v0.5.0
#24 384.3   Downloaded async-stream v0.3.6
#24 384.3   Downloaded ark-serialize v0.5.0
#24 384.3   Downloaded ark-serialize v0.4.2
#24 384.3   Downloaded ark-ff-macros v0.4.2
#24 384.3   Downloaded alloy-tx-macros v1.2.1
#24 384.8    Compiling proc-macro2 v1.0.103
#24 384.8    Compiling quote v1.0.42
#24 384.8    Compiling unicode-ident v1.0.22
#24 384.8    Compiling serde_core v1.0.228
#24 384.8    Compiling serde v1.0.228
#24 384.8    Compiling cfg-if v1.0.4
#24 384.8    Compiling libc v0.2.178
#24 384.8    Compiling autocfg v1.5.0
#24 384.8    Compiling version_check v0.9.5
#24 384.8    Compiling typenum v1.19.0
#24 385.2    Compiling portable-atomic v1.12.0
#24 385.2    Compiling critical-section v1.2.0
#24 385.6    Compiling shlex v1.3.0
#24 386.0    Compiling find-msvc-tools v0.1.5
#24 386.2    Compiling generic-array v0.14.9
#24 386.2    Compiling subtle v2.6.1
#24 386.2    Compiling itoa v1.0.16
#24 386.4    Compiling num-traits v0.2.19
#24 386.8    Compiling syn v1.0.109
#24 387.0    Compiling zerocopy v0.8.31
#24 387.2    Compiling pin-project-lite v0.2.16
#24 387.8    Compiling jobserver v0.1.34
#24 387.8    Compiling radium v0.7.0
#24 387.9    Compiling equivalent v1.0.2
#24 388.3    Compiling once_cell v1.21.3
#24 388.4    Compiling getrandom v0.2.16
#24 388.5    Compiling const-oid v0.9.6
#24 389.0    Compiling cc v1.2.50
#24 389.1    Compiling log v0.4.29
#24 389.2    Compiling memchr v2.7.6
#24 389.3    Compiling hashbrown v0.16.1
#24 389.3    Compiling num-integer v0.1.46
#24 389.5    Compiling rand_core v0.6.4
#24 389.5    Compiling num-bigint v0.3.3
#24 389.8    Compiling syn v2.0.111
#24 389.9    Compiling tracing-core v0.1.36
#24 390.2    Compiling paste v1.0.15
#24 390.5    Compiling cpufeatures v0.2.17
#24 390.8    Compiling indexmap v2.12.1
#24 390.8    Compiling unicode-xid v0.2.6
#24 390.8    Compiling rustversion v1.0.22
#24 391.1    Compiling heck v0.5.0
#24 391.2    Compiling crossbeam-utils v0.8.21
#24 391.6    Compiling winnow v0.7.14
#24 391.8    Compiling tap v1.0.1
#24 392.3    Compiling funty v2.0.0
#24 392.4    Compiling wyz v0.5.1
#24 392.5    Compiling either v1.15.0
#24 392.9    Compiling byteorder v1.5.0
#24 393.4    Compiling base64ct v1.8.1
#24 393.4    Compiling addchain v0.2.0
#24 393.5    Compiling flagset v0.4.7
#24 393.9    Compiling thiserror v2.0.17
#24 394.1    Compiling crunchy v0.2.4
#24 394.4    Compiling tiny-keccak v2.0.2
#24 394.5    Compiling parking_lot_core v0.9.12
#24 394.6    Compiling pem-rfc7468 v0.7.0
#24 394.7    Compiling ff_derive v0.13.1
#24 394.7    Compiling base16ct v0.2.0
#24 395.0    Compiling serde_derive v1.0.228
#24 395.1    Compiling zeroize_derive v1.4.2
#24 395.1    Compiling tracing-attributes v0.1.31
#24 395.1    Compiling der_derive v0.7.3
#24 395.3    Compiling thiserror-impl v2.0.17
#24 395.8    Compiling allocator-api2 v0.2.21
#24 396.0    Compiling futures-macro v0.3.31
#24 396.6    Compiling zeroize v1.8.2
#24 396.8    Compiling ppv-lite86 v0.2.21
#24 397.0    Compiling scopeguard v1.2.0
#24 397.2    Compiling futures-core v0.3.31
#24 397.3    Compiling tracing v0.1.44
#24 397.3    Compiling strsim v0.11.1
#24 397.5    Compiling der v0.7.10
#24 397.6    Compiling lock_api v0.4.14
#24 397.7    Compiling rayon-core v1.13.0
#24 398.0    Compiling serde_json v1.0.147
#24 398.3    Compiling futures-sink v0.3.31
#24 398.4    Compiling keccak v0.1.5
#24 398.6    Compiling toml_parser v1.0.6+spec-1.1.0
#24 398.7    Compiling crypto-common v0.1.6
#24 398.7    Compiling block-buffer v0.10.4
#24 398.8    Compiling crypto-bigint v0.5.5
#24 398.9    Compiling zmij v0.1.7
#24 398.9    Compiling futures-io v0.3.31
#24 399.0    Compiling toml_datetime v0.7.5+spec-1.1.0
#24 399.2    Compiling synstructure v0.13.2
#24 399.6    Compiling digest v0.10.7
#24 399.7    Compiling spki v0.7.3
#24 399.9    Compiling bytes v1.11.0
#24 399.9    Compiling smallvec v1.15.1
#24 400.0    Compiling bitvec v1.0.1
#24 400.2    Compiling arrayvec v0.7.6
#24 400.3    Compiling serdect v0.2.0
#24 400.5    Compiling sha2 v0.10.9 (https://github.com/sp1-patches/RustCrypto-hashes?tag=patch-sha2-0.10.9-sp1-4.0.0#0b1945ee)
#24 400.7    Compiling hmac v0.12.1
#24 400.7    Compiling pkcs8 v0.10.2
#24 401.2    Compiling signature v2.2.0
#24 401.4    Compiling http v1.4.0
#24 401.4    Compiling rfc6979 v0.4.0 (https://github.com/sp1-patches/signatures.git?tag=patch-16.9-sp1-4.1.0#1880299a)
#24 401.5    Compiling sha3 v0.10.8 (https://github.com/sp1-patches/RustCrypto-hashes?tag=patch-sha3-0.10.8-sp1-4.0.0#8f6d303c)
#24 401.9    Compiling sec1 v0.7.3
#24 402.2    Compiling toml_edit v0.23.10+spec-1.0.0
#24 402.3    Compiling dunce v1.0.5
#24 402.4    Compiling parking_lot v0.12.5
#24 402.9    Compiling foldhash v0.1.5
#24 403.0    Compiling unicode-segmentation v1.12.0
#24 403.2    Compiling ff v0.13.1
#24 403.3    Compiling pin-utils v0.1.0
#24 403.4    Compiling ruint-macro v1.2.1
#24 403.6    Compiling fnv v1.0.7
#24 404.0    Compiling group v0.13.0
#24 404.1    Compiling hashbrown v0.15.5
#24 404.1    Compiling proc-macro-crate v3.4.0
#24 404.2    Compiling convert_case v0.10.0
#24 404.3    Compiling slab v0.4.11
#24 404.4    Compiling futures-channel v0.3.31
#24 404.6    Compiling num-bigint v0.4.6
#24 405.0    Compiling elliptic-curve v0.13.8
#24 405.0    Compiling futures-task v0.3.31
#24 405.2    Compiling alloy-rlp-derive v0.3.12
#24 405.3    Compiling derive_more-impl v2.1.1
#24 405.4    Compiling zerofrom-derive v0.1.6
#24 405.4    Compiling rand_chacha v0.3.1
#24 405.4    Compiling tokio-macros v2.6.0
#24 405.6    Compiling socket2 v0.6.1
#24 406.1    Compiling futures-util v0.3.31
#24 406.1    Compiling mio v1.1.1
#24 406.3    Compiling ecdsa v0.16.9 (https://github.com/sp1-patches/signatures.git?tag=patch-16.9-sp1-4.1.0#1880299a)
#24 406.6    Compiling signal-hook-registry v1.4.7
#24 406.7    Compiling alloy-rlp v0.3.12
#24 407.0    Compiling rand v0.8.5
#24 407.2    Compiling const-hex v1.17.0
#24 407.4    Compiling ahash v0.8.12
#24 407.5    Compiling yoke-derive v0.8.1
#24 407.9    Compiling k256 v0.13.4 (https://github.com/sp1-patches/elliptic-curves?tag=patch-k256-13.4-sp1-5.0.0#f7d8998e)
#24 408.1    Compiling ruint v1.17.0
#24 408.1    Compiling tokio v1.48.0
#24 408.2    Compiling displaydoc v0.2.5
#24 408.3    Compiling httparse v1.10.1
#24 408.4    Compiling zerovec-derive v0.11.2
#24 409.2    Compiling ring v0.17.14
#24 409.3    Compiling percent-encoding v2.3.2
#24 409.4    Compiling bitflags v2.10.0
#24 409.5    Compiling anyhow v1.0.100
#24 409.9    Compiling async-trait v0.1.89
#24 410.1    Compiling derive_more v2.1.1
#24 410.4    Compiling icu_properties_data v2.1.2
#24 410.4    Compiling icu_normalizer_data v2.1.1
#24 410.5    Compiling hex v0.4.3
#24 410.6    Compiling crossbeam-epoch v0.9.18
#24 411.1    Compiling alloy-primitives v1.3.0
#24 411.2    Compiling ident_case v1.0.1
#24 411.7    Compiling regex-syntax v0.8.8
#24 411.9    Compiling darling_core v0.21.3
#24 411.9    Compiling spin v0.9.8
#24 412.0    Compiling auto_impl v1.3.0
#24 412.7    Compiling lazy_static v1.5.0
#24 412.8    Compiling tokio-util v0.7.17
#24 413.0    Compiling tower-service v0.3.3
#24 413.2    Compiling itertools v0.12.1
#24 413.9    Compiling http-body v1.0.1
#24 415.1    Compiling darling_macro v0.21.3
#24 415.8    Compiling thiserror v1.0.69
#24 415.8    Compiling num-conv v0.1.0
#24 415.9    Compiling time-core v0.1.6
#24 415.9    Compiling form_urlencoded v1.2.2
#24 416.1    Compiling zerofrom v0.1.6
#24 416.3    Compiling darling v0.21.3
#24 416.6    Compiling time-macros v0.2.24
#24 416.6    Compiling serde_with_macros v3.16.1
#24 416.7    Compiling rustix v1.1.3
#24 416.8    Compiling stable_deref_trait v1.2.1
#24 417.4    Compiling yoke v0.8.1
#24 417.8    Compiling thiserror-impl v1.0.69
#24 418.1    Compiling untrusted v0.9.0
#24 418.3    Compiling regex-automata v0.4.13
#24 418.7    Compiling serde_with v3.16.1
#24 419.4    Compiling crossbeam-deque v0.8.6
#24 419.5    Compiling zerovec v0.11.5
#24 420.0    Compiling alloy-eip2930 v0.2.1
#24 420.2    Compiling num_enum_derive v0.7.5
#24 420.4    Compiling alloy-sol-type-parser v1.5.2
#24 420.5    Compiling try-lock v0.2.5
#24 420.6    Compiling tower-layer v0.3.3
#24 421.3    Compiling alloy-eip7702 v0.6.1
#24 421.3    Compiling want v0.3.1
#24 421.6    Compiling http-body-util v0.1.3
#24 421.6    Compiling syn-solidity v1.5.2
#24 421.9    Compiling macro-string v0.1.4
#24 422.0    Compiling proc-macro-error-attr2 v2.0.0
#24 422.1    Compiling alloy-json-abi v1.3.0
#24 422.1    Compiling crc-catalog v2.4.0
#24 422.1    Compiling num_enum v0.7.5
#24 422.4    Compiling httpdate v1.0.3
#24 422.5    Compiling crc v3.4.0
#24 422.7    Compiling rayon v1.11.0
#24 422.8    Compiling cmake v0.1.57
#24 422.8    Compiling fs_extra v1.3.0
#24 423.0    Compiling getrandom v0.3.4
#24 423.1    Compiling base64 v0.22.1
#24 423.2    Compiling proc-macro-error2 v2.0.1
#24 423.6    Compiling alloy-eip2124 v0.2.0
#24 423.9    Compiling tinystr v0.8.2
#24 423.9    Compiling alloy-sol-macro-input v1.3.0
#24 424.0    Compiling aws-lc-sys v0.35.0
#24 424.3    Compiling rustls-pki-types v1.13.2
#24 424.9    Compiling glob v0.3.3
#24 425.0    Compiling alloy-sol-macro-expander v1.3.0
#24 425.1    Compiling linux-raw-sys v0.11.0
#24 425.2    Compiling prettyplease v0.2.37
#24 425.2    Compiling litemap v0.8.1
#24 425.3    Compiling writeable v0.6.2
#24 426.1    Compiling potential_utf v0.1.4
#24 426.2    Compiling icu_locale_core v2.1.1
#24 426.9    Compiling zerotrie v0.2.3
#24 427.2    Compiling fastrand v2.3.0
#24 427.3    Compiling icu_collections v2.1.1
#24 427.6    Compiling aws-lc-rs v1.15.2
#24 428.2    Compiling alloy-sol-macro v1.3.0
#24 428.4    Compiling tempfile v3.24.0
#24 428.4    Compiling icu_provider v2.1.1
#24 429.0    Compiling p3-util v0.2.3-succinct
#24 429.1    Compiling sync_wrapper v1.0.2
#24 429.7    Compiling alloy-sol-types v1.3.0
#24 429.7    Compiling secp256k1-sys v0.10.1
#24 429.8    Compiling p3-field v0.2.3-succinct
#24 429.9    Compiling icu_properties v2.1.2
#24 429.9    Compiling icu_normalizer v2.1.1
#24 430.5    Compiling regex v1.12.2
#24 431.2    Compiling alloy-serde v1.0.41
#24 431.6    Compiling nybbles v0.4.6
#24 431.8    Compiling powerfmt v0.2.0
#24 432.1    Compiling ipnet v2.11.0
#24 432.5    Compiling alloy-eips v1.0.41
#24 433.0    Compiling deranged v0.5.5
#24 433.1    Compiling alloy-trie v0.9.1
#24 433.4    Compiling idna_adapter v1.2.1
#24 433.5    Compiling p3-maybe-rayon v0.2.3-succinct
#24 433.5    Compiling itertools v0.13.0
#24 434.1    Compiling rustls v0.23.35
#24 434.2    Compiling openssl-probe v0.1.6
#24 434.9    Compiling utf8_iter v1.0.4
#24 435.4    Compiling tower v0.5.2
#24 435.5    Compiling time v0.3.44
#24 435.5    Compiling alloy-tx-macros v1.2.1
#24 435.9    Compiling idna v1.1.0
#24 435.9    Compiling atomic-waker v1.1.2
#24 437.0    Compiling h2 v0.4.12
#24 437.0    Compiling p3-matrix v0.2.3-succinct
#24 437.1    Compiling url v2.5.7
#24 438.2    Compiling alloy-json-rpc v1.0.41
#24 438.2    Compiling ryu v1.0.21
#24 438.4    Compiling futures-utils-wasm v0.1.0
#24 438.6    Compiling secp256k1 v0.30.0
#24 438.7    Compiling const_format_proc_macros v0.2.34
#24 439.2    Compiling p3-symmetric v0.2.3-succinct
#24 439.9    Compiling itertools v0.14.0
#24 440.3    Compiling alloy-consensus v1.0.41
#24 440.3    Compiling toml_datetime v0.6.11
#24 440.6    Compiling blake3 v1.8.2
#24 440.7    Compiling rustls-native-certs v0.8.2
#24 441.0    Compiling revm-primitives v20.2.1
#24 441.5    Compiling hyper v1.8.1
#24 441.8    Compiling primeorder v0.13.1 (https://github.com/sp1-patches/elliptic-curves?tag=patch-p256-13.2-sp1-5.0.0#10cca2ef)
#24 441.9    Compiling arrayref v0.3.9
#24 441.9    Compiling constant_time_eq v0.3.1
#24 442.1    Compiling p3-dft v0.2.3-succinct
#24 442.2    Compiling alloy-signer v1.0.41
#24 442.5    Compiling revm-bytecode v5.0.0
#24 442.8    Compiling p256 v0.13.2 (https://github.com/sp1-patches/elliptic-curves?tag=patch-p256-13.2-sp1-5.0.0#10cca2ef)
#24 442.8    Compiling pkg-config v0.3.32
#24 443.1    Compiling eyre v0.6.12
#24 443.2    Compiling num-rational v0.4.2
#24 443.2    Compiling num-iter v0.1.45
#24 443.8    Compiling alloy-consensus-any v1.0.41
#24 443.8    Compiling alloy-network-primitives v1.0.41
#24 443.9    Compiling hyper-util v0.1.19
#24 444.2    Compiling revm-state v6.0.0
#24 444.3    Compiling num-complex v0.4.6
#24 445.0    Compiling alloy-rpc-types-eth v1.0.41
#24 445.1    Compiling strum_macros v0.26.4
#24 445.6    Compiling num v0.4.3
#24 445.8    Compiling p3-mds v0.2.3-succinct
#24 445.9    Compiling p3-challenger v0.2.3-succinct
#24 446.2    Compiling futures-executor v0.3.31
#24 446.3    Compiling clap_derive v4.5.49
#24 446.4    Compiling bytemuck_derive v1.10.2
#24 446.6    Compiling data-encoding v2.9.0
#24 446.8    Compiling gcd v2.3.0
#24 447.2    Compiling futures v0.3.31
#24 447.5    Compiling p3-poseidon2 v0.2.3-succinct
#24 447.6    Compiling p3-commit v0.2.3-succinct
#24 447.7    Compiling strum_macros v0.27.2
#24 448.0    Compiling sp1-derive v5.2.4
#24 448.4    Compiling alloy-rpc-types-any v1.0.41
#24 448.6    Compiling semver v1.0.27
#24 448.8    Compiling alloy-network v1.0.41
#24 448.9    Compiling bytemuck v1.24.0
#24 449.2    Compiling utf8parse v0.2.2
#24 449.6    Compiling p3-air v0.2.3-succinct
#24 450.0    Compiling anstyle-parse v0.2.7
#24 450.0    Compiling parity-scale-codec-derive v3.7.5
#24 450.1    Compiling impl-trait-for-tuples v0.2.3
#24 450.3    Compiling is_terminal_polyfill v1.70.2
#24 450.5    Compiling colorchoice v1.0.4
#24 450.6    Compiling strum v0.27.2
#24 450.8    Compiling anstyle v1.0.13
#24 450.9    Compiling prost-derive v0.13.5
#24 451.1    Compiling anstyle-query v1.1.5
#24 451.3    Compiling p3-baby-bear v0.2.3-succinct
#24 451.4    Compiling p3-interpolation v0.2.3-succinct
#24 451.4    Compiling clang-sys v1.8.1
#24 451.7    Compiling anstream v0.6.21
#24 451.9    Compiling webpki-roots v1.0.4
#24 452.0    Compiling ripemd v0.1.3
#24 452.4    Compiling bincode v1.3.3
#24 452.5    Compiling mime v0.3.17
#24 452.6    Compiling clap_lex v0.7.6
#24 452.7    Compiling hashbrown v0.14.5
#24 452.8    Compiling p3-fri v0.2.3-succinct
#24 452.9    Compiling p3-uni-stark v0.2.3-succinct
#24 453.2    Compiling p3-merkle-tree v0.2.3-succinct
#24 453.7    Compiling clap_builder v4.5.53
#24 453.9    Compiling sp1-primitives v5.2.4
#24 453.9    Compiling strum v0.26.3
#24 454.0    Compiling sysinfo v0.30.13
#24 454.4    Compiling rayon-scan v0.1.1
#24 454.5    Compiling serde_spanned v0.6.9
#24 454.5    Compiling static_assertions v1.1.0
#24 454.6    Compiling vcpkg v0.2.15
#24 454.7    Compiling toml_write v0.1.2
#24 454.8    Compiling revm-database-interface v6.0.0
#24 454.8    Compiling enum-ordinalize-derive v4.3.2
#24 455.2    Compiling derive_more-impl v1.0.0
#24 455.4    Compiling cbindgen v0.27.0
#24 455.4    Compiling alloy-chains v0.2.23
#24 455.5    Compiling op-alloy-consensus v0.18.14
#24 455.8    Compiling toml_edit v0.22.27
#24 456.2    Compiling sp1-stark v5.2.4
#24 456.4    Compiling http v0.2.12
#24 456.5    Compiling clap v4.5.53
#24 456.5    Compiling ark-std v0.5.0
#24 456.6    Compiling enum-ordinalize v4.3.2
#24 456.7    Compiling ark-serialize-derive v0.5.0
#24 456.8    Compiling heck v0.4.1
#24 456.8    Compiling minimal-lexical v0.2.1
#24 457.4    Compiling educe v0.6.0
#24 457.8    Compiling nom v7.1.3
#24 458.0    Compiling ark-ff-macros v0.5.0
#24 458.0    Compiling scale-info-derive v2.11.6
#24 458.1    Compiling ark-serialize v0.5.0
#24 458.3    Compiling ark-ff-asm v0.5.0
#24 459.0    Compiling toml v0.8.23
#24 459.7    Compiling libloading v0.8.9
#24 459.8    Compiling pathdiff v0.2.3
#24 459.9    Compiling http-body v0.4.6
#24 460.0    Compiling rustc_version v0.4.1
#24 460.0    Compiling pairing v0.23.0
#24 460.3    Compiling cexpr v0.6.0
#24 460.3    Compiling tokio-stream v0.1.17
#24 460.5    Compiling pin-project-internal v1.1.10
#24 460.5    Compiling num-modular v0.6.1
#24 460.8    Compiling ark-ff v0.5.0
#24 460.8    Compiling sp1_bls12_381 v0.8.0-sp1-5.0.0
#24 461.4    Compiling uuid v1.19.0
#24 462.1    Compiling num-order v1.2.0
#24 462.5    Compiling dashu-base v0.4.1
#24 462.5    Compiling alloy-genesis v1.0.41
#24 462.8    Compiling kzg-rs v0.2.7
#24 462.8    Compiling pin-project v1.1.10
#24 463.7    Compiling dashu-int v0.4.1
#24 463.7    Compiling dyn-clone v1.0.20
#24 463.8    Compiling rustc-hex v2.1.0
#24 464.1    Compiling winnow v0.5.40
#24 464.8    Compiling reth-primitives-traits v1.5.0 (https://github.com/paradigmxyz/reth?tag=v1.5.0#61e38f9a)
#24 465.1    Compiling sp1-core-machine v5.2.4
#24 465.1    Compiling openssl-sys v0.9.111
#24 465.2    Compiling revm-context-interface v7.0.1
#24 465.7    Compiling ark-poly v0.5.0
#24 466.1    Compiling dashu-float v0.4.3
#24 466.2    Compiling const_format v0.2.35
#24 466.4    Compiling toml_edit v0.19.15
#24 466.5    Compiling rand_core v0.9.3
#24 466.5    Compiling serde_arrays v0.2.0
#24 467.0    Compiling socket2 v0.5.10
#24 467.8    Compiling ark-ec v0.5.0
#24 467.8    Compiling dashu-ratio v0.4.1
#24 468.0    Compiling rand_chacha v0.9.0
#24 468.2    Compiling substrate-bn v0.6.0 (https://github.com/sp1-patches/bn?tag=patch-0.6.0-sp1-5.0.0#e0d67f21)
#24 468.3    Compiling aurora-engine-modexp v1.2.0
#24 468.4    Compiling serde_urlencoded v0.7.1
#24 468.8    Compiling proc-macro-crate v1.3.1
#24 469.5    Compiling derive-where v1.6.0
#24 469.6    Compiling dashu-macros v0.4.1
#24 469.9    Compiling rand v0.9.2
#24 470.0    Compiling revm-interpreter v22.0.1
#24 470.1    Compiling num_enum_derive v0.5.11
#24 470.1    Compiling alloy-hardforks v0.2.13
#24 470.7    Compiling ark-bn254 v0.5.0
#24 470.7    Compiling ark-bls12-381 v0.5.0
#24 470.7    Compiling revm-database v6.0.0
#24 471.8    Compiling revm-context v7.0.1
#24 472.0    Compiling indenter v0.3.4
#24 472.0    Compiling range-set-blaze v0.1.16
#24 472.2    Compiling revm-precompile v23.0.0
#24 472.9    Compiling crossbeam-channel v0.5.15
#24 473.0    Compiling openssl v0.10.75
#24 473.0    Compiling tinyvec_macros v0.1.1
#24 473.4    Compiling foreign-types-shared v0.1.1
#24 473.4    Compiling tinyvec v1.10.0
#24 473.8    Compiling foreign-types v0.3.2
#24 473.9    Compiling revm-handler v7.0.1
#24 474.1    Compiling enum-map-derive v0.17.0
#24 474.1    Compiling openssl-macros v0.1.1
#24 474.5    Compiling encoding_rs v0.8.35
#24 474.7    Compiling beef v0.5.2
#24 475.0    Compiling object v0.37.3
#24 475.4    Compiling native-tls v0.2.14
#24 475.5    Compiling revm-inspector v7.0.1
#24 476.6    Compiling revm v26.0.1
#24 477.1    Compiling op-revm v7.0.1
#24 478.2    Compiling sp1-recursion-core v5.2.4
#24 478.6    Compiling prost v0.13.5
#24 479.2    Compiling ark-ff-macros v0.4.2
#24 479.9    Compiling enum-as-inner v0.6.1
#24 480.1    Compiling subenum v1.1.3
#24 480.6    Compiling ark-ff-asm v0.4.2
#24 480.8    Compiling derivative v2.2.0
#24 481.0    Compiling parity-scale-codec v3.7.5
#24 481.0    Compiling tagptr v0.2.0
#24 481.3    Compiling hickory-proto v0.25.2
#24 481.8    Compiling tokio-native-tls v0.3.1
#24 481.9    Compiling moka v0.12.12
#24 482.3    Compiling alloy-evm v0.12.3
#24 482.3    Compiling h2 v0.3.27
#24 482.9    Compiling iri-string v0.7.9
#24 483.2    Compiling byte-slice-cast v1.2.3
#24 483.7    Compiling resolv-conf v0.7.6
#24 483.8    Compiling prost-types v0.13.5
#24 484.3    Compiling hyper-tls v0.6.0
#24 484.5    Compiling vsimd v0.8.0
#24 485.0    Compiling hickory-resolver v0.25.2
#24 485.7    Compiling tower-http v0.6.8
#24 485.9    Compiling bindgen v0.70.1
#24 485.9    Compiling outref v0.5.2
#24 486.5    Compiling hyper v0.14.32
#24 487.2    Compiling base64-simd v0.8.0
#24 488.4    Compiling bytes-utils v0.1.4
#24 489.2    Compiling miette-derive v7.6.0
#24 489.2    Compiling rustc-hash v1.1.0
#24 489.7    Compiling unicode-width v0.1.14
#24 489.8    Compiling multimap v0.10.1
#24 490.6    Compiling aws-smithy-types v1.3.5
#24 491.3    Compiling reth-trie-common v1.5.0 (https://github.com/paradigmxyz/reth?tag=v1.5.0#61e38f9a)
#24 491.4    Compiling miette v7.6.0
#24 492.6    Compiling sha1 v0.10.6
#24 492.6    Compiling async-stream-impl v0.3.6
#24 494.3    Compiling async-stream v0.3.6
#24 494.8    Compiling rustls-webpki v0.103.8
#24 495.7    Compiling derive_more v1.0.0
#24 495.8    Compiling reth-static-file-types v1.5.0 (https://github.com/paradigmxyz/reth?tag=v1.5.0#61e38f9a)
#24 496.6    Compiling scale-info v2.11.6
#24 497.7    Compiling dashmap v6.1.0
#24 497.8    Compiling reth-prune-types v1.5.0 (https://github.com/paradigmxyz/reth?tag=v1.5.0#61e38f9a)
#24 497.8    Compiling aws-smithy-async v1.2.7
#24 498.6    Compiling ff v0.12.1
#24 498.7    Compiling sp1-recursion-derive v5.2.4
#24 499.4    Compiling memuse v0.2.2
#24 500.0    Compiling tokio-rustls v0.26.4
#24 500.1    Compiling rustls v0.21.12
#24 500.6    Compiling group v0.12.1
#24 501.2    Compiling hyper-rustls v0.27.7
#24 501.6    Compiling matchers v0.2.0
#24 501.8    Compiling aws-smithy-runtime-api v1.9.3
#24 502.1    Compiling reth-storage-errors v1.5.0 (https://github.com/paradigmxyz/reth?tag=v1.5.0#61e38f9a)
#24 502.4    Compiling reqwest v0.12.28
#24 502.4    Compiling reth-ethereum-forks v1.5.0 (https://github.com/paradigmxyz/reth?tag=v1.5.0#61e38f9a)
#24 502.5    Compiling sct v0.7.1
#24 502.6    Compiling rustls-webpki v0.101.7
#24 502.7    Compiling sharded-slab v0.1.7
#24 504.0    Compiling tracing-log v0.2.0
#24 504.1    Compiling thread_local v1.1.9
#24 505.0    Compiling nu-ansi-term v0.50.3
#24 505.5    Compiling fixedbitset v0.5.7
#24 506.3    Compiling tracing-subscriber v0.3.22
#24 506.5    Compiling petgraph v0.7.1
#24 506.6    Compiling downloader v0.2.8
#24 507.3    Compiling reth-ethereum-primitives v1.5.0 (https://github.com/paradigmxyz/reth?tag=v1.5.0#61e38f9a)
#24 508.4    Compiling serde_bytes v0.11.19
#24 508.7    Compiling adler2 v2.0.1
#24 508.8    Compiling simd-adler32 v0.3.8
#24 509.9    Compiling miniz_oxide v0.8.9
#24 510.0    Compiling tokio-rustls v0.24.1
#24 510.9    Compiling prost-build v0.13.5
#24 511.8    Compiling blake2b_simd v1.0.3
#24 512.9    Compiling flex-error v0.4.4
#24 513.0    Compiling alloy-transport v1.0.41
#24 513.6    Compiling reth-network-peers v1.5.0 (https://github.com/paradigmxyz/reth?tag=v1.5.0#61e38f9a)
#24 513.9    Compiling digest v0.9.0
#24 514.1    Compiling subtle-encoding v0.5.1
#24 514.5    Compiling camino v1.2.2
#24 515.3    Compiling utf-8 v0.7.6
#24 515.6    Compiling tendermint-proto v0.40.4
#24 515.9    Compiling data-encoding-macro-internal v0.1.16
#24 516.5    Compiling reth-chainspec v1.5.0 (https://github.com/paradigmxyz/reth?tag=v1.5.0#61e38f9a)
#24 517.3    Compiling hyper-rustls v0.24.2
#24 518.0    Compiling reth-execution-types v1.5.0 (https://github.com/paradigmxyz/reth?tag=v1.5.0#61e38f9a)
#24 519.3    Compiling webpki-roots v0.26.11
#24 520.2    Compiling prost-derive v0.12.6
#24 520.4    Compiling block-buffer v0.9.0
#24 520.4    Compiling serial_test_derive v3.2.0
#24 520.5    Compiling match-lookup v0.1.1
#24 520.5    Compiling core2 v0.4.0
#24 521.2    Compiling indexmap v1.9.3
#24 521.3    Compiling matchit v0.7.3
#24 521.7    Compiling opaque-debug v0.3.1
#24 521.9    Compiling subtle-ng v2.5.0
#24 521.9    Compiling const-str v0.4.3
#24 522.0    Compiling unsigned-varint v0.8.0
#24 522.1    Compiling bimap v0.6.3
#24 522.1    Compiling base64 v0.21.7
#24 522.6    Compiling sha2 v0.9.9
#24 522.9    Compiling multihash v0.19.3
#24 523.1    Compiling alloy-pubsub v1.0.41
#24 523.3    Compiling base256emoji v1.0.2
#24 523.5    Compiling curve25519-dalek-ng v4.1.1
#24 524.2    Compiling dashu v0.4.2
#24 524.5    Compiling data-encoding-macro v0.1.18
#24 524.6    Compiling pasta_curves v0.4.1
#24 525.5    Compiling reth-execution-errors v1.5.0 (https://github.com/paradigmxyz/reth?tag=v1.5.0#61e38f9a)
#24 525.8    Compiling pairing v0.22.0
#24 525.8    Compiling snowbridge-amcl v1.0.2
#24 526.1    Compiling reth-stages-types v1.5.0 (https://github.com/paradigmxyz/reth?tag=v1.5.0#61e38f9a)
#24 526.2    Compiling logos-codegen v0.14.4
#24 527.0    Compiling num_enum v0.5.11
#24 527.8    Compiling ark-std v0.4.0
#24 528.5    Compiling ed25519 v2.2.3
#24 528.8    Compiling generic-array v1.1.0
#24 529.5    Compiling num_cpus v1.17.0
#24 529.8    Compiling gen_ops v0.4.0
#24 529.8    Compiling hashbrown v0.12.3
#24 530.0    Compiling base-x v0.2.11
#24 530.1    Compiling rustc-hash v2.1.1
#24 530.2    Compiling downcast-rs v1.2.1
#24 530.7    Compiling rrs-succinct v0.1.0
#24 530.8    Compiling sp1-curves v5.2.4
#24 530.9    Compiling ark-serialize v0.4.2
#24 531.0    Compiling multibase v0.9.2
#24 531.5    Compiling logos-derive v0.14.4
#24 532.1    Compiling bls12_381 v0.7.1
#24 532.1    Compiling halo2_proofs v0.1.0
#24 532.6    Compiling ed25519-consensus v2.1.0
#24 533.4    Compiling aws-credential-types v1.2.11
#24 533.4    Compiling aws-smithy-http v0.62.6
#24 533.6    Compiling enum-map v2.7.3
#24 534.5    Compiling aws-types v1.3.11
#24 534.5    Compiling logos-codegen v0.15.1
#24 535.2    Compiling itertools v0.10.5
#24 535.3    Compiling vec_map v0.8.2
#24 535.3    Compiling serde_repr v0.1.20
#24 535.4    Compiling proc-macro2-diagnostics v0.10.1
#24 535.8    Compiling gimli v0.32.3
#24 536.2    Compiling elf v0.7.4
#24 536.2    Compiling nohash-hasher v0.2.0
#24 536.4    Compiling ansi_term v0.12.1
#24 536.8    Compiling tendermint v0.40.4
#24 536.9    Compiling ark-ff v0.4.2
#24 537.7    Compiling sp1-core-executor v5.2.4
#24 538.0    Compiling tracing-forest v0.1.6
#24 538.3    Compiling halo2 v0.1.0-beta.2
#24 538.5    Compiling addr2line v0.25.1
#24 539.9    Compiling jubjub v0.9.0
#24 540.6    Compiling logos v0.14.4
#24 541.1    Compiling tower v0.4.13
#24 541.4    Compiling pasta_curves v0.5.1
#24 542.0    Compiling p3-keccak-air v0.2.3-succinct
#24 542.0    Compiling aws-smithy-observability v0.1.5
#24 542.8    Compiling alloy-op-hardforks v0.2.13
#24 543.3    Compiling lru v0.13.0
#24 543.5    Compiling blake2 v0.10.6
#24 543.8    Compiling serde_path_to_error v0.1.20
#24 544.4    Compiling urlencoding v2.1.3
#24 545.4    Compiling rustc-demangle v0.1.26
#24 545.4    Compiling size v0.4.1
#24 545.8    Compiling yansi v1.0.1
#24 546.0    Compiling web-time v1.1.0
#24 547.1    Compiling backtrace v0.3.76
#24 548.1    Compiling zkhash v0.2.0
#24 549.6    Compiling aws-sigv4 v1.3.7
#24 550.8    Compiling cid v0.11.1
#24 552.2    Compiling reth-consensus v1.5.0 (https://github.com/paradigmxyz/reth?tag=v1.5.0#61e38f9a)
#24 552.2    Compiling p3-bn254-fr v0.2.3-succinct
#24 552.7    Compiling reth-db-models v1.5.0 (https://github.com/paradigmxyz/reth?tag=v1.5.0#61e38f9a)
#24 553.5    Compiling alloy-rpc-types-engine v1.0.41
#24 554.1    Compiling hyper-timeout v0.5.2
#24 554.5    Compiling rust_decimal v1.39.0
#24 555.5    Compiling reth-storage-api v1.5.0 (https://github.com/paradigmxyz/reth?tag=v1.5.0#61e38f9a)
#24 555.6    Compiling logos-derive v0.15.1
#24 556.4    Compiling reth-optimism-forks v1.5.0 (https://github.com/paradigmxyz/reth?tag=v1.5.0#61e38f9a)
#24 556.7    Compiling prost-reflect v0.14.7
#24 556.8    Compiling protox-parse v0.7.0
#24 557.2    Compiling prost v0.12.6
#24 557.3    Compiling sp1-recursion-gnark-ffi v5.2.4
#24 557.5    Compiling aws-smithy-json v0.61.9
#24 557.8    Compiling reth-optimism-primitives v1.5.0 (https://github.com/paradigmxyz/reth?tag=v1.5.0#61e38f9a)
#24 558.5    Compiling op-alloy-rpc-types v0.18.14
#24 558.9    Compiling hkdf v0.12.4
#24 559.1    Compiling axum-core v0.3.4
#24 559.1    Compiling regex-lite v0.1.8
#24 559.8    Compiling iana-time-zone v0.1.64
#24 559.9    Compiling sync_wrapper v0.1.2
#24 560.1    Compiling fixedbitset v0.4.2
#24 560.1    Compiling protox v0.7.2
#24 560.2    Compiling sp1-recursion-compiler v5.2.4
#24 560.8    Compiling chrono v0.4.42
#24 561.0    Compiling petgraph v0.6.5
#24 561.1    Compiling prost-types v0.12.6
#24 561.7    Compiling logos v0.15.1
#24 562.5    Compiling reth-consensus-common v1.5.0 (https://github.com/paradigmxyz/reth?tag=v1.5.0#61e38f9a)
#24 562.6    Compiling reth-trie-sparse v1.5.0 (https://github.com/paradigmxyz/reth?tag=v1.5.0#61e38f9a)
#24 562.7    Compiling axum-core v0.4.5
#24 563.0    Compiling alloy-rpc-types v1.0.32
#24 563.1    Compiling nmt-rs v0.2.5
#24 563.2    Compiling enum_dispatch v0.3.13
#24 563.4    Compiling axum v0.6.20
#24 563.8    Compiling option-ext v0.2.0
#24 564.2    Compiling sdd v3.0.10
#24 564.9    Compiling bech32 v0.11.1
#24 564.9    Compiling cfg_aliases v0.2.1
#24 565.3    Compiling nix v0.30.1
#24 565.7    Compiling scc v2.4.0
#24 566.2    Compiling axum v0.7.9
#24 566.3    Compiling dirs-sys v0.4.1
#24 566.6    Compiling reth-trie v1.5.0 (https://github.com/paradigmxyz/reth?tag=v1.5.0#61e38f9a)
#24 567.1    Compiling prost-build v0.12.6
#24 567.4    Compiling celestia-proto v0.9.1
#24 567.6    Compiling reth-optimism-chainspec v1.5.0 (https://github.com/paradigmxyz/reth?tag=v1.5.0#61e38f9a)
#24 567.9    Compiling reth-evm v1.5.0 (https://github.com/paradigmxyz/reth?tag=v1.5.0#61e38f9a)
#24 569.1    Compiling rusticata-macros v4.1.0
#24 569.3    Compiling sp1-prover v5.2.2
#24 569.3    Compiling rustls-pemfile v2.2.0
#24 569.8    Compiling tokio-io-timeout v1.2.1
#24 569.8    Compiling asn1-rs-derive v0.5.1
#24 569.9    Compiling asn1-rs-impl v0.2.0
#24 570.8    Compiling cookie v0.18.1
#24 571.2    Compiling same-file v1.0.6
#24 571.2    Compiling bindgen v0.72.1
#24 571.6    Compiling bitflags v1.3.2
#24 572.3    Compiling leopard-codec v0.1.0
#24 572.4    Compiling xmlparser v0.13.6
#24 572.4    Compiling bs58 v0.5.1
#24 572.5    Compiling ref-cast v1.0.25
#24 572.9    Compiling base64 v0.13.1
#24 573.9    Compiling asn1-rs v0.6.2
#24 574.3    Compiling libp2p-identity v0.2.13
#24 574.8    Compiling serde-human-bytes v0.1.2
#24 575.5    Compiling aws-smithy-xml v0.60.13
#24 575.6    Compiling walkdir v2.5.0
#24 577.0    Compiling hyper-timeout v0.4.1
#24 578.0    Compiling tonic-build v0.10.2
#24 578.1    Compiling serial_test v3.2.0
#24 579.3    Compiling dirs v5.0.1
#24 579.4    Compiling reth-optimism-consensus v1.5.0 (https://github.com/paradigmxyz/reth?tag=v1.5.0#61e38f9a)
#24 580.0    Compiling protox-parse v0.8.0
#24 580.6    Compiling prost-reflect v0.15.3
#24 580.9    Compiling pear_codegen v0.2.9
#24 581.3    Compiling aws-smithy-query v0.60.9
#24 581.9    Compiling alloy-op-evm v0.12.3
#24 582.8    Compiling tracing-appender v0.2.4
#24 583.2    Compiling rlp v0.5.2
#24 583.2    Compiling curve25519-dalek v4.1.3 (https://github.com/sp1-patches/curve25519-dalek?tag=patch-4.1.3-sp1-5.0.0#be8c2201)
#24 583.4    Compiling libz-sys v1.1.23
#24 583.4    Compiling bzip2-sys v0.1.13+1.0.8
#24 583.6    Compiling zstd-sys v2.0.16+zstd.1.5.7
#24 584.7    Compiling lru v0.12.5
#24 584.9    Compiling lz4-sys v1.11.1+lz4-1.10.0
#24 585.5    Compiling bindgen v0.71.1
#24 585.6    Compiling oid-registry v0.7.1
#24 587.7    Compiling protox v0.8.0
#24 588.5    Compiling rsp-mpt v0.1.0 (https://github.com/succinctlabs/rsp.git?tag=reth-1.5.0#09bbb8f8)
#24 589.0    Compiling reth-optimism-evm v1.5.0 (https://github.com/paradigmxyz/reth?tag=v1.5.0#61e38f9a)
#24 590.5    Compiling tonic v0.10.2
#24 590.9    Compiling ev-types v0.0.1
#24 591.7    Compiling sp1-recursion-circuit v5.2.4
#24 592.7    Compiling multiaddr v0.18.2
#24 597.8    Compiling rsp-primitives v0.1.0 (https://github.com/succinctlabs/rsp.git?tag=reth-1.5.0#09bbb8f8)
#24 598.4    Compiling reth-evm-ethereum v1.5.0 (https://github.com/paradigmxyz/reth?tag=v1.5.0#61e38f9a)
#24 598.9    Compiling reth-ethereum-consensus v1.5.0 (https://github.com/paradigmxyz/reth?tag=v1.5.0#61e38f9a)
#24 600.0    Compiling reth-errors v1.5.0 (https://github.com/paradigmxyz/reth?tag=v1.5.0#61e38f9a)
#24 600.1    Compiling blockstore v0.7.1
#24 600.3    Compiling tonic-build v0.13.1
#24 600.4    Compiling alloy-signer-local v1.0.41
#24 600.6    Compiling jsonrpsee-types v0.25.1
#24 601.3    Compiling cargo-platform v0.1.9
#24 602.1    Compiling ref-cast-impl v1.0.25
#24 602.1    Compiling curve25519-dalek-derive v0.1.1 (https://github.com/sp1-patches/curve25519-dalek?tag=patch-4.1.3-sp1-5.0.0#be8c2201)
#24 602.7    Compiling fs-err v3.2.1
#24 602.7    Compiling futures-timer v3.0.3
#24 603.3    Compiling sp1-cuda v5.2.2
#24 603.3    Compiling unicode-width v0.2.2
#24 604.1    Compiling jsonrpsee-core v0.25.1
#24 604.5    Compiling console v0.15.11
#24 604.9    Compiling cargo_metadata v0.18.1
#24 605.1    Compiling celestia-proto v0.10.0
#24 606.8    Compiling librocksdb-sys v0.17.3+10.4.2
#24 606.8    Compiling celestia-types v0.15.0
#24 607.8    Compiling ctrlc v3.5.1
#24 608.8    Compiling der-parser v9.0.0
#24 609.1    Compiling bon-macros v3.8.1
#24 610.6    Compiling is-terminal v0.4.17
#24 611.4    Compiling uncased v0.9.10
#24 612.2    Compiling instant v0.1.13
#24 612.2    Compiling half v1.8.3
#24 612.7    Compiling crc32fast v1.5.0
#24 612.8    Compiling sp1-sdk v5.2.2
#24 613.0    Compiling number_prefix v0.4.0
#24 613.6    Compiling leopard-codec v0.2.0
#24 613.6    Compiling bon v3.8.1
#24 613.8    Compiling indicatif v0.17.11
#24 614.0    Compiling tdx-attest-sys v0.5.5 (https://github.com/jonas089/dstack#359cbf8e)
#24 614.2    Compiling sp1-build v5.2.2
#24 614.3    Compiling serde_cbor v0.11.2
#24 614.9    Compiling backoff v0.4.0
#24 615.5    Compiling x509-parser v0.16.0
#24 617.0    Compiling ed25519-dalek v2.2.0
#24 618.9    Compiling devise_core v0.4.2
#24 618.9    Compiling eventsource-stream v0.2.3
#24 619.0    Compiling reth-primitives v1.5.0 (https://github.com/paradigmxyz/reth?tag=v1.5.0#61e38f9a)
#24 619.0    Compiling soketto v0.8.1
#24 619.1    Compiling alloy-dyn-abi v1.3.0
#24 619.3    Compiling pem v3.0.6
#24 619.4    Compiling inlinable_string v0.1.15
#24 621.3    Compiling devise_codegen v0.4.2
#24 621.7    Compiling pear v0.2.9
#24 624.2    Compiling blockstore v0.8.0
#24 624.6    Compiling informalsystems-pbjson v0.7.0
#24 624.6    Compiling twox-hash v1.6.3
#24 624.7    Compiling x509-cert v0.2.5
#24 625.2    Compiling stable-pattern v0.1.0
#24 625.2    Compiling figment v0.10.19
#24 625.6    Compiling multer v3.1.0
#24 625.6    Compiling state v0.6.0
#24 625.9    Compiling asn1_der v0.7.6
#24 626.3    Compiling object v0.36.7
#24 626.4    Compiling ruzstd v0.7.3
#24 626.5    Compiling rocket_http v0.6.0-dev (https://github.com/rwf2/Rocket?branch=master#3a54d079)
#24 626.5    Compiling ics23 v0.12.0
#24 626.6    Compiling flate2 v1.1.5
#24 628.5    Compiling devise v0.4.2
#24 628.8    Compiling alloy-core v1.3.0
#24 628.8    Compiling cc-eventlog v0.5.5 (https://github.com/jonas089/dstack#359cbf8e)
#24 629.1    Compiling rustls-pemfile v1.0.4
#24 629.2    Compiling yasna v0.5.2
#24 629.4    Compiling jsonrpsee-proc-macros v0.25.1
#24 630.1    Compiling celestia-grpc-macros v0.4.0
#24 630.5    Compiling rocket v0.6.0-dev (https://github.com/rwf2/Rocket?branch=master#3a54d079)
#24 630.8    Compiling peg-runtime v0.8.5
#24 631.4    Compiling rcgen v0.13.2
#24 631.4    Compiling tdx-attest v0.5.5 (https://github.com/jonas089/dstack#359cbf8e)
#24 631.6    Compiling rustls-native-certs v0.6.3
#24 631.7    Compiling rocket_codegen v0.6.0-dev (https://github.com/rwf2/Rocket?branch=master#3a54d079)
#24 631.9    Compiling peg-macros v0.8.5
#24 633.7    Compiling ev-prover v0.2.0 (https://github.com/celestiaorg/celestia-zkevm/#ef1ca4a0)
#24 634.1    Compiling size-parser v0.5.5 (https://github.com/jonas089/dstack#359cbf8e)
#24 635.8    Compiling axum-core v0.5.5
#24 635.8    Compiling ubyte v0.10.4
#24 635.9    Compiling derive_more v0.99.20
#24 635.9    Compiling binascii v0.1.4
#24 637.8    Compiling hex-literal v1.1.0
#24 638.0    Compiling matchit v0.8.4
#24 638.6    Compiling unsafe-libyaml v0.2.11
#24 638.9    Compiling ref-swap v0.1.2
#24 639.6    Compiling or-panic v1.0.2
#24 639.6    Compiling dotenvy v0.15.7
#24 639.9    Compiling axum v0.8.8
#24 640.2    Compiling serde_yaml v0.9.34+deprecated
#24 640.3    Compiling dstack-mr v0.5.5 (https://github.com/jonas089/dstack#359cbf8e)
#24 640.8    Compiling peg v0.8.5
#24 640.8    Compiling tendermint-light-client-verifier v0.40.4
#24 642.3    Compiling dstack-types v0.5.5 (https://github.com/jonas089/dstack#359cbf8e)
#24 642.3    Compiling reqwest v0.11.27
#24 642.9    Compiling light-client v0.1.0 (/build/light-client)
#24 643.9    Compiling tendermint-config v0.40.4
#24 644.3    Compiling tonic-reflection v0.10.2
#24 644.8    Compiling http-client-unix-domain-socket v0.1.2
#24 646.1    Compiling tendermint-rpc v0.40.4
#24 646.2    Compiling dstack-sdk-types v0.1.2 (https://github.com/jonas089/dstack#359cbf8e)
#24 708.7    Compiling tungstenite v0.26.2
#24 714.9    Compiling tokio-tungstenite v0.26.2
#24 715.3    Compiling alloy-transport-http v1.0.41
#24 716.3    Compiling alloy-transport-ws v1.0.41
#24 716.8    Compiling aws-smithy-http-client v1.1.5
#24 722.9    Compiling alloy-rpc-client v1.0.41
#24 728.3    Compiling alloy-provider v1.0.32
#24 731.7    Compiling aws-smithy-runtime v1.9.5
#24 733.7    Compiling op-alloy-network v0.18.14
#24 736.1    Compiling aws-runtime v1.5.17
#24 736.7    Compiling rsp-client-executor v0.1.0 (https://github.com/succinctlabs/rsp.git?tag=reth-1.5.0#09bbb8f8)
#24 737.0    Compiling rustls-platform-verifier v0.5.3
#24 737.0    Compiling twirp-rs v0.13.0-succinct
#24 739.9    Compiling aws-sdk-sso v1.91.0
#24 740.5    Compiling aws-sdk-sts v1.95.0
#24 741.1    Compiling aws-sdk-ssooidc v1.93.0
#24 741.7    Compiling aws-sdk-kms v1.97.0
#24 743.0 warning: light-client@0.1.0: rustc +succinct --version: "rustc 1.88.0-dev\n"
#24 743.0 warning: light-client@0.1.0: circuit built at 2026-01-06 10:15:13
#24 743.0    Compiling tonic v0.13.1
#24 743.1    Compiling tonic v0.12.3
#24 754.9    Compiling aws-config v1.8.12
#24 757.2    Compiling reqwest-middleware v0.3.3
#24 759.7    Compiling alloy-signer-aws v1.0.41
#24 759.8    Compiling jsonrpsee-client-transport v0.25.1
#24 767.5    Compiling celestia-types v0.16.0
#24 768.9    Compiling jsonrpsee-ws-client v0.25.1
#24 769.6    Compiling lumina-utils v0.4.0
#24 770.3    Compiling jsonrpsee-http-client v0.25.1
#24 770.3    Compiling ev-zkevm-types v0.2.0 (https://github.com/celestiaorg/celestia-zkevm/#ef1ca4a0)
#24 772.1    Compiling alloy-contract v1.0.32
#24 777.3    Compiling dcap-qvl v0.3.4 (https://github.com/jonas089/dcap-qvl?branch=v0.3.4-zk#039ff387)
#24 779.3    Compiling alloy v1.0.32
#24 779.6    Compiling jsonrpsee v0.25.1
#24 779.9    Compiling rsp-rpc-db v0.1.0 (https://github.com/succinctlabs/rsp.git?tag=reth-1.5.0#09bbb8f8)
#24 780.2    Compiling celestia-grpc v0.8.0
#24 781.9    Compiling celestia-rpc v0.13.0
#24 786.8    Compiling ra-tls v0.5.5 (https://github.com/jonas089/dstack#359cbf8e)
#24 790.9    Compiling rsp-host-executor v0.1.0 (https://github.com/succinctlabs/rsp.git?tag=reth-1.5.0#09bbb8f8)
#24 793.9    Compiling types v0.1.0 (/build/types)
#24 794.6    Compiling ev-zkevm-types v0.2.0 (https://github.com/celestiaorg/celestia-zkevm/?branch=jonas%2Fcelestia-root-verification#a540d4e5)
#24 796.1    Compiling dstack-sdk v0.1.2 (https://github.com/jonas089/dstack#359cbf8e)
#24 797.1    Compiling celestia-grpc-client v0.2.0 (https://github.com/celestiaorg/celestia-zkevm/#ef1ca4a0)
#24 798.4    Compiling dstack-verifier v0.5.5 (https://github.com/jonas089/dstack#359cbf8e)
#24 993.6    Compiling rocksdb v0.24.0
#24 995.0    Compiling storage v0.2.0 (https://github.com/celestiaorg/celestia-zkevm/#ef1ca4a0)
#24 997.9    Compiling ev-state-queries v0.2.0 (https://github.com/celestiaorg/celestia-zkevm/#ef1ca4a0)
#24 1008.9    Compiling evolve-tee v0.1.0 (/build/app)
#24 1009.6     Finished `release` profile [optimized] target(s) in 16m 49s
#24 DONE 1010.0s

#25 [builder 17/19] COPY app/src ./app/src
#25 DONE 0.5s

#26 [builder 18/19] COPY light-client/src ./light-client/src
#26 DONE 0.0s

#27 [builder 19/19] RUN touch app/src/main.rs light-client/src/lib.rs && cargo build --release -p evolve-tee
#27 0.964    Compiling light-client v0.1.0 (/build/light-client)
#27 3.533 warning: light-client@0.1.0: rustc +succinct --version: "rustc 1.88.0-dev\n"
#27 3.533 warning: light-client@0.1.0: circuit built at 2026-01-06 10:19:44
#27 6.731    Compiling evolve-tee v0.1.0 (/build/app)
#27 19.15     Finished `release` profile [optimized] target(s) in 18.91s
#27 DONE 19.2s

#28 [stage-1 2/5] RUN apt-get update && apt-get install -y     ca-certificates     && rm -rf /var/lib/apt/lists/*
#28 CACHED

#29 [stage-1 3/5] WORKDIR /app
#29 CACHED

#30 [stage-1 4/5] COPY --from=builder /build/target/release/evolve-tee .
#30 DONE 0.1s

#31 [stage-1 5/5] COPY config/ /root/.ev-prover/config/
#31 DONE 0.0s

#32 exporting to image
#32 exporting layers
#32 exporting layers 2.3s done
#32 exporting manifest sha256:6b230d50048a15a1616d7db9b77ad0385e8ecca8dea0cbf77bfe02e1713d15ef
#32 exporting manifest sha256:6b230d50048a15a1616d7db9b77ad0385e8ecca8dea0cbf77bfe02e1713d15ef done
#32 exporting config sha256:40104a6ea3d8ffaf8e5bd8055c256c565777c718a864dcd1b5f1a444da17a907 done
#32 exporting attestation manifest sha256:d01873008df3e1c008cf4340427adf9511c936ca57cdabf75c9a5e59a3c712a4 done
#32 exporting manifest list sha256:54393cb01508a17cd35199d4505fc350fee9a2a123f005e13f9b55d3139ee05b done
#32 naming to docker.io/jonas089/evolve-tee:latest done
#32 DONE 2.3s

View build details: docker-desktop://dashboard/build/desktop-linux/desktop-linux/3d6wx4fnvmhmn17s7kb72z561
