#0 building with "desktop-linux" instance using docker driver

#1 [internal] load build definition from Dockerfile
#1 transferring dockerfile: 2.12kB done
#1 DONE 0.0s

#2 [auth] library/rust:pull token for registry-1.docker.io
#2 DONE 0.0s

#3 [auth] library/debian:pull token for registry-1.docker.io
#3 DONE 0.0s

#4 [internal] load metadata for docker.io/library/debian:bookworm-slim
#4 DONE 0.9s

#5 [internal] load metadata for docker.io/library/rust:1.88
#5 DONE 0.9s

#6 [internal] load .dockerignore
#6 transferring context: 2B done
#6 DONE 0.0s

#7 [stage-1 1/4] FROM docker.io/library/debian:bookworm-slim@sha256:d5d3f9c23164ea16f31852f95bd5959aad1c5e854332fe00f7b3a20fcc9f635c
#7 resolve docker.io/library/debian:bookworm-slim@sha256:d5d3f9c23164ea16f31852f95bd5959aad1c5e854332fe00f7b3a20fcc9f635c 0.0s done
#7 DONE 0.0s

#8 [stage-1 2/4] RUN apt-get update && apt-get install -y     ca-certificates     && rm -rf /var/lib/apt/lists/*
#8 CACHED

#9 [stage-1 3/4] WORKDIR /app
#9 CACHED

#10 [builder  1/19] FROM docker.io/library/rust:1.88@sha256:af306cfa71d987911a781c37b59d7d67d934f49684058f96cf72079c3626bfe0
#10 resolve docker.io/library/rust:1.88@sha256:af306cfa71d987911a781c37b59d7d67d934f49684058f96cf72079c3626bfe0 0.0s done
#10 DONE 0.0s

#11 [internal] load build context
#11 transferring context: 15.48kB done
#11 DONE 0.0s

#12 [builder  5/19] WORKDIR /build
#12 CACHED

#13 [builder 12/19] COPY ev-batch-elf ./
#13 CACHED

#14 [builder  3/19] RUN curl -fsSL https://go.dev/dl/go1.22.5.linux-amd64.tar.gz | tar -C /usr/local -xzf -
#14 CACHED

#15 [builder  7/19] COPY app/Cargo.toml ./app/
#15 CACHED

#16 [builder 11/19] COPY light-client/build.rs ./light-client/
#16 CACHED

#17 [builder 10/19] COPY types/Cargo.toml ./types/
#17 CACHED

#18 [builder  4/19] RUN curl -L https://sp1up.succinct.xyz | bash &&     ~/.sp1/bin/sp1up --version 5.2.2
#18 CACHED

#19 [builder  6/19] COPY Cargo.toml Cargo.lock ./
#19 CACHED

#20 [builder  8/19] COPY circuit/Cargo.toml ./circuit/
#20 CACHED

#21 [builder  9/19] COPY light-client/Cargo.toml ./light-client/
#21 CACHED

#22 [builder  2/19] RUN apt-get update && apt-get install -y     clang     libclang-dev     && rm -rf /var/lib/apt/lists/*
#22 CACHED

#23 [builder 13/19] COPY circuit/src ./circuit/src
#23 CACHED

#24 [builder 14/19] COPY types/src ./types/src
#24 DONE 0.0s

#25 [builder 15/19] RUN mkdir -p app/src && echo "fn main() {}" > app/src/main.rs &&     mkdir -p light-client/src && echo "" > light-client/src/lib.rs
#25 DONE 0.1s

#26 [builder 16/19] RUN cargo build --release -p evolve-tee && rm -rf app/src light-client/src
#26 0.498     Updating git repository `https://github.com/sp1-patches/bn`
#26 1.497     Updating git repository `https://github.com/sp1-patches/curve25519-dalek`
#26 2.916     Updating git repository `https://github.com/sp1-patches/elliptic-curves`
#26 3.645     Updating git repository `https://github.com/sp1-patches/elliptic-curves`
#26 4.262     Updating git repository `https://github.com/sp1-patches/RustCrypto-hashes`
#26 4.947     Updating git repository `https://github.com/sp1-patches/RustCrypto-hashes`
#26 5.516     Updating crates.io index
#26 5.594     Updating git repository `https://github.com/celestiaorg/celestia-zkevm/`
#26 15.21     Updating git repository `https://github.com/jonas089/dstack`
#26 367.8     Updating git repository `https://github.com/celestiaorg/celestia-zkevm/`
#26 369.4     Updating git repository `https://github.com/jonas089/dcap-qvl`
#26 372.0     Updating git repository `https://github.com/paradigmxyz/reth`
#26 383.1     Updating git repository `https://github.com/succinctlabs/rsp.git`
#26 385.0     Updating git repository `https://github.com/rwf2/Rocket`
#26 386.3     Updating git repository `https://github.com/sp1-patches/signatures.git`
#26 388.6     Updating git repository `https://github.com/SergioBenitez/s2n-quic-h3.git`
#26 397.6  Downloading crates ...
#26 397.7   Downloaded alloy-signer v1.0.41
#26 397.8   Downloaded ark-serialize v0.5.0
#26 397.8   Downloaded alloy-network v1.0.41
#26 397.8   Downloaded alloy-rpc-types v1.0.32
#26 397.8   Downloaded alloy-dyn-abi v1.3.0
#26 397.8   Downloaded aurora-engine-modexp v1.2.0
#26 397.8   Downloaded anstyle-parse v0.2.7
#26 397.8   Downloaded alloy-op-evm v0.12.3
#26 397.8   Downloaded alloy-eip7702 v0.6.1
#26 397.8   Downloaded lock_api v0.4.14
#26 397.8   Downloaded crypto-common v0.1.6
#26 397.8   Downloaded crunchy v0.2.4
#26 397.8   Downloaded anstyle v1.0.13
#26 397.8   Downloaded allocator-api2 v0.2.21
#26 397.8   Downloaded digest v0.10.7
#26 397.8   Downloaded ctrlc v3.5.1
#26 397.8   Downloaded aws-lc-rs v1.15.2
#26 397.8   Downloaded ed25519 v2.2.3
#26 397.8   Downloaded futures-executor v0.3.31
#26 397.8   Downloaded crossbeam-utils v0.8.21
#26 397.8   Downloaded ark-poly v0.5.0
#26 397.8   Downloaded data-encoding v2.9.0
#26 397.8   Downloaded aws-smithy-http v0.62.6
#26 397.8   Downloaded enum-ordinalize-derive v4.3.2
#26 397.8   Downloaded enum-ordinalize v4.3.2
#26 397.8   Downloaded dirs v5.0.1
#26 397.8   Downloaded crossbeam-epoch v0.9.18
#26 397.8   Downloaded derive_more-impl v2.1.1
#26 397.8   Downloaded derivative v2.2.0
#26 397.8   Downloaded der-parser v9.0.0
#26 397.8   Downloaded ark-std v0.3.0
#26 397.8   Downloaded anstream v0.6.21
#26 397.8   Downloaded alloy-transport-http v1.0.41
#26 397.8   Downloaded aws-runtime v1.5.17
#26 397.9   Downloaded futures-timer v3.0.3
#26 397.9   Downloaded fastrand v2.3.0
#26 397.9   Downloaded either v1.15.0
#26 397.9   Downloaded async-trait v0.1.89
#26 397.9   Downloaded alloy-rlp v0.3.12
#26 397.9   Downloaded alloy-evm v0.12.3
#26 397.9   Downloaded asn1-rs v0.6.2
#26 397.9   Downloaded arrayref v0.3.9
#26 397.9   Downloaded aws-sdk-sso v1.91.0
#26 397.9   Downloaded futures-task v0.3.31
#26 397.9   Downloaded futures-macro v0.3.31
#26 397.9   Downloaded funty v2.0.0
#26 397.9   Downloaded foreign-types-shared v0.1.1
#26 397.9   Downloaded foldhash v0.1.5
#26 397.9   Downloaded fixed-hash v0.8.0
#26 397.9   Downloaded derive_more v2.1.1
#26 397.9   Downloaded rayon-scan v0.1.1
#26 397.9   Downloaded prost-derive v0.12.6
#26 397.9   Downloaded p3-field v0.2.3-succinct
#26 397.9   Downloaded foldhash v0.2.0
#26 397.9   Downloaded num_enum v0.5.11
#26 397.9   Downloaded powerfmt v0.2.0
#26 397.9   Downloaded alloy-rpc-types-eth v1.0.41
#26 397.9   Downloaded futures-io v0.3.31
#26 397.9   Downloaded p3-baby-bear v0.2.3-succinct
#26 397.9   Downloaded nmt-rs v0.2.5
#26 397.9   Downloaded rusticata-macros v4.1.0
#26 397.9   Downloaded p3-maybe-rayon v0.2.3-succinct
#26 397.9   Downloaded flex-error v0.4.4
#26 397.9   Downloaded p3-keccak-air v0.2.3-succinct
#26 397.9   Downloaded downloader v0.2.8
#26 397.9   Downloaded p3-interpolation v0.2.3-succinct
#26 397.9   Downloaded prost-derive v0.13.5
#26 397.9   Downloaded rustc_version v0.4.1
#26 397.9   Downloaded aho-corasick v1.1.4
#26 397.9   Downloaded num_enum_derive v0.7.5
#26 398.0   Downloaded num_enum v0.7.5
#26 398.0   Downloaded p3-matrix v0.2.3-succinct
#26 398.0   Downloaded alloy-primitives v1.3.0
#26 398.0   Downloaded tonic-build v0.13.1
#26 398.0   Downloaded scale-info v2.11.6
#26 398.0   Downloaded phf v0.11.3
#26 398.0   Downloaded p3-fri v0.2.3-succinct
#26 398.0   Downloaded elf v0.7.4
#26 398.0   Downloaded strsim v0.11.1
#26 398.0   Downloaded aws-sdk-kms v1.97.0
#26 398.0   Downloaded vsimd v0.8.0
#26 398.0   Downloaded s2n-codec v0.71.0
#26 398.0   Downloaded openssl-sys v0.9.111
#26 398.0   Downloaded ref-cast-impl v1.0.25
#26 398.0   Downloaded memchr v2.7.6
#26 398.0   Downloaded minimal-lexical v0.2.1
#26 398.0   Downloaded toml_write v0.1.2
#26 398.0   Downloaded prost-reflect v0.14.7
#26 398.0   Downloaded strum v0.27.2
#26 398.0   Downloaded flate2 v1.1.5
#26 398.0   Downloaded unicode-xid v0.2.6
#26 398.0   Downloaded toml_datetime v0.7.5+spec-1.1.0
#26 398.0   Downloaded tonic-reflection v0.10.2
#26 398.0   Downloaded tonic-build v0.10.2
#26 398.0   Downloaded generic-array v1.1.0
#26 398.0   Downloaded sync_wrapper v1.0.2
#26 398.0   Downloaded ryu v1.0.21
#26 398.0   Downloaded s2n-quic-crypto v0.71.0
#26 398.0   Downloaded s2n-quic v1.71.0
#26 398.0   Downloaded static_assertions v1.1.0
#26 398.0   Downloaded state v0.6.0
#26 398.0   Downloaded rayon-core v1.13.0
#26 398.1   Downloaded ed25519-dalek v2.2.0
#26 398.1   Downloaded figment v0.10.19
#26 398.1   Downloaded darling_core v0.21.3
#26 398.1   Downloaded revm-inspector v7.0.1
#26 398.1   Downloaded rand_core v0.6.4
#26 398.1   Downloaded prost-types v0.13.5
#26 398.1   Downloaded prost-types v0.12.6
#26 398.1   Downloaded strum v0.26.3
#26 398.1   Downloaded same-file v1.0.6
#26 398.1   Downloaded s2n-quic-rustls v0.71.0
#26 398.1   Downloaded ref-swap v0.1.2
#26 398.1   Downloaded ref-cast v1.0.25
#26 398.1   Downloaded ppv-lite86 v0.2.21
#26 398.1   Downloaded phf_generator v0.11.3
#26 398.1   Downloaded ark-bls12-381 v0.5.0
#26 398.1   Downloaded alloy-eips v1.0.41
#26 398.1   Downloaded futures v0.3.31
#26 398.1   Downloaded der v0.7.10
#26 398.1   Downloaded fs_extra v1.3.0
#26 398.1   Downloaded aws-sdk-ssooidc v1.93.0
#26 398.1   Downloaded displaydoc v0.2.5
#26 398.1   Downloaded derive_more-impl v1.0.0
#26 398.1   Downloaded aws-sdk-sts v1.95.0
#26 398.1   Downloaded ark-ff v0.5.0
#26 398.1   Downloaded ark-ff v0.4.2
#26 398.1   Downloaded dashmap v6.1.0
#26 398.1   Downloaded prost-build v0.13.5
#26 398.1   Downloaded prost-build v0.12.6
#26 398.1   Downloaded num_enum_derive v0.5.11
#26 398.1   Downloaded futures-core v0.3.31
#26 398.1   Downloaded fnv v1.0.7
#26 398.1   Downloaded enum-map-derive v0.17.0
#26 398.1   Downloaded futures-sink v0.3.31
#26 398.1   Downloaded fs-err v3.2.1
#26 398.1   Downloaded toml_parser v1.0.6+spec-1.1.0
#26 398.1   Downloaded futures-util v0.3.31
#26 398.1   Downloaded utf8parse v0.2.2
#26 398.1   Downloaded dashu-float v0.4.3
#26 398.1   Downloaded vec_map v0.8.2
#26 398.1   Downloaded sync_wrapper v0.1.2
#26 398.1   Downloaded wait-timeout v0.2.1
#26 398.1   Downloaded subtle-ng v2.5.0
#26 398.1   Downloaded subtle v2.6.1
#26 398.1   Downloaded webpki-roots v0.26.11
#26 398.1   Downloaded serde-human-bytes v0.1.2
#26 398.2   Downloaded serde_arrays v0.2.0
#26 398.2   Downloaded want v0.3.1
#26 398.2   Downloaded version_check v0.9.5
#26 398.2   Downloaded scopeguard v1.2.0
#26 398.2   Downloaded scale-info-derive v2.11.6
#26 398.2   Downloaded find-msvc-tools v0.1.5
#26 398.2   Downloaded aws-sigv4 v1.3.7
#26 398.2   Downloaded openssl-probe v0.1.6
#26 398.2   Downloaded getrandom v0.1.16
#26 398.2   Downloaded critical-section v1.2.0
#26 398.2   Downloaded phf_shared v0.11.3
#26 398.2   Downloaded group v0.12.1
#26 398.2   Downloaded option-ext v0.2.0
#26 398.2   Downloaded or-panic v1.0.2
#26 398.2   Downloaded crc32fast v1.5.0
#26 398.2   Downloaded pin-utils v0.1.0
#26 398.2   Downloaded rayon v1.11.0
#26 398.2   Downloaded peg-macros v0.8.5
#26 398.2   Downloaded ident_case v1.0.1
#26 398.2   Downloaded pkcs8 v0.10.2
#26 398.2   Downloaded getrandom v0.3.4
#26 398.2   Downloaded op-revm v7.0.1
#26 398.2   Downloaded libp2p-identity v0.2.13
#26 398.2   Downloaded icu_properties v2.1.2
#26 398.2   Downloaded subenum v1.1.3
#26 398.2   Downloaded toml_edit v0.19.15
#26 398.2   Downloaded bit-vec v0.8.0
#26 398.2   Downloaded toml_edit v0.23.10+spec-1.0.0
#26 398.2   Downloaded resolv-conf v0.7.6
#26 398.2   Downloaded p3-merkle-tree v0.2.3-succinct
#26 398.2   Downloaded p3-mds v0.2.3-succinct
#26 398.2   Downloaded rustls-pki-types v1.13.2
#26 398.2   Downloaded revm-bytecode v5.0.0
#26 398.3   Downloaded spki v0.7.3
#26 398.3   Downloaded peg-runtime v0.8.5
#26 398.3   Downloaded toml_edit v0.22.27
#26 398.3   Downloaded siphasher v1.0.1
#26 398.3   Downloaded cid v0.11.1
#26 398.3   Downloaded sp1-curves v5.2.4
#26 398.3   Downloaded revm-interpreter v22.0.1
#26 398.3   Downloaded time-core v0.1.6
#26 398.3   Downloaded sp1-build v5.2.2
#26 398.3   Downloaded tonic v0.13.1
#26 398.3   Downloaded sp1-cuda v5.2.2
#26 398.3   Downloaded threadpool v1.8.1
#26 398.3   Downloaded modular-bitfield-impl v0.11.2
#26 398.3   Downloaded rand_chacha v0.2.2
#26 398.3   Downloaded wyz v0.5.1
#26 398.3   Downloaded semver-parser v0.10.3
#26 398.3   Downloaded rcgen v0.13.2
#26 398.3   Downloaded zerovec-derive v0.11.2
#26 398.3   Downloaded thread_local v1.1.9
#26 398.3   Downloaded borsh-derive v1.6.0
#26 398.3   Downloaded icu_normalizer_data v2.1.1
#26 398.3   Downloaded tokio-stream v0.1.17
#26 398.3   Downloaded tokio-rustls v0.26.4
#26 398.3   Downloaded blockstore v0.8.0
#26 398.3   Downloaded blake2b_simd v1.0.3
#26 398.3   Downloaded camino v1.2.2
#26 398.3   Downloaded lz4-sys v1.11.1+lz4-1.10.0
#26 398.3   Downloaded constant_time_eq v0.3.1
#26 398.3   Downloaded sp1-derive v5.2.4
#26 398.3   Downloaded jsonrpsee-types v0.25.1
#26 398.3   Downloaded rand v0.9.2
#26 398.3   Downloaded logos-derive v0.15.1
#26 398.3   Downloaded number_prefix v0.4.0
#26 398.3   Downloaded matchers v0.2.0
#26 398.3   Downloaded proc-macro-error-attr2 v2.0.0
#26 398.3   Downloaded proc-macro-crate v3.4.0
#26 398.3   Downloaded p3-uni-stark v0.2.3-succinct
#26 398.3   Downloaded pear_codegen v0.2.9
#26 398.3   Downloaded logos-codegen v0.14.4
#26 398.3   Downloaded const_format_proc_macros v0.2.34
#26 398.3   Downloaded const-oid v0.9.6
#26 398.4   Downloaded pem-rfc7468 v0.7.0
#26 398.4   Downloaded pem v3.0.6
#26 398.4   Downloaded modular-bitfield v0.11.2
#26 398.4   Downloaded ruint-macro v1.2.1
#26 398.4   Downloaded nybbles v0.4.6
#26 398.4   Downloaded proc-macro-error2 v2.0.1
#26 398.4   Downloaded libm v0.2.15
#26 398.4   Downloaded rustls-native-certs v0.6.3
#26 398.4   Downloaded halo2 v0.1.0-beta.2
#26 398.4   Downloaded sp1-core-executor v5.2.4
#26 398.4   Downloaded size v0.4.1
#26 398.4   Downloaded memoffset v0.9.1
#26 398.4   Downloaded rustversion v1.0.22
#26 398.4   Downloaded simd-adler32 v0.3.8
#26 398.4   Downloaded slab v0.4.11
#26 398.4   Downloaded smallvec v1.15.1
#26 398.4   Downloaded rustls-native-certs v0.8.2
#26 398.4   Downloaded ubyte v0.10.4
#26 398.4   Downloaded base-x v0.2.11
#26 398.4   Downloaded stable-pattern v0.1.0
#26 398.4   Downloaded num v0.4.3
#26 398.4   Downloaded zstd v0.13.3
#26 398.4   Downloaded tracing-appender v0.2.4
#26 398.4   Downloaded tendermint-light-client-verifier v0.40.4
#26 398.4   Downloaded tendermint-config v0.40.4
#26 398.4   Downloaded zstd-safe v7.2.4
#26 398.4   Downloaded aws-smithy-observability v0.1.5
#26 398.4   Downloaded prost v0.13.5
#26 398.4   Downloaded socket2 v0.5.10
#26 398.4   Downloaded tracing-attributes v0.1.31
#26 398.4   Downloaded icu_provider v2.1.1
#26 398.4   Downloaded aws-smithy-json v0.61.9
#26 398.4   Downloaded gimli v0.32.3
#26 398.4   Downloaded backoff v0.4.0
#26 398.4   Downloaded s2n-quic-transport v0.71.0
#26 398.4   Downloaded base16ct v0.2.0
#26 398.4   Downloaded snowbridge-amcl v1.0.2
#26 398.5   Downloaded heck v0.4.1
#26 398.5   Downloaded rustix v1.1.3
#26 398.5   Downloaded multimap v0.10.1
#26 398.5   Downloaded schemars v1.1.0
#26 398.5   Downloaded proc-macro-crate v1.3.1
#26 398.5   Downloaded op-alloy-network v0.18.14
#26 398.5   Downloaded signature v2.2.0
#26 398.5   Downloaded serdect v0.2.0
#26 398.5   Downloaded object v0.36.7
#26 398.5   Downloaded serial_test v3.2.0
#26 398.5   Downloaded sp1-primitives v5.2.4
#26 398.5   Downloaded sp1-recursion-derive v5.2.4
#26 398.5   Downloaded rustls-pemfile v1.0.4
#26 398.5   Downloaded sp1-zkvm v5.2.2
#26 398.5   Downloaded revm-primitives v20.2.1
#26 398.5   Downloaded tower-layer v0.3.3
#26 398.5   Downloaded proc-macro2 v1.0.103
#26 398.5   Downloaded unarray v0.1.4
#26 398.5   Downloaded tower-service v0.3.3
#26 398.5   Downloaded protox v0.8.0
#26 398.5   Downloaded twox-hash v1.6.3
#26 398.5   Downloaded rust_decimal v1.39.0
#26 398.5   Downloaded rlp v0.5.2
#26 398.5   Downloaded axum-core v0.3.4
#26 398.5   Downloaded revm-database v6.0.0
#26 398.5   Downloaded macro-string v0.1.4
#26 398.5   Downloaded logos-derive v0.14.4
#26 398.5   Downloaded sp1-recursion-gnark-ffi v5.2.4
#26 398.5   Downloaded base256emoji v1.0.2
#26 398.5   Downloaded celestia-proto v0.9.1
#26 398.6   Downloaded percent-encoding v2.3.2
#26 398.6   Downloaded iana-time-zone v0.1.64
#26 398.6   Downloaded tinyvec_macros v0.1.1
#26 398.6   Downloaded heck v0.5.0
#26 398.6   Downloaded celestia-proto v0.10.0
#26 398.6   Downloaded zerovec v0.11.5
#26 398.6   Downloaded num-bigint v0.3.3
#26 398.6   Downloaded nohash-hasher v0.2.0
#26 398.6   Downloaded bytemuck_derive v1.10.2
#26 398.6   Downloaded uint v0.9.5
#26 398.6   Downloaded tinyvec v1.10.0
#26 398.6   Downloaded icu_locale_core v2.1.1
#26 398.6   Downloaded bytes-utils v0.1.4
#26 398.6   Downloaded jubjub v0.9.0
#26 398.6   Downloaded half v1.8.3
#26 398.6   Downloaded cookie v0.18.1
#26 398.6   Downloaded serde_yaml v0.9.34+deprecated
#26 398.6   Downloaded rustls-platform-verifier v0.5.3
#26 398.6   Downloaded bytes v1.11.0
#26 398.6   Downloaded secp256k1 v0.30.0
#26 398.6   Downloaded revm-state v6.0.0
#26 398.6   Downloaded tower v0.4.13
#26 398.6   Downloaded rustls-pemfile v2.2.0
#26 398.6   Downloaded sp1-core-machine v5.2.4
#26 398.6   Downloaded rusty-fork v0.3.1
#26 398.6   Downloaded pin-project-lite v0.2.16
#26 398.6   Downloaded zerotrie v0.2.3
#26 398.6   Downloaded bs58 v0.5.1
#26 398.6   Downloaded protox v0.7.2
#26 398.6   Downloaded rustc_version v0.3.3
#26 398.6   Downloaded multihash v0.19.3
#26 398.6   Downloaded sp1-stark v5.2.4
#26 398.6   Downloaded primitive-types v0.12.2
#26 398.6   Downloaded p3-util v0.2.3-succinct
#26 398.6   Downloaded p3-symmetric v0.2.3-succinct
#26 398.6   Downloaded p3-poseidon2 v0.2.3-succinct
#26 398.6   Downloaded multer v3.1.0
#26 398.6   Downloaded impl-trait-for-tuples v0.2.3
#26 398.7   Downloaded celestia-rpc v0.13.0
#26 398.7   Downloaded num-complex v0.4.6
#26 398.7   Downloaded http-body v0.4.6
#26 398.7   Downloaded icu_collections v2.1.1
#26 398.7   Downloaded tendermint-rpc v0.40.4
#26 398.7   Downloaded protox-parse v0.7.0
#26 398.7   Downloaded prettyplease v0.2.37
#26 398.7   Downloaded pin-project-internal v1.1.10
#26 398.7   Downloaded pear v0.2.9
#26 398.7   Downloaded uncased v0.9.10
#26 398.7   Downloaded http-client-unix-domain-socket v0.1.2
#26 398.7   Downloaded http-body-util v0.1.3
#26 398.7   Downloaded celestia-grpc v0.8.0
#26 398.7   Downloaded serde_path_to_error v0.1.20
#26 398.7   Downloaded bytemuck v1.24.0
#26 398.7   Downloaded stable_deref_trait v1.2.1
#26 398.7   Downloaded tagptr v0.2.0
#26 398.7   Downloaded petgraph v0.6.5
#26 398.7   Downloaded block-buffer v0.10.4
#26 398.7   Downloaded lru-slab v0.1.2
#26 398.7   Downloaded is-terminal v0.4.17
#26 398.7   Downloaded sp1-recursion-core v5.2.4
#26 398.7   Downloaded aws-smithy-runtime-api v1.9.3
#26 398.7   Downloaded opaque-debug v0.3.1
#26 398.7   Downloaded lru v0.12.5
#26 398.7   Downloaded lru v0.13.0
#26 398.7   Downloaded is_terminal_polyfill v1.70.2
#26 398.7   Downloaded pairing v0.23.0
#26 398.7   Downloaded blockstore v0.7.1
#26 398.7   Downloaded sha1 v0.10.6
#26 398.7   Downloaded ipnet v2.11.0
#26 398.7   Downloaded bitflags v2.10.0
#26 398.7   Downloaded petgraph v0.7.1
#26 398.8   Downloaded aws-smithy-query v0.60.9
#26 398.8   Downloaded unsigned-varint v0.8.0
#26 398.8   Downloaded backtrace v0.3.76
#26 398.8   Downloaded parking_lot_core v0.9.12
#26 398.8   Downloaded revm-handler v7.0.1
#26 398.8   Downloaded parking_lot v0.12.5
#26 398.8   Downloaded pairing v0.22.0
#26 398.8   Downloaded byte-slice-cast v1.2.3
#26 398.8   Downloaded utf-8 v0.7.6
#26 398.8   Downloaded aws-smithy-xml v0.60.13
#26 398.8   Downloaded pasta_curves v0.4.1
#26 398.8   Downloaded blake2 v0.10.6
#26 398.8   Downloaded miette-derive v7.6.0
#26 398.8   Downloaded phf_macros v0.11.3
#26 398.8   Downloaded aws-smithy-runtime v1.9.5
#26 398.8   Downloaded sha2 v0.9.9
#26 398.8   Downloaded rustc-hex v2.1.0
#26 398.8   Downloaded num-bigint v0.4.6
#26 398.8   Downloaded twirp-rs v0.13.0-succinct
#26 398.8   Downloaded unicode-width v0.1.14
#26 398.8   Downloaded yasna v0.5.2
#26 398.8   Downloaded hyper-timeout v0.4.1
#26 398.8   Downloaded serde_derive v1.0.228
#26 398.8   Downloaded rand_xorshift v0.4.0
#26 398.8   Downloaded hex-conservative v0.2.2
#26 398.8   Downloaded regex-syntax v0.8.8
#26 398.8   Downloaded zeroize v1.8.2
#26 398.8   Downloaded rustc-hash v2.1.1
#26 398.8   Downloaded hmac v0.12.1
#26 398.8   Downloaded rand v0.8.5
#26 398.8   Downloaded tungstenite v0.26.2
#26 398.8   Downloaded hash_hasher v2.0.4
#26 398.8   Downloaded serde_core v1.0.228
#26 398.8   Downloaded hyper-tls v0.6.0
#26 398.8   Downloaded aws-smithy-types v1.3.5
#26 398.8   Downloaded ics23 v0.12.0
#26 398.8   Downloaded itertools v0.10.5
#26 398.8   Downloaded itoa v1.0.16
#26 398.9   Downloaded openssl-macros v0.1.1
#26 398.9   Downloaded zerocopy-derive v0.8.31
#26 398.9   Downloaded try-lock v0.2.5
#26 398.9   Downloaded hyper-rustls v0.24.2
#26 398.9   Downloaded toml_datetime v0.6.11
#26 398.9   Downloaded scc v2.4.0
#26 398.9   Downloaded tokio-macros v2.6.0
#26 398.9   Downloaded sysinfo v0.30.13
#26 398.9   Downloaded keccak v0.1.5
#26 398.9   Downloaded blst v0.3.16
#26 398.9   Downloaded memuse v0.2.2
#26 398.9   Downloaded op-alloy-rpc-types v0.18.14
#26 398.9   Downloaded libloading v0.8.9
#26 398.9   Downloaded hex-literal v1.1.0
#26 398.9   Downloaded toml v0.8.23
#26 398.9   Downloaded tracing-core v0.1.36
#26 398.9   Downloaded tokio-rustls v0.24.1
#26 398.9   Downloaded jsonrpsee-client-transport v0.25.1
#26 398.9   Downloaded bitvec v1.0.1
#26 398.9   Downloaded yoke v0.8.1
#26 398.9   Downloaded serde_json v1.0.147
#26 398.9   Downloaded tracing-subscriber v0.3.22
#26 398.9   Downloaded sp1-lib v5.2.4
#26 398.9   Downloaded idna v1.1.0
#26 398.9   Downloaded pest v2.8.4
#26 398.9   Downloaded pasta_curves v0.5.1
#26 398.9   Downloaded libz-sys v1.1.23
#26 398.9   Downloaded instant v0.1.13
#26 398.9   Downloaded reqwest v0.11.27
#26 399.0   Downloaded hyper-util v0.1.19
#26 399.0   Downloaded rand v0.7.3
#26 399.0   Downloaded itertools v0.12.1
#26 399.0   Downloaded tracing-forest v0.1.6
#26 399.0   Downloaded tokio-util v0.7.17
#26 399.0   Downloaded hickory-proto v0.25.2
#26 399.0   Downloaded cbindgen v0.27.0
#26 399.0   Downloaded miette v7.6.0
#26 399.0   Downloaded h2 v0.4.12
#26 399.0   Downloaded h2 v0.3.27
#26 399.0   Downloaded libc v0.2.178
#26 399.1   Downloaded intrusive-collections v0.9.7
#26 399.1   Downloaded openssl v0.10.75
#26 399.1   Downloaded http v1.4.0
#26 399.1   Downloaded http v0.2.12
#26 399.1   Downloaded halo2_proofs v0.1.0
#26 399.1   Downloaded icu_properties_data v2.1.2
#26 399.1   Downloaded borsh v1.6.0
#26 399.1   Downloaded quinn v0.11.9
#26 399.1   Downloaded tokio v1.48.0
#26 399.1   Downloaded clap_builder v4.5.53
#26 399.1   Downloaded regex-automata v0.4.13
#26 399.1   Downloaded soketto v0.8.1
#26 399.1   Downloaded pin-project v1.1.10
#26 399.1   Downloaded jsonrpsee-core v0.25.1
#26 399.1   Downloaded signal-hook-registry v1.4.7
#26 399.1   Downloaded httparse v1.10.1
#26 399.1   Downloaded bls12_381 v0.7.1
#26 399.1   Downloaded h3 v0.0.6
#26 399.2   Downloaded num-integer v0.1.46
#26 399.2   Downloaded tracing v0.1.44
#26 399.2   Downloaded aws-types v1.3.11
#26 399.2   Downloaded bon v3.8.1
#26 399.2   Downloaded quote v1.0.42
#26 399.2   Downloaded hex v0.4.3
#26 399.2   Downloaded zerofrom-derive v0.1.6
#26 399.2   Downloaded urlencoding v2.1.3
#26 399.2   Downloaded base64 v0.13.1
#26 399.2   Downloaded rustls-webpki v0.101.7
#26 399.2   Downloaded unicode-segmentation v1.12.0
#26 399.2   Downloaded logos-codegen v0.15.1
#26 399.2   Downloaded quinn-udp v0.5.14
#26 399.2   Downloaded rocksdb v0.24.0
#26 399.2   Downloaded reqwest v0.12.28
#26 399.2   Downloaded yansi v1.0.1
#26 399.2   Downloaded hickory-resolver v0.25.2
#26 399.2   Downloaded untrusted v0.9.0
#26 399.2   Downloaded rrs-succinct v0.1.0
#26 399.2   Downloaded paste v1.0.15
#26 399.2   Downloaded rand_chacha v0.3.1
#26 399.2   Downloaded hyper-rustls v0.27.7
#26 399.2   Downloaded serde_bytes v0.11.19
#26 399.2   Downloaded tokio-native-tls v0.3.1
#26 399.2   Downloaded c-kzg v2.1.5
#26 399.2   Downloaded base64 v0.22.1
#26 399.2   Downloaded sp1-sdk v5.2.2
#26 399.3   Downloaded regex-lite v0.1.8
#26 399.3   Downloaded url v2.5.7
#26 399.3   Downloaded rand_core v0.5.1
#26 399.3   Downloaded rand_chacha v0.9.0
#26 399.3   Downloaded cargo_metadata v0.18.1
#26 399.3   Downloaded cargo-platform v0.1.9
#26 399.3   Downloaded op-alloy-consensus v0.18.14
#26 399.3   Downloaded tower v0.5.2
#26 399.3   Downloaded once_cell v1.21.3
#26 399.3   Downloaded hashbrown v0.12.3
#26 399.3   Downloaded zerofrom v0.1.6
#26 399.3   Downloaded yoke-derive v0.8.1
#26 399.3   Downloaded byteorder v1.5.0
#26 399.3   Downloaded bon-macros v3.8.1
#26 399.3   Downloaded tracing-log v0.2.0
#26 399.3   Downloaded rand_core v0.9.3
#26 399.3   Downloaded num-order v1.2.0
#26 399.3   Downloaded sharded-slab v0.1.7
#26 399.3   Downloaded moka v0.12.12
#26 399.3   Downloaded bindgen v0.72.1
#26 399.3   Downloaded base64 v0.21.7
#26 399.3   Downloaded bindgen v0.70.1
#26 399.3   Downloaded tinystr v0.8.2
#26 399.3   Downloaded zkhash v0.2.0
#26 399.3   Downloaded proptest v1.9.0
#26 399.3   Downloaded bindgen v0.71.1
#26 399.3   Downloaded syn v1.0.109
#26 399.3   Downloaded axum v0.6.20
#26 399.3   Downloaded chrono v0.4.42
#26 399.3   Downloaded tiny-keccak v2.0.2
#26 399.3   Downloaded itertools v0.14.0
#26 399.3   Downloaded time-macros v0.2.24
#26 399.3   Downloaded thiserror-impl v2.0.17
#26 399.3   Downloaded tendermint v0.40.4
#26 399.4   Downloaded ruint v1.17.0
#26 399.4   Downloaded axum v0.7.9
#26 399.4   Downloaded hkdf v0.12.4
#26 399.4   Downloaded nix v0.30.1
#26 399.4   Downloaded axum v0.8.8
#26 399.4   Downloaded syn v2.0.111
#26 399.4   Downloaded aws-smithy-http-client v1.1.5
#26 399.4   Downloaded zerocopy v0.8.31
#26 399.4   Downloaded celestia-types v0.16.0
#26 399.4   Downloaded hyper v1.8.1
#26 399.4   Downloaded hyper v0.14.32
#26 399.4   Downloaded celestia-types v0.15.0
#26 399.4   Downloaded quinn-proto v0.11.13
#26 399.4   Downloaded unicode-ident v1.0.22
#26 399.4   Downloaded hex-literal v0.4.1
#26 399.4   Downloaded cexpr v0.6.0
#26 399.4   Downloaded httpdate v1.0.3
#26 399.4   Downloaded thiserror v2.0.17
#26 399.4   Downloaded thiserror v1.0.69
#26 399.4   Downloaded sp1-recursion-compiler v5.2.4
#26 399.4   Downloaded nom v7.1.3
#26 399.4   Downloaded itertools v0.13.0
#26 399.5   Downloaded iri-string v0.7.9
#26 399.5   Downloaded object v0.37.3
#26 399.5   Downloaded portable-atomic v1.12.0
#26 399.5   Downloaded serde_cbor v0.11.2
#26 399.5   Downloaded sp1-recursion-circuit v5.2.4
#26 399.5   Downloaded tendermint-proto v0.40.4
#26 399.5   Downloaded curve25519-dalek-ng v4.1.1
#26 399.5   Downloaded sha3-asm v0.1.4
#26 399.5   Downloaded mio v1.1.1
#26 399.5   Downloaded tower-http v0.6.8
#26 399.5   Downloaded rustc-demangle v0.1.26
#26 399.5   Downloaded miniz_oxide v0.8.9
#26 399.5   Downloaded untrusted v0.7.1
#26 399.5   Downloaded serial_test_derive v3.2.0
#26 399.5   Downloaded cc v1.2.50
#26 399.5   Downloaded axum-core v0.5.5
#26 399.5   Downloaded unsafe-libyaml v0.2.11
#26 399.5   Downloaded core2 v0.4.0
#26 399.5   Downloaded rustls-webpki v0.103.8
#26 399.5   Downloaded bitflags v1.3.2
#26 399.5   Downloaded axum-core v0.4.5
#26 399.5   Downloaded spin v0.9.8
#26 399.5   Downloaded socket2 v0.6.1
#26 399.5   Downloaded hashbrown v0.15.5
#26 399.5   Downloaded blake3 v1.8.2
#26 399.5   Downloaded typenum v1.19.0
#26 399.5   Downloaded hashbrown v0.16.1
#26 399.5   Downloaded hashbrown v0.14.5
#26 399.5   Downloaded leopard-codec v0.2.0
#26 399.5   Downloaded s2n-quic-core v0.71.0
#26 399.6   Downloaded sp1-prover v5.2.2
#26 399.6   Downloaded block-buffer v0.9.0
#26 399.6   Downloaded tap v1.0.1
#26 399.6   Downloaded synstructure v0.13.2
#26 399.6   Downloaded serde_repr v0.1.20
#26 399.6   Downloaded rustc-hash v1.1.0
#26 399.6   Downloaded quick-error v1.2.3
#26 399.6   Downloaded num-conv v0.1.0
#26 399.6   Downloaded thiserror-impl v1.0.69
#26 399.6   Downloaded protox-parse v0.8.0
#26 399.6   Downloaded ruzstd v0.7.3
#26 399.6   Downloaded sp1_bls12_381 v0.8.0-sp1-5.0.0
#26 399.6   Downloaded ripemd v0.1.3
#26 399.6   Downloaded leopard-codec v0.1.0
#26 399.6   Downloaded zmij v0.1.7
#26 399.6   Downloaded tokio-tungstenite v0.26.2
#26 399.6   Downloaded tempfile v3.24.0
#26 399.6   Downloaded prost-reflect v0.15.3
#26 399.6   Downloaded dashu-int v0.4.1
#26 399.6   Downloaded multibase v0.9.2
#26 399.6   Downloaded lazy_static v1.5.0
#26 399.6   Downloaded keccak-asm v0.1.4
#26 399.6   Downloaded indenter v0.3.4
#26 399.6   Downloaded impl-codec v0.6.0
#26 399.6   Downloaded idna_adapter v1.2.1
#26 399.6   Downloaded hyper-timeout v0.5.2
#26 399.6   Downloaded http-body v1.0.1
#26 399.6   Downloaded utf8_iter v1.0.4
#26 399.6   Downloaded parity-scale-codec-derive v3.7.5
#26 399.6   Downloaded inlinable_string v0.1.15
#26 399.6   Downloaded serde_with_macros v3.16.1
#26 399.6   Downloaded revm-database-interface v6.0.0
#26 399.6   Downloaded revm-context-interface v7.0.1
#26 399.6   Downloaded convert_case v0.10.0
#26 399.6   Downloaded bech32 v0.11.1
#26 399.6   Downloaded serde v1.0.228
#26 399.6   Downloaded ucd-trie v0.1.7
#26 399.6   Downloaded tokio-io-timeout v1.2.1
#26 399.6   Downloaded serde_urlencoded v0.7.1
#26 399.6   Downloaded serde_spanned v0.6.9
#26 399.6   Downloaded serde_with v3.16.1
#26 399.6   Downloaded zeroize_derive v1.4.2
#26 399.6   Downloaded indicatif v0.17.11
#26 399.6   Downloaded indexmap v2.12.1
#26 399.6   Downloaded const_format v0.2.35
#26 399.7   Downloaded time v0.3.44
#26 399.7   Downloaded schemars v0.9.0
#26 399.7   Downloaded clap v4.5.53
#26 399.7   Downloaded clang-sys v1.8.1
#26 399.7   Downloaded radium v0.7.0
#26 399.7   Downloaded oid-registry v0.7.1
#26 399.7   Downloaded webpki-roots v1.0.4
#26 399.7   Downloaded indexmap v1.9.3
#26 399.7   Downloaded shlex v1.3.0
#26 399.7   Downloaded prost v0.12.6
#26 399.7   Downloaded vcpkg v0.2.15
#26 399.7   Downloaded unicode-width v0.2.2
#26 399.7   Downloaded parity-scale-codec v3.7.5
#26 399.7   Downloaded rustls v0.23.35
#26 399.7   Downloaded regex v1.12.2
#26 399.7   Downloaded matchit v0.7.3
#26 399.7   Downloaded jsonrpsee-proc-macros v0.25.1
#26 399.7   Downloaded console v0.15.11
#26 399.7   Downloaded winnow v0.7.14
#26 399.7   Downloaded syn-solidity v1.5.2
#26 399.7   Downloaded peg v0.8.5
#26 399.7   Downloaded num-rational v0.4.2
#26 399.7   Downloaded nu-ansi-term v0.50.3
#26 399.7   Downloaded matchit v0.8.4
#26 399.7   Downloaded jsonrpsee-http-client v0.25.1
#26 399.7   Downloaded const-hex v1.17.0
#26 399.7   Downloaded cmake v0.1.57
#26 399.7   Downloaded match-lookup v0.1.1
#26 399.8   Downloaded const-str v0.4.3
#26 399.8   Downloaded winnow v0.5.40
#26 399.8   Downloaded bzip2-sys v0.1.13+1.0.8
#26 399.8   Downloaded informalsystems-pbjson v0.7.0
#26 399.8   Downloaded convert_case v0.7.1
#26 399.8   Downloaded colorchoice v1.0.4
#26 399.8   Downloaded clap_derive v4.5.49
#26 399.8   Downloaded range-set-blaze v0.1.16
#26 399.8   Downloaded zstd-sys v2.0.16+zstd.1.5.7
#26 399.8   Downloaded revm-precompile v23.0.0
#26 399.8   Downloaded clap_lex v0.7.6
#26 399.8   Downloaded bitcoin_hashes v0.14.1
#26 399.8   Downloaded pkg-config v0.3.32
#26 399.8   Downloaded rustls v0.21.12
#26 399.8   Downloaded num-modular v0.6.1
#26 399.8   Downloaded pathdiff v0.2.3
#26 399.8   Downloaded revm-context v7.0.1
#26 399.8   Downloaded x509-parser v0.16.0
#26 399.8   Downloaded x509-cert v0.2.5
#26 399.8   Downloaded revm v26.0.1
#26 399.8   Downloaded reqwest-middleware v0.3.3
#26 399.8   Downloaded icu_normalizer v2.1.1
#26 399.8   Downloaded tonic v0.12.3
#26 399.8   Downloaded outref v0.5.2
#26 399.8   Downloaded bincode v1.3.3
#26 399.8   Downloaded bimap v0.6.3
#26 399.8   Downloaded tonic v0.10.2
#26 399.8   Downloaded s2n-quic-platform v0.71.0
#26 399.8   Downloaded base64ct v1.8.1
#26 399.8   Downloaded strum_macros v0.26.4
#26 399.8   Downloaded semver v1.0.27
#26 399.8   Downloaded getrandom v0.2.16
#26 399.8   Downloaded generic-array v0.14.9
#26 399.8   Downloaded group v0.13.0
#26 399.8   Downloaded cfg_aliases v0.2.1
#26 399.8   Downloaded uuid v1.19.0
#26 399.8   Downloaded sdd v3.0.10
#26 399.8   Downloaded jsonrpsee v0.25.1
#26 399.8   Downloaded jobserver v0.1.34
#26 399.8   Downloaded glob v0.3.3
#26 399.8   Downloaded semver v0.11.0
#26 399.9   Downloaded jsonrpsee-ws-client v0.25.1
#26 399.9   Downloaded sct v0.7.1
#26 399.9   Downloaded walkdir v2.5.0
#26 399.9   Downloaded valuable v0.1.1
#26 399.9   Downloaded strum_macros v0.27.2
#26 399.9   Downloaded gen_ops v0.4.0
#26 399.9   Downloaded gcd v2.3.0
#26 399.9   Downloaded futures-utils-wasm v0.1.0
#26 399.9   Downloaded crc-catalog v2.4.0
#26 399.9   Downloaded crc v3.4.0
#26 399.9   Downloaded cpufeatures v0.2.17
#26 399.9   Downloaded cfg-if v1.0.4
#26 399.9   Downloaded celestia-grpc-macros v0.4.0
#26 399.9   Downloaded bitcoin-io v0.1.4
#26 399.9   Downloaded bit-set v0.8.0
#26 399.9   Downloaded binascii v0.1.4
#26 399.9   Downloaded beef v0.5.2
#26 399.9   Downloaded base64-simd v0.8.0
#26 399.9   Downloaded xmlparser v0.13.6
#26 399.9   Downloaded writeable v0.6.2
#26 399.9   Downloaded web-time v1.1.0
#26 399.9   Downloaded subtle-encoding v0.5.1
#26 399.9   Downloaded sec1 v0.7.3
#26 399.9   Downloaded proc-macro2-diagnostics v0.10.1
#26 399.9   Downloaded potential_utf v0.1.4
#26 399.9   Downloaded p3-dft v0.2.3-succinct
#26 399.9   Downloaded p3-commit v0.2.3-succinct
#26 399.9   Downloaded p3-challenger v0.2.3-succinct
#26 399.9   Downloaded p3-bn254-fr v0.2.3-succinct
#26 399.9   Downloaded p3-air v0.2.3-succinct
#26 399.9   Downloaded num_cpus v1.17.0
#26 399.9   Downloaded num-traits v0.2.19
#26 399.9   Downloaded num-iter v0.1.45
#26 399.9   Downloaded native-tls v0.2.14
#26 399.9   Downloaded multiaddr v0.18.2
#26 399.9   Downloaded mime v0.3.17
#26 399.9   Downloaded lumina-utils v0.4.0
#26 399.9   Downloaded log v0.4.29
#26 399.9   Downloaded litemap v0.8.1
#26 399.9   Downloaded fastrlp v0.3.1
#26 399.9   Downloaded der_derive v0.7.3
#26 399.9   Downloaded futures-channel v0.3.31
#26 399.9   Downloaded foreign-types v0.3.2
#26 399.9   Downloaded flagset v0.4.7
#26 399.9   Downloaded fixedbitset v0.4.2
#26 399.9   Downloaded ff v0.13.1
#26 399.9   Downloaded ev-types v0.0.1
#26 399.9   Downloaded aws-config v1.8.12
#26 399.9   Downloaded eyre v0.6.12
#26 399.9   Downloaded encoding_rs v0.8.35
#26 399.9   Downloaded errno v0.3.14
#26 399.9   Downloaded equivalent v1.0.2
#26 399.9   Downloaded enum-map v2.7.3
#26 399.9   Downloaded enum-as-inner v0.6.1
#26 399.9   Downloaded dashu-base v0.4.1
#26 399.9   Downloaded dashu v0.4.2
#26 399.9   Downloaded aws-credential-types v1.2.11
#26 400.0   Downloaded aws-lc-sys v0.35.0
#26 400.1   Downloaded autocfg v1.5.0
#26 400.1   Downloaded atomic-waker v1.1.2
#26 400.1   Downloaded async-stream-impl v0.3.6
#26 400.1   Downloaded async-stream v0.3.6
#26 400.1   Downloaded asn1_der v0.7.6
#26 400.1   Downloaded asn1-rs-impl v0.2.0
#26 400.1   Downloaded logos v0.14.4
#26 400.1   Downloaded ark-ff-macros v0.5.0
#26 400.1   Downloaded ark-ff-asm v0.3.0
#26 400.1   Downloaded ark-ec v0.5.0
#26 400.2   Downloaded alloy-trie v0.9.1
#26 400.2   Downloaded alloy-transport-ws v1.0.41
#26 400.2   Downloaded ring v0.17.14
#26 400.2   Downloaded alloy-sol-types v1.3.0
#26 400.2   Downloaded librocksdb-sys v0.17.3+10.4.2
#26 400.3   Downloaded alloy-sol-macro-input v1.3.0
#26 400.3   Downloaded logos v0.15.1
#26 400.3   Downloaded alloy-sol-macro-expander v1.3.0
#26 400.3   Downloaded alloy-rpc-types-engine v1.0.41
#26 400.3   Downloaded alloy-provider v1.0.32
#26 400.3   Downloaded alloy-eip2930 v0.2.1
#26 400.3   Downloaded adler2 v2.0.1
#26 400.3   Downloaded ark-std v0.5.0
#26 400.4   Downloaded ark-ff-macros v0.4.2
#26 400.4   Downloaded ark-ff-macros v0.3.0
#26 400.4   Downloaded ark-ff-asm v0.4.2
#26 400.4   Downloaded ansi_term v0.12.1
#26 400.4   Downloaded alloy-sol-type-parser v1.5.2
#26 400.4   Downloaded alloy-signer-local v1.0.41
#26 400.4   Downloaded alloy-signer-aws v1.0.41
#26 400.4   Downloaded alloy-eip2124 v0.2.0
#26 400.4   Downloaded ed25519-consensus v2.1.0
#26 400.4   Downloaded dyn-clone v1.0.20
#26 400.4   Downloaded dirs-sys v0.4.1
#26 400.4   Downloaded digest v0.9.0
#26 400.4   Downloaded devise_codegen v0.4.2
#26 400.4   Downloaded devise v0.4.2
#26 400.4   Downloaded derive_more v1.0.0
#26 400.4   Downloaded dashu-macros v0.4.1
#26 400.4   Downloaded darling_macro v0.21.3
#26 400.4   Downloaded darling v0.21.3
#26 400.4   Downloaded ark-serialize v0.4.2
#26 400.4   Downloaded anyhow v1.0.100
#26 400.4   Downloaded alloy-consensus v1.0.41
#26 400.4   Downloaded addr2line v0.25.1
#26 400.4   Downloaded form_urlencoded v1.2.2
#26 400.4   Downloaded fixedbitset v0.5.7
#26 400.4   Downloaded ff_derive v0.13.1
#26 400.4   Downloaded ff v0.12.1
#26 400.4   Downloaded fastrlp v0.4.0
#26 400.4   Downloaded eventsource-stream v0.2.3
#26 400.4   Downloaded enum_dispatch v0.3.13
#26 400.4   Downloaded elliptic-curve v0.13.8
#26 400.4   Downloaded educe v0.6.0
#26 400.4   Downloaded dunce v1.0.5
#26 400.4   Downloaded downcast-rs v1.2.1
#26 400.4   Downloaded dotenvy v0.15.7
#26 400.4   Downloaded devise_core v0.4.2
#26 400.4   Downloaded derive-where v1.6.0
#26 400.4   Downloaded deranged v0.5.5
#26 400.4   Downloaded arrayvec v0.7.6
#26 400.4   Downloaded ark-ff-asm v0.5.0
#26 400.4   Downloaded ark-ff v0.3.0
#26 400.4   Downloaded alloy-tx-macros v1.2.1
#26 400.4   Downloaded alloy-sol-macro v1.3.0
#26 400.4   Downloaded alloy-json-abi v1.3.0
#26 400.4   Downloaded alloy-hardforks v0.2.13
#26 400.4   Downloaded secp256k1-sys v0.10.1
#26 400.5   Downloaded linux-raw-sys v0.11.0
#26 400.5   Downloaded alloy-genesis v1.0.41
#26 400.5   Downloaded alloy-core v1.3.0
#26 400.5   Downloaded alloy-consensus-any v1.0.41
#26 400.5   Downloaded auto_impl v1.3.0
#26 400.5   Downloaded ark-serialize-derive v0.5.0
#26 400.5   Downloaded alloy-serde v1.0.41
#26 400.5   Downloaded alloy-contract v1.0.32
#26 400.5   Downloaded cuckoofilter v0.5.0
#26 400.5   Downloaded crossbeam-channel v0.5.15
#26 400.5   Downloaded asn1-rs-derive v0.5.1
#26 400.5   Downloaded ark-serialize v0.3.0
#26 400.5   Downloaded anstyle-query v1.1.5
#26 400.5   Downloaded alloy-transport v1.0.41
#26 400.5   Downloaded alloy-rpc-types-any v1.0.41
#26 400.5   Downloaded ark-bn254 v0.5.0
#26 400.5   Downloaded ahash v0.8.12
#26 400.5   Downloaded crypto-bigint v0.5.5
#26 400.5   Downloaded ark-std v0.4.0
#26 400.5   Downloaded alloy v1.0.32
#26 400.5   Downloaded derive_more v0.99.20
#26 400.5   Downloaded data-encoding-macro-internal v0.1.16
#26 400.5   Downloaded data-encoding-macro v0.1.18
#26 400.5   Downloaded dashu-ratio v0.4.1
#26 400.5   Downloaded aws-smithy-async v1.2.7
#26 400.5   Downloaded alloy-rpc-client v1.0.41
#26 400.5   Downloaded alloy-pubsub v1.0.41
#26 400.5   Downloaded alloy-op-hardforks v0.2.13
#26 400.5   Downloaded alloy-network-primitives v1.0.41
#26 400.5   Downloaded alloy-json-rpc v1.0.41
#26 400.5   Downloaded addchain v0.2.0
#26 400.5   Downloaded crossbeam-deque v0.8.6
#26 400.6   Downloaded alloy-rlp-derive v0.3.12
#26 400.6   Downloaded alloy-chains v0.2.23
#26 400.9   Downloaded kzg-rs v0.2.7
#26 401.4    Compiling proc-macro2 v1.0.103
#26 401.4    Compiling quote v1.0.42
#26 401.4    Compiling unicode-ident v1.0.22
#26 401.4    Compiling serde_core v1.0.228
#26 401.4    Compiling serde v1.0.228
#26 401.4    Compiling cfg-if v1.0.4
#26 401.4    Compiling libc v0.2.178
#26 401.4    Compiling autocfg v1.5.0
#26 401.4    Compiling version_check v0.9.5
#26 401.4    Compiling typenum v1.19.0
#26 401.7    Compiling portable-atomic v1.12.0
#26 401.8    Compiling critical-section v1.2.0
#26 402.1    Compiling shlex v1.3.0
#26 402.5    Compiling find-msvc-tools v0.1.5
#26 402.6    Compiling subtle v2.6.1
#26 402.7    Compiling generic-array v0.14.9
#26 402.7    Compiling itoa v1.0.16
#26 402.8    Compiling num-traits v0.2.19
#26 403.2    Compiling syn v1.0.109
#26 403.4    Compiling zerocopy v0.8.31
#26 403.5    Compiling pin-project-lite v0.2.16
#26 404.0    Compiling equivalent v1.0.2
#26 404.2    Compiling jobserver v0.1.34
#26 404.2    Compiling radium v0.7.0
#26 404.5    Compiling once_cell v1.21.3
#26 404.5    Compiling getrandom v0.2.16
#26 404.6    Compiling const-oid v0.9.6
#26 405.2    Compiling memchr v2.7.6
#26 405.2    Compiling cc v1.2.50
#26 405.2    Compiling log v0.4.29
#26 405.2    Compiling hashbrown v0.16.1
#26 405.2    Compiling num-bigint v0.3.3
#26 405.5    Compiling num-integer v0.1.46
#26 405.6    Compiling rand_core v0.6.4
#26 405.8    Compiling tracing-core v0.1.36
#26 406.0    Compiling syn v2.0.111
#26 406.2    Compiling paste v1.0.15
#26 406.6    Compiling indexmap v2.12.1
#26 406.7    Compiling cpufeatures v0.2.17
#26 406.8    Compiling unicode-xid v0.2.6
#26 406.9    Compiling heck v0.5.0
#26 407.0    Compiling rustversion v1.0.22
#26 407.1    Compiling crossbeam-utils v0.8.21
#26 407.5    Compiling winnow v0.7.14
#26 407.6    Compiling tap v1.0.1
#26 408.0    Compiling funty v2.0.0
#26 408.1    Compiling either v1.15.0
#26 408.2    Compiling wyz v0.5.1
#26 408.5    Compiling byteorder v1.5.0
#26 408.9    Compiling addchain v0.2.0
#26 408.9    Compiling base64ct v1.8.1
#26 409.2    Compiling flagset v0.4.7
#26 409.2    Compiling thiserror v2.0.17
#26 409.8    Compiling crunchy v0.2.4
#26 409.8    Compiling tiny-keccak v2.0.2
#26 409.9    Compiling pem-rfc7468 v0.7.0
#26 410.0    Compiling base16ct v0.2.0
#26 410.1    Compiling parking_lot_core v0.9.12
#26 410.2    Compiling ff_derive v0.13.1
#26 410.4    Compiling serde_derive v1.0.228
#26 410.4    Compiling zeroize_derive v1.4.2
#26 410.5    Compiling tracing-attributes v0.1.31
#26 410.7    Compiling der_derive v0.7.3
#26 410.9    Compiling thiserror-impl v2.0.17
#26 411.1    Compiling allocator-api2 v0.2.21
#26 411.4    Compiling futures-macro v0.3.31
#26 411.9    Compiling zeroize v1.8.2
#26 412.0    Compiling ppv-lite86 v0.2.21
#26 412.5    Compiling scopeguard v1.2.0
#26 412.5    Compiling strsim v0.11.1
#26 412.6    Compiling futures-core v0.3.31
#26 412.6    Compiling tracing v0.1.44
#26 413.0    Compiling der v0.7.10
#26 413.1    Compiling lock_api v0.4.14
#26 413.1    Compiling rayon-core v1.13.0
#26 413.4    Compiling keccak v0.1.5
#26 413.7    Compiling serde_json v1.0.147
#26 413.8    Compiling futures-sink v0.3.31
#26 414.0    Compiling block-buffer v0.10.4
#26 414.1    Compiling crypto-common v0.1.6
#26 414.2    Compiling crypto-bigint v0.5.5
#26 414.2    Compiling toml_parser v1.0.6+spec-1.1.0
#26 414.4    Compiling futures-io v0.3.31
#26 414.5    Compiling toml_datetime v0.7.5+spec-1.1.0
#26 414.5    Compiling zmij v0.1.7
#26 414.6    Compiling synstructure v0.13.2
#26 414.9    Compiling digest v0.10.7
#26 414.9    Compiling spki v0.7.3
#26 415.0    Compiling bytes v1.11.0
#26 415.1    Compiling smallvec v1.15.1
#26 415.5    Compiling bitvec v1.0.1
#26 415.7    Compiling arrayvec v0.7.6
#26 415.8    Compiling serdect v0.2.0
#26 415.9    Compiling sha2 v0.10.9 (https://github.com/sp1-patches/RustCrypto-hashes?tag=patch-sha2-0.10.9-sp1-4.0.0#0b1945ee)
#26 416.0    Compiling hmac v0.12.1
#26 416.0    Compiling pkcs8 v0.10.2
#26 416.4    Compiling signature v2.2.0
#26 416.9    Compiling rfc6979 v0.4.0 (https://github.com/sp1-patches/signatures.git?tag=patch-16.9-sp1-4.1.0#1880299a)
#26 416.9    Compiling http v1.4.0
#26 416.9    Compiling sha3 v0.10.8 (https://github.com/sp1-patches/RustCrypto-hashes?tag=patch-sha3-0.10.8-sp1-4.0.0#8f6d303c)
#26 417.3    Compiling sec1 v0.7.3
#26 417.4    Compiling toml_edit v0.23.10+spec-1.0.0
#26 417.6    Compiling foldhash v0.1.5
#26 417.6    Compiling dunce v1.0.5
#26 418.0    Compiling parking_lot v0.12.5
#26 418.2    Compiling unicode-segmentation v1.12.0
#26 418.5    Compiling hashbrown v0.15.5
#26 418.7    Compiling ff v0.13.1
#26 418.8    Compiling proc-macro-crate v3.4.0
#26 419.2    Compiling convert_case v0.10.0
#26 419.3    Compiling ruint-macro v1.2.1
#26 419.4    Compiling group v0.13.0
#26 419.5    Compiling pin-utils v0.1.0
#26 419.5    Compiling slab v0.4.11
#26 419.7    Compiling fnv v1.0.7
#26 419.8    Compiling futures-channel v0.3.31
#26 420.2    Compiling num-bigint v0.4.6
#26 420.4    Compiling elliptic-curve v0.13.8
#26 420.4    Compiling derive_more-impl v2.1.1
#26 420.5    Compiling futures-task v0.3.31
#26 420.5    Compiling alloy-rlp-derive v0.3.12
#26 420.5    Compiling zerofrom-derive v0.1.6
#26 420.7    Compiling rand_chacha v0.3.1
#26 420.8    Compiling tokio-macros v2.6.0
#26 420.9    Compiling socket2 v0.6.1
#26 421.0    Compiling signal-hook-registry v1.4.7
#26 421.4    Compiling futures-util v0.3.31
#26 421.6    Compiling ecdsa v0.16.9 (https://github.com/sp1-patches/signatures.git?tag=patch-16.9-sp1-4.1.0#1880299a)
#26 421.9    Compiling alloy-rlp v0.3.12
#26 422.2    Compiling mio v1.1.1
#26 422.4    Compiling rand v0.8.5
#26 422.5    Compiling const-hex v1.17.0
#26 422.6    Compiling ahash v0.8.12
#26 422.9    Compiling yoke-derive v0.8.1
#26 423.4    Compiling k256 v0.13.4 (https://github.com/sp1-patches/elliptic-curves?tag=patch-k256-13.4-sp1-5.0.0#f7d8998e)
#26 423.5    Compiling ruint v1.17.0
#26 423.6    Compiling tokio v1.48.0
#26 423.8    Compiling displaydoc v0.2.5
#26 423.9    Compiling httparse v1.10.1
#26 423.9    Compiling zerovec-derive v0.11.2
#26 424.7    Compiling ring v0.17.14
#26 424.8    Compiling percent-encoding v2.3.2
#26 425.0    Compiling bitflags v2.10.0
#26 425.1    Compiling anyhow v1.0.100
#26 425.6    Compiling async-trait v0.1.89
#26 425.7    Compiling derive_more v2.1.1
#26 426.0    Compiling icu_normalizer_data v2.1.1
#26 426.1    Compiling icu_properties_data v2.1.2
#26 426.1    Compiling hex v0.4.3
#26 426.5    Compiling crossbeam-epoch v0.9.18
#26 426.5    Compiling regex-syntax v0.8.8
#26 426.8    Compiling alloy-primitives v1.3.0
#26 426.9    Compiling ident_case v1.0.1
#26 427.4    Compiling spin v0.9.8
#26 427.5    Compiling darling_core v0.21.3
#26 427.6    Compiling auto_impl v1.3.0
#26 428.2    Compiling lazy_static v1.5.0
#26 428.4    Compiling tokio-util v0.7.17
#26 428.6    Compiling tower-service v0.3.3
#26 428.7    Compiling itertools v0.12.1
#26 429.4    Compiling http-body v1.0.1
#26 430.6    Compiling darling_macro v0.21.3
#26 431.1    Compiling time-core v0.1.6
#26 431.2    Compiling thiserror v1.0.69
#26 431.2    Compiling num-conv v0.1.0
#26 431.4    Compiling form_urlencoded v1.2.2
#26 431.4    Compiling zerofrom v0.1.6
#26 431.8    Compiling darling v0.21.3
#26 431.8    Compiling time-macros v0.2.24
#26 432.1    Compiling serde_with_macros v3.16.1
#26 432.2    Compiling rustix v1.1.3
#26 432.2    Compiling stable_deref_trait v1.2.1
#26 432.9    Compiling yoke v0.8.1
#26 433.3    Compiling thiserror-impl v1.0.69
#26 433.3    Compiling untrusted v0.9.0
#26 433.7    Compiling regex-automata v0.4.13
#26 434.1    Compiling serde_with v3.16.1
#26 434.8    Compiling crossbeam-deque v0.8.6
#26 434.9    Compiling zerovec v0.11.5
#26 435.5    Compiling alloy-eip2930 v0.2.1
#26 435.6    Compiling num_enum_derive v0.7.5
#26 435.6    Compiling alloy-sol-type-parser v1.5.2
#26 435.8    Compiling tower-layer v0.3.3
#26 435.8    Compiling try-lock v0.2.5
#26 436.6    Compiling alloy-eip7702 v0.6.1
#26 436.7    Compiling want v0.3.1
#26 436.8    Compiling http-body-util v0.1.3
#26 436.8    Compiling syn-solidity v1.5.2
#26 437.2    Compiling macro-string v0.1.4
#26 437.4    Compiling alloy-json-abi v1.3.0
#26 437.4    Compiling proc-macro-error-attr2 v2.0.0
#26 437.6    Compiling num_enum v0.7.5
#26 437.6    Compiling crc-catalog v2.4.0
#26 437.7    Compiling httpdate v1.0.3
#26 438.0    Compiling crc v3.4.0
#26 438.0    Compiling rayon v1.11.0
#26 438.0    Compiling cmake v0.1.57
#26 438.1    Compiling base64 v0.22.1
#26 438.2    Compiling fs_extra v1.3.0
#26 438.3    Compiling getrandom v0.3.4
#26 438.7    Compiling proc-macro-error2 v2.0.1
#26 439.1    Compiling alloy-eip2124 v0.2.0
#26 439.2    Compiling alloy-sol-macro-input v1.3.0
#26 439.3    Compiling tinystr v0.8.2
#26 439.3    Compiling aws-lc-sys v0.35.0
#26 439.6    Compiling rustls-pki-types v1.13.2
#26 439.9    Compiling prettyplease v0.2.37
#26 440.1    Compiling glob v0.3.3
#26 440.3    Compiling alloy-sol-macro-expander v1.3.0
#26 440.6    Compiling litemap v0.8.1
#26 440.6    Compiling linux-raw-sys v0.11.0
#26 440.6    Compiling writeable v0.6.2
#26 441.4    Compiling potential_utf v0.1.4
#26 441.6    Compiling icu_locale_core v2.1.1
#26 442.1    Compiling zerotrie v0.2.3
#26 442.4    Compiling fastrand v2.3.0
#26 442.6    Compiling icu_collections v2.1.1
#26 442.9    Compiling aws-lc-rs v1.15.2
#26 443.4    Compiling alloy-sol-macro v1.3.0
#26 443.6    Compiling icu_provider v2.1.1
#26 443.9    Compiling tempfile v3.24.0
#26 444.1    Compiling p3-util v0.2.3-succinct
#26 444.3    Compiling sync_wrapper v1.0.2
#26 444.9    Compiling alloy-sol-types v1.3.0
#26 445.0    Compiling secp256k1-sys v0.10.1
#26 445.0    Compiling p3-field v0.2.3-succinct
#26 445.1    Compiling icu_normalizer v2.1.1
#26 445.2    Compiling icu_properties v2.1.2
#26 445.8    Compiling regex v1.12.2
#26 446.2    Compiling alloy-serde v1.0.41
#26 446.5    Compiling nybbles v0.4.6
#26 447.0    Compiling ipnet v2.11.0
#26 447.2    Compiling powerfmt v0.2.0
#26 447.4    Compiling alloy-trie v0.9.1
#26 448.1    Compiling alloy-eips v1.0.41
#26 448.1    Compiling deranged v0.5.5
#26 448.3    Compiling idna_adapter v1.2.1
#26 448.5    Compiling p3-maybe-rayon v0.2.3-succinct
#26 448.8    Compiling itertools v0.13.0
#26 449.0    Compiling openssl-probe v0.1.6
#26 449.3    Compiling utf8_iter v1.0.4
#26 449.5    Compiling rustls v0.23.35
#26 450.0    Compiling tower v0.5.2
#26 450.1    Compiling idna v1.1.0
#26 450.4    Compiling time v0.3.44
#26 450.5    Compiling alloy-tx-macros v1.2.1
#26 450.5    Compiling atomic-waker v1.1.2
#26 451.7    Compiling url v2.5.7
#26 451.9    Compiling h2 v0.4.12
#26 452.3    Compiling p3-matrix v0.2.3-succinct
#26 452.7    Compiling alloy-json-rpc v1.0.41
#26 452.9    Compiling ryu v1.0.21
#26 453.0    Compiling futures-utils-wasm v0.1.0
#26 453.3    Compiling secp256k1 v0.30.0
#26 453.5    Compiling const_format_proc_macros v0.2.34
#26 454.0    Compiling p3-symmetric v0.2.3-succinct
#26 454.2    Compiling itertools v0.14.0
#26 454.6    Compiling toml_datetime v0.6.11
#26 455.0    Compiling alloy-consensus v1.0.41
#26 455.2    Compiling blake3 v1.8.2
#26 455.4    Compiling rustls-native-certs v0.8.2
#26 455.5    Compiling revm-primitives v20.2.1
#26 455.7    Compiling primeorder v0.13.1 (https://github.com/sp1-patches/elliptic-curves?tag=patch-p256-13.2-sp1-5.0.0#10cca2ef)
#26 456.1    Compiling hyper v1.8.1
#26 456.1    Compiling arrayref v0.3.9
#26 456.4    Compiling constant_time_eq v0.3.1
#26 456.4    Compiling p3-dft v0.2.3-succinct
#26 456.7    Compiling p256 v0.13.2 (https://github.com/sp1-patches/elliptic-curves?tag=patch-p256-13.2-sp1-5.0.0#10cca2ef)
#26 456.8    Compiling alloy-signer v1.0.41
#26 457.0    Compiling revm-bytecode v5.0.0
#26 457.1    Compiling pkg-config v0.3.32
#26 457.4    Compiling eyre v0.6.12
#26 457.4    Compiling num-rational v0.4.2
#26 457.9    Compiling num-iter v0.1.45
#26 458.3    Compiling alloy-network-primitives v1.0.41
#26 458.4    Compiling alloy-consensus-any v1.0.41
#26 458.5    Compiling hyper-util v0.1.19
#26 458.5    Compiling revm-state v6.0.0
#26 458.6    Compiling num-complex v0.4.6
#26 459.3    Compiling strum_macros v0.26.4
#26 459.4    Compiling p3-mds v0.2.3-succinct
#26 459.5    Compiling alloy-rpc-types-eth v1.0.41
#26 460.2    Compiling num v0.4.3
#26 460.3    Compiling p3-challenger v0.2.3-succinct
#26 460.3    Compiling futures-executor v0.3.31
#26 460.4    Compiling bytemuck_derive v1.10.2
#26 460.5    Compiling clap_derive v4.5.49
#26 460.6    Compiling data-encoding v2.9.0
#26 461.0    Compiling gcd v2.3.0
#26 461.5    Compiling p3-commit v0.2.3-succinct
#26 461.7    Compiling p3-poseidon2 v0.2.3-succinct
#26 461.8    Compiling futures v0.3.31
#26 462.0    Compiling strum_macros v0.27.2
#26 462.1    Compiling sp1-derive v5.2.4
#26 462.4    Compiling alloy-rpc-types-any v1.0.41
#26 462.5    Compiling bytemuck v1.24.0
#26 462.5    Compiling semver v1.0.27
#26 462.7    Compiling alloy-network v1.0.41
#26 463.1    Compiling utf8parse v0.2.2
#26 463.5    Compiling p3-air v0.2.3-succinct
#26 463.7    Compiling anstyle-parse v0.2.7
#26 463.8    Compiling parity-scale-codec-derive v3.7.5
#26 463.9    Compiling impl-trait-for-tuples v0.2.3
#26 464.0    Compiling anstyle v1.0.13
#26 464.3    Compiling colorchoice v1.0.4
#26 464.6    Compiling prost-derive v0.13.5
#26 464.7    Compiling is_terminal_polyfill v1.70.2
#26 464.7    Compiling strum v0.27.2
#26 464.8    Compiling anstyle-query v1.1.5
#26 465.0    Compiling p3-baby-bear v0.2.3-succinct
#26 465.2    Compiling p3-interpolation v0.2.3-succinct
#26 465.2    Compiling clang-sys v1.8.1
#26 465.3    Compiling webpki-roots v1.0.4
#26 465.4    Compiling anstream v0.6.21
#26 465.8    Compiling ripemd v0.1.3
#26 465.8    Compiling bincode v1.3.3
#26 466.0    Compiling clap_lex v0.7.6
#26 466.0    Compiling mime v0.3.17
#26 466.2    Compiling hashbrown v0.14.5
#26 466.2    Compiling p3-fri v0.2.3-succinct
#26 466.6    Compiling p3-uni-stark v0.2.3-succinct
#26 466.7    Compiling p3-merkle-tree v0.2.3-succinct
#26 466.9    Compiling clap_builder v4.5.53
#26 467.1    Compiling strum v0.26.3
#26 467.1    Compiling sp1-primitives v5.2.4
#26 467.4    Compiling sysinfo v0.30.13
#26 467.6    Compiling rayon-scan v0.1.1
#26 467.8    Compiling serde_spanned v0.6.9
#26 467.8    Compiling static_assertions v1.1.0
#26 467.9    Compiling toml_write v0.1.2
#26 467.9    Compiling vcpkg v0.2.15
#26 468.1    Compiling revm-database-interface v6.0.0
#26 468.1    Compiling derive_more-impl v1.0.0
#26 468.4    Compiling enum-ordinalize-derive v4.3.2
#26 468.4    Compiling cbindgen v0.27.0
#26 468.6    Compiling alloy-chains v0.2.23
#26 468.7    Compiling op-alloy-consensus v0.18.14
#26 468.9    Compiling sp1-stark v5.2.4
#26 469.4    Compiling clap v4.5.53
#26 469.5    Compiling toml_edit v0.22.27
#26 469.5    Compiling http v0.2.12
#26 469.6    Compiling ark-std v0.5.0
#26 469.6    Compiling ark-serialize-derive v0.5.0
#26 469.9    Compiling minimal-lexical v0.2.1
#26 470.0    Compiling enum-ordinalize v4.3.2
#26 470.1    Compiling heck v0.4.1
#26 470.3    Compiling educe v0.6.0
#26 470.8    Compiling ark-ff-macros v0.5.0
#26 470.9    Compiling ark-serialize v0.5.0
#26 471.1    Compiling nom v7.1.3
#26 471.2    Compiling scale-info-derive v2.11.6
#26 471.2    Compiling ark-ff-asm v0.5.0
#26 472.0    Compiling toml v0.8.23
#26 472.2    Compiling libloading v0.8.9
#26 472.4    Compiling pathdiff v0.2.3
#26 472.5    Compiling http-body v0.4.6
#26 472.7    Compiling rustc_version v0.4.1
#26 472.9    Compiling pairing v0.23.0
#26 473.0    Compiling tokio-stream v0.1.17
#26 473.3    Compiling ark-ff v0.5.0
#26 473.3    Compiling cexpr v0.6.0
#26 473.3    Compiling pin-project-internal v1.1.10
#26 473.4    Compiling num-modular v0.6.1
#26 473.5    Compiling sp1_bls12_381 v0.8.0-sp1-5.0.0
#26 473.8    Compiling uuid v1.19.0
#26 474.7    Compiling num-order v1.2.0
#26 474.8    Compiling dashu-base v0.4.1
#26 474.9    Compiling alloy-genesis v1.0.41
#26 475.2    Compiling kzg-rs v0.2.7
#26 475.4    Compiling pin-project v1.1.10
#26 475.9    Compiling dashu-int v0.4.1
#26 476.3    Compiling winnow v0.5.40
#26 476.4    Compiling dyn-clone v1.0.20
#26 476.7    Compiling rustc-hex v2.1.0
#26 477.2    Compiling reth-primitives-traits v1.5.0 (https://github.com/paradigmxyz/reth?tag=v1.5.0#61e38f9a)
#26 477.5    Compiling ark-poly v0.5.0
#26 477.6    Compiling sp1-core-machine v5.2.4
#26 477.8    Compiling openssl-sys v0.9.111
#26 478.2    Compiling dashu-float v0.4.3
#26 478.3    Compiling revm-context-interface v7.0.1
#26 478.4    Compiling toml_edit v0.19.15
#26 478.6    Compiling const_format v0.2.35
#26 478.6    Compiling rand_core v0.9.3
#26 479.3    Compiling serde_arrays v0.2.0
#26 479.5    Compiling ark-ec v0.5.0
#26 479.5    Compiling socket2 v0.5.10
#26 480.2    Compiling rand_chacha v0.9.0
#26 480.5    Compiling proc-macro-crate v1.3.1
#26 480.6    Compiling dashu-ratio v0.4.1
#26 480.7    Compiling substrate-bn v0.6.0 (https://github.com/sp1-patches/bn?tag=patch-0.6.0-sp1-5.0.0#e0d67f21)
#26 480.9    Compiling aurora-engine-modexp v1.2.0
#26 480.9    Compiling serde_urlencoded v0.7.1
#26 481.8    Compiling derive-where v1.6.0
#26 482.0    Compiling ark-bn254 v0.5.0
#26 482.0    Compiling ark-bls12-381 v0.5.0
#26 482.2    Compiling num_enum_derive v0.5.11
#26 482.2    Compiling dashu-macros v0.4.1
#26 482.4    Compiling rand v0.9.2
#26 482.4    Compiling revm-interpreter v22.0.1
#26 483.3    Compiling alloy-hardforks v0.2.13
#26 483.4    Compiling revm-precompile v23.0.0
#26 483.9    Compiling revm-database v6.0.0
#26 484.1    Compiling revm-context v7.0.1
#26 484.6    Compiling indenter v0.3.4
#26 484.7    Compiling range-set-blaze v0.1.16
#26 485.2    Compiling crossbeam-channel v0.5.15
#26 485.6    Compiling openssl v0.10.75
#26 485.6    Compiling tinyvec_macros v0.1.1
#26 485.7    Compiling revm-handler v7.0.1
#26 485.9    Compiling foreign-types-shared v0.1.1
#26 485.9    Compiling tinyvec v1.10.0
#26 486.4    Compiling foreign-types v0.3.2
#26 486.6    Compiling openssl-macros v0.1.1
#26 486.7    Compiling enum-map-derive v0.17.0
#26 487.1    Compiling encoding_rs v0.8.35
#26 487.2    Compiling beef v0.5.2
#26 487.2    Compiling native-tls v0.2.14
#26 487.6    Compiling revm-inspector v7.0.1
#26 487.6    Compiling object v0.37.3
#26 488.6    Compiling revm v26.0.1
#26 489.2    Compiling op-revm v7.0.1
#26 490.6    Compiling sp1-recursion-core v5.2.4
#26 490.8    Compiling prost v0.13.5
#26 491.8    Compiling ark-ff-macros v0.4.2
#26 492.1    Compiling enum-as-inner v0.6.1
#26 492.5    Compiling subenum v1.1.3
#26 492.7    Compiling derivative v2.2.0
#26 492.8    Compiling ark-ff-asm v0.4.2
#26 493.2    Compiling parity-scale-codec v3.7.5
#26 493.3    Compiling tagptr v0.2.0
#26 493.7    Compiling hickory-proto v0.25.2
#26 493.7    Compiling tokio-native-tls v0.3.1
#26 494.1    Compiling moka v0.12.12
#26 494.2    Compiling alloy-evm v0.12.3
#26 494.4    Compiling h2 v0.3.27
#26 494.8    Compiling byte-slice-cast v1.2.3
#26 495.1    Compiling resolv-conf v0.7.6
#26 495.2    Compiling iri-string v0.7.9
#26 496.0    Compiling prost-types v0.13.5
#26 496.4    Compiling hyper-tls v0.6.0
#26 496.6    Compiling bindgen v0.70.1
#26 497.3    Compiling hickory-resolver v0.25.2
#26 497.3    Compiling tower-http v0.6.8
#26 497.9    Compiling vsimd v0.8.0
#26 497.9    Compiling outref v0.5.2
#26 498.5    Compiling hyper v0.14.32
#26 499.2    Compiling base64-simd v0.8.0
#26 500.8    Compiling bytes-utils v0.1.4
#26 501.1    Compiling miette-derive v7.6.0
#26 501.2    Compiling unicode-width v0.1.14
#26 501.5    Compiling rustc-hash v1.1.0
#26 501.8    Compiling multimap v0.10.1
#26 502.1    Compiling aws-smithy-types v1.3.5
#26 503.1    Compiling miette v7.6.0
#26 503.2    Compiling reth-trie-common v1.5.0 (https://github.com/paradigmxyz/reth?tag=v1.5.0#61e38f9a)
#26 504.5    Compiling sha1 v0.10.6
#26 504.7    Compiling async-stream-impl v0.3.6
#26 506.1    Compiling rustls-webpki v0.103.8
#26 506.2    Compiling async-stream v0.3.6
#26 507.1    Compiling derive_more v1.0.0
#26 507.2    Compiling reth-static-file-types v1.5.0 (https://github.com/paradigmxyz/reth?tag=v1.5.0#61e38f9a)
#26 508.1    Compiling scale-info v2.11.6
#26 509.2    Compiling dashmap v6.1.0
#26 509.5    Compiling reth-prune-types v1.5.0 (https://github.com/paradigmxyz/reth?tag=v1.5.0#61e38f9a)
#26 509.6    Compiling aws-smithy-async v1.2.7
#26 509.7    Compiling ff v0.12.1
#26 510.5    Compiling sp1-recursion-derive v5.2.4
#26 510.5    Compiling rustls v0.21.12
#26 511.1    Compiling tokio-rustls v0.26.4
#26 511.7    Compiling memuse v0.2.2
#26 512.1    Compiling hyper-rustls v0.27.7
#26 512.3    Compiling matchers v0.2.0
#26 512.5    Compiling group v0.12.1
#26 513.0    Compiling aws-smithy-runtime-api v1.9.3
#26 513.3    Compiling reqwest v0.12.28
#26 513.3    Compiling reth-storage-errors v1.5.0 (https://github.com/paradigmxyz/reth?tag=v1.5.0#61e38f9a)
#26 513.3    Compiling reth-ethereum-forks v1.5.0 (https://github.com/paradigmxyz/reth?tag=v1.5.0#61e38f9a)
#26 513.6    Compiling rustls-webpki v0.101.7
#26 513.8    Compiling sct v0.7.1
#26 514.0    Compiling sharded-slab v0.1.7
#26 515.3    Compiling tracing-log v0.2.0
#26 515.3    Compiling thread_local v1.1.9
#26 516.0    Compiling fixedbitset v0.5.7
#26 516.2    Compiling nu-ansi-term v0.50.3
#26 517.2    Compiling petgraph v0.7.1
#26 517.2    Compiling downloader v0.2.8
#26 517.5    Compiling tracing-subscriber v0.3.22
#26 518.8    Compiling reth-ethereum-primitives v1.5.0 (https://github.com/paradigmxyz/reth?tag=v1.5.0#61e38f9a)
#26 519.4    Compiling serde_bytes v0.11.19
#26 519.9    Compiling adler2 v2.0.1
#26 519.9    Compiling simd-adler32 v0.3.8
#26 520.8    Compiling miniz_oxide v0.8.9
#26 521.5    Compiling tokio-rustls v0.24.1
#26 522.6    Compiling prost-build v0.13.5
#26 522.7    Compiling blake2b_simd v1.0.3
#26 523.7    Compiling flex-error v0.4.4
#26 524.5    Compiling alloy-transport v1.0.41
#26 524.6    Compiling reth-network-peers v1.5.0 (https://github.com/paradigmxyz/reth?tag=v1.5.0#61e38f9a)
#26 525.0    Compiling digest v0.9.0
#26 525.2    Compiling subtle-encoding v0.5.1
#26 525.7    Compiling camino v1.2.2
#26 525.8    Compiling utf-8 v0.7.6
#26 527.0    Compiling tendermint-proto v0.40.4
#26 527.2    Compiling reth-chainspec v1.5.0 (https://github.com/paradigmxyz/reth?tag=v1.5.0#61e38f9a)
#26 527.5    Compiling data-encoding-macro-internal v0.1.16
#26 528.7    Compiling hyper-rustls v0.24.2
#26 528.8    Compiling reth-execution-types v1.5.0 (https://github.com/paradigmxyz/reth?tag=v1.5.0#61e38f9a)
#26 530.4    Compiling webpki-roots v0.26.11
#26 531.2    Compiling prost-derive v0.12.6
#26 531.3    Compiling block-buffer v0.9.0
#26 531.5    Compiling serial_test_derive v3.2.0
#26 531.5    Compiling match-lookup v0.1.1
#26 531.6    Compiling core2 v0.4.0
#26 532.1    Compiling indexmap v1.9.3
#26 532.1    Compiling opaque-debug v0.3.1
#26 532.4    Compiling subtle-ng v2.5.0
#26 532.8    Compiling const-str v0.4.3
#26 532.8    Compiling base64 v0.21.7
#26 533.0    Compiling matchit v0.7.3
#26 533.1    Compiling bimap v0.6.3
#26 533.4    Compiling unsigned-varint v0.8.0
#26 533.4    Compiling curve25519-dalek-ng v4.1.1
#26 534.0    Compiling alloy-pubsub v1.0.41
#26 534.1    Compiling base256emoji v1.0.2
#26 534.7    Compiling multihash v0.19.3
#26 534.8    Compiling sha2 v0.9.9
#26 535.2    Compiling dashu v0.4.2
#26 535.5    Compiling data-encoding-macro v0.1.18
#26 535.8    Compiling pasta_curves v0.4.1
#26 536.4    Compiling reth-execution-errors v1.5.0 (https://github.com/paradigmxyz/reth?tag=v1.5.0#61e38f9a)
#26 536.8    Compiling pairing v0.22.0
#26 536.9    Compiling snowbridge-amcl v1.0.2
#26 537.2    Compiling reth-stages-types v1.5.0 (https://github.com/paradigmxyz/reth?tag=v1.5.0#61e38f9a)
#26 537.5    Compiling logos-codegen v0.14.4
#26 537.6    Compiling num_enum v0.5.11
#26 538.8    Compiling ark-std v0.4.0
#26 539.5    Compiling ed25519 v2.2.3
#26 539.8    Compiling generic-array v1.1.0
#26 540.2    Compiling num_cpus v1.17.0
#26 540.5    Compiling gen_ops v0.4.0
#26 540.6    Compiling hashbrown v0.12.3
#26 540.8    Compiling base-x v0.2.11
#26 541.2    Compiling rustc-hash v2.1.1
#26 541.3    Compiling downcast-rs v1.2.1
#26 541.7    Compiling sp1-curves v5.2.4
#26 541.9    Compiling rrs-succinct v0.1.0
#26 541.9    Compiling multibase v0.9.2
#26 542.1    Compiling logos-derive v0.14.4
#26 542.4    Compiling ark-serialize v0.4.2
#26 542.8    Compiling halo2_proofs v0.1.0
#26 543.0    Compiling bls12_381 v0.7.1
#26 543.2    Compiling ed25519-consensus v2.1.0
#26 544.2    Compiling aws-credential-types v1.2.11
#26 544.3    Compiling aws-smithy-http v0.62.6
#26 544.5    Compiling enum-map v2.7.3
#26 545.2    Compiling aws-types v1.3.11
#26 545.3    Compiling logos-codegen v0.15.1
#26 546.0    Compiling itertools v0.10.5
#26 546.1    Compiling vec_map v0.8.2
#26 546.2    Compiling serde_repr v0.1.20
#26 546.4    Compiling proc-macro2-diagnostics v0.10.1
#26 546.7    Compiling ansi_term v0.12.1
#26 547.0    Compiling nohash-hasher v0.2.0
#26 547.1    Compiling elf v0.7.4
#26 547.2    Compiling gimli v0.32.3
#26 547.6    Compiling tendermint v0.40.4
#26 547.8    Compiling ark-ff v0.4.2
#26 548.7    Compiling sp1-core-executor v5.2.4
#26 548.7    Compiling tracing-forest v0.1.6
#26 549.4    Compiling halo2 v0.1.0-beta.2
#26 549.7    Compiling jubjub v0.9.0
#26 550.1    Compiling addr2line v0.25.1
#26 551.6    Compiling tower v0.4.13
#26 552.1    Compiling logos v0.14.4
#26 552.9    Compiling pasta_curves v0.5.1
#26 552.9    Compiling p3-keccak-air v0.2.3-succinct
#26 553.0    Compiling aws-smithy-observability v0.1.5
#26 553.6    Compiling alloy-op-hardforks v0.2.13
#26 554.1    Compiling lru v0.13.0
#26 554.3    Compiling blake2 v0.10.6
#26 554.8    Compiling serde_path_to_error v0.1.20
#26 555.0    Compiling yansi v1.0.1
#26 556.1    Compiling urlencoding v2.1.3
#26 556.3    Compiling rustc-demangle v0.1.26
#26 556.4    Compiling size v0.4.1
#26 556.6    Compiling web-time v1.1.0
#26 557.5    Compiling backtrace v0.3.76
#26 559.3    Compiling zkhash v0.2.0
#26 560.6    Compiling aws-sigv4 v1.3.7
#26 561.1    Compiling cid v0.11.1
#26 562.9    Compiling reth-consensus v1.5.0 (https://github.com/paradigmxyz/reth?tag=v1.5.0#61e38f9a)
#26 563.2    Compiling p3-bn254-fr v0.2.3-succinct
#26 563.5    Compiling reth-db-models v1.5.0 (https://github.com/paradigmxyz/reth?tag=v1.5.0#61e38f9a)
#26 564.4    Compiling alloy-rpc-types-engine v1.0.41
#26 564.7    Compiling hyper-timeout v0.5.2
#26 565.7    Compiling rust_decimal v1.39.0
#26 566.0    Compiling reth-storage-api v1.5.0 (https://github.com/paradigmxyz/reth?tag=v1.5.0#61e38f9a)
#26 566.8    Compiling logos-derive v0.15.1
#26 567.3    Compiling reth-optimism-forks v1.5.0 (https://github.com/paradigmxyz/reth?tag=v1.5.0#61e38f9a)
#26 567.5    Compiling prost-reflect v0.14.7
#26 567.6    Compiling protox-parse v0.7.0
#26 568.0    Compiling prost v0.12.6
#26 568.0    Compiling sp1-recursion-gnark-ffi v5.2.4
#26 568.3    Compiling aws-smithy-json v0.61.9
#26 568.7    Compiling reth-optimism-primitives v1.5.0 (https://github.com/paradigmxyz/reth?tag=v1.5.0#61e38f9a)
#26 569.0    Compiling op-alloy-rpc-types v0.18.14
#26 569.7    Compiling hkdf v0.12.4
#26 569.8    Compiling axum-core v0.3.4
#26 570.0    Compiling iana-time-zone v0.1.64
#26 570.5    Compiling regex-lite v0.1.8
#26 570.6    Compiling fixedbitset v0.4.2
#26 570.9    Compiling sync_wrapper v0.1.2
#26 571.0    Compiling chrono v0.4.42
#26 571.1    Compiling protox v0.7.2
#26 571.5    Compiling petgraph v0.6.5
#26 571.7    Compiling sp1-recursion-compiler v5.2.4
#26 571.7    Compiling prost-types v0.12.6
#26 572.1    Compiling logos v0.15.1
#26 572.9    Compiling reth-consensus-common v1.5.0 (https://github.com/paradigmxyz/reth?tag=v1.5.0#61e38f9a)
#26 573.0    Compiling reth-trie-sparse v1.5.0 (https://github.com/paradigmxyz/reth?tag=v1.5.0#61e38f9a)
#26 573.7    Compiling axum-core v0.4.5
#26 573.7    Compiling alloy-rpc-types v1.0.32
#26 573.9    Compiling nmt-rs v0.2.5
#26 574.1    Compiling enum_dispatch v0.3.13
#26 574.2    Compiling axum v0.6.20
#26 574.5    Compiling cfg_aliases v0.2.1
#26 575.3    Compiling sdd v3.0.10
#26 575.7    Compiling option-ext v0.2.0
#26 576.2    Compiling bech32 v0.11.1
#26 576.6    Compiling dirs-sys v0.4.1
#26 576.9    Compiling scc v2.4.0
#26 577.2    Compiling axum v0.7.9
#26 577.5    Compiling nix v0.30.1
#26 577.5    Compiling reth-trie v1.5.0 (https://github.com/paradigmxyz/reth?tag=v1.5.0#61e38f9a)
#26 577.7    Compiling prost-build v0.12.6
#26 578.3    Compiling celestia-proto v0.9.1
#26 578.7    Compiling reth-optimism-chainspec v1.5.0 (https://github.com/paradigmxyz/reth?tag=v1.5.0#61e38f9a)
#26 579.1    Compiling reth-evm v1.5.0 (https://github.com/paradigmxyz/reth?tag=v1.5.0#61e38f9a)
#26 579.2    Compiling rusticata-macros v4.1.0
#26 580.2    Compiling sp1-prover v5.2.2
#26 580.3    Compiling rustls-pemfile v2.2.0
#26 580.4    Compiling tokio-io-timeout v1.2.1
#26 581.0    Compiling asn1-rs-derive v0.5.1
#26 581.1    Compiling asn1-rs-impl v0.2.0
#26 581.2    Compiling cookie v0.18.1
#26 581.4    Compiling leopard-codec v0.1.0
#26 581.5    Compiling same-file v1.0.6
#26 582.5    Compiling ref-cast v1.0.25
#26 582.6    Compiling bitflags v1.3.2
#26 582.7    Compiling bindgen v0.72.1
#26 583.0    Compiling xmlparser v0.13.6
#26 583.2    Compiling base64 v0.13.1
#26 583.9    Compiling bs58 v0.5.1
#26 583.9    Compiling asn1-rs v0.6.2
#26 584.6    Compiling aws-smithy-xml v0.60.13
#26 585.9    Compiling libp2p-identity v0.2.13
#26 586.4    Compiling serde-human-bytes v0.1.2
#26 587.0    Compiling walkdir v2.5.0
#26 587.6    Compiling hyper-timeout v0.4.1
#26 588.8    Compiling serial_test v3.2.0
#26 589.0    Compiling tonic-build v0.10.2
#26 589.4    Compiling dirs v5.0.1
#26 590.2    Compiling reth-optimism-consensus v1.5.0 (https://github.com/paradigmxyz/reth?tag=v1.5.0#61e38f9a)
#26 591.0    Compiling protox-parse v0.8.0
#26 592.1    Compiling prost-reflect v0.15.3
#26 592.2    Compiling pear_codegen v0.2.9
#26 592.5    Compiling aws-smithy-query v0.60.9
#26 592.8    Compiling alloy-op-evm v0.12.3
#26 593.2    Compiling tracing-appender v0.2.4
#26 594.4    Compiling rlp v0.5.2
#26 594.5    Compiling curve25519-dalek v4.1.3 (https://github.com/sp1-patches/curve25519-dalek?tag=patch-4.1.3-sp1-5.0.0#be8c2201)
#26 594.5    Compiling libz-sys v1.1.23
#26 594.6    Compiling zstd-sys v2.0.16+zstd.1.5.7
#26 594.6    Compiling bzip2-sys v0.1.13+1.0.8
#26 595.8    Compiling lru v0.12.5
#26 596.1    Compiling lz4-sys v1.11.1+lz4-1.10.0
#26 596.6    Compiling bindgen v0.71.1
#26 596.8    Compiling oid-registry v0.7.1
#26 599.0    Compiling rsp-mpt v0.1.0 (https://github.com/succinctlabs/rsp.git?tag=reth-1.5.0#09bbb8f8)
#26 599.1    Compiling protox v0.8.0
#26 600.1    Compiling reth-optimism-evm v1.5.0 (https://github.com/paradigmxyz/reth?tag=v1.5.0#61e38f9a)
#26 601.5    Compiling ev-types v0.0.1
#26 602.5    Compiling tonic v0.10.2
#26 602.8    Compiling sp1-recursion-circuit v5.2.4
#26 604.1    Compiling multiaddr v0.18.2
#26 607.1    Compiling rsp-primitives v0.1.0 (https://github.com/succinctlabs/rsp.git?tag=reth-1.5.0#09bbb8f8)
#26 608.0    Compiling reth-evm-ethereum v1.5.0 (https://github.com/paradigmxyz/reth?tag=v1.5.0#61e38f9a)
#26 610.0    Compiling reth-ethereum-consensus v1.5.0 (https://github.com/paradigmxyz/reth?tag=v1.5.0#61e38f9a)
#26 610.1    Compiling reth-errors v1.5.0 (https://github.com/paradigmxyz/reth?tag=v1.5.0#61e38f9a)
#26 611.3    Compiling blockstore v0.7.1
#26 611.4    Compiling tonic-build v0.13.1
#26 611.5    Compiling alloy-signer-local v1.0.41
#26 611.8    Compiling jsonrpsee-types v0.25.1
#26 612.8    Compiling cargo-platform v0.1.9
#26 613.3    Compiling ref-cast-impl v1.0.25
#26 613.6    Compiling curve25519-dalek-derive v0.1.1 (https://github.com/sp1-patches/curve25519-dalek?tag=patch-4.1.3-sp1-5.0.0#be8c2201)
#26 614.0    Compiling fs-err v3.2.1
#26 614.1    Compiling futures-timer v3.0.3
#26 614.3    Compiling unicode-width v0.2.2
#26 614.6    Compiling sp1-cuda v5.2.2
#26 615.3    Compiling console v0.15.11
#26 615.4    Compiling jsonrpsee-core v0.25.1
#26 615.7    Compiling cargo_metadata v0.18.1
#26 616.4    Compiling celestia-proto v0.10.0
#26 617.8    Compiling librocksdb-sys v0.17.3+10.4.2
#26 618.0    Compiling celestia-types v0.15.0
#26 618.5    Compiling ctrlc v3.5.1
#26 619.9    Compiling der-parser v9.0.0
#26 620.4    Compiling bon-macros v3.8.1
#26 622.0    Compiling is-terminal v0.4.17
#26 622.4    Compiling uncased v0.9.10
#26 623.2    Compiling instant v0.1.13
#26 623.2    Compiling half v1.8.3
#26 623.3    Compiling crc32fast v1.5.0
#26 623.4    Compiling sp1-sdk v5.2.2
#26 624.0    Compiling leopard-codec v0.2.0
#26 624.1    Compiling number_prefix v0.4.0
#26 624.3    Compiling serde_cbor v0.11.2
#26 625.0    Compiling indicatif v0.17.11
#26 625.0    Compiling bon v3.8.1
#26 625.1    Compiling tdx-attest-sys v0.5.5 (https://github.com/jonas089/dstack#359cbf8e)
#26 625.3    Compiling sp1-build v5.2.2
#26 625.7    Compiling backoff v0.4.0
#26 626.6    Compiling x509-parser v0.16.0
#26 627.8    Compiling ed25519-dalek v2.2.0
#26 629.8    Compiling devise_core v0.4.2
#26 629.8    Compiling eventsource-stream v0.2.3
#26 629.9    Compiling reth-primitives v1.5.0 (https://github.com/paradigmxyz/reth?tag=v1.5.0#61e38f9a)
#26 630.0    Compiling soketto v0.8.1
#26 630.1    Compiling alloy-dyn-abi v1.3.0
#26 630.2    Compiling pem v3.0.6
#26 630.5    Compiling inlinable_string v0.1.15
#26 631.5    Compiling pear v0.2.9
#26 632.1    Compiling devise_codegen v0.4.2
#26 635.2    Compiling blockstore v0.8.0
#26 635.2    Compiling informalsystems-pbjson v0.7.0
#26 635.5    Compiling twox-hash v1.6.3
#26 635.8    Compiling x509-cert v0.2.5
#26 636.0    Compiling stable-pattern v0.1.0
#26 636.2    Compiling multer v3.1.0
#26 636.3    Compiling figment v0.10.19
#26 636.6    Compiling object v0.36.7
#26 637.0    Compiling state v0.6.0
#26 637.0    Compiling asn1_der v0.7.6
#26 637.3    Compiling ruzstd v0.7.3
#26 637.3    Compiling ics23 v0.12.0
#26 637.3    Compiling flate2 v1.1.5
#26 638.0    Compiling rocket_http v0.6.0-dev (https://github.com/rwf2/Rocket?branch=master#3a54d079)
#26 639.5    Compiling devise v0.4.2
#26 639.6    Compiling alloy-core v1.3.0
#26 639.7    Compiling cc-eventlog v0.5.5 (https://github.com/jonas089/dstack#359cbf8e)
#26 639.9    Compiling rustls-pemfile v1.0.4
#26 640.3    Compiling yasna v0.5.2
#26 640.7    Compiling jsonrpsee-proc-macros v0.25.1
#26 640.8    Compiling celestia-grpc-macros v0.4.0
#26 641.0    Compiling rocket v0.6.0-dev (https://github.com/rwf2/Rocket?branch=master#3a54d079)
#26 641.7    Compiling peg-runtime v0.8.5
#26 642.1    Compiling rcgen v0.13.2
#26 642.2    Compiling tdx-attest v0.5.5 (https://github.com/jonas089/dstack#359cbf8e)
#26 642.5    Compiling rustls-native-certs v0.6.3
#26 642.8    Compiling peg-macros v0.8.5
#26 642.9    Compiling rocket_codegen v0.6.0-dev (https://github.com/rwf2/Rocket?branch=master#3a54d079)
#26 644.5    Compiling ev-prover v0.2.0 (https://github.com/celestiaorg/celestia-zkevm/#ef1ca4a0)
#26 645.0    Compiling size-parser v0.5.5 (https://github.com/jonas089/dstack#359cbf8e)
#26 646.7    Compiling axum-core v0.5.5
#26 646.9    Compiling ubyte v0.10.4
#26 647.1    Compiling derive_more v0.99.20
#26 647.1    Compiling matchit v0.8.4
#26 648.9    Compiling hex-literal v1.1.0
#26 649.3    Compiling unsafe-libyaml v0.2.11
#26 649.6    Compiling ref-swap v0.1.2
#26 650.0    Compiling binascii v0.1.4
#26 650.4    Compiling or-panic v1.0.2
#26 650.6    Compiling dotenvy v0.15.7
#26 651.0    Compiling serde_yaml v0.9.34+deprecated
#26 651.5    Compiling peg v0.8.5
#26 651.7    Compiling dstack-mr v0.5.5 (https://github.com/jonas089/dstack#359cbf8e)
#26 651.8    Compiling tendermint-light-client-verifier v0.40.4
#26 651.8    Compiling axum v0.8.8
#26 653.1    Compiling dstack-types v0.5.5 (https://github.com/jonas089/dstack#359cbf8e)
#26 653.3    Compiling reqwest v0.11.27
#26 653.9    Compiling light-client v0.1.0 (/build/light-client)
#26 654.9    Compiling tendermint-config v0.40.4
#26 655.1    Compiling tonic-reflection v0.10.2
#26 656.3    Compiling http-client-unix-domain-socket v0.1.2
#26 656.8    Compiling tendermint-rpc v0.40.4
#26 657.7    Compiling dstack-sdk-types v0.1.2 (https://github.com/jonas089/dstack#359cbf8e)
#26 741.9    Compiling tungstenite v0.26.2
#26 746.5    Compiling tokio-tungstenite v0.26.2
#26 748.1    Compiling alloy-transport-ws v1.0.41
#26 749.3    Compiling alloy-transport-http v1.0.41
#26 749.8    Compiling aws-smithy-http-client v1.1.5
#26 750.9    Compiling alloy-rpc-client v1.0.41
#26 756.1    Compiling alloy-provider v1.0.32
#26 757.3    Compiling aws-smithy-runtime v1.9.5
#26 759.6 warning: light-client@0.1.0: rustc +succinct --version: "rustc 1.88.0-dev\n"
#26 759.6 warning: light-client@0.1.0: circuit built at 2026-01-05 15:20:21
#26 759.6    Compiling twirp-rs v0.13.0-succinct
#26 763.3    Compiling aws-runtime v1.5.17
#26 765.9    Compiling aws-sdk-ssooidc v1.93.0
#26 767.5    Compiling aws-sdk-sts v1.95.0
#26 770.3    Compiling aws-sdk-sso v1.91.0
#26 781.9    Compiling op-alloy-network v0.18.14
#26 782.9    Compiling rsp-client-executor v0.1.0 (https://github.com/succinctlabs/rsp.git?tag=reth-1.5.0#09bbb8f8)
#26 784.3    Compiling aws-config v1.8.12
#26 786.6    Compiling aws-sdk-kms v1.97.0
#26 788.0    Compiling tonic v0.12.3
#26 788.1    Compiling tonic v0.13.1
#26 803.3    Compiling rustls-platform-verifier v0.5.3
#26 803.5    Compiling alloy-signer-aws v1.0.41
#26 809.0    Compiling reqwest-middleware v0.3.3
#26 813.8    Compiling jsonrpsee-client-transport v0.25.1
#26 819.6    Compiling jsonrpsee-ws-client v0.25.1
#26 821.1    Compiling jsonrpsee-http-client v0.25.1
#26 823.0    Compiling lumina-utils v0.4.0
#26 823.7    Compiling ev-zkevm-types v0.2.0 (https://github.com/celestiaorg/celestia-zkevm/#ef1ca4a0)
#26 828.8    Compiling celestia-types v0.16.0
#26 840.4    Compiling alloy-contract v1.0.32
#26 843.7    Compiling dcap-qvl v0.3.4 (https://github.com/jonas089/dcap-qvl?branch=v0.3.4-zk#039ff387)
#26 845.0    Compiling alloy v1.0.32
#26 845.4    Compiling celestia-grpc v0.8.0
#26 847.6    Compiling jsonrpsee v0.25.1
#26 847.9    Compiling rsp-rpc-db v0.1.0 (https://github.com/succinctlabs/rsp.git?tag=reth-1.5.0#09bbb8f8)
#26 849.9    Compiling rsp-host-executor v0.1.0 (https://github.com/succinctlabs/rsp.git?tag=reth-1.5.0#09bbb8f8)
#26 853.1    Compiling celestia-rpc v0.13.0
#26 853.3    Compiling ra-tls v0.5.5 (https://github.com/jonas089/dstack#359cbf8e)
#26 861.6    Compiling types v0.1.0 (/build/types)
#26 862.0 warning: unexpected `cfg` condition value: `borsh`
#26 862.0    --> types/src/lib.rs:176:12
#26 862.0     |
#26 862.0 176 | #[cfg_attr(feature = "borsh", derive(BorshSerialize, BorshDeserialize))]
#26 862.0     |            ^^^^^^^^^^^^^^^^^ help: remove the condition
#26 862.0     |
#26 862.0     = note: no expected values for `feature`
#26 862.0     = help: consider adding `borsh` as a feature in `Cargo.toml`
#26 862.0     = note: see <https://doc.rust-lang.org/nightly/rustc/check-cfg/cargo-specifics.html> for more information about checking conditional configuration
#26 862.0     = note: `#[warn(unexpected_cfgs)]` on by default
#26 862.0 
#26 862.0 warning: unexpected `cfg` condition value: `borsh_schema`
#26 862.0    --> types/src/lib.rs:177:12
#26 862.0     |
#26 862.0 177 | #[cfg_attr(feature = "borsh_schema", derive(BorshSchema))]
#26 862.0     |            ^^^^^^^^^^^^^^^^^^^^^^^^ help: remove the condition
#26 862.0     |
#26 862.0     = note: no expected values for `feature`
#26 862.0     = help: consider adding `borsh_schema` as a feature in `Cargo.toml`
#26 862.0     = note: see <https://doc.rust-lang.org/nightly/rustc/check-cfg/cargo-specifics.html> for more information about checking conditional configuration
#26 862.0 
#26 862.0 warning: unexpected `cfg` condition value: `borsh`
#26 862.0    --> types/src/lib.rs:185:12
#26 862.0     |
#26 862.0 185 | #[cfg_attr(feature = "borsh", derive(BorshSerialize, BorshDeserialize))]
#26 862.0     |            ^^^^^^^^^^^^^^^^^ help: remove the condition
#26 862.0     |
#26 862.0     = note: no expected values for `feature`
#26 862.0     = help: consider adding `borsh` as a feature in `Cargo.toml`
#26 862.0     = note: see <https://doc.rust-lang.org/nightly/rustc/check-cfg/cargo-specifics.html> for more information about checking conditional configuration
#26 862.0 
#26 862.0 warning: unexpected `cfg` condition value: `borsh_schema`
#26 862.0    --> types/src/lib.rs:186:12
#26 862.0     |
#26 862.0 186 | #[cfg_attr(feature = "borsh_schema", derive(BorshSchema))]
#26 862.0     |            ^^^^^^^^^^^^^^^^^^^^^^^^ help: remove the condition
#26 862.0     |
#26 862.0     = note: no expected values for `feature`
#26 862.0     = help: consider adding `borsh_schema` as a feature in `Cargo.toml`
#26 862.0     = note: see <https://doc.rust-lang.org/nightly/rustc/check-cfg/cargo-specifics.html> for more information about checking conditional configuration
#26 862.0 
#26 863.7    Compiling celestia-grpc-client v0.2.0 (https://github.com/celestiaorg/celestia-zkevm/#ef1ca4a0)
#26 864.0 warning: `types` (lib) generated 4 warnings
#26 864.0    Compiling ev-zkevm-types v0.2.0 (https://github.com/celestiaorg/celestia-zkevm/?branch=jonas%2Fcelestia-root-verification#a540d4e5)
#26 867.7    Compiling dstack-sdk v0.1.2 (https://github.com/jonas089/dstack#359cbf8e)
#26 870.1    Compiling dstack-verifier v0.5.5 (https://github.com/jonas089/dstack#359cbf8e)
#26 1018.4    Compiling rocksdb v0.24.0
#26 1019.9    Compiling storage v0.2.0 (https://github.com/celestiaorg/celestia-zkevm/#ef1ca4a0)
#26 1022.7    Compiling ev-state-queries v0.2.0 (https://github.com/celestiaorg/celestia-zkevm/#ef1ca4a0)
#26 1034.0    Compiling evolve-tee v0.1.0 (/build/app)
#26 1034.8     Finished `release` profile [optimized] target(s) in 17m 14s
#26 DONE 1035.3s

#27 [builder 17/19] COPY app/src ./app/src
#27 DONE 0.6s

#28 [builder 18/19] COPY light-client/src ./light-client/src
#28 DONE 0.0s

#29 [builder 19/19] RUN touch app/src/main.rs light-client/src/lib.rs && cargo build --release -p evolve-tee
#29 0.977    Compiling light-client v0.1.0 (/build/light-client)
#29 0.981 warning: unexpected `cfg` condition value: `borsh`
#29 0.981    --> types/src/lib.rs:176:12
#29 0.981     |
#29 0.981 176 | #[cfg_attr(feature = "borsh", derive(BorshSerialize, BorshDeserialize))]
#29 0.981     |            ^^^^^^^^^^^^^^^^^ help: remove the condition
#29 0.981     |
#29 0.981     = note: no expected values for `feature`
#29 0.981     = help: consider adding `borsh` as a feature in `Cargo.toml`
#29 0.981     = note: see <https://doc.rust-lang.org/nightly/rustc/check-cfg/cargo-specifics.html> for more information about checking conditional configuration
#29 0.981     = note: `#[warn(unexpected_cfgs)]` on by default
#29 0.981 
#29 0.982 warning: unexpected `cfg` condition value: `borsh_schema`
#29 0.982    --> types/src/lib.rs:177:12
#29 0.982     |
#29 0.982 177 | #[cfg_attr(feature = "borsh_schema", derive(BorshSchema))]
#29 0.982     |            ^^^^^^^^^^^^^^^^^^^^^^^^ help: remove the condition
#29 0.982     |
#29 0.982     = note: no expected values for `feature`
#29 0.982     = help: consider adding `borsh_schema` as a feature in `Cargo.toml`
#29 0.982     = note: see <https://doc.rust-lang.org/nightly/rustc/check-cfg/cargo-specifics.html> for more information about checking conditional configuration
#29 0.982 
#29 0.982 warning: unexpected `cfg` condition value: `borsh`
#29 0.982    --> types/src/lib.rs:185:12
#29 0.982     |
#29 0.982 185 | #[cfg_attr(feature = "borsh", derive(BorshSerialize, BorshDeserialize))]
#29 0.982     |            ^^^^^^^^^^^^^^^^^ help: remove the condition
#29 0.982     |
#29 0.982     = note: no expected values for `feature`
#29 0.982     = help: consider adding `borsh` as a feature in `Cargo.toml`
#29 0.982     = note: see <https://doc.rust-lang.org/nightly/rustc/check-cfg/cargo-specifics.html> for more information about checking conditional configuration
#29 0.982 
#29 0.982 warning: unexpected `cfg` condition value: `borsh_schema`
#29 0.982    --> types/src/lib.rs:186:12
#29 0.982     |
#29 0.982 186 | #[cfg_attr(feature = "borsh_schema", derive(BorshSchema))]
#29 0.982     |            ^^^^^^^^^^^^^^^^^^^^^^^^ help: remove the condition
#29 0.982     |
#29 0.982     = note: no expected values for `feature`
#29 0.982     = help: consider adding `borsh_schema` as a feature in `Cargo.toml`
#29 0.982     = note: see <https://doc.rust-lang.org/nightly/rustc/check-cfg/cargo-specifics.html> for more information about checking conditional configuration
#29 0.982 
#29 0.983 warning: `types` (lib) generated 4 warnings
#29 3.608 warning: light-client@0.1.0: rustc +succinct --version: "rustc 1.88.0-dev\n"
#29 3.608 warning: light-client@0.1.0: circuit built at 2026-01-05 15:25:01
#29 6.856    Compiling evolve-tee v0.1.0 (/build/app)
#29 19.00     Finished `release` profile [optimized] target(s) in 18.77s
#29 DONE 19.1s

#30 [stage-1 4/4] COPY --from=builder /build/target/release/evolve-tee .
#30 DONE 0.1s

#31 exporting to image
#31 exporting layers
#31 exporting layers 2.3s done
#31 exporting manifest sha256:058d6d9d8a1d1e8357690c67a48beb5efbaf77d721ccb634435c0faea6f1ff23 done
#31 exporting config sha256:c5d30ec24d6c7c23c75dfde6feb9331e2b4f88fb692b8d912f2f2a9b26f7925b done
#31 exporting attestation manifest sha256:05eaab1e24f7f4e851dee1c39a430fd45eb6099b3b15452dade9ab74fc4a856b done
#31 exporting manifest list sha256:3d99cd3248e3eb1e8e78787352b0960c40c6796ae3bf5dfd97e0115183744971 done
#31 naming to docker.io/jonas089/evolve-tee:latest done
#31 DONE 2.4s

View build details: docker-desktop://dashboard/build/desktop-linux/desktop-linux/554ci93r0lb2a6v8x6qgx3ogj
