#0 building with "desktop-linux" instance using docker driver

#1 [internal] load build definition from Dockerfile
#1 transferring dockerfile: 2.19kB done
#1 DONE 0.0s

#2 [auth] library/debian:pull token for registry-1.docker.io
#2 DONE 0.0s

#3 [auth] library/rust:pull token for registry-1.docker.io
#3 DONE 0.0s

#4 [internal] load metadata for docker.io/library/rust:1.88
#4 DONE 1.0s

#5 [internal] load metadata for docker.io/library/debian:bookworm-slim
#5 DONE 1.3s

#6 [internal] load .dockerignore
#6 transferring context: 2B done
#6 DONE 0.0s

#7 [internal] load build context
#7 transferring context: 10.01kB done
#7 DONE 0.0s

#8 [builder  1/19] FROM docker.io/library/rust:1.88@sha256:af306cfa71d987911a781c37b59d7d67d934f49684058f96cf72079c3626bfe0
#8 resolve docker.io/library/rust:1.88@sha256:af306cfa71d987911a781c37b59d7d67d934f49684058f96cf72079c3626bfe0 0.0s done
#8 DONE 0.0s

#9 [stage-1 1/5] FROM docker.io/library/debian:bookworm-slim@sha256:d5d3f9c23164ea16f31852f95bd5959aad1c5e854332fe00f7b3a20fcc9f635c
#9 resolve docker.io/library/debian:bookworm-slim@sha256:d5d3f9c23164ea16f31852f95bd5959aad1c5e854332fe00f7b3a20fcc9f635c 0.0s done
#9 DONE 0.0s

#10 [stage-1 2/5] RUN apt-get update && apt-get install -y     ca-certificates     && rm -rf /var/lib/apt/lists/*
#10 CACHED

#11 [stage-1 3/5] WORKDIR /app
#11 CACHED

#12 [builder  8/19] COPY circuit/Cargo.toml ./circuit/
#12 CACHED

#13 [builder  7/19] COPY app/Cargo.toml ./app/
#13 CACHED

#14 [builder  9/19] COPY light-client/Cargo.toml ./light-client/
#14 CACHED

#15 [builder 11/19] COPY light-client/build.rs ./light-client/
#15 CACHED

#16 [builder  2/19] RUN apt-get update && apt-get install -y     clang     libclang-dev     && rm -rf /var/lib/apt/lists/*
#16 CACHED

#17 [builder 14/19] COPY types/src ./types/src
#17 CACHED

#18 [builder  4/19] RUN curl -L https://sp1up.succinct.xyz | bash &&     ~/.sp1/bin/sp1up --version 5.2.2
#18 CACHED

#19 [builder 12/19] COPY ev-batch-elf ./
#19 CACHED

#20 [builder  6/19] COPY Cargo.toml Cargo.lock ./
#20 CACHED

#21 [builder  5/19] WORKDIR /build
#21 CACHED

#22 [builder 10/19] COPY types/Cargo.toml ./types/
#22 CACHED

#23 [builder 13/19] COPY circuit/src ./circuit/src
#23 CACHED

#24 [builder  3/19] RUN curl -fsSL https://go.dev/dl/go1.22.5.linux-amd64.tar.gz | tar -C /usr/local -xzf -
#24 CACHED

#25 [builder 15/19] RUN mkdir -p app/src && echo "fn main() {}" > app/src/main.rs &&     mkdir -p light-client/src && echo "" > light-client/src/lib.rs
#25 CACHED

#26 [builder 16/19] RUN cargo build --release -p evolve-tee && rm -rf app/src light-client/src
#26 0.476     Updating git repository `https://github.com/sp1-patches/bn`
#26 1.680     Updating git repository `https://github.com/sp1-patches/curve25519-dalek`
#26 2.474     Updating git repository `https://github.com/sp1-patches/elliptic-curves`
#26 3.271     Updating git repository `https://github.com/sp1-patches/elliptic-curves`
#26 3.763     Updating git repository `https://github.com/sp1-patches/RustCrypto-hashes`
#26 4.813     Updating git repository `https://github.com/sp1-patches/RustCrypto-hashes`
#26 5.356     Updating crates.io index
#26 5.360     Updating git repository `https://github.com/celestiaorg/celestia-zkevm/`
#26 16.22     Updating git repository `https://github.com/jonas089/dstack`
#26 440.9     Updating git repository `https://github.com/celestiaorg/celestia-zkevm/`
#26 442.4     Updating git repository `https://github.com/jonas089/dcap-qvl`
#26 445.0     Updating git repository `https://github.com/paradigmxyz/reth`
#26 458.4     Updating git repository `https://github.com/succinctlabs/rsp.git`
#26 458.8     Updating git repository `https://github.com/rwf2/Rocket`
#26 461.3     Updating git repository `https://github.com/sp1-patches/signatures.git`
#26 463.2     Updating git repository `https://github.com/SergioBenitez/s2n-quic-h3.git`
#26 469.8  Downloading crates ...
#26 469.9   Downloaded alloy-network-primitives v1.0.41
#26 469.9   Downloaded alloy-eip2124 v0.2.0
#26 469.9   Downloaded arrayref v0.3.9
#26 470.0   Downloaded addchain v0.2.0
#26 470.0   Downloaded alloy-sol-macro-input v1.3.0
#26 470.0   Downloaded dashu-macros v0.4.1
#26 470.0   Downloaded adler2 v2.0.1
#26 470.0   Downloaded ark-serialize v0.5.0
#26 470.0   Downloaded enum-ordinalize v4.3.2
#26 470.0   Downloaded ed25519-consensus v2.1.0
#26 470.0   Downloaded fastrlp v0.4.0
#26 470.0   Downloaded alloy-op-hardforks v0.2.13
#26 470.0   Downloaded alloy-eip2930 v0.2.1
#26 470.0   Downloaded digest v0.10.7
#26 470.0   Downloaded ark-bn254 v0.5.0
#26 470.0   Downloaded asn1_der v0.7.6
#26 470.0   Downloaded aurora-engine-modexp v1.2.0
#26 470.0   Downloaded alloy-rpc-types v1.0.32
#26 470.0   Downloaded alloy-op-evm v0.12.3
#26 470.0   Downloaded crossbeam-epoch v0.9.18
#26 470.0   Downloaded alloy-json-abi v1.3.0
#26 470.0   Downloaded darling_macro v0.21.3
#26 470.0   Downloaded alloy-eip7702 v0.6.1
#26 470.0   Downloaded alloy-serde v1.0.41
#26 470.0   Downloaded logos-derive v0.14.4
#26 470.0   Downloaded crypto-common v0.1.6
#26 470.0   Downloaded alloy-rlp-derive v0.3.12
#26 470.0   Downloaded alloy-hardforks v0.2.13
#26 470.0   Downloaded alloy-consensus-any v1.0.41
#26 470.0   Downloaded alloy-signer v1.0.41
#26 470.0   Downloaded arrayvec v0.7.6
#26 470.0   Downloaded aws-smithy-http v0.62.6
#26 470.0   Downloaded alloy v1.0.32
#26 470.0   Downloaded allocator-api2 v0.2.21
#26 470.0   Downloaded alloy-network v1.0.41
#26 470.0   Downloaded alloy-chains v0.2.23
#26 470.0   Downloaded addr2line v0.25.1
#26 470.0   Downloaded ahash v0.8.12
#26 470.0   Downloaded alloy-core v1.3.0
#26 470.0   Downloaded alloy-transport-ws v1.0.41
#26 470.0   Downloaded anstyle v1.0.13
#26 470.0   Downloaded downloader v0.2.8
#26 470.0   Downloaded fixedbitset v0.4.2
#26 470.0   Downloaded num-conv v0.1.0
#26 470.0   Downloaded dyn-clone v1.0.20
#26 470.0   Downloaded p3-commit v0.2.3-succinct
#26 470.0   Downloaded enum-ordinalize-derive v4.3.2
#26 470.0   Downloaded dashu-base v0.4.1
#26 470.0   Downloaded futures-core v0.3.31
#26 470.0   Downloaded alloy-rpc-client v1.0.41
#26 470.0   Downloaded funty v2.0.0
#26 470.0   Downloaded displaydoc v0.2.5
#26 470.0   Downloaded data-encoding-macro v0.1.18
#26 470.0   Downloaded dashmap v6.1.0
#26 470.1   Downloaded peg-runtime v0.8.5
#26 470.1   Downloaded aws-lc-rs v1.15.2
#26 470.1   Downloaded pkg-config v0.3.32
#26 470.1   Downloaded prost-build v0.12.6
#26 470.1   Downloaded op-revm v7.0.1
#26 470.1   Downloaded dirs-sys v0.4.1
#26 470.1   Downloaded option-ext v0.2.0
#26 470.1   Downloaded proc-macro-error-attr2 v2.0.0
#26 470.1   Downloaded parking_lot v0.12.5
#26 470.1   Downloaded proc-macro-error2 v2.0.1
#26 470.1   Downloaded pkcs8 v0.10.2
#26 470.1   Downloaded phf_generator v0.11.3
#26 470.1   Downloaded or-panic v1.0.2
#26 470.1   Downloaded futures-task v0.3.31
#26 470.1   Downloaded futures-macro v0.3.31
#26 470.1   Downloaded futures-channel v0.3.31
#26 470.1   Downloaded fs_extra v1.3.0
#26 470.1   Downloaded ed25519 v2.2.3
#26 470.1   Downloaded object v0.37.3
#26 470.1   Downloaded aws-sigv4 v1.3.7
#26 470.1   Downloaded memoffset v0.9.1
#26 470.1   Downloaded foldhash v0.1.5
#26 470.1   Downloaded data-encoding v2.9.0
#26 470.1   Downloaded futures-io v0.3.31
#26 470.1   Downloaded form_urlencoded v1.2.2
#26 470.1   Downloaded p3-poseidon2 v0.2.3-succinct
#26 470.1   Downloaded p3-mds v0.2.3-succinct
#26 470.1   Downloaded p3-merkle-tree v0.2.3-succinct
#26 470.1   Downloaded aws-sdk-sts v1.95.0
#26 470.1   Downloaded dirs v5.0.1
#26 470.1   Downloaded digest v0.9.0
#26 470.1   Downloaded crossbeam-channel v0.5.15
#26 470.1   Downloaded aws-runtime v1.5.17
#26 470.1   Downloaded ark-ff v0.4.2
#26 470.1   Downloaded op-alloy-rpc-types v0.18.14
#26 470.2   Downloaded crossbeam-utils v0.8.21
#26 470.2   Downloaded num-complex v0.4.6
#26 470.2   Downloaded macro-string v0.1.4
#26 470.2   Downloaded futures-executor v0.3.31
#26 470.2   Downloaded ev-types v0.0.1
#26 470.2   Downloaded alloy-genesis v1.0.41
#26 470.2   Downloaded alloy-eips v1.0.41
#26 470.2   Downloaded mime v0.3.17
#26 470.2   Downloaded logos-derive v0.15.1
#26 470.2   Downloaded lock_api v0.4.14
#26 470.2   Downloaded litemap v0.8.1
#26 470.2   Downloaded enum-as-inner v0.6.1
#26 470.2   Downloaded aws-smithy-async v1.2.7
#26 470.2   Downloaded aho-corasick v1.1.4
#26 470.2   Downloaded ark-ec v0.5.0
#26 470.2   Downloaded async-trait v0.1.89
#26 470.2   Downloaded anyhow v1.0.100
#26 470.2   Downloaded ark-std v0.5.0
#26 470.2   Downloaded p3-interpolation v0.2.3-succinct
#26 470.2   Downloaded flex-error v0.4.4
#26 470.2   Downloaded data-encoding-macro-internal v0.1.16
#26 470.2   Downloaded fixed-hash v0.8.0
#26 470.2   Downloaded fastrlp v0.3.1
#26 470.2   Downloaded ark-std v0.4.0
#26 470.2   Downloaded ark-ff-macros v0.3.0
#26 470.2   Downloaded ark-ff v0.3.0
#26 470.2   Downloaded anstream v0.6.21
#26 470.2   Downloaded alloy-tx-macros v1.2.1
#26 470.2   Downloaded dashu-ratio v0.4.1
#26 470.2   Downloaded crypto-bigint v0.5.5
#26 470.2   Downloaded multimap v0.10.1
#26 470.2   Downloaded alloy-primitives v1.3.0
#26 470.2   Downloaded futures-sink v0.3.31
#26 470.2   Downloaded foreign-types v0.3.2
#26 470.2   Downloaded ff_derive v0.13.1
#26 470.2   Downloaded ff v0.12.1
#26 470.2   Downloaded time-macros v0.2.24
#26 470.2   Downloaded fs-err v3.2.1
#26 470.2   Downloaded der_derive v0.7.3
#26 470.2   Downloaded tokio-rustls v0.26.4
#26 470.2   Downloaded find-msvc-tools v0.1.5
#26 470.2   Downloaded aws-config v1.8.12
#26 470.2   Downloaded either v1.15.0
#26 470.2   Downloaded wyz v0.5.1
#26 470.2   Downloaded miniz_oxide v0.8.9
#26 470.2   Downloaded futures-timer v3.0.3
#26 470.2   Downloaded rustc-demangle v0.1.26
#26 470.2   Downloaded ripemd v0.1.3
#26 470.2   Downloaded ruint-macro v1.2.1
#26 470.2   Downloaded futures v0.3.31
#26 470.3   Downloaded axum-core v0.5.5
#26 470.3   Downloaded serde_bytes v0.11.19
#26 470.3   Downloaded prost-reflect v0.14.7
#26 470.3   Downloaded sec1 v0.7.3
#26 470.3   Downloaded ref-cast-impl v1.0.25
#26 470.3   Downloaded ref-cast v1.0.25
#26 470.3   Downloaded yoke-derive v0.8.1
#26 470.3   Downloaded colorchoice v1.0.4
#26 470.3   Downloaded celestia-grpc-macros v0.4.0
#26 470.3   Downloaded stable_deref_trait v1.2.1
#26 470.3   Downloaded clap_lex v0.7.6
#26 470.3   Downloaded prost-reflect v0.15.3
#26 470.3   Downloaded cmake v0.1.57
#26 470.3   Downloaded cargo_metadata v0.18.1
#26 470.3   Downloaded blockstore v0.8.0
#26 470.3   Downloaded blockstore v0.7.1
#26 470.3   Downloaded derivative v2.2.0
#26 470.3   Downloaded clap_derive v4.5.49
#26 470.3   Downloaded crc32fast v1.5.0
#26 470.3   Downloaded lru v0.12.5
#26 470.3   Downloaded openssl-macros v0.1.1
#26 470.3   Downloaded base16ct v0.2.0
#26 470.3   Downloaded pairing v0.23.0
#26 470.3   Downloaded matchit v0.7.3
#26 470.3   Downloaded futures-utils-wasm v0.1.0
#26 470.3   Downloaded ruint v1.17.0
#26 470.3   Downloaded unicode-xid v0.2.6
#26 470.3   Downloaded halo2 v0.1.0-beta.2
#26 470.3   Downloaded zerotrie v0.2.3
#26 470.3   Downloaded rustc-hex v2.1.0
#26 470.3   Downloaded rand_chacha v0.2.2
#26 470.3   Downloaded radium v0.7.0
#26 470.3   Downloaded pin-utils v0.1.0
#26 470.3   Downloaded pasta_curves v0.4.1
#26 470.3   Downloaded parking_lot_core v0.9.12
#26 470.3   Downloaded sp1-recursion-compiler v5.2.4
#26 470.3   Downloaded schemars v1.1.0
#26 470.3   Downloaded revm-database-interface v6.0.0
#26 470.4   Downloaded revm-inspector v7.0.1
#26 470.4   Downloaded darling v0.21.3
#26 470.4   Downloaded revm-handler v7.0.1
#26 470.4   Downloaded lru v0.13.0
#26 470.4   Downloaded s2n-quic v1.71.0
#26 470.4   Downloaded time v0.3.44
#26 470.4   Downloaded simd-adler32 v0.3.8
#26 470.4   Downloaded memuse v0.2.2
#26 470.4   Downloaded zstd v0.13.3
#26 470.4   Downloaded tracing-attributes v0.1.31
#26 470.4   Downloaded num-iter v0.1.45
#26 470.4   Downloaded hkdf v0.12.4
#26 470.4   Downloaded p3-dft v0.2.3-succinct
#26 470.4   Downloaded zkhash v0.2.0
#26 470.4   Downloaded nom v7.1.3
#26 470.4   Downloaded toml_write v0.1.2
#26 470.4   Downloaded tap v1.0.1
#26 470.4   Downloaded strum v0.27.2
#26 470.4   Downloaded strum v0.26.3
#26 470.4   Downloaded rand_core v0.5.1
#26 470.4   Downloaded tower-service v0.3.3
#26 470.4   Downloaded tagptr v0.2.0
#26 470.4   Downloaded webpki-roots v0.26.11
#26 470.4   Downloaded synstructure v0.13.2
#26 470.4   Downloaded want v0.3.1
#26 470.4   Downloaded tracing-appender v0.2.4
#26 470.4   Downloaded keccak v0.1.5
#26 470.4   Downloaded tracing-log v0.2.0
#26 470.4   Downloaded walkdir v2.5.0
#26 470.4   Downloaded jobserver v0.1.34
#26 470.4   Downloaded axum-core v0.3.4
#26 470.4   Downloaded web-time v1.1.0
#26 470.4   Downloaded tempfile v3.24.0
#26 470.4   Downloaded libloading v0.8.9
#26 470.4   Downloaded block-buffer v0.10.4
#26 470.4   Downloaded rustc_version v0.3.3
#26 470.4   Downloaded serde_repr v0.1.20
#26 470.4   Downloaded informalsystems-pbjson v0.7.0
#26 470.4   Downloaded lazy_static v1.5.0
#26 470.4   Downloaded matchers v0.2.0
#26 470.4   Downloaded hyper-tls v0.6.0
#26 470.4   Downloaded instant v0.1.13
#26 470.4   Downloaded crc v3.4.0
#26 470.4   Downloaded miette-derive v7.6.0
#26 470.4   Downloaded num-order v1.2.0
#26 470.4   Downloaded inlinable_string v0.1.15
#26 470.4   Downloaded modular-bitfield v0.11.2
#26 470.5   Downloaded resolv-conf v0.7.6
#26 470.5   Downloaded rand_xorshift v0.4.0
#26 470.5   Downloaded byte-slice-cast v1.2.3
#26 470.5   Downloaded base64-simd v0.8.0
#26 470.5   Downloaded sp1-prover v5.2.2
#26 470.5   Downloaded p3-bn254-fr v0.2.3-succinct
#26 470.5   Downloaded thiserror v2.0.17
#26 470.5   Downloaded serde_core v1.0.228
#26 470.5   Downloaded unicode-ident v1.0.22
#26 470.5   Downloaded prost v0.12.6
#26 470.5   Downloaded tonic v0.10.2
#26 470.5   Downloaded borsh v1.6.0
#26 470.5   Downloaded untrusted v0.7.1
#26 470.5   Downloaded scale-info-derive v2.11.6
#26 470.5   Downloaded rustls-native-certs v0.8.2
#26 470.5   Downloaded p3-baby-bear v0.2.3-succinct
#26 470.5   Downloaded zeroize v1.8.2
#26 470.5   Downloaded protox v0.7.2
#26 470.5   Downloaded hyper-util v0.1.19
#26 470.5   Downloaded base64 v0.22.1
#26 470.5   Downloaded tower v0.4.13
#26 470.5   Downloaded getrandom v0.1.16
#26 470.5   Downloaded p3-keccak-air v0.2.3-succinct
#26 470.5   Downloaded p3-fri v0.2.3-succinct
#26 470.5   Downloaded leopard-codec v0.1.0
#26 470.5   Downloaded s2n-codec v0.71.0
#26 470.5   Downloaded mio v1.1.1
#26 470.5   Downloaded indexmap v1.9.3
#26 470.5   Downloaded nybbles v0.4.6
#26 470.5   Downloaded multer v3.1.0
#26 470.5   Downloaded tendermint-light-client-verifier v0.40.4
#26 470.5   Downloaded socket2 v0.6.1
#26 470.5   Downloaded celestia-types v0.16.0
#26 470.6   Downloaded subtle v2.6.1
#26 470.6   Downloaded sp1_bls12_381 v0.8.0-sp1-5.0.0
#26 470.6   Downloaded number_prefix v0.4.0
#26 470.6   Downloaded ryu v1.0.21
#26 470.6   Downloaded celestia-types v0.15.0
#26 470.6   Downloaded potential_utf v0.1.4
#26 470.6   Downloaded zerofrom-derive v0.1.6
#26 470.6   Downloaded sha3-asm v0.1.4
#26 470.6   Downloaded cargo-platform v0.1.9
#26 470.6   Downloaded sp1-lib v5.2.4
#26 470.6   Downloaded derive_more-impl v2.1.1
#26 470.6   Downloaded sp1-curves v5.2.4
#26 470.6   Downloaded hex v0.4.3
#26 470.6   Downloaded convert_case v0.10.0
#26 470.6   Downloaded heck v0.4.1
#26 470.6   Downloaded sp1-cuda v5.2.2
#26 470.6   Downloaded const_format_proc_macros v0.2.34
#26 470.6   Downloaded heck v0.5.0
#26 470.6   Downloaded hickory-resolver v0.25.2
#26 470.6   Downloaded is-terminal v0.4.17
#26 470.6   Downloaded impl-codec v0.6.0
#26 470.6   Downloaded clang-sys v1.8.1
#26 470.6   Downloaded proptest v1.9.0
#26 470.6   Downloaded powerfmt v0.2.0
#26 470.6   Downloaded op-alloy-consensus v0.18.14
#26 470.6   Downloaded serde_yaml v0.9.34+deprecated
#26 470.6   Downloaded getrandom v0.3.4
#26 470.6   Downloaded bincode v1.3.3
#26 470.6   Downloaded bimap v0.6.3
#26 470.6   Downloaded twox-hash v1.6.3
#26 470.6   Downloaded once_cell v1.21.3
#26 470.6   Downloaded rustls-pemfile v2.2.0
#26 470.6   Downloaded jsonrpsee-proc-macros v0.25.1
#26 470.6   Downloaded socket2 v0.5.10
#26 470.6   Downloaded jsonrpsee-http-client v0.25.1
#26 470.6   Downloaded binascii v0.1.4
#26 470.6   Downloaded beef v0.5.2
#26 470.7   Downloaded getrandom v0.2.16
#26 470.7   Downloaded zstd-safe v7.2.4
#26 470.7   Downloaded rustls-pemfile v1.0.4
#26 470.7   Downloaded parity-scale-codec v3.7.5
#26 470.7   Downloaded ubyte v0.10.4
#26 470.7   Downloaded twirp-rs v0.13.0-succinct
#26 470.7   Downloaded sp1-derive v5.2.4
#26 470.7   Downloaded pin-project-internal v1.1.10
#26 470.7   Downloaded multiaddr v0.18.2
#26 470.7   Downloaded impl-trait-for-tuples v0.2.3
#26 470.7   Downloaded toml_datetime v0.7.5+spec-1.1.0
#26 470.7   Downloaded strsim v0.11.1
#26 470.7   Downloaded oid-registry v0.7.1
#26 470.7   Downloaded num_enum_derive v0.7.5
#26 470.7   Downloaded multibase v0.9.2
#26 470.7   Downloaded cid v0.11.1
#26 470.7   Downloaded block-buffer v0.9.0
#26 470.7   Downloaded aws-smithy-observability v0.1.5
#26 470.7   Downloaded version_check v0.9.5
#26 470.7   Downloaded valuable v0.1.1
#26 470.7   Downloaded untrusted v0.9.0
#26 470.7   Downloaded http-body-util v0.1.3
#26 470.7   Downloaded derive_more v2.1.1
#26 470.7   Downloaded indenter v0.3.4
#26 470.7   Downloaded httpdate v1.0.3
#26 470.7   Downloaded constant_time_eq v0.3.1
#26 470.7   Downloaded vec_map v0.8.2
#26 470.7   Downloaded modular-bitfield-impl v0.11.2
#26 470.7   Downloaded ipnet v2.11.0
#26 470.7   Downloaded tendermint-config v0.40.4
#26 470.7   Downloaded ed25519-dalek v2.2.0
#26 470.7   Downloaded webpki-roots v1.0.4
#26 470.7   Downloaded derive_more-impl v1.0.0
#26 470.7   Downloaded pathdiff v0.2.3
#26 470.7   Downloaded nohash-hasher v0.2.0
#26 470.7   Downloaded subtle-encoding v0.5.1
#26 470.7   Downloaded serial_test v3.2.0
#26 470.7   Downloaded is_terminal_polyfill v1.70.2
#26 470.7   Downloaded subtle-ng v2.5.0
#26 470.7   Downloaded serdect v0.2.0
#26 470.7   Downloaded thiserror-impl v1.0.69
#26 470.7   Downloaded subenum v1.1.3
#26 470.7   Downloaded openssl-sys v0.9.111
#26 470.7   Downloaded winnow v0.7.14
#26 470.7   Downloaded tracing-subscriber v0.3.22
#26 470.7   Downloaded s2n-quic-rustls v0.71.0
#26 470.7   Downloaded rayon-core v1.13.0
#26 470.7   Downloaded toml_edit v0.23.10+spec-1.0.0
#26 470.7   Downloaded quinn-udp v0.5.14
#26 470.7   Downloaded bech32 v0.11.1
#26 470.7   Downloaded aws-smithy-json v0.61.9
#26 470.8   Downloaded typenum v1.19.0
#26 470.8   Downloaded cc v1.2.50
#26 470.8   Downloaded thiserror v1.0.69
#26 470.8   Downloaded convert_case v0.7.1
#26 470.8   Downloaded rand v0.9.2
#26 470.8   Downloaded rustls-platform-verifier v0.5.3
#26 470.8   Downloaded toml_edit v0.19.15
#26 470.8   Downloaded hex-literal v0.4.1
#26 470.8   Downloaded aws-smithy-query v0.60.9
#26 470.8   Downloaded s2n-quic-core v0.71.0
#26 470.8   Downloaded sync_wrapper v1.0.2
#26 470.8   Downloaded bytemuck v1.24.0
#26 470.8   Downloaded sha1 v0.10.6
#26 470.8   Downloaded bytes-utils v0.1.4
#26 470.8   Downloaded serial_test_derive v3.2.0
#26 470.8   Downloaded tonic-reflection v0.10.2
#26 470.8   Downloaded memchr v2.7.6
#26 470.8   Downloaded cpufeatures v0.2.17
#26 470.8   Downloaded const-hex v1.17.0
#26 470.8   Downloaded tower-layer v0.3.3
#26 470.8   Downloaded utf8_iter v1.0.4
#26 470.8   Downloaded quick-error v1.2.3
#26 470.8   Downloaded tonic-build v0.13.1
#26 470.8   Downloaded hex-conservative v0.2.2
#26 470.8   Downloaded jsonrpsee-client-transport v0.25.1
#26 470.8   Downloaded primitive-types v0.12.2
#26 470.8   Downloaded protox-parse v0.7.0
#26 470.8   Downloaded ident_case v1.0.1
#26 470.8   Downloaded rayon v1.11.0
#26 470.8   Downloaded hex-literal v1.1.0
#26 470.8   Downloaded phf v0.11.3
#26 470.9   Downloaded ics23 v0.12.0
#26 470.9   Downloaded vsimd v0.8.0
#26 470.9   Downloaded const-oid v0.9.6
#26 470.9   Downloaded phf_macros v0.11.3
#26 470.9   Downloaded p3-symmetric v0.2.3-succinct
#26 470.9   Downloaded num_enum_derive v0.5.11
#26 470.9   Downloaded hyper-rustls v0.24.2
#26 470.9   Downloaded byteorder v1.5.0
#26 470.9   Downloaded utf8parse v0.2.2
#26 470.9   Downloaded pairing v0.22.0
#26 470.9   Downloaded toml v0.8.23
#26 470.9   Downloaded num_cpus v1.17.0
#26 470.9   Downloaded protox-parse v0.8.0
#26 470.9   Downloaded unsigned-varint v0.8.0
#26 470.9   Downloaded futures-util v0.3.31
#26 470.9   Downloaded serde_spanned v0.6.9
#26 470.9   Downloaded num_enum v0.7.5
#26 470.9   Downloaded libp2p-identity v0.2.13
#26 470.9   Downloaded core2 v0.4.0
#26 470.9   Downloaded const-str v0.4.3
#26 470.9   Downloaded protox v0.8.0
#26 470.9   Downloaded pin-project v1.1.10
#26 470.9   Downloaded idna_adapter v1.2.1
#26 470.9   Downloaded same-file v1.0.6
#26 470.9   Downloaded uuid v1.19.0
#26 470.9   Downloaded log v0.4.29
#26 470.9   Downloaded phf_shared v0.11.3
#26 470.9   Downloaded nmt-rs v0.2.5
#26 470.9   Downloaded scale-info v2.11.6
#26 470.9   Downloaded bit-vec v0.8.0
#26 470.9   Downloaded blake3 v1.8.2
#26 470.9   Downloaded hyper-timeout v0.4.1
#26 470.9   Downloaded http-client-unix-domain-socket v0.1.2
#26 470.9   Downloaded url v2.5.7
#26 470.9   Downloaded itertools v0.12.1
#26 470.9   Downloaded aws-types v1.3.11
#26 470.9   Downloaded tendermint-proto v0.40.4
#26 470.9   Downloaded zerofrom v0.1.6
#26 470.9   Downloaded num-bigint v0.4.6
#26 470.9   Downloaded rusticata-macros v4.1.0
#26 470.9   Downloaded paste v1.0.15
#26 470.9   Downloaded bindgen v0.72.1
#26 471.0   Downloaded tokio-util v0.7.17
#26 471.0   Downloaded lumina-utils v0.4.0
#26 471.0   Downloaded match-lookup v0.1.1
#26 471.0   Downloaded hyper-rustls v0.27.7
#26 471.0   Downloaded generic-array v1.1.0
#26 471.0   Downloaded base64ct v1.8.1
#26 471.0   Downloaded rustls-native-certs v0.6.3
#26 471.0   Downloaded pasta_curves v0.5.1
#26 471.0   Downloaded p3-uni-stark v0.2.3-succinct
#26 471.0   Downloaded schemars v0.9.0
#26 471.0   Downloaded num-traits v0.2.19
#26 471.0   Downloaded http v1.4.0
#26 471.0   Downloaded clap_builder v4.5.53
#26 471.0   Downloaded smallvec v1.15.1
#26 471.0   Downloaded rustls-webpki v0.103.8
#26 471.0   Downloaded gimli v0.32.3
#26 471.0   Downloaded logos-codegen v0.15.1
#26 471.0   Downloaded thiserror-impl v2.0.17
#26 471.0   Downloaded syn-solidity v1.5.2
#26 471.0   Downloaded half v1.8.3
#26 471.0   Downloaded const_format v0.2.35
#26 471.0   Downloaded revm-context v7.0.1
#26 471.0   Downloaded revm-bytecode v5.0.0
#26 471.0   Downloaded halo2_proofs v0.1.0
#26 471.0   Downloaded iana-time-zone v0.1.64
#26 471.0   Downloaded itertools v0.14.0
#26 471.0   Downloaded logos-codegen v0.14.4
#26 471.0   Downloaded reqwest v0.12.28
#26 471.0   Downloaded yansi v1.0.1
#26 471.0   Downloaded x509-parser v0.16.0
#26 471.0   Downloaded num-bigint v0.3.3
#26 471.0   Downloaded quinn v0.11.9
#26 471.0   Downloaded h3 v0.0.6
#26 471.1   Downloaded bindgen v0.70.1
#26 471.1   Downloaded scc v2.4.0
#26 471.1   Downloaded bytemuck_derive v1.10.2
#26 471.1   Downloaded blake2b_simd v1.0.3
#26 471.1   Downloaded sp1-core-executor v5.2.4
#26 471.1   Downloaded x509-cert v0.2.5
#26 471.1   Downloaded blake2 v0.10.6
#26 471.1   Downloaded iri-string v0.7.9
#26 471.1   Downloaded quinn-proto v0.11.13
#26 471.1   Downloaded tower v0.5.2
#26 471.1   Downloaded bindgen v0.71.1
#26 471.1   Downloaded aws-smithy-types v1.3.5
#26 471.1   Downloaded hyper v1.8.1
#26 471.1   Downloaded libc v0.2.178
#26 471.1   Downloaded aws-smithy-runtime v1.9.5
#26 471.1   Downloaded zerocopy v0.8.31
#26 471.1   Downloaded tower-http v0.6.8
#26 471.2   Downloaded h2 v0.3.27
#26 471.2   Downloaded lz4-sys v1.11.1+lz4-1.10.0
#26 471.2   Downloaded itertools v0.13.0
#26 471.2   Downloaded bzip2-sys v0.1.13+1.0.8
#26 471.2   Downloaded zerocopy-derive v0.8.31
#26 471.2   Downloaded tendermint-rpc v0.40.4
#26 471.2   Downloaded icu_properties_data v2.1.2
#26 471.2   Downloaded h2 v0.4.12
#26 471.2   Downloaded bitflags v2.10.0
#26 471.2   Downloaded indexmap v2.12.1
#26 471.2   Downloaded icu_collections v2.1.1
#26 471.2   Downloaded tonic v0.12.3
#26 471.2   Downloaded regex v1.12.2
#26 471.2   Downloaded slab v0.4.11
#26 471.2   Downloaded hyper-timeout v0.5.2
#26 471.2   Downloaded sp1-build v5.2.2
#26 471.2   Downloaded hickory-proto v0.25.2
#26 471.2   Downloaded rustls v0.21.12
#26 471.2   Downloaded rustls-webpki v0.101.7
#26 471.3   Downloaded reqwest v0.11.27
#26 471.3   Downloaded serde_with v3.16.1
#26 471.3   Downloaded hashbrown v0.14.5
#26 471.3   Downloaded libm v0.2.15
#26 471.3   Downloaded idna v1.1.0
#26 471.3   Downloaded chrono v0.4.42
#26 471.3   Downloaded moka v0.12.12
#26 471.3   Downloaded rustls v0.23.35
#26 471.3   Downloaded zstd-sys v2.0.16+zstd.1.5.7
#26 471.3   Downloaded snowbridge-amcl v1.0.2
#26 471.3   Downloaded petgraph v0.6.5
#26 471.3   Downloaded syn v1.0.109
#26 471.3   Downloaded unicode-width v0.1.14
#26 471.4   Downloaded bitvec v1.0.1
#26 471.4   Downloaded blst v0.3.16
#26 471.4   Downloaded sp1-core-machine v5.2.4
#26 471.4   Downloaded libz-sys v1.1.23
#26 471.4   Downloaded syn v2.0.111
#26 471.4   Downloaded s2n-quic-transport v0.71.0
#26 471.4   Downloaded regex-syntax v0.8.8
#26 471.4   Downloaded curve25519-dalek-ng v4.1.1
#26 471.4   Downloaded nix v0.30.1
#26 471.4   Downloaded rustix v1.1.3
#26 471.5   Downloaded ring v0.17.14
#26 471.5   Downloaded unicode-width v0.2.2
#26 471.5   Downloaded cookie v0.18.1
#26 471.5   Downloaded bls12_381 v0.7.1
#26 471.5   Downloaded peg v0.8.5
#26 471.5   Downloaded ucd-trie v0.1.7
#26 471.5   Downloaded regex-automata v0.4.13
#26 471.5   Downloaded generic-array v0.14.9
#26 471.5   Downloaded yasna v0.5.2
#26 471.5   Downloaded tonic v0.13.1
#26 471.5   Downloaded tendermint v0.40.4
#26 471.5   Downloaded httparse v1.10.1
#26 471.5   Downloaded aws-smithy-http-client v1.1.5
#26 471.5   Downloaded parity-scale-codec-derive v3.7.5
#26 471.5   Downloaded thread_local v1.1.9
#26 471.5   Downloaded lru-slab v0.1.2
#26 471.5   Downloaded pear_codegen v0.2.9
#26 471.6   Downloaded petgraph v0.7.1
#26 471.6   Downloaded threadpool v1.8.1
#26 471.6   Downloaded prettyplease v0.2.37
#26 471.6   Downloaded icu_locale_core v2.1.1
#26 471.6   Downloaded vcpkg v0.2.15
#26 471.6   Downloaded miette v7.6.0
#26 471.6   Downloaded unsafe-libyaml v0.2.11
#26 471.6   Downloaded icu_normalizer v2.1.1
#26 471.6   Downloaded bytes v1.11.0
#26 471.6   Downloaded jsonrpsee-core v0.25.1
#26 471.6   Downloaded rand v0.7.3
#26 471.6   Downloaded itertools v0.10.5
#26 471.6   Downloaded cbindgen v0.27.0
#26 471.7   Downloaded openssl v0.10.75
#26 471.7   Downloaded leopard-codec v0.2.0
#26 471.7   Downloaded uint v0.9.5
#26 471.7   Downloaded size v0.4.1
#26 471.7   Downloaded hashbrown v0.15.5
#26 471.7   Downloaded rcgen v0.13.2
#26 471.7   Downloaded range-set-blaze v0.1.16
#26 471.7   Downloaded hashbrown v0.12.3
#26 471.7   Downloaded num_enum v0.5.11
#26 471.7   Downloaded hashbrown v0.16.1
#26 471.7   Downloaded aws-smithy-runtime-api v1.9.3
#26 471.7   Downloaded tungstenite v0.26.2
#26 471.7   Downloaded proc-macro2 v1.0.103
#26 471.7   Downloaded encoding_rs v0.8.35
#26 471.7   Downloaded jubjub v0.9.0
#26 471.7   Downloaded clap v4.5.53
#26 471.7   Downloaded secp256k1-sys v0.10.1
#26 471.8   Downloaded s2n-quic-platform v0.71.0
#26 471.8   Downloaded rand v0.8.5
#26 471.8   Downloaded icu_normalizer_data v2.1.1
#26 471.8   Downloaded p3-util v0.2.3-succinct
#26 471.8   Downloaded camino v1.2.2
#26 471.8   Downloaded logos v0.14.4
#26 471.8   Downloaded c-kzg v2.1.5
#26 471.8   Downloaded http v0.2.12
#26 471.8   Downloaded pear v0.2.9
#26 471.8   Downloaded jsonrpsee-ws-client v0.25.1
#26 471.8   Downloaded jsonrpsee v0.25.1
#26 471.8   Downloaded aws-smithy-xml v0.60.13
#26 471.8   Downloaded tonic-build v0.10.2
#26 471.8   Downloaded ruzstd v0.7.3
#26 471.8   Downloaded indicatif v0.17.11
#26 471.8   Downloaded serde_with_macros v3.16.1
#26 471.8   Downloaded revm v26.0.1
#26 471.8   Downloaded bon-macros v3.8.1
#26 471.8   Downloaded logos v0.15.1
#26 471.8   Downloaded regex-lite v0.1.8
#26 471.8   Downloaded utf-8 v0.7.6
#26 471.8   Downloaded urlencoding v2.1.3
#26 471.8   Downloaded toml_parser v1.0.6+spec-1.1.0
#26 471.8   Downloaded icu_provider v2.1.1
#26 471.8   Downloaded toml_datetime v0.6.11
#26 471.8   Downloaded tracing v0.1.44
#26 471.9   Downloaded unicode-segmentation v1.12.0
#26 471.9   Downloaded tokio v1.48.0
#26 471.9   Downloaded jsonrpsee-types v0.25.1
#26 471.9   Downloaded sync_wrapper v0.1.2
#26 471.9   Downloaded num v0.4.3
#26 471.9   Downloaded xmlparser v0.13.6
#26 471.9   Downloaded static_assertions v1.1.0
#26 471.9   Downloaded sp1-primitives v5.2.4
#26 471.9   Downloaded rusty-fork v0.3.1
#26 471.9   Downloaded rustversion v1.0.22
#26 471.9   Downloaded rayon-scan v0.1.1
#26 471.9   Downloaded ppv-lite86 v0.2.21
#26 471.9   Downloaded soketto v0.8.1
#26 471.9   Downloaded intrusive-collections v0.9.7
#26 471.9   Downloaded icu_properties v2.1.2
#26 471.9   Downloaded bit-set v0.8.0
#26 471.9   Downloaded toml_edit v0.22.27
#26 471.9   Downloaded rustls-pki-types v1.13.2
#26 471.9   Downloaded quote v1.0.42
#26 471.9   Downloaded peg-macros v0.8.5
#26 471.9   Downloaded nu-ansi-term v0.50.3
#26 471.9   Downloaded prost v0.13.5
#26 471.9   Downloaded p3-maybe-rayon v0.2.3-succinct
#26 471.9   Downloaded p3-matrix v0.2.3-succinct
#26 471.9   Downloaded bs58 v0.5.1
#26 471.9   Downloaded axum v0.7.9
#26 471.9   Downloaded bon v3.8.1
#26 471.9   Downloaded elf v0.7.4
#26 471.9   Downloaded axum v0.8.8
#26 471.9   Downloaded axum v0.6.20
#26 471.9   Downloaded winnow v0.5.40
#26 472.0   Downloaded sysinfo v0.30.13
#26 472.0   Downloaded serde_urlencoded v0.7.1
#26 472.0   Downloaded reqwest-middleware v0.3.3
#26 472.0   Downloaded proc-macro2-diagnostics v0.10.1
#26 472.0   Downloaded base64 v0.21.7
#26 472.0   Downloaded strum_macros v0.27.2
#26 472.0   Downloaded matchit v0.8.4
#26 472.0   Downloaded s2n-quic-crypto v0.71.0
#26 472.0   Downloaded serde_json v1.0.147
#26 472.0   Downloaded p3-air v0.2.3-succinct
#26 472.0   Downloaded outref v0.5.2
#26 472.0   Downloaded opaque-debug v0.3.1
#26 472.0   Downloaded crc-catalog v2.4.0
#26 472.0   Downloaded cfg_aliases v0.2.1
#26 472.0   Downloaded cfg-if v1.0.4
#26 472.0   Downloaded serde_path_to_error v0.1.20
#26 472.0   Downloaded linux-raw-sys v0.11.0
#26 472.0   Downloaded elliptic-curve v0.13.8
#26 472.0   Downloaded rand_chacha v0.9.0
#26 472.0   Downloaded spin v0.9.8
#26 472.0   Downloaded serde_derive v1.0.228
#26 472.0   Downloaded op-alloy-network v0.18.14
#26 472.0   Downloaded celestia-grpc v0.8.0
#26 472.0   Downloaded try-lock v0.2.5
#26 472.0   Downloaded hmac v0.12.1
#26 472.0   Downloaded glob v0.3.3
#26 472.0   Downloaded p3-field v0.2.3-succinct
#26 472.0   Downloaded num-rational v0.4.2
#26 472.0   Downloaded num-modular v0.6.1
#26 472.0   Downloaded group v0.13.0
#26 472.0   Downloaded cexpr v0.6.0
#26 472.0   Downloaded borsh-derive v1.6.0
#26 472.0   Downloaded tracing-core v0.1.36
#26 472.0   Downloaded base64 v0.13.1
#26 472.1   Downloaded bitflags v1.3.2
#26 472.1   Downloaded siphasher v1.0.1
#26 472.1   Downloaded http-body v0.4.6
#26 472.1   Downloaded http-body v1.0.1
#26 472.1   Downloaded group v0.12.1
#26 472.1   Downloaded dashu-float v0.4.3
#26 472.1   Downloaded figment v0.10.19
#26 472.1   Downloaded sharded-slab v0.1.7
#26 472.1   Downloaded tracing-forest v0.1.6
#26 472.1   Downloaded rustc_version v0.4.1
#26 472.1   Downloaded proc-macro-crate v3.4.0
#26 472.1   Downloaded signal-hook-registry v1.4.7
#26 472.1   Downloaded sha2 v0.9.9
#26 472.1   Downloaded rand_chacha v0.3.1
#26 472.1   Downloaded proc-macro-crate v1.3.1
#26 472.1   Downloaded percent-encoding v2.3.2
#26 472.1   Downloaded strum_macros v0.26.4
#26 472.1   Downloaded shlex v1.3.0
#26 472.1   Downloaded signature v2.2.0
#26 472.1   Downloaded prost-types v0.12.6
#26 472.1   Downloaded dashu-int v0.4.1
#26 472.1   Downloaded critical-section v1.2.0
#26 472.1   Downloaded openssl-probe v0.1.6
#26 472.1   Downloaded hyper v0.14.32
#26 472.1   Downloaded zerovec v0.11.5
#26 472.1   Downloaded itoa v1.0.16
#26 472.1   Downloaded sp1-sdk v5.2.2
#26 472.1   Downloaded revm-database v6.0.0
#26 472.1   Downloaded derive_more v0.99.20
#26 472.1   Downloaded revm-context-interface v7.0.1
#26 472.1   Downloaded prost-types v0.13.5
#26 472.1   Downloaded prost-derive v0.12.6
#26 472.1   Downloaded prost-build v0.13.5
#26 472.1   Downloaded keccak-asm v0.1.4
#26 472.1   Downloaded prost-derive v0.13.5
#26 472.1   Downloaded pin-project-lite v0.2.16
#26 472.1   Downloaded pem-rfc7468 v0.7.0
#26 472.1   Downloaded pem v3.0.6
#26 472.1   Downloaded celestia-proto v0.10.0
#26 472.1   Downloaded celestia-proto v0.9.1
#26 472.1   Downloaded backtrace v0.3.76
#26 472.1   Downloaded tokio-tungstenite v0.26.2
#26 472.1   Downloaded state v0.6.0
#26 472.1   Downloaded stable-pattern v0.1.0
#26 472.2   Downloaded sp1-recursion-core v5.2.4
#26 472.2   Downloaded rust_decimal v1.39.0
#26 472.2   Downloaded rocksdb v0.24.0
#26 472.2   Downloaded object v0.36.7
#26 472.2   Downloaded base256emoji v1.0.2
#26 472.2   Downloaded spki v0.7.3
#26 472.2   Downloaded sp1-stark v5.2.4
#26 472.2   Downloaded sp1-recursion-circuit v5.2.4
#26 472.2   Downloaded ark-bls12-381 v0.5.0
#26 472.2   Downloaded rand_core v0.9.3
#26 472.2   Downloaded rand_core v0.6.4
#26 472.2   Downloaded num-integer v0.1.46
#26 472.2   Downloaded portable-atomic v1.12.0
#26 472.2   Downloaded revm-precompile v23.0.0
#26 472.2   Downloaded p3-challenger v0.2.3-succinct
#26 472.2   Downloaded hash_hasher v2.0.4
#26 472.2   Downloaded gen_ops v0.4.0
#26 472.2   Downloaded gcd v2.3.0
#26 472.2   Downloaded revm-interpreter v22.0.1
#26 472.2   Downloaded celestia-rpc v0.13.0
#26 472.2   Downloaded serde v1.0.228
#26 472.2   Downloaded secp256k1 v0.30.0
#26 472.2   Downloaded educe v0.6.0
#26 472.2   Downloaded derive_more v1.0.0
#26 472.2   Downloaded darling_core v0.21.3
#26 472.2   Downloaded console v0.15.11
#26 472.2   Downloaded tinyvec v1.10.0
#26 472.2   Downloaded fixedbitset v0.5.7
#26 472.2   Downloaded eyre v0.6.12
#26 472.2   Downloaded bitcoin_hashes v0.14.1
#26 472.2   Downloaded zmij v0.1.7
#26 472.2   Downloaded zerovec-derive v0.11.2
#26 472.2   Downloaded tokio-stream v0.1.17
#26 472.2   Downloaded tokio-rustls v0.24.1
#26 472.2   Downloaded pest v2.8.4
#26 472.2   Downloaded der-parser v9.0.0
#26 472.2   Downloaded axum-core v0.4.5
#26 472.2   Downloaded zeroize_derive v1.4.2
#26 472.2   Downloaded tinystr v0.8.2
#26 472.2   Downloaded serde_cbor v0.11.2
#26 472.3   Downloaded backoff v0.4.0
#26 472.3   Downloaded yoke v0.8.1
#26 472.3   Downloaded writeable v0.6.2
#26 472.3   Downloaded tokio-native-tls v0.3.1
#26 472.3   Downloaded tokio-macros v2.6.0
#26 472.3   Downloaded tiny-keccak v2.0.2
#26 472.3   Downloaded semver v0.11.0
#26 472.3   Downloaded ref-swap v0.1.2
#26 472.3   Downloaded multihash v0.19.3
#26 472.3   Downloaded bitcoin-io v0.1.4
#26 472.3   Downloaded sp1-zkvm v5.2.2
#26 472.3   Downloaded semver-parser v0.10.3
#26 472.3   Downloaded sdd v3.0.10
#26 472.3   Downloaded sct v0.7.1
#26 472.3   Downloaded der v0.7.10
#26 472.3   Downloaded base-x v0.2.11
#26 472.3   Downloaded tokio-io-timeout v1.2.1
#26 472.3   Downloaded rustc-hash v2.1.1
#26 472.3   Downloaded wait-timeout v0.2.1
#26 472.3   Downloaded uncased v0.9.10
#26 472.3   Downloaded unarray v0.1.4
#26 472.3   Downloaded tinyvec_macros v0.1.1
#26 472.3   Downloaded time-core v0.1.6
#26 472.3   Downloaded semver v1.0.27
#26 472.3   Downloaded rustc-hash v1.1.0
#26 472.3   Downloaded native-tls v0.2.14
#26 472.3   Downloaded sp1-recursion-derive v5.2.4
#26 472.3   Downloaded serde_arrays v0.2.0
#26 472.3   Downloaded serde-human-bytes v0.1.2
#26 472.3   Downloaded scopeguard v1.2.0
#26 472.3   Downloaded rlp v0.5.2
#26 472.3   Downloaded enum-map v2.7.3
#26 472.3   Downloaded derive-where v1.6.0
#26 472.3   Downloaded ff v0.13.1
#26 472.3   Downloaded dotenvy v0.15.7
#26 472.3   Downloaded deranged v0.5.5
#26 472.3   Downloaded rrs-succinct v0.1.0
#26 472.3   Downloaded revm-state v6.0.0
#26 472.3   Downloaded revm-primitives v20.2.1
#26 472.3   Downloaded enum_dispatch v0.3.13
#26 472.3   Downloaded minimal-lexical v0.2.1
#26 472.3   Downloaded sp1-recursion-gnark-ffi v5.2.4
#26 472.3   Downloaded foldhash v0.2.0
#26 472.3   Downloaded fastrand v2.3.0
#26 472.3   Downloaded foreign-types-shared v0.1.1
#26 472.3   Downloaded fnv v1.0.7
#26 472.3   Downloaded enum-map-derive v0.17.0
#26 472.3   Downloaded asn1-rs v0.6.2
#26 472.3   Downloaded aws-sdk-kms v1.97.0
#26 472.3   Downloaded alloy-trie v0.9.1
#26 472.3   Downloaded alloy-sol-types v1.3.0
#26 472.3   Downloaded alloy-sol-macro v1.3.0
#26 472.3   Downloaded alloy-rpc-types-eth v1.0.41
#26 472.4   Downloaded alloy-rpc-types-any v1.0.41
#26 472.4   Downloaded alloy-rlp v0.3.12
#26 472.4   Downloaded alloy-pubsub v1.0.41
#26 472.4   Downloaded alloy-provider v1.0.32
#26 472.4   Downloaded eventsource-stream v0.2.3
#26 472.4   Downloaded errno v0.3.14
#26 472.4   Downloaded equivalent v1.0.2
#26 472.4   Downloaded devise_core v0.4.2
#26 472.4   Downloaded devise_codegen v0.4.2
#26 472.4   Downloaded aws-credential-types v1.2.11
#26 472.4   Downloaded autocfg v1.5.0
#26 472.4   Downloaded ark-serialize-derive v0.5.0
#26 472.4   Downloaded ark-serialize v0.4.2
#26 472.4   Downloaded ark-ff-macros v0.5.0
#26 472.4   Downloaded anstyle-parse v0.2.7
#26 472.4   Downloaded alloy-transport-http v1.0.41
#26 472.4   Downloaded alloy-sol-macro-expander v1.3.0
#26 472.4   Downloaded alloy-signer-local v1.0.41
#26 472.4   Downloaded crossbeam-deque v0.8.6
#26 472.4   Downloaded aws-sdk-ssooidc v1.93.0
#26 472.4   Downloaded aws-sdk-sso v1.91.0
#26 472.4   Downloaded auto_impl v1.3.0
#26 472.4   Downloaded atomic-waker v1.1.2
#26 472.4   Downloaded async-stream-impl v0.3.6
#26 472.4   Downloaded async-stream v0.3.6
#26 472.4   Downloaded ark-ff-macros v0.4.2
#26 472.4   Downloaded anstyle-query v1.1.5
#26 472.4   Downloaded ansi_term v0.12.1
#26 472.4   Downloaded alloy-sol-type-parser v1.5.2
#26 472.4   Downloaded alloy-json-rpc v1.0.41
#26 472.4   Downloaded alloy-evm v0.12.3
#26 472.4   Downloaded alloy-dyn-abi v1.3.0
#26 472.4   Downloaded alloy-contract v1.0.32
#26 472.4   Downloaded alloy-consensus v1.0.41
#26 472.4   Downloaded flate2 v1.1.5
#26 472.4   Downloaded flagset v0.4.7
#26 472.4   Downloaded asn1-rs-impl v0.2.0
#26 472.4   Downloaded asn1-rs-derive v0.5.1
#26 472.4   Downloaded ark-std v0.3.0
#26 472.4   Downloaded librocksdb-sys v0.17.3+10.4.2
#26 472.5   Downloaded ark-serialize v0.3.0
#26 472.5   Downloaded ark-poly v0.5.0
#26 472.6   Downloaded ark-ff-asm v0.5.0
#26 472.6   Downloaded ark-ff-asm v0.4.2
#26 472.6   Downloaded ark-ff-asm v0.3.0
#26 472.6   Downloaded ark-ff v0.5.0
#26 472.6   Downloaded alloy-transport v1.0.41
#26 472.6   Downloaded alloy-signer-aws v1.0.41
#26 472.6   Downloaded alloy-rpc-types-engine v1.0.41
#26 472.6   Downloaded dunce v1.0.5
#26 472.6   Downloaded devise v0.4.2
#26 472.6   Downloaded cuckoofilter v0.5.0
#26 472.6   Downloaded ctrlc v3.5.1
#26 472.6   Downloaded crunchy v0.2.4
#26 472.6   Downloaded downcast-rs v1.2.1
#26 472.6   Downloaded dashu v0.4.2
#26 472.6   Downloaded aws-lc-sys v0.35.0
#26 472.7   Downloaded kzg-rs v0.2.7
#26 473.2    Compiling proc-macro2 v1.0.103
#26 473.2    Compiling unicode-ident v1.0.22
#26 473.2    Compiling quote v1.0.42
#26 473.2    Compiling serde_core v1.0.228
#26 473.2    Compiling serde v1.0.228
#26 473.2    Compiling cfg-if v1.0.4
#26 473.2    Compiling libc v0.2.178
#26 473.2    Compiling autocfg v1.5.0
#26 473.2    Compiling version_check v0.9.5
#26 473.2    Compiling typenum v1.19.0
#26 473.6    Compiling portable-atomic v1.12.0
#26 473.6    Compiling critical-section v1.2.0
#26 473.9    Compiling shlex v1.3.0
#26 474.3    Compiling find-msvc-tools v0.1.5
#26 474.4    Compiling generic-array v0.14.9
#26 474.5    Compiling subtle v2.6.1
#26 474.5    Compiling itoa v1.0.16
#26 474.6    Compiling num-traits v0.2.19
#26 474.9    Compiling syn v1.0.109
#26 475.2    Compiling zerocopy v0.8.31
#26 475.3    Compiling pin-project-lite v0.2.16
#26 475.8    Compiling jobserver v0.1.34
#26 475.9    Compiling equivalent v1.0.2
#26 475.9    Compiling radium v0.7.0
#26 476.3    Compiling once_cell v1.21.3
#26 476.4    Compiling getrandom v0.2.16
#26 476.5    Compiling const-oid v0.9.6
#26 477.0    Compiling cc v1.2.50
#26 477.0    Compiling memchr v2.7.6
#26 477.0    Compiling log v0.4.29
#26 477.0    Compiling hashbrown v0.16.1
#26 477.2    Compiling num-integer v0.1.46
#26 477.3    Compiling rand_core v0.6.4
#26 477.4    Compiling num-bigint v0.3.3
#26 477.6    Compiling syn v2.0.111
#26 477.8    Compiling tracing-core v0.1.36
#26 478.0    Compiling paste v1.0.15
#26 478.2    Compiling cpufeatures v0.2.17
#26 478.4    Compiling indexmap v2.12.1
#26 478.5    Compiling unicode-xid v0.2.6
#26 478.5    Compiling heck v0.5.0
#26 478.8    Compiling rustversion v1.0.22
#26 478.8    Compiling crossbeam-utils v0.8.21
#26 479.2    Compiling winnow v0.7.14
#26 479.2    Compiling tap v1.0.1
#26 479.7    Compiling funty v2.0.0
#26 479.8    Compiling wyz v0.5.1
#26 479.8    Compiling either v1.15.0
#26 480.4    Compiling byteorder v1.5.0
#26 480.4    Compiling base64ct v1.8.1
#26 480.6    Compiling flagset v0.4.7
#26 480.7    Compiling thiserror v2.0.17
#26 481.3    Compiling addchain v0.2.0
#26 481.5    Compiling pem-rfc7468 v0.7.0
#26 481.6    Compiling crunchy v0.2.4
#26 481.7    Compiling tiny-keccak v2.0.2
#26 481.7    Compiling base16ct v0.2.0
#26 481.8    Compiling parking_lot_core v0.9.12
#26 481.9    Compiling serde_derive v1.0.228
#26 482.0    Compiling zeroize_derive v1.4.2
#26 482.1    Compiling tracing-attributes v0.1.31
#26 482.2    Compiling ff_derive v0.13.1
#26 482.3    Compiling der_derive v0.7.3
#26 482.5    Compiling thiserror-impl v2.0.17
#26 482.9    Compiling allocator-api2 v0.2.21
#26 483.2    Compiling futures-macro v0.3.31
#26 483.4    Compiling zeroize v1.8.2
#26 483.8    Compiling ppv-lite86 v0.2.21
#26 484.1    Compiling scopeguard v1.2.0
#26 484.2    Compiling tracing v0.1.44
#26 484.4    Compiling der v0.7.10
#26 484.4    Compiling strsim v0.11.1
#26 484.6    Compiling futures-core v0.3.31
#26 484.8    Compiling lock_api v0.4.14
#26 484.9    Compiling rayon-core v1.13.0
#26 485.5    Compiling block-buffer v0.10.4
#26 485.5    Compiling crypto-common v0.1.6
#26 485.6    Compiling crypto-bigint v0.5.5
#26 485.6    Compiling serde_json v1.0.147
#26 485.8    Compiling keccak v0.1.5
#26 485.8    Compiling futures-sink v0.3.31
#26 486.0    Compiling toml_parser v1.0.6+spec-1.1.0
#26 486.1    Compiling toml_datetime v0.7.5+spec-1.1.0
#26 486.2    Compiling spki v0.7.3
#26 486.4    Compiling digest v0.10.7
#26 486.4    Compiling zmij v0.1.7
#26 486.4    Compiling futures-io v0.3.31
#26 486.5    Compiling bytes v1.11.0
#26 487.1    Compiling smallvec v1.15.1
#26 487.2    Compiling arrayvec v0.7.6
#26 487.4    Compiling sha2 v0.10.9 (https://github.com/sp1-patches/RustCrypto-hashes?tag=patch-sha2-0.10.9-sp1-4.0.0#0b1945ee)
#26 487.5    Compiling bitvec v1.0.1
#26 487.8    Compiling hmac v0.12.1
#26 487.8    Compiling pkcs8 v0.10.2
#26 487.9    Compiling serdect v0.2.0
#26 488.0    Compiling signature v2.2.0
#26 488.6    Compiling rfc6979 v0.4.0 (https://github.com/sp1-patches/signatures.git?tag=patch-16.9-sp1-4.1.0#1880299a)
#26 488.6    Compiling http v1.4.0
#26 488.7    Compiling sec1 v0.7.3
#26 488.7    Compiling sha3 v0.10.8 (https://github.com/sp1-patches/RustCrypto-hashes?tag=patch-sha3-0.10.8-sp1-4.0.0#8f6d303c)
#26 489.1    Compiling toml_edit v0.23.10+spec-1.0.0
#26 489.2    Compiling synstructure v0.13.2
#26 489.2    Compiling dunce v1.0.5
#26 489.3    Compiling foldhash v0.1.5
#26 489.8    Compiling parking_lot v0.12.5
#26 490.1    Compiling unicode-segmentation v1.12.0
#26 490.4    Compiling hashbrown v0.15.5
#26 490.5    Compiling proc-macro-crate v3.4.0
#26 490.9    Compiling ff v0.13.1
#26 491.0    Compiling ruint-macro v1.2.1
#26 491.0    Compiling pin-utils v0.1.0
#26 491.1    Compiling convert_case v0.10.0
#26 491.2    Compiling slab v0.4.11
#26 491.3    Compiling fnv v1.0.7
#26 491.6    Compiling futures-channel v0.3.31
#26 491.7    Compiling group v0.13.0
#26 491.8    Compiling num-bigint v0.4.6
#26 492.2    Compiling futures-task v0.3.31
#26 492.3    Compiling derive_more-impl v2.1.1
#26 492.3    Compiling alloy-rlp-derive v0.3.12
#26 492.4    Compiling zerofrom-derive v0.1.6
#26 492.4    Compiling rand_chacha v0.3.1
#26 492.4    Compiling tokio-macros v2.6.0
#26 492.6    Compiling mio v1.1.1
#26 492.9    Compiling elliptic-curve v0.13.8
#26 493.1    Compiling futures-util v0.3.31
#26 493.4    Compiling signal-hook-registry v1.4.7
#26 493.8    Compiling alloy-rlp v0.3.12
#26 493.9    Compiling socket2 v0.6.1
#26 494.0    Compiling rand v0.8.5
#26 494.1    Compiling ecdsa v0.16.9 (https://github.com/sp1-patches/signatures.git?tag=patch-16.9-sp1-4.1.0#1880299a)
#26 494.2    Compiling const-hex v1.17.0
#26 494.3    Compiling ahash v0.8.12
#26 494.5    Compiling yoke-derive v0.8.1
#26 494.8    Compiling ruint v1.17.0
#26 495.1    Compiling tokio v1.48.0
#26 495.2    Compiling displaydoc v0.2.5
#26 495.3    Compiling httparse v1.10.1
#26 496.0    Compiling k256 v0.13.4 (https://github.com/sp1-patches/elliptic-curves?tag=patch-k256-13.4-sp1-5.0.0#f7d8998e)
#26 496.1    Compiling zerovec-derive v0.11.2
#26 496.2    Compiling ring v0.17.14
#26 496.4    Compiling percent-encoding v2.3.2
#26 496.4    Compiling bitflags v2.10.0
#26 496.4    Compiling anyhow v1.0.100
#26 496.8    Compiling async-trait v0.1.89
#26 497.2    Compiling derive_more v2.1.1
#26 497.5    Compiling icu_properties_data v2.1.2
#26 497.5    Compiling icu_normalizer_data v2.1.1
#26 497.7    Compiling hex v0.4.3
#26 498.1    Compiling alloy-primitives v1.3.0
#26 498.3    Compiling crossbeam-epoch v0.9.18
#26 498.3    Compiling regex-syntax v0.8.8
#26 498.3    Compiling ident_case v1.0.1
#26 498.9    Compiling spin v0.9.8
#26 499.0    Compiling darling_core v0.21.3
#26 499.1    Compiling auto_impl v1.3.0
#26 499.8    Compiling lazy_static v1.5.0
#26 499.9    Compiling tokio-util v0.7.17
#26 500.5    Compiling tower-service v0.3.3
#26 500.7    Compiling itertools v0.12.1
#26 501.2    Compiling http-body v1.0.1
#26 502.2    Compiling darling_macro v0.21.3
#26 502.7    Compiling thiserror v1.0.69
#26 502.9    Compiling time-core v0.1.6
#26 502.9    Compiling num-conv v0.1.0
#26 503.3    Compiling form_urlencoded v1.2.2
#26 503.3    Compiling darling v0.21.3
#26 503.4    Compiling zerofrom v0.1.6
#26 503.5    Compiling time-macros v0.2.24
#26 503.6    Compiling serde_with_macros v3.16.1
#26 503.8    Compiling rustix v1.1.3
#26 504.0    Compiling stable_deref_trait v1.2.1
#26 504.3    Compiling yoke v0.8.1
#26 505.0    Compiling thiserror-impl v1.0.69
#26 505.0    Compiling untrusted v0.9.0
#26 505.5    Compiling regex-automata v0.4.13
#26 505.7    Compiling serde_with v3.16.1
#26 506.4    Compiling zerovec v0.11.5
#26 506.7    Compiling crossbeam-deque v0.8.6
#26 507.2    Compiling alloy-eip2930 v0.2.1
#26 507.3    Compiling num_enum_derive v0.7.5
#26 507.4    Compiling alloy-sol-type-parser v1.5.2
#26 507.6    Compiling tower-layer v0.3.3
#26 507.6    Compiling try-lock v0.2.5
#26 508.3    Compiling alloy-eip7702 v0.6.1
#26 508.4    Compiling want v0.3.1
#26 508.6    Compiling http-body-util v0.1.3
#26 508.6    Compiling syn-solidity v1.5.2
#26 508.9    Compiling macro-string v0.1.4
#26 509.0    Compiling alloy-json-abi v1.3.0
#26 509.2    Compiling num_enum v0.7.5
#26 509.2    Compiling proc-macro-error-attr2 v2.0.0
#26 509.2    Compiling crc-catalog v2.4.0
#26 509.3    Compiling httpdate v1.0.3
#26 509.5    Compiling rayon v1.11.0
#26 509.7    Compiling crc v3.4.0
#26 509.8    Compiling cmake v0.1.57
#26 509.8    Compiling base64 v0.22.1
#26 509.9    Compiling getrandom v0.3.4
#26 510.1    Compiling fs_extra v1.3.0
#26 510.5    Compiling proc-macro-error2 v2.0.1
#26 510.7    Compiling alloy-eip2124 v0.2.0
#26 510.9    Compiling tinystr v0.8.2
#26 511.0    Compiling alloy-sol-macro-input v1.3.0
#26 511.2    Compiling aws-lc-sys v0.35.0
#26 511.2    Compiling rustls-pki-types v1.13.2
#26 511.8    Compiling glob v0.3.3
#26 511.9    Compiling litemap v0.8.1
#26 511.9    Compiling writeable v0.6.2
#26 512.0    Compiling prettyplease v0.2.37
#26 512.2    Compiling alloy-sol-macro-expander v1.3.0
#26 512.4    Compiling linux-raw-sys v0.11.0
#26 512.9    Compiling icu_locale_core v2.1.1
#26 513.2    Compiling potential_utf v0.1.4
#26 513.8    Compiling zerotrie v0.2.3
#26 514.1    Compiling fastrand v2.3.0
#26 514.1    Compiling icu_collections v2.1.1
#26 514.6    Compiling aws-lc-rs v1.15.2
#26 515.2    Compiling icu_provider v2.1.1
#26 515.2    Compiling alloy-sol-macro v1.3.0
#26 515.5    Compiling tempfile v3.24.0
#26 515.9    Compiling p3-util v0.2.3-succinct
#26 516.0    Compiling sync_wrapper v1.0.2
#26 516.6    Compiling secp256k1-sys v0.10.1
#26 516.7    Compiling alloy-sol-types v1.3.0
#26 516.7    Compiling p3-field v0.2.3-succinct
#26 516.8    Compiling icu_normalizer v2.1.1
#26 516.8    Compiling icu_properties v2.1.2
#26 517.1    Compiling regex v1.12.2
#26 517.9    Compiling alloy-serde v1.0.41
#26 518.2    Compiling nybbles v0.4.6
#26 518.4    Compiling powerfmt v0.2.0
#26 518.5    Compiling ipnet v2.11.0
#26 518.9    Compiling idna_adapter v1.2.1
#26 519.5    Compiling deranged v0.5.5
#26 519.8    Compiling alloy-trie v0.9.1
#26 519.8    Compiling alloy-eips v1.0.41
#26 519.9    Compiling p3-maybe-rayon v0.2.3-succinct
#26 520.1    Compiling itertools v0.13.0
#26 520.9    Compiling utf8_iter v1.0.4
#26 521.0    Compiling rustls v0.23.35
#26 521.1    Compiling openssl-probe v0.1.6
#26 521.2    Compiling time v0.3.44
#26 521.5    Compiling tower v0.5.2
#26 521.6    Compiling alloy-tx-macros v1.2.1
#26 522.1    Compiling idna v1.1.0
#26 522.8    Compiling atomic-waker v1.1.2
#26 523.4    Compiling p3-matrix v0.2.3-succinct
#26 523.8    Compiling h2 v0.4.12
#26 523.9    Compiling url v2.5.7
#26 524.4    Compiling alloy-json-rpc v1.0.41
#26 524.6    Compiling secp256k1 v0.30.0
#26 525.0    Compiling ryu v1.0.21
#26 525.2    Compiling futures-utils-wasm v0.1.0
#26 525.2    Compiling const_format_proc_macros v0.2.34
#26 525.8    Compiling p3-symmetric v0.2.3-succinct
#26 526.2    Compiling alloy-consensus v1.0.41
#26 526.2    Compiling itertools v0.14.0
#26 526.5    Compiling toml_datetime v0.6.11
#26 526.8    Compiling blake3 v1.8.2
#26 526.8    Compiling rustls-native-certs v0.8.2
#26 527.0    Compiling revm-primitives v20.2.1
#26 527.7    Compiling primeorder v0.13.1 (https://github.com/sp1-patches/elliptic-curves?tag=patch-p256-13.2-sp1-5.0.0#10cca2ef)
#26 527.9    Compiling hyper v1.8.1
#26 528.0    Compiling constant_time_eq v0.3.1
#26 528.4    Compiling arrayref v0.3.9
#26 528.6    Compiling p3-dft v0.2.3-succinct
#26 528.6    Compiling alloy-signer v1.0.41
#26 528.7    Compiling revm-bytecode v5.0.0
#26 528.8    Compiling p256 v0.13.2 (https://github.com/sp1-patches/elliptic-curves?tag=patch-p256-13.2-sp1-5.0.0#10cca2ef)
#26 529.4    Compiling pkg-config v0.3.32
#26 529.4    Compiling eyre v0.6.12
#26 529.6    Compiling alloy-consensus-any v1.0.41
#26 529.6    Compiling alloy-network-primitives v1.0.41
#26 530.2    Compiling revm-state v6.0.0
#26 530.4    Compiling hyper-util v0.1.19
#26 530.5    Compiling num-rational v0.4.2
#26 530.8    Compiling alloy-rpc-types-eth v1.0.41
#26 530.8    Compiling num-iter v0.1.45
#26 531.0    Compiling num-complex v0.4.6
#26 531.4    Compiling strum_macros v0.26.4
#26 531.5    Compiling p3-mds v0.2.3-succinct
#26 531.5    Compiling p3-challenger v0.2.3-succinct
#26 532.3    Compiling num v0.4.3
#26 532.3    Compiling futures-executor v0.3.31
#26 532.6    Compiling bytemuck_derive v1.10.2
#26 532.8    Compiling clap_derive v4.5.49
#26 532.8    Compiling data-encoding v2.9.0
#26 532.9    Compiling gcd v2.3.0
#26 533.3    Compiling futures v0.3.31
#26 533.5    Compiling p3-commit v0.2.3-succinct
#26 533.6    Compiling p3-poseidon2 v0.2.3-succinct
#26 533.7    Compiling alloy-rpc-types-any v1.0.41
#26 533.9    Compiling strum_macros v0.27.2
#26 534.0    Compiling alloy-network v1.0.41
#26 534.4    Compiling sp1-derive v5.2.4
#26 534.5    Compiling semver v1.0.27
#26 534.7    Compiling bytemuck v1.24.0
#26 535.3    Compiling utf8parse v0.2.2
#26 535.7    Compiling p3-air v0.2.3-succinct
#26 535.9    Compiling parity-scale-codec-derive v3.7.5
#26 535.9    Compiling anstyle-parse v0.2.7
#26 536.0    Compiling impl-trait-for-tuples v0.2.3
#26 536.1    Compiling is_terminal_polyfill v1.70.2
#26 536.5    Compiling colorchoice v1.0.4
#26 536.5    Compiling anstyle-query v1.1.5
#26 536.6    Compiling anstyle v1.0.13
#26 536.6    Compiling prost-derive v0.13.5
#26 536.6    Compiling strum v0.27.2
#26 537.0    Compiling p3-baby-bear v0.2.3-succinct
#26 537.2    Compiling p3-interpolation v0.2.3-succinct
#26 537.2    Compiling clang-sys v1.8.1
#26 537.2    Compiling webpki-roots v1.0.4
#26 537.6    Compiling anstream v0.6.21
#26 537.7    Compiling ripemd v0.1.3
#26 537.8    Compiling bincode v1.3.3
#26 538.0    Compiling clap_lex v0.7.6
#26 538.2    Compiling mime v0.3.17
#26 538.2    Compiling hashbrown v0.14.5
#26 538.3    Compiling p3-fri v0.2.3-succinct
#26 538.5    Compiling p3-uni-stark v0.2.3-succinct
#26 538.9    Compiling clap_builder v4.5.53
#26 538.9    Compiling p3-merkle-tree v0.2.3-succinct
#26 539.1    Compiling sp1-primitives v5.2.4
#26 539.1    Compiling strum v0.26.3
#26 539.3    Compiling rayon-scan v0.1.1
#26 539.7    Compiling sysinfo v0.30.13
#26 539.7    Compiling serde_spanned v0.6.9
#26 539.8    Compiling toml_write v0.1.2
#26 539.8    Compiling static_assertions v1.1.0
#26 539.9    Compiling vcpkg v0.2.15
#26 540.1    Compiling revm-database-interface v6.0.0
#26 540.1    Compiling derive_more-impl v1.0.0
#26 540.1    Compiling enum-ordinalize-derive v4.3.2
#26 540.4    Compiling cbindgen v0.27.0
#26 540.6    Compiling alloy-chains v0.2.23
#26 540.7    Compiling toml_edit v0.22.27
#26 540.8    Compiling op-alloy-consensus v0.18.14
#26 541.4    Compiling clap v4.5.53
#26 541.4    Compiling sp1-stark v5.2.4
#26 541.5    Compiling http v0.2.12
#26 541.7    Compiling ark-std v0.5.0
#26 541.7    Compiling enum-ordinalize v4.3.2
#26 541.9    Compiling ark-serialize-derive v0.5.0
#26 541.9    Compiling heck v0.4.1
#26 542.0    Compiling minimal-lexical v0.2.1
#26 542.1    Compiling educe v0.6.0
#26 542.8    Compiling ark-ff-macros v0.5.0
#26 542.9    Compiling scale-info-derive v2.11.6
#26 543.2    Compiling toml v0.8.23
#26 543.3    Compiling ark-serialize v0.5.0
#26 543.3    Compiling nom v7.1.3
#26 544.0    Compiling ark-ff-asm v0.5.0
#26 544.1    Compiling libloading v0.8.9
#26 544.7    Compiling pathdiff v0.2.3
#26 544.7    Compiling http-body v0.4.6
#26 544.8    Compiling rustc_version v0.4.1
#26 544.9    Compiling pairing v0.23.0
#26 545.2    Compiling tokio-stream v0.1.17
#26 545.3    Compiling cexpr v0.6.0
#26 545.3    Compiling pin-project-internal v1.1.10
#26 545.3    Compiling num-modular v0.6.1
#26 545.5    Compiling sp1_bls12_381 v0.8.0-sp1-5.0.0
#26 545.5    Compiling ark-ff v0.5.0
#26 546.0    Compiling uuid v1.19.0
#26 546.7    Compiling num-order v1.2.0
#26 546.9    Compiling dashu-base v0.4.1
#26 547.1    Compiling alloy-genesis v1.0.41
#26 547.2    Compiling kzg-rs v0.2.7
#26 547.4    Compiling pin-project v1.1.10
#26 548.0    Compiling dashu-int v0.4.1
#26 548.3    Compiling rustc-hex v2.1.0
#26 548.5    Compiling winnow v0.5.40
#26 548.6    Compiling dyn-clone v1.0.20
#26 548.9    Compiling sp1-core-machine v5.2.4
#26 549.0    Compiling reth-primitives-traits v1.5.0 (https://github.com/paradigmxyz/reth?tag=v1.5.0#61e38f9a)
#26 549.8    Compiling ark-poly v0.5.0
#26 549.8    Compiling openssl-sys v0.9.111
#26 549.9    Compiling revm-context-interface v7.0.1
#26 550.7    Compiling toml_edit v0.19.15
#26 550.7    Compiling dashu-float v0.4.3
#26 550.8    Compiling const_format v0.2.35
#26 550.9    Compiling rand_core v0.9.3
#26 550.9    Compiling serde_arrays v0.2.0
#26 551.3    Compiling socket2 v0.5.10
#26 551.7    Compiling ark-ec v0.5.0
#26 552.4    Compiling dashu-ratio v0.4.1
#26 552.4    Compiling rand_chacha v0.9.0
#26 552.6    Compiling substrate-bn v0.6.0 (https://github.com/sp1-patches/bn?tag=patch-0.6.0-sp1-5.0.0#e0d67f21)
#26 552.7    Compiling proc-macro-crate v1.3.1
#26 552.9    Compiling aurora-engine-modexp v1.2.0
#26 552.9    Compiling serde_urlencoded v0.7.1
#26 553.9    Compiling derive-where v1.6.0
#26 554.1    Compiling num_enum_derive v0.5.11
#26 554.1    Compiling dashu-macros v0.4.1
#26 554.3    Compiling ark-bls12-381 v0.5.0
#26 554.4    Compiling ark-bn254 v0.5.0
#26 554.4    Compiling rand v0.9.2
#26 554.6    Compiling revm-interpreter v22.0.1
#26 555.3    Compiling alloy-hardforks v0.2.13
#26 555.7    Compiling revm-database v6.0.0
#26 556.0    Compiling revm-precompile v23.0.0
#26 556.2    Compiling revm-context v7.0.1
#26 556.5    Compiling range-set-blaze v0.1.16
#26 556.5    Compiling indenter v0.3.4
#26 557.5    Compiling crossbeam-channel v0.5.15
#26 557.5    Compiling foreign-types-shared v0.1.1
#26 557.6    Compiling openssl v0.10.75
#26 557.7    Compiling tinyvec_macros v0.1.1
#26 558.0    Compiling revm-handler v7.0.1
#26 558.1    Compiling tinyvec v1.10.0
#26 558.3    Compiling foreign-types v0.3.2
#26 558.5    Compiling openssl-macros v0.1.1
#26 558.6    Compiling enum-map-derive v0.17.0
#26 558.9    Compiling encoding_rs v0.8.35
#26 559.3    Compiling native-tls v0.2.14
#26 559.4    Compiling beef v0.5.2
#26 559.7    Compiling revm-inspector v7.0.1
#26 560.0    Compiling object v0.37.3
#26 560.7    Compiling revm v26.0.1
#26 561.4    Compiling op-revm v7.0.1
#26 562.7    Compiling sp1-recursion-core v5.2.4
#26 562.9    Compiling prost v0.13.5
#26 563.8    Compiling ark-ff-macros v0.4.2
#26 564.4    Compiling subenum v1.1.3
#26 564.7    Compiling enum-as-inner v0.6.1
#26 564.9    Compiling ark-ff-asm v0.4.2
#26 565.1    Compiling derivative v2.2.0
#26 565.3    Compiling parity-scale-codec v3.7.5
#26 565.5    Compiling tagptr v0.2.0
#26 565.9    Compiling tokio-native-tls v0.3.1
#26 566.0    Compiling hickory-proto v0.25.2
#26 566.3    Compiling moka v0.12.12
#26 566.3    Compiling alloy-evm v0.12.3
#26 566.6    Compiling h2 v0.3.27
#26 567.1    Compiling resolv-conf v0.7.6
#26 567.3    Compiling byte-slice-cast v1.2.3
#26 567.9    Compiling iri-string v0.7.9
#26 568.0    Compiling prost-types v0.13.5
#26 568.6    Compiling hyper-tls v0.6.0
#26 569.5    Compiling hickory-resolver v0.25.2
#26 569.8    Compiling vsimd v0.8.0
#26 569.9    Compiling outref v0.5.2
#26 570.3    Compiling tower-http v0.6.8
#26 570.5    Compiling hyper v0.14.32
#26 570.7    Compiling bindgen v0.70.1
#26 571.5    Compiling base64-simd v0.8.0
#26 573.0    Compiling bytes-utils v0.1.4
#26 573.3    Compiling miette-derive v7.6.0
#26 573.5    Compiling unicode-width v0.1.14
#26 574.0    Compiling rustc-hash v1.1.0
#26 574.2    Compiling multimap v0.10.1
#26 574.6    Compiling aws-smithy-types v1.3.5
#26 575.3    Compiling miette v7.6.0
#26 575.4    Compiling reth-trie-common v1.5.0 (https://github.com/paradigmxyz/reth?tag=v1.5.0#61e38f9a)
#26 576.6    Compiling sha1 v0.10.6
#26 576.9    Compiling async-stream-impl v0.3.6
#26 578.3    Compiling async-stream v0.3.6
#26 578.4    Compiling rustls-webpki v0.103.8
#26 579.4    Compiling derive_more v1.0.0
#26 579.7    Compiling reth-static-file-types v1.5.0 (https://github.com/paradigmxyz/reth?tag=v1.5.0#61e38f9a)
#26 579.9    Compiling scale-info v2.11.6
#26 581.4    Compiling dashmap v6.1.0
#26 581.9    Compiling reth-prune-types v1.5.0 (https://github.com/paradigmxyz/reth?tag=v1.5.0#61e38f9a)
#26 582.1    Compiling aws-smithy-async v1.2.7
#26 582.2    Compiling ff v0.12.1
#26 582.7    Compiling sp1-recursion-derive v5.2.4
#26 583.0    Compiling memuse v0.2.2
#26 583.1    Compiling rustls v0.21.12
#26 583.7    Compiling tokio-rustls v0.26.4
#26 584.1    Compiling group v0.12.1
#26 584.6    Compiling hyper-rustls v0.27.7
#26 584.6    Compiling matchers v0.2.0
#26 584.9    Compiling aws-smithy-runtime-api v1.9.3
#26 584.9    Compiling reth-storage-errors v1.5.0 (https://github.com/paradigmxyz/reth?tag=v1.5.0#61e38f9a)
#26 585.6    Compiling reqwest v0.12.28
#26 585.8    Compiling reth-ethereum-forks v1.5.0 (https://github.com/paradigmxyz/reth?tag=v1.5.0#61e38f9a)
#26 585.9    Compiling sct v0.7.1
#26 586.3    Compiling rustls-webpki v0.101.7
#26 586.9    Compiling sharded-slab v0.1.7
#26 587.4    Compiling tracing-log v0.2.0
#26 587.6    Compiling thread_local v1.1.9
#26 587.6    Compiling fixedbitset v0.5.7
#26 589.3    Compiling nu-ansi-term v0.50.3
#26 589.4    Compiling petgraph v0.7.1
#26 589.9    Compiling downloader v0.2.8
#26 590.4    Compiling tracing-subscriber v0.3.22
#26 590.7    Compiling reth-ethereum-primitives v1.5.0 (https://github.com/paradigmxyz/reth?tag=v1.5.0#61e38f9a)
#26 591.6    Compiling serde_bytes v0.11.19
#26 591.6    Compiling simd-adler32 v0.3.8
#26 592.3    Compiling adler2 v2.0.1
#26 593.2    Compiling miniz_oxide v0.8.9
#26 593.6    Compiling tokio-rustls v0.24.1
#26 594.6    Compiling prost-build v0.13.5
#26 594.9    Compiling blake2b_simd v1.0.3
#26 596.1    Compiling flex-error v0.4.4
#26 596.7    Compiling alloy-transport v1.0.41
#26 596.9    Compiling reth-network-peers v1.5.0 (https://github.com/paradigmxyz/reth?tag=v1.5.0#61e38f9a)
#26 597.6    Compiling digest v0.9.0
#26 597.9    Compiling subtle-encoding v0.5.1
#26 598.0    Compiling utf-8 v0.7.6
#26 598.4    Compiling camino v1.2.2
#26 599.5    Compiling tendermint-proto v0.40.4
#26 599.8    Compiling data-encoding-macro-internal v0.1.16
#26 599.8    Compiling reth-chainspec v1.5.0 (https://github.com/paradigmxyz/reth?tag=v1.5.0#61e38f9a)
#26 601.1    Compiling hyper-rustls v0.24.2
#26 601.2    Compiling reth-execution-types v1.5.0 (https://github.com/paradigmxyz/reth?tag=v1.5.0#61e38f9a)
#26 602.7    Compiling webpki-roots v0.26.11
#26 603.8    Compiling prost-derive v0.12.6
#26 603.9    Compiling block-buffer v0.9.0
#26 603.9    Compiling serial_test_derive v3.2.0
#26 604.0    Compiling match-lookup v0.1.1
#26 604.3    Compiling core2 v0.4.0
#26 604.6    Compiling indexmap v1.9.3
#26 604.7    Compiling unsigned-varint v0.8.0
#26 605.3    Compiling opaque-debug v0.3.1
#26 605.3    Compiling bimap v0.6.3
#26 605.5    Compiling base64 v0.21.7
#26 605.6    Compiling const-str v0.4.3
#26 605.6    Compiling matchit v0.7.3
#26 605.8    Compiling subtle-ng v2.5.0
#26 606.0    Compiling multihash v0.19.3
#26 606.1    Compiling sha2 v0.9.9
#26 606.3    Compiling alloy-pubsub v1.0.41
#26 606.8    Compiling curve25519-dalek-ng v4.1.1
#26 607.0    Compiling base256emoji v1.0.2
#26 607.7    Compiling dashu v0.4.2
#26 608.0    Compiling data-encoding-macro v0.1.18
#26 608.3    Compiling pasta_curves v0.4.1
#26 609.0    Compiling reth-execution-errors v1.5.0 (https://github.com/paradigmxyz/reth?tag=v1.5.0#61e38f9a)
#26 609.2    Compiling pairing v0.22.0
#26 609.3    Compiling snowbridge-amcl v1.0.2
#26 609.6    Compiling reth-stages-types v1.5.0 (https://github.com/paradigmxyz/reth?tag=v1.5.0#61e38f9a)
#26 609.6    Compiling logos-codegen v0.14.4
#26 610.3    Compiling num_enum v0.5.11
#26 611.1    Compiling ark-std v0.4.0
#26 611.9    Compiling ed25519 v2.2.3
#26 612.1    Compiling generic-array v1.1.0
#26 612.8    Compiling num_cpus v1.17.0
#26 613.2    Compiling hashbrown v0.12.3
#26 613.5    Compiling downcast-rs v1.2.1
#26 613.5    Compiling base-x v0.2.11
#26 613.8    Compiling rustc-hash v2.1.1
#26 613.9    Compiling gen_ops v0.4.0
#26 614.2    Compiling rrs-succinct v0.1.0
#26 614.5    Compiling multibase v0.9.2
#26 614.6    Compiling sp1-curves v5.2.4
#26 614.8    Compiling ark-serialize v0.4.2
#26 614.9    Compiling logos-derive v0.14.4
#26 615.3    Compiling halo2_proofs v0.1.0
#26 615.5    Compiling bls12_381 v0.7.1
#26 616.0    Compiling ed25519-consensus v2.1.0
#26 616.8    Compiling aws-credential-types v1.2.11
#26 616.8    Compiling aws-smithy-http v0.62.6
#26 617.4    Compiling enum-map v2.7.3
#26 617.8    Compiling logos-codegen v0.15.1
#26 617.9    Compiling aws-types v1.3.11
#26 618.6    Compiling itertools v0.10.5
#26 618.7    Compiling vec_map v0.8.2
#26 618.8    Compiling serde_repr v0.1.20
#26 618.8    Compiling proc-macro2-diagnostics v0.10.1
#26 619.5    Compiling ansi_term v0.12.1
#26 619.5    Compiling gimli v0.32.3
#26 619.7    Compiling nohash-hasher v0.2.0
#26 619.9    Compiling elf v0.7.4
#26 620.2    Compiling tendermint v0.40.4
#26 620.3    Compiling ark-ff v0.4.2
#26 620.5    Compiling tracing-forest v0.1.6
#26 621.5    Compiling sp1-core-executor v5.2.4
#26 622.0    Compiling halo2 v0.1.0-beta.2
#26 622.2    Compiling addr2line v0.25.1
#26 622.6    Compiling jubjub v0.9.0
#26 623.9    Compiling logos v0.14.4
#26 624.3    Compiling tower v0.4.13
#26 624.8    Compiling pasta_curves v0.5.1
#26 625.4    Compiling p3-keccak-air v0.2.3-succinct
#26 625.4    Compiling aws-smithy-observability v0.1.5
#26 626.5    Compiling alloy-op-hardforks v0.2.13
#26 626.8    Compiling lru v0.13.0
#26 626.9    Compiling blake2 v0.10.6
#26 627.2    Compiling serde_path_to_error v0.1.20
#26 628.7    Compiling urlencoding v2.1.3
#26 628.8    Compiling yansi v1.0.1
#26 628.8    Compiling rustc-demangle v0.1.26
#26 629.0    Compiling web-time v1.1.0
#26 629.2    Compiling size v0.4.1
#26 630.1    Compiling backtrace v0.3.76
#26 631.3    Compiling zkhash v0.2.0
#26 633.4    Compiling aws-sigv4 v1.3.7
#26 634.7    Compiling cid v0.11.1
#26 635.6    Compiling reth-consensus v1.5.0 (https://github.com/paradigmxyz/reth?tag=v1.5.0#61e38f9a)
#26 636.1    Compiling p3-bn254-fr v0.2.3-succinct
#26 636.3    Compiling reth-db-models v1.5.0 (https://github.com/paradigmxyz/reth?tag=v1.5.0#61e38f9a)
#26 637.0    Compiling alloy-rpc-types-engine v1.0.41
#26 637.3    Compiling hyper-timeout v0.5.2
#26 638.2    Compiling rust_decimal v1.39.0
#26 638.7    Compiling reth-storage-api v1.5.0 (https://github.com/paradigmxyz/reth?tag=v1.5.0#61e38f9a)
#26 639.1    Compiling logos-derive v0.15.1
#26 640.1    Compiling reth-optimism-forks v1.5.0 (https://github.com/paradigmxyz/reth?tag=v1.5.0#61e38f9a)
#26 640.2    Compiling prost-reflect v0.14.7
#26 640.4    Compiling protox-parse v0.7.0
#26 640.5    Compiling prost v0.12.6
#26 640.7    Compiling sp1-recursion-gnark-ffi v5.2.4
#26 641.0    Compiling aws-smithy-json v0.61.9
#26 641.5    Compiling reth-optimism-primitives v1.5.0 (https://github.com/paradigmxyz/reth?tag=v1.5.0#61e38f9a)
#26 641.6    Compiling op-alloy-rpc-types v0.18.14
#26 642.3    Compiling hkdf v0.12.4
#26 642.6    Compiling axum-core v0.3.4
#26 642.8    Compiling fixedbitset v0.4.2
#26 643.3    Compiling iana-time-zone v0.1.64
#26 643.3    Compiling regex-lite v0.1.8
#26 643.4    Compiling sync_wrapper v0.1.2
#26 643.6    Compiling sp1-recursion-compiler v5.2.4
#26 643.9    Compiling petgraph v0.6.5
#26 643.9    Compiling protox v0.7.2
#26 644.4    Compiling chrono v0.4.42
#26 644.9    Compiling prost-types v0.12.6
#26 645.5    Compiling logos v0.15.1
#26 645.6    Compiling reth-consensus-common v1.5.0 (https://github.com/paradigmxyz/reth?tag=v1.5.0#61e38f9a)
#26 645.9    Compiling reth-trie-sparse v1.5.0 (https://github.com/paradigmxyz/reth?tag=v1.5.0#61e38f9a)
#26 646.0    Compiling axum-core v0.4.5
#26 646.3    Compiling alloy-rpc-types v1.0.32
#26 646.4    Compiling nmt-rs v0.2.5
#26 646.6    Compiling enum_dispatch v0.3.13
#26 646.9    Compiling axum v0.6.20
#26 647.9    Compiling cfg_aliases v0.2.1
#26 648.0    Compiling option-ext v0.2.0
#26 648.4    Compiling sdd v3.0.10
#26 648.6    Compiling bech32 v0.11.1
#26 648.9    Compiling dirs-sys v0.4.1
#26 649.0    Compiling nix v0.30.1
#26 649.3    Compiling reth-trie v1.5.0 (https://github.com/paradigmxyz/reth?tag=v1.5.0#61e38f9a)
#26 650.1    Compiling scc v2.4.0
#26 650.5    Compiling axum v0.7.9
#26 651.0    Compiling prost-build v0.12.6
#26 651.0    Compiling celestia-proto v0.9.1
#26 651.5    Compiling reth-optimism-chainspec v1.5.0 (https://github.com/paradigmxyz/reth?tag=v1.5.0#61e38f9a)
#26 651.5    Compiling reth-evm v1.5.0 (https://github.com/paradigmxyz/reth?tag=v1.5.0#61e38f9a)
#26 652.1    Compiling rusticata-macros v4.1.0
#26 652.7    Compiling sp1-prover v5.2.2
#26 652.9    Compiling rustls-pemfile v2.2.0
#26 653.2    Compiling tokio-io-timeout v1.2.1
#26 653.5    Compiling asn1-rs-derive v0.5.1
#26 653.8    Compiling asn1-rs-impl v0.2.0
#26 654.0    Compiling cookie v0.18.1
#26 654.3    Compiling leopard-codec v0.1.0
#26 654.4    Compiling same-file v1.0.6
#26 654.8    Compiling bs58 v0.5.1
#26 655.5    Compiling bindgen v0.72.1
#26 655.7    Compiling base64 v0.13.1
#26 655.7    Compiling xmlparser v0.13.6
#26 656.1    Compiling bitflags v1.3.2
#26 656.1    Compiling ref-cast v1.0.25
#26 657.6    Compiling serde-human-bytes v0.1.2
#26 657.9    Compiling aws-smithy-xml v0.60.13
#26 658.0    Compiling libp2p-identity v0.2.13
#26 658.6    Compiling asn1-rs v0.6.2
#26 660.6    Compiling walkdir v2.5.0
#26 661.3    Compiling hyper-timeout v0.4.1
#26 662.2    Compiling serial_test v3.2.0
#26 662.2    Compiling tonic-build v0.10.2
#26 662.7    Compiling dirs v5.0.1
#26 662.9    Compiling reth-optimism-consensus v1.5.0 (https://github.com/paradigmxyz/reth?tag=v1.5.0#61e38f9a)
#26 664.5    Compiling prost-reflect v0.15.3
#26 664.8    Compiling protox-parse v0.8.0
#26 665.3    Compiling pear_codegen v0.2.9
#26 665.4    Compiling aws-smithy-query v0.60.9
#26 665.9    Compiling alloy-op-evm v0.12.3
#26 666.3    Compiling tracing-appender v0.2.4
#26 666.6    Compiling rlp v0.5.2
#26 667.1    Compiling curve25519-dalek v4.1.3 (https://github.com/sp1-patches/curve25519-dalek?tag=patch-4.1.3-sp1-5.0.0#be8c2201)
#26 667.2    Compiling libz-sys v1.1.23
#26 667.7    Compiling bzip2-sys v0.1.13+1.0.8
#26 667.7    Compiling zstd-sys v2.0.16+zstd.1.5.7
#26 668.4    Compiling lru v0.12.5
#26 668.7    Compiling lz4-sys v1.11.1+lz4-1.10.0
#26 669.3    Compiling oid-registry v0.7.1
#26 669.3    Compiling bindgen v0.71.1
#26 671.6    Compiling protox v0.8.0
#26 671.6    Compiling rsp-mpt v0.1.0 (https://github.com/succinctlabs/rsp.git?tag=reth-1.5.0#09bbb8f8)
#26 672.6    Compiling reth-optimism-evm v1.5.0 (https://github.com/paradigmxyz/reth?tag=v1.5.0#61e38f9a)
#26 674.8    Compiling ev-types v0.0.1
#26 675.2    Compiling sp1-recursion-circuit v5.2.4
#26 676.4    Compiling tonic v0.10.2
#26 677.8    Compiling multiaddr v0.18.2
#26 679.5    Compiling rsp-primitives v0.1.0 (https://github.com/succinctlabs/rsp.git?tag=reth-1.5.0#09bbb8f8)
#26 682.1    Compiling reth-evm-ethereum v1.5.0 (https://github.com/paradigmxyz/reth?tag=v1.5.0#61e38f9a)
#26 683.6    Compiling reth-ethereum-consensus v1.5.0 (https://github.com/paradigmxyz/reth?tag=v1.5.0#61e38f9a)
#26 683.8    Compiling reth-errors v1.5.0 (https://github.com/paradigmxyz/reth?tag=v1.5.0#61e38f9a)
#26 684.7    Compiling blockstore v0.7.1
#26 685.4    Compiling tonic-build v0.13.1
#26 685.4    Compiling alloy-signer-local v1.0.41
#26 685.5    Compiling jsonrpsee-types v0.25.1
#26 685.8    Compiling cargo-platform v0.1.9
#26 687.0    Compiling ref-cast-impl v1.0.25
#26 687.4    Compiling curve25519-dalek-derive v0.1.1 (https://github.com/sp1-patches/curve25519-dalek?tag=patch-4.1.3-sp1-5.0.0#be8c2201)
#26 687.4    Compiling fs-err v3.2.1
#26 687.7    Compiling sp1-cuda v5.2.2
#26 688.0    Compiling unicode-width v0.2.2
#26 688.4    Compiling futures-timer v3.0.3
#26 689.0    Compiling console v0.15.11
#26 689.1    Compiling celestia-proto v0.10.0
#26 689.1    Compiling cargo_metadata v0.18.1
#26 690.0    Compiling jsonrpsee-core v0.25.1
#26 691.3    Compiling celestia-types v0.15.0
#26 691.3    Compiling librocksdb-sys v0.17.3+10.4.2
#26 693.2    Compiling ctrlc v3.5.1
#26 695.2    Compiling der-parser v9.0.0
#26 696.1    Compiling bon-macros v3.8.1
#26 698.8    Compiling is-terminal v0.4.17
#26 699.2    Compiling uncased v0.9.10
#26 699.5    Compiling instant v0.1.13
#26 700.1    Compiling crc32fast v1.5.0
#26 700.2    Compiling leopard-codec v0.2.0
#26 700.4    Compiling half v1.8.3
#26 700.6    Compiling sp1-sdk v5.2.2
#26 701.4    Compiling number_prefix v0.4.0
#26 701.6    Compiling sp1-build v5.2.2
#26 701.7    Compiling serde_cbor v0.11.2
#26 701.8    Compiling tdx-attest-sys v0.5.5 (https://github.com/jonas089/dstack#359cbf8e)
#26 701.9    Compiling bon v3.8.1
#26 702.7    Compiling indicatif v0.17.11
#26 703.1    Compiling backoff v0.4.0
#26 703.7    Compiling x509-parser v0.16.0
#26 705.2    Compiling ed25519-dalek v2.2.0
#26 707.9    Compiling devise_core v0.4.2
#26 708.0    Compiling eventsource-stream v0.2.3
#26 708.1    Compiling reth-primitives v1.5.0 (https://github.com/paradigmxyz/reth?tag=v1.5.0#61e38f9a)
#26 708.3    Compiling soketto v0.8.1
#26 708.3    Compiling alloy-dyn-abi v1.3.0
#26 708.5    Compiling pem v3.0.6
#26 709.7    Compiling inlinable_string v0.1.15
#26 710.3    Compiling devise_codegen v0.4.2
#26 711.0    Compiling pear v0.2.9
#26 714.5    Compiling blockstore v0.8.0
#26 714.8    Compiling informalsystems-pbjson v0.7.0
#26 715.0    Compiling twox-hash v1.6.3
#26 715.2    Compiling x509-cert v0.2.5
#26 715.4    Compiling stable-pattern v0.1.0
#26 715.7    Compiling figment v0.10.19
#26 715.9    Compiling multer v3.1.0
#26 716.1    Compiling state v0.6.0
#26 716.5    Compiling asn1_der v0.7.6
#26 716.6    Compiling object v0.36.7
#26 716.9    Compiling ruzstd v0.7.3
#26 717.1    Compiling rocket_http v0.6.0-dev (https://github.com/rwf2/Rocket?branch=master#3a54d079)
#26 717.1    Compiling ics23 v0.12.0
#26 718.5    Compiling flate2 v1.1.5
#26 718.9    Compiling devise v0.4.2
#26 719.2    Compiling alloy-core v1.3.0
#26 719.5    Compiling cc-eventlog v0.5.5 (https://github.com/jonas089/dstack#359cbf8e)
#26 719.6    Compiling rustls-pemfile v1.0.4
#26 720.5    Compiling yasna v0.5.2
#26 721.0    Compiling jsonrpsee-proc-macros v0.25.1
#26 721.1    Compiling celestia-grpc-macros v0.4.0
#26 721.5    Compiling rocket v0.6.0-dev (https://github.com/rwf2/Rocket?branch=master#3a54d079)
#26 721.7    Compiling peg-runtime v0.8.5
#26 722.7    Compiling rcgen v0.13.2
#26 722.7    Compiling tdx-attest v0.5.5 (https://github.com/jonas089/dstack#359cbf8e)
#26 723.1    Compiling peg-macros v0.8.5
#26 723.4    Compiling rustls-native-certs v0.6.3
#26 723.9    Compiling rocket_codegen v0.6.0-dev (https://github.com/rwf2/Rocket?branch=master#3a54d079)
#26 725.6    Compiling ev-prover v0.2.0 (https://github.com/celestiaorg/celestia-zkevm/#ef1ca4a0)
#26 725.8    Compiling size-parser v0.5.5 (https://github.com/jonas089/dstack#359cbf8e)
#26 727.9    Compiling axum-core v0.5.5
#26 728.1    Compiling ubyte v0.10.4
#26 729.1    Compiling derive_more v0.99.20
#26 729.6    Compiling ref-swap v0.1.2
#26 730.4    Compiling binascii v0.1.4
#26 730.7    Compiling matchit v0.8.4
#26 731.7    Compiling or-panic v1.0.2
#26 732.4    Compiling hex-literal v1.1.0
#26 732.8    Compiling unsafe-libyaml v0.2.11
#26 733.3    Compiling dotenvy v0.15.7
#26 733.5    Compiling dstack-mr v0.5.5 (https://github.com/jonas089/dstack#359cbf8e)
#26 733.7    Compiling peg v0.8.5
#26 733.8    Compiling axum v0.8.8
#26 734.0    Compiling tendermint-light-client-verifier v0.40.4
#26 734.4    Compiling serde_yaml v0.9.34+deprecated
#26 736.8    Compiling dstack-types v0.5.5 (https://github.com/jonas089/dstack#359cbf8e)
#26 737.0    Compiling reqwest v0.11.27
#26 737.7    Compiling light-client v0.1.0 (/build/light-client)
#26 738.2    Compiling tendermint-config v0.40.4
#26 739.2    Compiling tonic-reflection v0.10.2
#26 739.5    Compiling http-client-unix-domain-socket v0.1.2
#26 741.0    Compiling tendermint-rpc v0.40.4
#26 741.8    Compiling dstack-sdk-types v0.1.2 (https://github.com/jonas089/dstack#359cbf8e)
#26 807.9    Compiling tungstenite v0.26.2
#26 814.4    Compiling tokio-tungstenite v0.26.2
#26 815.7    Compiling alloy-transport-ws v1.0.41
#26 819.6    Compiling alloy-transport-http v1.0.41
#26 819.7    Compiling aws-smithy-http-client v1.1.5
#26 821.0    Compiling alloy-rpc-client v1.0.41
#26 821.1    Compiling rustls-platform-verifier v0.5.3
#26 821.1    Compiling twirp-rs v0.13.0-succinct
#26 823.8    Compiling alloy-provider v1.0.32
#26 824.4    Compiling aws-smithy-runtime v1.9.5
#26 826.4    Compiling tonic v0.12.3
#26 832.6 warning: light-client@0.1.0: rustc +succinct --version: "rustc 1.88.0-dev\n"
#26 832.6 warning: light-client@0.1.0: circuit built at 2026-01-05 18:14:11
#26 832.6    Compiling aws-runtime v1.5.17
#26 832.7    Compiling op-alloy-network v0.18.14
#26 833.8    Compiling rsp-client-executor v0.1.0 (https://github.com/succinctlabs/rsp.git?tag=reth-1.5.0#09bbb8f8)
#26 835.0    Compiling aws-sdk-sso v1.91.0
#26 838.7    Compiling aws-sdk-ssooidc v1.93.0
#26 839.6    Compiling aws-sdk-sts v1.95.0
#26 840.4    Compiling aws-sdk-kms v1.97.0
#26 848.7    Compiling aws-config v1.8.12
#26 850.2    Compiling tonic v0.13.1
#26 854.9    Compiling alloy-signer-aws v1.0.41
#26 864.4    Compiling reqwest-middleware v0.3.3
#26 871.1    Compiling jsonrpsee-client-transport v0.25.1
#26 871.7    Compiling celestia-types v0.16.0
#26 874.5    Compiling jsonrpsee-ws-client v0.25.1
#26 875.0    Compiling lumina-utils v0.4.0
#26 875.6    Compiling ev-zkevm-types v0.2.0 (https://github.com/celestiaorg/celestia-zkevm/#ef1ca4a0)
#26 875.8    Compiling alloy-contract v1.0.32
#26 880.2    Compiling jsonrpsee-http-client v0.25.1
#26 882.0    Compiling dcap-qvl v0.3.4 (https://github.com/jonas089/dcap-qvl?branch=v0.3.4-zk#039ff387)
#26 883.1    Compiling celestia-grpc v0.8.0
#26 891.2    Compiling jsonrpsee v0.25.1
#26 891.6    Compiling alloy v1.0.32
#26 891.9    Compiling rsp-rpc-db v0.1.0 (https://github.com/succinctlabs/rsp.git?tag=reth-1.5.0#09bbb8f8)
#26 893.9    Compiling rsp-host-executor v0.1.0 (https://github.com/succinctlabs/rsp.git?tag=reth-1.5.0#09bbb8f8)
#26 895.0    Compiling celestia-rpc v0.13.0
#26 896.9    Compiling ra-tls v0.5.5 (https://github.com/jonas089/dstack#359cbf8e)
#26 897.6    Compiling types v0.1.0 (/build/types)
#26 898.0 warning: unexpected `cfg` condition value: `borsh`
#26 898.0    --> types/src/lib.rs:176:12
#26 898.0     |
#26 898.0 176 | #[cfg_attr(feature = "borsh", derive(BorshSerialize, BorshDeserialize))]
#26 898.0     |            ^^^^^^^^^^^^^^^^^ help: remove the condition
#26 898.0     |
#26 898.0     = note: no expected values for `feature`
#26 898.0     = help: consider adding `borsh` as a feature in `Cargo.toml`
#26 898.0     = note: see <https://doc.rust-lang.org/nightly/rustc/check-cfg/cargo-specifics.html> for more information about checking conditional configuration
#26 898.0     = note: `#[warn(unexpected_cfgs)]` on by default
#26 898.0 
#26 898.0 warning: unexpected `cfg` condition value: `borsh_schema`
#26 898.0    --> types/src/lib.rs:177:12
#26 898.0     |
#26 898.0 177 | #[cfg_attr(feature = "borsh_schema", derive(BorshSchema))]
#26 898.0     |            ^^^^^^^^^^^^^^^^^^^^^^^^ help: remove the condition
#26 898.0     |
#26 898.0     = note: no expected values for `feature`
#26 898.0     = help: consider adding `borsh_schema` as a feature in `Cargo.toml`
#26 898.0     = note: see <https://doc.rust-lang.org/nightly/rustc/check-cfg/cargo-specifics.html> for more information about checking conditional configuration
#26 898.0 
#26 898.0 warning: unexpected `cfg` condition value: `borsh`
#26 898.0    --> types/src/lib.rs:185:12
#26 898.0     |
#26 898.0 185 | #[cfg_attr(feature = "borsh", derive(BorshSerialize, BorshDeserialize))]
#26 898.0     |            ^^^^^^^^^^^^^^^^^ help: remove the condition
#26 898.0     |
#26 898.0     = note: no expected values for `feature`
#26 898.0     = help: consider adding `borsh` as a feature in `Cargo.toml`
#26 898.0     = note: see <https://doc.rust-lang.org/nightly/rustc/check-cfg/cargo-specifics.html> for more information about checking conditional configuration
#26 898.0 
#26 898.0 warning: unexpected `cfg` condition value: `borsh_schema`
#26 898.0    --> types/src/lib.rs:186:12
#26 898.0     |
#26 898.0 186 | #[cfg_attr(feature = "borsh_schema", derive(BorshSchema))]
#26 898.0     |            ^^^^^^^^^^^^^^^^^^^^^^^^ help: remove the condition
#26 898.0     |
#26 898.0     = note: no expected values for `feature`
#26 898.0     = help: consider adding `borsh_schema` as a feature in `Cargo.toml`
#26 898.0     = note: see <https://doc.rust-lang.org/nightly/rustc/check-cfg/cargo-specifics.html> for more information about checking conditional configuration
#26 898.0 
#26 899.9 warning: `types` (lib) generated 4 warnings
#26 899.9    Compiling ev-zkevm-types v0.2.0 (https://github.com/celestiaorg/celestia-zkevm/?branch=jonas%2Fcelestia-root-verification#a540d4e5)
#26 900.0    Compiling celestia-grpc-client v0.2.0 (https://github.com/celestiaorg/celestia-zkevm/#ef1ca4a0)
#26 903.9    Compiling dstack-sdk v0.1.2 (https://github.com/jonas089/dstack#359cbf8e)
#26 918.4    Compiling dstack-verifier v0.5.5 (https://github.com/jonas089/dstack#359cbf8e)
#26 1094.2    Compiling rocksdb v0.24.0
#26 1095.7    Compiling storage v0.2.0 (https://github.com/celestiaorg/celestia-zkevm/#ef1ca4a0)
#26 1098.6    Compiling ev-state-queries v0.2.0 (https://github.com/celestiaorg/celestia-zkevm/#ef1ca4a0)
#26 1110.1    Compiling evolve-tee v0.1.0 (/build/app)
#26 1110.8     Finished `release` profile [optimized] target(s) in 18m 30s
#26 DONE 1111.4s

#27 [builder 17/19] COPY app/src ./app/src
#27 DONE 0.7s

#28 [builder 18/19] COPY light-client/src ./light-client/src
#28 DONE 0.0s

#29 [builder 19/19] RUN touch app/src/main.rs light-client/src/lib.rs && cargo build --release -p evolve-tee
#29 1.009    Compiling light-client v0.1.0 (/build/light-client)
#29 1.013 warning: unexpected `cfg` condition value: `borsh`
#29 1.013    --> types/src/lib.rs:176:12
#29 1.013     |
#29 1.013 176 | #[cfg_attr(feature = "borsh", derive(BorshSerialize, BorshDeserialize))]
#29 1.013     |            ^^^^^^^^^^^^^^^^^ help: remove the condition
#29 1.013     |
#29 1.013     = note: no expected values for `feature`
#29 1.013     = help: consider adding `borsh` as a feature in `Cargo.toml`
#29 1.013     = note: see <https://doc.rust-lang.org/nightly/rustc/check-cfg/cargo-specifics.html> for more information about checking conditional configuration
#29 1.013     = note: `#[warn(unexpected_cfgs)]` on by default
#29 1.013 
#29 1.013 warning: unexpected `cfg` condition value: `borsh_schema`
#29 1.013    --> types/src/lib.rs:177:12
#29 1.013     |
#29 1.013 177 | #[cfg_attr(feature = "borsh_schema", derive(BorshSchema))]
#29 1.013     |            ^^^^^^^^^^^^^^^^^^^^^^^^ help: remove the condition
#29 1.013     |
#29 1.013     = note: no expected values for `feature`
#29 1.013     = help: consider adding `borsh_schema` as a feature in `Cargo.toml`
#29 1.013     = note: see <https://doc.rust-lang.org/nightly/rustc/check-cfg/cargo-specifics.html> for more information about checking conditional configuration
#29 1.013 
#29 1.013 warning: unexpected `cfg` condition value: `borsh`
#29 1.013    --> types/src/lib.rs:185:12
#29 1.013     |
#29 1.013 185 | #[cfg_attr(feature = "borsh", derive(BorshSerialize, BorshDeserialize))]
#29 1.013     |            ^^^^^^^^^^^^^^^^^ help: remove the condition
#29 1.013     |
#29 1.013     = note: no expected values for `feature`
#29 1.013     = help: consider adding `borsh` as a feature in `Cargo.toml`
#29 1.013     = note: see <https://doc.rust-lang.org/nightly/rustc/check-cfg/cargo-specifics.html> for more information about checking conditional configuration
#29 1.013 
#29 1.013 warning: unexpected `cfg` condition value: `borsh_schema`
#29 1.013    --> types/src/lib.rs:186:12
#29 1.013     |
#29 1.013 186 | #[cfg_attr(feature = "borsh_schema", derive(BorshSchema))]
#29 1.013     |            ^^^^^^^^^^^^^^^^^^^^^^^^ help: remove the condition
#29 1.013     |
#29 1.013     = note: no expected values for `feature`
#29 1.013     = help: consider adding `borsh_schema` as a feature in `Cargo.toml`
#29 1.013     = note: see <https://doc.rust-lang.org/nightly/rustc/check-cfg/cargo-specifics.html> for more information about checking conditional configuration
#29 1.013 
#29 1.014 warning: `types` (lib) generated 4 warnings
#29 3.705 warning: light-client@0.1.0: rustc +succinct --version: "rustc 1.88.0-dev\n"
#29 3.705 warning: light-client@0.1.0: circuit built at 2026-01-05 18:18:54
#29 7.149    Compiling evolve-tee v0.1.0 (/build/app)
#29 20.02     Finished `release` profile [optimized] target(s) in 19.78s
#29 DONE 20.1s

#30 [stage-1 4/5] COPY --from=builder /build/target/release/evolve-tee .
#30 DONE 0.1s

#31 [stage-1 5/5] COPY config/ /root/.ev-prover/config/
#31 DONE 0.0s

#32 exporting to image
#32 exporting layers
#32 exporting layers 2.3s done
#32 exporting manifest sha256:110f102d90d4d402f5cf85bd4e9c8495b828748b391722159102d1c9386e4696
#32 exporting manifest sha256:110f102d90d4d402f5cf85bd4e9c8495b828748b391722159102d1c9386e4696 done
#32 exporting config sha256:fe341d12b4b6ca889101275b11ec1764c017c35b14cb1b1b28e62c8df0eb4433 done
#32 exporting attestation manifest sha256:8c505afa23326c156b685f674ba2117b433abeae6367fb89a06a80323ccc9487 done
#32 exporting manifest list sha256:3549ec25a0f49edf657e058bd5d0ce289d5c07d123463a974e242ca3df6ca3ef done
#32 naming to docker.io/jonas089/evolve-tee:latest done
#32 DONE 2.4s

View build details: docker-desktop://dashboard/build/desktop-linux/desktop-linux/jsunor2sws15004hgnjxdtmmf
